Script started on Sat Mar 18 18:15:59 2017
bash: /Users/arjuns/.bashrc: Too many levels of symbolic links
[?1034hbash-3.2$ ssj [K[Kh arjun@192.168.64.3
arjun@192.168.64.3's password: 
Permission denied, please try again.
arjun@192.168.64.3's password: 
Welcome to Ubuntu 14.04.1 LTS (GNU/Linux 3.13.0-32-generic i686)

 * Documentation:  https://help.ubuntu.com/

Last login: Sat Mar  4 20:05:37 2017 from 192.168.64.1
]0;arjun@arjun-Veertu: ~arjun@arjun-Veertu:~$ mysql
ERROR 1045 (28000): Access denied for user 'arjun'@'localhost' (using password: NO)
]0;arjun@arjun-Veertu: ~arjun@arjun-Veertu:~$ mysql -u root -p
Enter password: 
Welcome to the MySQL monitor.  Commands end with ; or \g.
Your MySQL connection id is 50
Server version: 5.5.54-0ubuntu0.14.04.1 (Ubuntu)

Copyright (c) 2000, 2016, Oracle and/or its affiliates. All rights reserved.

Oracle is a registered trademark of Oracle Corporation and/or its
affiliates. Other names may be trademarks of their respective
owners.

Type 'help;' or '\h' for help. Type '\c' to clear the current input statement.

mysql> use test
Reading table information for completion of table and column names
You can turn off this feature to get a quicker startup with -A

Database changed
mysql> show tables;
+----------------+
| Tables_in_test |
+----------------+
| Branch         |
| Customer       |
| Employee       |
| Service        |
+----------------+
4 rows in set (0.00 sec)

mysql> del   drop table Branchl  Customer Employee Service;
ERROR 1064 (42000): You have an error in your SQL syntax; check the manual that corresponds to your MySQL server version for the right syntax to use near 'Customer Employee Service' at line 1
mysql> drop table Branch Customer Employee Service;[1P;[1P;[1P;[1P;[1P;[1P;[1P;[1P;[1P;[1P;[1P;[1P;[1P;[1P;[1P;[1P;[1P;
ERROR 1064 (42000): You have an error in your SQL syntax; check the manual that corresponds to your MySQL server version for the right syntax to use near 'Customer' at line 1
mysql> drop table Branch Customer;[1P;[1P;[1P;[1P;[1P;[1P;[1P;[1P;[1P;[1P;h;
Query OK, 0 rows affected (0.00 sec)

mysql> drop Customer [1@c[1P[1@t[1@a[1@b[1@l[1@e[1@ Customer;
Query OK, 0 rows affected (0.01 sec)

mysql> drop table Employee;
Query OK, 0 rows affected (0.00 sec)

mysql> do rop table Service;
Query OK, 0 rows affected (0.00 sec)

mysql> ls
    -> ;
ERROR 1064 (42000): You have an error in your SQL syntax; check the manual that corresponds to your MySQL server version for the right syntax to use near 'ls' at line 1
mysql> 
mysql> 
mysql> create table Branch (
    -> branch_id INT,
    -> branch_city VARCHAR(50)
    -> );
Query OK, 0 rows affected (0.01 sec)

mysql> so how tables;
+----------------+
| Tables_in_test |
+----------------+
| Branch         |
+----------------+
1 row in set (0.00 sec)

mysql> insert into Branch (branch_id, branch_city) values (B77, 'Visaginas');
ERROR 1054 (42S22): Unknown column 'B77' in 'field list'
mysql> insert into Branch (branch_id, branch_city) values (B48, 'Zongluzui');
ERROR 1054 (42S22): Unknown column 'B48' in 'field list'
mysql> insert into Branch (branch_id, branch_city) values (B94, 'Bayart Huxu');
ERROR 1054 (42S22): Unknown column 'B94' in 'field list'
mysql> insert into Branch (branch_id, branch_city) values (B19, 'Cochin');
ERROR 1054 (42S22): Unknown column 'B19' in 'field list'
mysql> drop table Branch;
Query OK, 0 rows affected (0.00 sec)

mysql> create table Branch (
    -> branch_id VARCHAR(50),
    -> branch_city VARCHAR(50)
    -> );
Query OK, 0 rows affected (0.00 sec)

mysql> insert into Branch (branch_id, branch_city) values (B77, 'Visaginas');
ERROR 1054 (42S22): Unknown column 'B77' in 'field list'
mysql> insert into Branch (branch_id, branch_city) values ('B77', 'Visaginas');
Query OK, 1 row affected (0.00 sec)

mysql> insert into Branch (branch_id, branch_city) values ('B48', 'Zongluzui');
Query OK, 1 row affected (0.00 sec)

mysql> insert into Branch (branch_id, branch_city) values ('B94', 'Bayart Huxu');
Query OK, 1 row affected (0.00 sec)

mysql> insert into Branch (branch_id, branch_city) values ('B19', 'Cochin');
Query OK, 1 row affected (0.00 sec)

mysql> show tables;
+----------------+
| Tables_in_test |
+----------------+
| Branch         |
+----------------+
1 row in set (0.00 sec)

mysql> select * from Branch;
+-----------+-------------+
| branch_id | branch_city |
+-----------+-------------+
| B77       | Visaginas   |
| B48       | Zongluzui   |
| B94       | Bayart Huxu |
| B19       | Cochin      |
+-----------+-------------+
4 rows in set (0.00 sec)

mysql> create table Customer (
    -> cust_id VARCHAR(50),
    -> cust_name VARCHAR(50),
    -> customer_city VARCHAR(50),
    -> cust_phone VARCHAR(50),
    -> branch_id VARCHAR(50)
    -> );
Query OK, 0 rows affected (0.00 sec)

mysql> insert into Customer (cust_id, cust_name, customer_city, cust_phone, branch_id) val ues (C5, 'Gary Ellis', 'Visaginas', '62-(854)550-6020', B77);
ERROR 1054 (42S22): Unknown column 'C5' in 'field list'
mysql> insert into Customer (cust_id, cust_name, customer_city, cust_phone, branch_id) val ues (C9, 'Theresa Fuller', 'Visaginas', '39-(237)791-7365', B77);
ERROR 1054 (42S22): Unknown column 'C9' in 'field list'
mysql> insert into Customer (cust_id, cust_name, customer_city, cust_phone, branch_id) val ues (C78, 'Stephen Burton', 'Visaginas', '62-(542)495-9051', B77);
ERROR 1054 (42S22): Unknown column 'C78' in 'field list'
mysql> insert into Customer (cust_id, cust_name, customer_city, cust_phone, branch_id) val ues (C58, 'Linda Powell', 'Visaginas 19', '33-(484)600-0252', B77);
ERROR 1054 (42S22): Unknown column 'C58' in 'field list'
mysql> insert into Customer (cust_id, cust_name, customer_city, cust_phone, branch_id) val ues (C70, 'Nicholas Fox', 'Visaginas', '55-(946)617-3267', B77);
ERROR 1054 (42S22): Unknown column 'C70' in 'field list'
mysql> insert into Customer (cust_id, cust_name, customer_city, cust_phone, branch_id) val ues (C50, 'Keith Williamson', 'Visaginas', '55-(327)534-8730', B77);
ERROR 1054 (42S22): Unknown column 'C50' in 'field list'
mysql> insert into Customer (cust_id, cust_name, customer_city, cust_phone, branch_id) val ues (C76, 'Ruth Lewis', 'Visaginas', '353-(557)346-9159', B77);
ERROR 1054 (42S22): Unknown column 'C76' in 'field list'
mysql> insert into Customer (cust_id, cust_name, customer_city, cust_phone, branch_id) val ues (C1001, 'Jose Russell', 'Zongluzui', '1-(929)791-3183', B48);
ERROR 1054 (42S22): Unknown column 'C1001' in 'field list'
mysql> insert into Customer (cust_id, cust_name, customer_city, cust_phone, branch_id) val ues (C86, 'Julie Black', 'Zongluzui', '53-(775)359-0551', B48);
ERROR 1054 (42S22): Unknown column 'C86' in 'field list'
mysql> insert into Customer (cust_id, cust_name, customer_city, cust_phone, branch_id) val ues (C80, 'Lori Peterson', 'Zongluzui', '33-(849)655-9007', B48);
ERROR 1054 (42S22): Unknown column 'C80' in 'field list'
mysql> insert into Customer (cust_id, cust_name, customer_city, cust_phone, branch_id) val ues (C87, 'Douglas Rogers', 'Zongluzui', '86-(616)572-1495', B48);
ERROR 1054 (42S22): Unknown column 'C87' in 'field list'
mysql> insert into Customer (cust_id, cust_name, customer_city, cust_phone, branch_id) val ues (C60, 'Anthony Perkins', 'Zongluzui', '251-(267)541-9832', B48);
ERROR 1054 (42S22): Unknown column 'C60' in 'field list'
mysql> insert into Customer (cust_id, cust_name, customer_city, cust_phone, branch_id) val ues (C39, 'Clarence Wheeler', 'Zongluzui', '375-(809)935-2362', B48);
ERROR 1054 (42S22): Unknown column 'C39' in 'field list'
mysql> insert into Customer (cust_id, cust_name, customer_city, cust_phone, branch_id) val ues (C46, 'Samuel Webb', 'Zongluzui', '98-(307)574-5626', B48);
ERROR 1054 (42S22): Unknown column 'C46' in 'field list'
mysql> insert into Customer (cust_id, cust_name, customer_city, cust_phone, branch_id) val ues (C97, 'Eric Stanley', 'Bayart Huxu', '55-(571)144-3237', B94);
ERROR 1054 (42S22): Unknown column 'C97' in 'field list'
mysql> insert into Customer (cust_id, cust_name, customer_city, cust_phone, branch_id) val ues (C55, 'Jerry Thomas', 'Bayart Huxu', '63-(258)799-6576', B94);
ERROR 1054 (42S22): Unknown column 'C55' in 'field list'
mysql> insert into Customer (cust_id, cust_name, customer_city, cust_phone, branch_id) val ues (C28, 'Jacqueline Banks', 'Bayart Huxu', '86-(444)169-9769', B94);
ERROR 1054 (42S22): Unknown column 'C28' in 'field list'
mysql> insert into Customer (cust_id, cust_name, customer_city, cust_phone, branch_id) val ues (C8, 'Paul Riley', 'Bayart Huxu', '84-(549)962-5545', B94);
ERROR 1054 (42S22): Unknown column 'C8' in 'field list'
mysql> insert into Customer (cust_id, cust_name, customer_city, cust_phone, branch_id) val ues (C62, 'Phyllis Fields', 'Bayart Huxu Benito', '63-(151)368-2467', B94);
ERROR 1054 (42S22): Unknown column 'C62' in 'field list'
mysql> insert into Customer (cust_id, cust_name, customer_city, cust_phone, branch_id) val ues (C78, 'Lawrence George', 'Bayart Huxu', '237-(780)837-5688', B94);
ERROR 1054 (42S22): Unknown column 'C78' in 'field list'
mysql> insert into Customer (cust_id, cust_name, customer_city, cust_phone, branch_id) val ues (C69, 'Andrea Burns', 'Bayart Huxu', '62-(779)237-0320', B94);
ERROR 1054 (42S22): Unknown column 'C69' in 'field list'
mysql> insert into Customer (cust_id, cust_name, customer_city, cust_phone, branch_id) val ues (C4, 'Ann Williams', 'Cochin', '591-(754)545-2911', B19);
ERROR 1054 (42S22): Unknown column 'C4' in 'field list'
mysql> insert into Customer (cust_id, cust_name, customer_city, cust_phone, branch_id) val ues (C96, 'Amanda Crawford', 'Cochin', '62-(669)140-0363', B19);
ERROR 1054 (42S22): Unknown column 'C96' in 'field list'
mysql> insert into Customer (cust_id, cust_name, customer_city, cust_phone, branch_id) val ues (C90, 'Sandra Lawrence', 'Cochin Chai Si', '66-(945)992-9241', B19);
ERROR 1054 (42S22): Unknown column 'C90' in 'field list'
mysql> insert into Customer (cust_id, cust_name, customer_city, cust_phone, branch_id) val ues (C73, 'Willie Perry', 'Ernakulam', '82-(325)354-8011', B19);
ERROR 1054 (42S22): Unknown column 'C73' in 'field list'
mysql> insert into Customer (cust_id, cust_name, customer_city, cust_phone, branch_id) val ues (C49, 'Michelle Lynch', 'Cochin', '46-(870)264-2826', B19);
ERROR 1054 (42S22): Unknown column 'C49' in 'field list'
mysql> insert into Customer (cust_id, cust_name, customer_city, cust_phone, branch_id) val ues (C60, 'Jane Hawkins', 'Ernakulam', '62-(348)906-4849', B19);
ERROR 1054 (42S22): Unknown column 'C60' in 'field list'
mysql> insert into Customer (cust_id, cust_name, customer_city, cust_phone, branch_id) val ues (C36, 'Brandon Harper', 'Cochin', '62-(997)846-0480', B19);
ERROR 1054 (42S22): Unknown column 'C36' in 'field list'
mysql> insert into Customer (cust_id, cust_name, customer_city, cust_phone, branch_id) val ues (CB77, 'Ernest Parker', 'Ernakulam', '33-(250)938-1271', B19);
ERROR 1054 (42S22): Unknown column 'CB77' in 'field list'
mysql> insert into Customer (cust_id, cust_name, customer_city, cust_phone, branch_id) val ues (C35, 'Denise Smith', 'Cochin', '81-(719)767-3054', B19);
ERROR 1054 (42S22): Unknown column 'C35' in 'field list'
mysql> insert into Customer (cust_id, cust_name, customer_city, cust_phone, branch_id) val ues ('C5', 'Gary Ellis', 'Visaginas', '62-(854)550-6020', 'B77');
Query OK, 1 row affected (0.00 sec)

mysql> insert into Customer (cust_id, cust_name, customer_city, cust_phone, branch_id) val ues ('C9', 'Theresa Fuller', 'Visaginas', '39-(237)791-7365', 'B77');
Query OK, 1 row affected (0.00 sec)

mysql> insert into Customer (cust_id, cust_name, customer_city, cust_phone, branch_id) val ues ('C78', 'Stephen Burton', 'Visaginas', '62-(542)495-9051', 'B77');
Query OK, 1 row affected (0.00 sec)

mysql> insert into Customer (cust_id, cust_name, customer_city, cust_phone, branch_id) val ues ('C58', 'Linda Powell', 'Visaginas 19', '33-(484)600-0252', 'B77');
Query OK, 1 row affected (0.00 sec)

mysql> insert into Customer (cust_id, cust_name, customer_city, cust_phone, branch_id) val ues ('C70', 'Nicholas Fox', 'Visaginas', '55-(946)617-3267', 'B77');
Query OK, 1 row affected (0.01 sec)

mysql> insert into Customer (cust_id, cust_name, customer_city, cust_phone, branch_id) val ues ('C50', 'Keith Williamson', 'Visaginas', '55-(327)534-8730', 'B77');
Query OK, 1 row affected (0.00 sec)

mysql> insert into Customer (cust_id, cust_name, customer_city, cust_phone, branch_id) val ues ('C76', 'Ruth Lewis', 'Visaginas', '353-(557)346-9159', 'B77');
Query OK, 1 row affected (0.00 sec)

mysql> insert into Customer (cust_id, cust_name, customer_city, cust_phone, branch_id) val ues ('C1001', 'Jose Russell', 'Zongluzui', '1-(929)791-3183', 'B48');
Query OK, 1 row affected (0.00 sec)

mysql> insert into Customer (cust_id, cust_name, customer_city, cust_phone, branch_id) val ues ('C86', 'Julie Black', 'Zongluzui', '53-(775)359-0551', 'B48');
Query OK, 1 row affected (0.00 sec)

mysql> insert into Customer (cust_id, cust_name, customer_city, cust_phone, branch_id) val ues ('C80', 'Lori Peterson', 'Zongluzui', '33-(849)655-9007', 'B48');
Query OK, 1 row affected (0.01 sec)

mysql> insert into Customer (cust_id, cust_name, customer_city, cust_phone, branch_id) val ues ('C87', 'Douglas Rogers', 'Zongluzui', '86-(616)572-1495', 'B48');
Query OK, 1 row affected (0.00 sec)

mysql> insert into Customer (cust_id, cust_name, customer_city, cust_phone, branch_id) val ues ('C60', 'Anthony Perkins', 'Zongluzui', '251-(267)541-9832', 'B48');
Query OK, 1 row affected (0.00 sec)

mysql> insert into Customer (cust_id, cust_name, customer_city, cust_phone, branch_id) val ues ('C39', 'Clarence Wheeler', 'Zongluzui', '375-(809)935-2362', 'B48');
Query OK, 1 row affected (0.00 sec)

mysql> insert into Customer (cust_id, cust_name, customer_city, cust_phone, branch_id) val ues ('C46', 'Samuel Webb', 'Zongluzui', '98-(307)574-5626', 'B48');
Query OK, 1 row affected (0.00 sec)

mysql> insert into Customer (cust_id, cust_name, customer_city, cust_phone, branch_id) val ues ('C97', 'Eric Stanley', 'Bayart Huxu', '55-(571)144-3237', 'B94');
Query OK, 1 row affected (0.00 sec)

mysql> insert into Customer (cust_id, cust_name, customer_city, cust_phone, branch_id) val ues ('C55', 'Jerry Thomas', 'Bayart Huxu', '63-(258)799-6576', 'B94');
Query OK, 1 row affected (0.00 sec)

mysql> insert into Customer (cust_id, cust_name, customer_city, cust_phone, branch_id) val ues ('C28', 'Jacqueline Banks', 'Bayart Huxu', '86-(444)169-9769', 'B94');
Query OK, 1 row affected (0.00 sec)

mysql> insert into Customer (cust_id, cust_name, customer_city, cust_phone, branch_id) val ues ('C8', 'Paul Riley', 'Bayart Huxu', '84-(549)962-5545', 'B94');
Query OK, 1 row affected (0.00 sec)

mysql> insert into Customer (cust_id, cust_name, customer_city, cust_phone, branch_id) val ues ('C62', 'Phyllis Fields', 'Bayart Huxu Benito', '63-(151)368-2467', 'B94');
Query OK, 1 row affected (0.00 sec)

mysql> insert into Customer (cust_id, cust_name, customer_city, cust_phone, branch_id) val ues ('C78', 'Lawrence George', 'Bayart Huxu', '237-(780)837-5688', 'B94');
Query OK, 1 row affected (0.00 sec)

mysql> insert into Customer (cust_id, cust_name, customer_city, cust_phone, branch_id) val ues ('C69', 'Andrea Burns', 'Bayart Huxu', '62-(779)237-0320', 'B94');
Query OK, 1 row affected (0.00 sec)

mysql> insert into Customer (cust_id, cust_name, customer_city, cust_phone, branch_id) val ues ('C4', 'Ann Williams', 'Cochin', '591-(754)545-2911', 'B19');
Query OK, 1 row affected (0.01 sec)

mysql> insert into Customer (cust_id, cust_name, customer_city, cust_phone, branch_id) val ues ('C96', 'Amanda Crawford', 'Cochin', '62-(669)140-0363', 'B19');
Query OK, 1 row affected (0.00 sec)

mysql> insert into Customer (cust_id, cust_name, customer_city, cust_phone, branch_id) val ues ('C90', 'Sandra Lawrence', 'Cochin Chai Si', '66-(945)992-9241', 'B19');
Query OK, 1 row affected (0.00 sec)

mysql> insert into Customer (cust_id, cust_name, customer_city, cust_phone, branch_id) val ues ('C73', 'Willie Perry', 'Ernakulam', '82-(325)354-8011', 'B19');
Query OK, 1 row affected (0.00 sec)

mysql> insert into Customer (cust_id, cust_name, customer_city, cust_phone, branch_id) val ues ('C49', 'Michelle Lynch', 'Cochin', '46-(870)264-2826', 'B19');
Query OK, 1 row affected (0.00 sec)

mysql> insert into Customer (cust_id, cust_name, customer_city, cust_phone, branch_id) val ues ('C60', 'Jane Hawkins', 'Ernakulam', '62-(348)906-4849', 'B19');
Query OK, 1 row affected (0.00 sec)

mysql> insert into Customer (cust_id, cust_name, customer_city, cust_phone, branch_id) val ues ('C36', 'Brandon Harper', 'Cochin', '62-(997)846-0480', 'B19');
Query OK, 1 row affected (0.00 sec)

mysql> insert into Customer (cust_id, cust_name, customer_city, cust_phone, branch_id) val ues ('CB77', 'Ernest Parker', 'Ernakulam', '33-(250)938-1271', 'B19');
Query OK, 1 row affected (0.01 sec)

mysql> insert into Customer (cust_id, cust_name, customer_city, cust_phone, branch_id) val ues ('C35', 'Denise Smith', 'Cochin', '81-(719)767-3054', 'B19');
Query OK, 1 row affected (0.01 sec)

mysql> show tables;
+----------------+
| Tables_in_test |
+----------------+
| Branch         |
| Customer       |
+----------------+
2 rows in set (0.00 sec)

mysql> select * from Customer;
+---------+------------------+--------------------+-------------------+-----------+
| cust_id | cust_name        | customer_city      | cust_phone        | branch_id |
+---------+------------------+--------------------+-------------------+-----------+
| C5      | Gary Ellis       | Visaginas          | 62-(854)550-6020  | B77       |
| C9      | Theresa Fuller   | Visaginas          | 39-(237)791-7365  | B77       |
| C78     | Stephen Burton   | Visaginas          | 62-(542)495-9051  | B77       |
| C58     | Linda Powell     | Visaginas 19       | 33-(484)600-0252  | B77       |
| C70     | Nicholas Fox     | Visaginas          | 55-(946)617-3267  | B77       |
| C50     | Keith Williamson | Visaginas          | 55-(327)534-8730  | B77       |
| C76     | Ruth Lewis       | Visaginas          | 353-(557)346-9159 | B77       |
| C1001   | Jose Russell     | Zongluzui          | 1-(929)791-3183   | B48       |
| C86     | Julie Black      | Zongluzui          | 53-(775)359-0551  | B48       |
| C80     | Lori Peterson    | Zongluzui          | 33-(849)655-9007  | B48       |
| C87     | Douglas Rogers   | Zongluzui          | 86-(616)572-1495  | B48       |
| C60     | Anthony Perkins  | Zongluzui          | 251-(267)541-9832 | B48       |
| C39     | Clarence Wheeler | Zongluzui          | 375-(809)935-2362 | B48       |
| C46     | Samuel Webb      | Zongluzui          | 98-(307)574-5626  | B48       |
| C97     | Eric Stanley     | Bayart Huxu        | 55-(571)144-3237  | B94       |
| C55     | Jerry Thomas     | Bayart Huxu        | 63-(258)799-6576  | B94       |
| C28     | Jacqueline Banks | Bayart Huxu        | 86-(444)169-9769  | B94       |
| C8      | Paul Riley       | Bayart Huxu        | 84-(549)962-5545  | B94       |
| C62     | Phyllis Fields   | Bayart Huxu Benito | 63-(151)368-2467  | B94       |
| C78     | Lawrence George  | Bayart Huxu        | 237-(780)837-5688 | B94       |
| C69     | Andrea Burns     | Bayart Huxu        | 62-(779)237-0320  | B94       |
| C4      | Ann Williams     | Cochin             | 591-(754)545-2911 | B19       |
| C96     | Amanda Crawford  | Cochin             | 62-(669)140-0363  | B19       |
| C90     | Sandra Lawrence  | Cochin Chai Si     | 66-(945)992-9241  | B19       |
| C73     | Willie Perry     | Ernakulam          | 82-(325)354-8011  | B19       |
| C49     | Michelle Lynch   | Cochin             | 46-(870)264-2826  | B19       |
| C60     | Jane Hawkins     | Ernakulam          | 62-(348)906-4849  | B19       |
| C36     | Brandon Harper   | Cochin             | 62-(997)846-0480  | B19       |
| CB77    | Ernest Parker    | Ernakulam          | 33-(250)938-1271  | B19       |
| C35     | Denise Smith     | Cochin             | 81-(719)767-3054  | B19       |
+---------+------------------+--------------------+-------------------+-----------+
30 rows in set (0.00 sec)

mysql> se;e  lect * fromB  Branch;
+-----------+-------------+
| branch_id | branch_city |
+-----------+-------------+
| B77       | Visaginas   |
| B48       | Zongluzui   |
| B94       | Bayart Huxu |
| B19       | Cochin      |
+-----------+-------------+
4 rows in set (0.00 sec)

mysql> de rop tabl         drop va       delete connect       lum     row  ehash               drop ro       delete from Customer where        
    -> where customer_city='Cochin Chai Si'
    -> ;
Query OK, 1 row affected (0.01 sec)

mysql> insert into Customer (cust_id, cust_name, customer_city, cust_phone, branch_id) val ues ('C90', 'Sandra Lawrence', 'Cochin', '66-(945)992-9241', 'B19');
Query OK, 1 row affected (0.00 sec)

mysql> show      select * from Customer;
+---------+------------------+--------------------+-------------------+-----------+
| cust_id | cust_name        | customer_city      | cust_phone        | branch_id |
+---------+------------------+--------------------+-------------------+-----------+
| C5      | Gary Ellis       | Visaginas          | 62-(854)550-6020  | B77       |
| C9      | Theresa Fuller   | Visaginas          | 39-(237)791-7365  | B77       |
| C78     | Stephen Burton   | Visaginas          | 62-(542)495-9051  | B77       |
| C58     | Linda Powell     | Visaginas 19       | 33-(484)600-0252  | B77       |
| C70     | Nicholas Fox     | Visaginas          | 55-(946)617-3267  | B77       |
| C50     | Keith Williamson | Visaginas          | 55-(327)534-8730  | B77       |
| C76     | Ruth Lewis       | Visaginas          | 353-(557)346-9159 | B77       |
| C1001   | Jose Russell     | Zongluzui          | 1-(929)791-3183   | B48       |
| C86     | Julie Black      | Zongluzui          | 53-(775)359-0551  | B48       |
| C80     | Lori Peterson    | Zongluzui          | 33-(849)655-9007  | B48       |
| C87     | Douglas Rogers   | Zongluzui          | 86-(616)572-1495  | B48       |
| C60     | Anthony Perkins  | Zongluzui          | 251-(267)541-9832 | B48       |
| C39     | Clarence Wheeler | Zongluzui          | 375-(809)935-2362 | B48       |
| C46     | Samuel Webb      | Zongluzui          | 98-(307)574-5626  | B48       |
| C97     | Eric Stanley     | Bayart Huxu        | 55-(571)144-3237  | B94       |
| C55     | Jerry Thomas     | Bayart Huxu        | 63-(258)799-6576  | B94       |
| C28     | Jacqueline Banks | Bayart Huxu        | 86-(444)169-9769  | B94       |
| C8      | Paul Riley       | Bayart Huxu        | 84-(549)962-5545  | B94       |
| C62     | Phyllis Fields   | Bayart Huxu Benito | 63-(151)368-2467  | B94       |
| C78     | Lawrence George  | Bayart Huxu        | 237-(780)837-5688 | B94       |
| C69     | Andrea Burns     | Bayart Huxu        | 62-(779)237-0320  | B94       |
| C4      | Ann Williams     | Cochin             | 591-(754)545-2911 | B19       |
| C96     | Amanda Crawford  | Cochin             | 62-(669)140-0363  | B19       |
| C73     | Willie Perry     | Ernakulam          | 82-(325)354-8011  | B19       |
| C49     | Michelle Lynch   | Cochin             | 46-(870)264-2826  | B19       |
| C60     | Jane Hawkins     | Ernakulam          | 62-(348)906-4849  | B19       |
| C36     | Brandon Harper   | Cochin             | 62-(997)846-0480  | B19       |
| CB77    | Ernest Parker    | Ernakulam          | 33-(250)938-1271  | B19       |
| C35     | Denise Smith     | Cochin             | 81-(719)767-3054  | B19       |
| C90     | Sandra Lawrence  | Cochin             | 66-(945)992-9241  | B19       |
+---------+------------------+--------------------+-------------------+-----------+
30 rows in set (0.00 sec)

mysql> select * from Customer;mysql> insert into Customer (cust_id, cust_name, customer_city, cust_phone, branch_id) valuues ('C90', 'Sandra Lawrence', 'Cochin', '66-(945)992-9241', 'B19');[Amysql> [25Pdelete from Customer where customer_city='Cochin Chai Si';
[K[Amysql> delete from Customer where customer_city='Cochin Chai Si';'[1P[1P[1P[1P[1P[1P[1P[1P[1P[1P[1P[1P[1P[1P[1@V[1@i[1@s[1@a[1@g[1@i[1@n[1@a[1@s[1@ [1@1[1@9
Query OK, 1 row affected (0.00 sec)

mysql> insert into Customer (cust_id, cust_name, customer_city, cust_phone, branch_id) val ues ('C58', 'Linda Powell', 'Visaginas', '33-(484)600-0252', 'B77');
Query OK, 1 row affected (0.01 sec)

mysql> seinsert into Customer (cust_id, cust_name, customer_city, cust_phone, branch_id) valuues ('C58', 'Linda Powell', 'Visaginas', '33-(484)600-0252', 'B77');[Amysql> [27Pdelete from Customer where customer_city='Visaginas 19';
[K[Amysql> delete from Customer where customer_city='Visaginas 19';mysql> [33Pselect * from Customer;
+---------+------------------+--------------------+-------------------+-----------+
| cust_id | cust_name        | customer_city      | cust_phone        | branch_id |
+---------+------------------+--------------------+-------------------+-----------+
| C5      | Gary Ellis       | Visaginas          | 62-(854)550-6020  | B77       |
| C9      | Theresa Fuller   | Visaginas          | 39-(237)791-7365  | B77       |
| C78     | Stephen Burton   | Visaginas          | 62-(542)495-9051  | B77       |
| C70     | Nicholas Fox     | Visaginas          | 55-(946)617-3267  | B77       |
| C50     | Keith Williamson | Visaginas          | 55-(327)534-8730  | B77       |
| C76     | Ruth Lewis       | Visaginas          | 353-(557)346-9159 | B77       |
| C1001   | Jose Russell     | Zongluzui          | 1-(929)791-3183   | B48       |
| C86     | Julie Black      | Zongluzui          | 53-(775)359-0551  | B48       |
| C80     | Lori Peterson    | Zongluzui          | 33-(849)655-9007  | B48       |
| C87     | Douglas Rogers   | Zongluzui          | 86-(616)572-1495  | B48       |
| C60     | Anthony Perkins  | Zongluzui          | 251-(267)541-9832 | B48       |
| C39     | Clarence Wheeler | Zongluzui          | 375-(809)935-2362 | B48       |
| C46     | Samuel Webb      | Zongluzui          | 98-(307)574-5626  | B48       |
| C97     | Eric Stanley     | Bayart Huxu        | 55-(571)144-3237  | B94       |
| C55     | Jerry Thomas     | Bayart Huxu        | 63-(258)799-6576  | B94       |
| C28     | Jacqueline Banks | Bayart Huxu        | 86-(444)169-9769  | B94       |
| C8      | Paul Riley       | Bayart Huxu        | 84-(549)962-5545  | B94       |
| C62     | Phyllis Fields   | Bayart Huxu Benito | 63-(151)368-2467  | B94       |
| C78     | Lawrence George  | Bayart Huxu        | 237-(780)837-5688 | B94       |
| C69     | Andrea Burns     | Bayart Huxu        | 62-(779)237-0320  | B94       |
| C4      | Ann Williams     | Cochin             | 591-(754)545-2911 | B19       |
| C96     | Amanda Crawford  | Cochin             | 62-(669)140-0363  | B19       |
| C73     | Willie Perry     | Ernakulam          | 82-(325)354-8011  | B19       |
| C49     | Michelle Lynch   | Cochin             | 46-(870)264-2826  | B19       |
| C60     | Jane Hawkins     | Ernakulam          | 62-(348)906-4849  | B19       |
| C36     | Brandon Harper   | Cochin             | 62-(997)846-0480  | B19       |
| CB77    | Ernest Parker    | Ernakulam          | 33-(250)938-1271  | B19       |
| C35     | Denise Smith     | Cochin             | 81-(719)767-3054  | B19       |
| C90     | Sandra Lawrence  | Cochin             | 66-(945)992-9241  | B19       |
| C58     | Linda Powell     | Visaginas          | 33-(484)600-0252  | B77       |
+---------+------------------+--------------------+-------------------+-----------+
30 rows in set (0.00 sec)

mysql> select * from Customer;mysql> insert into Customer (cust_id, cust_name, customer_city, cust_phone, branch_id) valuues ('C58', 'Linda Powell', 'Visaginas', '33-(484)600-0252', 'B77');[Amysql> [27Pdelete from Customer where customer_city='Visaginas 19';
[K[Amysql> delete from Customer where customer_city='Visaginas 19';[1P[1P[1P[1P[1P[1P[1P[1P[1P[1P[1P[1P[1@B[1@a[1@y[1@a[1@r[1@t[1@ [1@H[1@u[1@x[1@u[1@ [1@B[1@e[1@n[1@i[1@t[1@o
Query OK, 1 row affected (0.00 sec)

mysql> insert into Customer (cust_id, cust_name, customer_city, cust_phone, branch_id) val ues ('C62', 'Phyllis Fields', 'Bayart Huxu', '63-(151)368-2467', 'B94');
Query OK, 1 row affected (0.01 sec)

mysql> insert into Customer (cust_id, cust_name, customer_city, cust_phone, branch_id) valuues ('C62', 'Phyllis Fields', 'Bayart Huxu', '63-(151)368-2467', 'B94');[Amysql> [21Pdelete from Customer where customer_city='Bayart Huxu Benito';
[K[Amysql> delete from Customer where customer_city='Bayart Huxu Benito';mysql> [39Pselect * from Customer;
+---------+------------------+---------------+-------------------+-----------+
| cust_id | cust_name        | customer_city | cust_phone        | branch_id |
+---------+------------------+---------------+-------------------+-----------+
| C5      | Gary Ellis       | Visaginas     | 62-(854)550-6020  | B77       |
| C9      | Theresa Fuller   | Visaginas     | 39-(237)791-7365  | B77       |
| C78     | Stephen Burton   | Visaginas     | 62-(542)495-9051  | B77       |
| C70     | Nicholas Fox     | Visaginas     | 55-(946)617-3267  | B77       |
| C50     | Keith Williamson | Visaginas     | 55-(327)534-8730  | B77       |
| C76     | Ruth Lewis       | Visaginas     | 353-(557)346-9159 | B77       |
| C1001   | Jose Russell     | Zongluzui     | 1-(929)791-3183   | B48       |
| C86     | Julie Black      | Zongluzui     | 53-(775)359-0551  | B48       |
| C80     | Lori Peterson    | Zongluzui     | 33-(849)655-9007  | B48       |
| C87     | Douglas Rogers   | Zongluzui     | 86-(616)572-1495  | B48       |
| C60     | Anthony Perkins  | Zongluzui     | 251-(267)541-9832 | B48       |
| C39     | Clarence Wheeler | Zongluzui     | 375-(809)935-2362 | B48       |
| C46     | Samuel Webb      | Zongluzui     | 98-(307)574-5626  | B48       |
| C97     | Eric Stanley     | Bayart Huxu   | 55-(571)144-3237  | B94       |
| C55     | Jerry Thomas     | Bayart Huxu   | 63-(258)799-6576  | B94       |
| C28     | Jacqueline Banks | Bayart Huxu   | 86-(444)169-9769  | B94       |
| C8      | Paul Riley       | Bayart Huxu   | 84-(549)962-5545  | B94       |
| C78     | Lawrence George  | Bayart Huxu   | 237-(780)837-5688 | B94       |
| C69     | Andrea Burns     | Bayart Huxu   | 62-(779)237-0320  | B94       |
| C4      | Ann Williams     | Cochin        | 591-(754)545-2911 | B19       |
| C96     | Amanda Crawford  | Cochin        | 62-(669)140-0363  | B19       |
| C73     | Willie Perry     | Ernakulam     | 82-(325)354-8011  | B19       |
| C49     | Michelle Lynch   | Cochin        | 46-(870)264-2826  | B19       |
| C60     | Jane Hawkins     | Ernakulam     | 62-(348)906-4849  | B19       |
| C36     | Brandon Harper   | Cochin        | 62-(997)846-0480  | B19       |
| CB77    | Ernest Parker    | Ernakulam     | 33-(250)938-1271  | B19       |
| C35     | Denise Smith     | Cochin        | 81-(719)767-3054  | B19       |
| C90     | Sandra Lawrence  | Cochin        | 66-(945)992-9241  | B19       |
| C58     | Linda Powell     | Visaginas     | 33-(484)600-0252  | B77       |
| C62     | Phyllis Fields   | Bayart Huxu   | 63-(151)368-2467  | B94       |
+---------+------------------+---------------+-------------------+-----------+
30 rows in set (0.00 sec)

mysql> show tables;
+----------------+
| Tables_in_test |
+----------------+
| Branch         |
| Customer       |
+----------------+
2 rows in set (0.00 sec)

mysql> x create table Employee (
    -> emp_id VARCHAR(50),
    -> emp_name VARCHAR(50),
    -> emp_phone VARCHAR(50),
    -> emp_salary DECIMAL(8,2),
    -> branch_id VARCHAR(50)
    -> );
Query OK, 0 rows affected (0.00 sec)

mysql> insert into Employee (emp_id, emp_name, emp_phone, emp_salary, branch_id) values (' E75', 'Jack Ramos', '998-(309)261-0596', 88354.65, 'B77');
Query OK, 1 row affected (0.00 sec)

mysql> insert into Employee (emp_id, emp_name, emp_phone, emp_salary, branch_id) values (' E22', 'Eugene Alvarez', '86-(652)454-8846', 309461.12, 'B77');
Query OK, 1 row affected (0.01 sec)

mysql> insert into Employee (emp_id, emp_name, emp_phone, emp_salary, branch_id) values (' E78', 'Scott Marshall', '964-(789)540-2120', 443816.21, 'B77');
Query OK, 1 row affected (0.00 sec)

mysql> insert into Employee (emp_id, emp_name, emp_phone, emp_salary, branch_id) values (' E13', 'Steven Hanson', '52-(831)856-2972', 82625.95, 'B77');
Query OK, 1 row affected (0.00 sec)

mysql> insert into Employee (emp_id, emp_name, emp_phone, emp_salary, branch_id) values (' E82', 'Kenneth Hart', '30-(850)284-8504', 247096.71, 'B77');
Query OK, 1 row affected (0.00 sec)

mysql> insert into Employee (emp_id, emp_name, emp_phone, emp_salary, branch_id) values (' E32', 'Paula Riley', '33-(383)762-7145', 433685.53, 'B77');
Query OK, 1 row affected (0.00 sec)

mysql> insert into Employee (emp_id, emp_name, emp_phone, emp_salary, branch_id) values (' E81', 'Jacqueline Sullivan', '62-(287)990-5525', 293201.15, 'B77');
Query OK, 1 row affected (0.00 sec)

mysql> insert into Employee (emp_id, emp_name, emp_phone, emp_salary, branch_id) values (' E92', 'Howard Lewis', '55-(986)271-6031', 149374.06, 'B77');
Query OK, 1 row affected (0.01 sec)

mysql> insert into Employee (emp_id, emp_name, emp_phone, emp_salary, branch_id) values (' E5', 'Gregory Cruz', '62-(135)239-9781', 163140.68, 'B77');
Query OK, 1 row affected (0.00 sec)

mysql> insert into Employee (emp_id, emp_name, emp_phone, emp_salary, branch_id) values (' E41', 'Marie Collins', '1-(306)507-6247', 415838.73, 'B77');
Query OK, 1 row affected (0.01 sec)

mysql> insert into Employee (emp_id, emp_name, emp_phone, emp_salary, branch_id) values (' E30', 'Sandra Kennedy', '977-(763)877-0691', 434939.03, 'B48');
Query OK, 1 row affected (0.00 sec)

mysql> insert into Employee (emp_id, emp_name, emp_phone, emp_salary, branch_id) values (' E97', 'Carolyn Dixon', '86-(823)994-2737', 434897.41, 'B48');
Query OK, 1 row affected (0.00 sec)

mysql> insert into Employee (emp_id, emp_name, emp_phone, emp_salary, branch_id) values (' E13', 'Antonio Hunt', '86-(720)696-3086', 361834.06, 'B48');
Query OK, 1 row affected (0.00 sec)

mysql> insert into Employee (emp_id, emp_name, emp_phone, emp_salary, branch_id) values (' E11', 'Heather Banks', '86-(617)139-5943', 457356.29, 'B48');
Query OK, 1 row affected (0.01 sec)

mysql> insert into Employee (emp_id, emp_name, emp_phone, emp_salary, branch_id) values (' E90', 'Jason Hill', '86-(818)772-9887', 41926.84, 'B48');
Query OK, 1 row affected (0.00 sec)

mysql> insert into Employee (emp_id, emp_name, emp_phone, emp_salary, branch_id) values (' E100', 'Ashley Bryant', '86-(485)633-2560', 410726.99, 'B48');
Query OK, 1 row affected (0.00 sec)

mysql> insert into Employee (emp_id, emp_name, emp_phone, emp_salary, branch_id) values (' E8', 'Phillip Burns', '62-(154)696-3245', 341933.0, 'B48');
Query OK, 1 row affected (0.01 sec)

mysql> insert into Employee (emp_id, emp_name, emp_phone, emp_salary, branch_id) values (' E59', 'Janet Riley', '62-(237)102-2731', 102058.55, 'B48');
Query OK, 1 row affected (0.00 sec)

mysql> insert into Employee (emp_id, emp_name, emp_phone, emp_salary, branch_id) values (' E6', 'Ralph Franklin', '385-(404)473-6180', 287755.01, 'B48');
Query OK, 1 row affected (0.00 sec)

mysql> insert into Employee (emp_id, emp_name, emp_phone, emp_salary, branch_id) values (' E43', 'Lori West', '86-(973)560-0113', 33640.31, 'B48');
Query OK, 1 row affected (0.01 sec)

mysql> insert into Employee (emp_id, emp_name, emp_phone, emp_salary, branch_id) values (' E95', 'Joyce Lynch', '389-(848)480-6039', 134864.64, 'B94');
Query OK, 1 row affected (0.00 sec)

mysql> insert into Employee (emp_id, emp_name, emp_phone, emp_salary, branch_id) values (' E91', 'Douglas Stephens', '63-(698)162-6409', 44423.65, 'B94');
Query OK, 1 row affected (0.00 sec)

mysql> insert into Employee (emp_id, emp_name, emp_phone, emp_salary, branch_id) values (' E88', 'Jimmy Walker', '48-(368)529-8825', 365944.92, 'B94');
Query OK, 1 row affected (0.01 sec)

mysql> insert into Employee (emp_id, emp_name, emp_phone, emp_salary, branch_id) values (' E53', 'Michelle Butler', '33-(430)263-8076', 478616.54, 'B94');
Query OK, 1 row affected (0.00 sec)

mysql> insert into Employee (emp_id, emp_name, emp_phone, emp_salary, branch_id) values (' E79', 'Frances Evans', '963-(443)559-9622', 301598.27, 'B94');
Query OK, 1 row affected (0.00 sec)

mysql> insert into Employee (emp_id, emp_name, emp_phone, emp_salary, branch_id) values (' E67', 'Christina Ferguson', '389-(102)586-0096', 441423.08, 'B94');
Query OK, 1 row affected (0.00 sec)

mysql> insert into Employee (emp_id, emp_name, emp_phone, emp_salary, branch_id) values (' E58', 'Ralph Griffin', '52-(937)691-6875', 351387.73, 'B94');
Query OK, 1 row affected (0.00 sec)

mysql> insert into Employee (emp_id, emp_name, emp_phone, emp_salary, branch_id) values (' E12', 'Russell Medina', '86-(954)906-6743', 200865.34, 'B94');
Query OK, 1 row affected (0.00 sec)

mysql> insert into Employee (emp_id, emp_name, emp_phone, emp_salary, branch_id) values (' E39', 'Karen Garza', '7-(403)125-7249', 363569.05, 'B94');
Query OK, 1 row affected (0.00 sec)

mysql> insert into Employee (emp_id, emp_name, emp_phone, emp_salary, branch_id) values (' E3', 'Louis Gardner', '1-(208)832-3891', 234357.75, 'B94');
Query OK, 1 row affected (0.01 sec)

mysql> insert into Employee (emp_id, emp_name, emp_phone, emp_salary, branch_id) values (' E40', 'Charles Reid', '30-(968)277-8775', 215319.11, 'B19');
Query OK, 1 row affected (0.00 sec)

mysql> insert into Employee (emp_id, emp_name, emp_phone, emp_salary, branch_id) values (' E17', 'Brandon Simmons', '351-(441)730-4504', 395290.44, 'B19');
Query OK, 1 row affected (0.00 sec)

mysql> insert into Employee (emp_id, emp_name, emp_phone, emp_salary, branch_id) values (' E79', 'Paul Ford', '963-(476)657-7681', 169658.64, 'B19');
Query OK, 1 row affected (0.00 sec)

mysql> insert into Employee (emp_id, emp_name, emp_phone, emp_salary, branch_id) values (' E95', 'Juan Hart', '86-(495)823-9694', 374521.5, 'B19');
Query OK, 1 row affected (0.00 sec)

mysql> insert into Employee (emp_id, emp_name, emp_phone, emp_salary, branch_id) values (' E66', 'Fred Rogers', '86-(821)589-1276', 328605.23, 'B19');
Query OK, 1 row affected (0.01 sec)

mysql> insert into Employee (emp_id, emp_name, emp_phone, emp_salary, branch_id) values (' E7', 'Lois Myers', '62-(245)601-3784', 48951.02, 'B19');
Query OK, 1 row affected (0.00 sec)

mysql> insert into Employee (emp_id, emp_name, emp_phone, emp_salary, branch_id) values (' E71', 'Howard Rose', '55-(466)346-1174', 323047.25, 'B19');
Query OK, 1 row affected (0.01 sec)

mysql> insert into Employee (emp_id, emp_name, emp_phone, emp_salary, branch_id) values (' E7', 'Willie Stewart', '33-(526)530-3640', 286188.48, 'B19');
Query OK, 1 row affected (0.00 sec)

mysql> insert into Employee (emp_id, emp_name, emp_phone, emp_salary, branch_id) values (' E16', 'Clarence Fernandez', '47-(485)768-2551', 498239.95, 'B19');
Query OK, 1 row affected (0.01 sec)

mysql> insert into Employee (emp_id, emp_name, emp_phone, emp_salary, branch_id) values (' E48', 'Willie Sims', '86-(148)584-1974', 337823.41, 'B19');
Query OK, 1 row affected (0.00 sec)

mysql> show tables;
+----------------+
| Tables_in_test |
+----------------+
| Branch         |
| Customer       |
| Employee       |
+----------------+
3 rows in set (0.00 sec)

mysql> select * from Employee;
+--------+---------------------+-------------------+------------+-----------+
| emp_id | emp_name            | emp_phone         | emp_salary | branch_id |
+--------+---------------------+-------------------+------------+-----------+
| E75    | Jack Ramos          | 998-(309)261-0596 |   88354.65 | B77       |
| E22    | Eugene Alvarez      | 86-(652)454-8846  |  309461.12 | B77       |
| E78    | Scott Marshall      | 964-(789)540-2120 |  443816.21 | B77       |
| E13    | Steven Hanson       | 52-(831)856-2972  |   82625.95 | B77       |
| E82    | Kenneth Hart        | 30-(850)284-8504  |  247096.71 | B77       |
| E32    | Paula Riley         | 33-(383)762-7145  |  433685.53 | B77       |
| E81    | Jacqueline Sullivan | 62-(287)990-5525  |  293201.15 | B77       |
| E92    | Howard Lewis        | 55-(986)271-6031  |  149374.06 | B77       |
| E5     | Gregory Cruz        | 62-(135)239-9781  |  163140.68 | B77       |
| E41    | Marie Collins       | 1-(306)507-6247   |  415838.73 | B77       |
| E30    | Sandra Kennedy      | 977-(763)877-0691 |  434939.03 | B48       |
| E97    | Carolyn Dixon       | 86-(823)994-2737  |  434897.41 | B48       |
| E13    | Antonio Hunt        | 86-(720)696-3086  |  361834.06 | B48       |
| E11    | Heather Banks       | 86-(617)139-5943  |  457356.29 | B48       |
| E90    | Jason Hill          | 86-(818)772-9887  |   41926.84 | B48       |
| E100   | Ashley Bryant       | 86-(485)633-2560  |  410726.99 | B48       |
| E8     | Phillip Burns       | 62-(154)696-3245  |  341933.00 | B48       |
| E59    | Janet Riley         | 62-(237)102-2731  |  102058.55 | B48       |
| E6     | Ralph Franklin      | 385-(404)473-6180 |  287755.01 | B48       |
| E43    | Lori West           | 86-(973)560-0113  |   33640.31 | B48       |
| E95    | Joyce Lynch         | 389-(848)480-6039 |  134864.64 | B94       |
| E91    | Douglas Stephens    | 63-(698)162-6409  |   44423.65 | B94       |
| E88    | Jimmy Walker        | 48-(368)529-8825  |  365944.92 | B94       |
| E53    | Michelle Butler     | 33-(430)263-8076  |  478616.54 | B94       |
| E79    | Frances Evans       | 963-(443)559-9622 |  301598.27 | B94       |
| E67    | Christina Ferguson  | 389-(102)586-0096 |  441423.08 | B94       |
| E58    | Ralph Griffin       | 52-(937)691-6875  |  351387.73 | B94       |
| E12    | Russell Medina      | 86-(954)906-6743  |  200865.34 | B94       |
| E39    | Karen Garza         | 7-(403)125-7249   |  363569.05 | B94       |
| E3     | Louis Gardner       | 1-(208)832-3891   |  234357.75 | B94       |
| E40    | Charles Reid        | 30-(968)277-8775  |  215319.11 | B19       |
| E17    | Brandon Simmons     | 351-(441)730-4504 |  395290.44 | B19       |
| E79    | Paul Ford           | 963-(476)657-7681 |  169658.64 | B19       |
| E95    | Juan Hart           | 86-(495)823-9694  |  374521.50 | B19       |
| E66    | Fred Rogers         | 86-(821)589-1276  |  328605.23 | B19       |
| E7     | Lois Myers          | 62-(245)601-3784  |   48951.02 | B19       |
| E71    | Howard Rose         | 55-(466)346-1174  |  323047.25 | B19       |
| E7     | Willie Stewart      | 33-(526)530-3640  |  286188.48 | B19       |
| E16    | Clarence Fernandez  | 47-(485)768-2551  |  498239.95 | B19       |
| E48    | Willie Sims         | 86-(148)584-1974  |  337823.41 | B19       |
+--------+---------------------+-------------------+------------+-----------+
40 rows in set (0.00 sec)

mysql> create table Service (
    -> cust_id VARCHAR(50),
    -> emp_id VARCHAR(50)
    -> );
Query OK, 0 rows affected (0.01 sec)

mysql> insert into Service (cust_id, emp_id) values ('C1001', 'E30');
Query OK, 1 row affected (0.01 sec)

mysql> insert into Service (cust_id, emp_id) values ('C1001', 'E11');
Query OK, 1 row affected (0.00 sec)

mysql> insert into Service (cust_id, emp_id) values ('C93', 'E13');
Query OK, 1 row affected (0.00 sec)

mysql> insert into Service (cust_id, emp_id) values ('C19', 'E38');
Query OK, 1 row affected (0.00 sec)

mysql> insert into Service (cust_id, emp_id) values ('C89', 'E43');
Query OK, 1 row affected (0.00 sec)

mysql> insert into Service (cust_id, emp_id) values ('C35', 'E49');
Query OK, 1 row affected (0.00 sec)

mysql> insert into Service (cust_id, emp_id) values ('C18', 'E73');
Query OK, 1 row affected (0.00 sec)

mysql> insert into Service (cust_id, emp_id) values ('C38', 'E33');
Query OK, 1 row affected (0.00 sec)

mysql> insert into Service (cust_id, emp_id) values ('C99', 'E64');
Query OK, 1 row affected (0.00 sec)

mysql> insert into Service (cust_id, emp_id) values ('C1001', 'E8');
Query OK, 1 row affected (0.00 sec)

mysql> insert into Service (cust_id, emp_id) values ('C94', 'E9');
Query OK, 1 row affected (0.00 sec)

mysql> insert into Service (cust_id, emp_id) values ('C94', 'E54');
Query OK, 1 row affected (0.00 sec)

mysql> insert into Service (cust_id, emp_id) values ('C35', 'E51');
Query OK, 1 row affected (0.00 sec)

mysql> insert into Service (cust_id, emp_id) values ('C1001', 'E59');
Query OK, 1 row affected (0.00 sec)

mysql> insert into Service (cust_id, emp_id) values ('C2', 'E56');
Query OK, 1 row affected (0.00 sec)

mysql> insert into Service (cust_id, emp_id) values ('C94', 'E35');
Query OK, 1 row affected (0.00 sec)

mysql> insert into Service (cust_id, emp_id) values ('C24', 'E82');
Query OK, 1 row affected (0.01 sec)

mysql> insert into Service (cust_id, emp_id) values ('C79', 'E84');
Query OK, 1 row affected (0.00 sec)

mysql> insert into Service (cust_id, emp_id) values ('C85', 'E10');
Query OK, 1 row affected (0.00 sec)

mysql> insert into Service (cust_id, emp_id) values ('C2', 'E68');
Query OK, 1 row affected (0.00 sec)

mysql> insert into Service (cust_id, emp_id) values ('C1001', 'E43');
Query OK, 1 row affected (0.00 sec)

mysql> insert into Service (cust_id, emp_id) values ('C87', 'E40');
Query OK, 1 row affected (0.00 sec)

mysql> insert into Service (cust_id, emp_id) values ('C21', 'E31');
Query OK, 1 row affected (0.01 sec)

mysql> insert into Service (cust_id, emp_id) values ('C62', 'E80');
Query OK, 1 row affected (0.00 sec)

mysql> insert into Service (cust_id, emp_id) values ('C28', 'E25');
Query OK, 1 row affected (0.00 sec)

mysql> insert into Service (cust_id, emp_id) values ('C12', 'E69');
Query OK, 1 row affected (0.00 sec)

mysql> insert into Service (cust_id, emp_id) values ('C80', 'E85');
Query OK, 1 row affected (0.01 sec)

mysql> insert into Service (cust_id, emp_id) values ('C47', 'E9');
Query OK, 1 row affected (0.00 sec)

mysql> insert into Service (cust_id, emp_id) values ('C99', 'E68');
Query OK, 1 row affected (0.00 sec)

mysql> insert into Service (cust_id, emp_id) values ('C51', 'E86');
Query OK, 1 row affected (0.00 sec)

mysql> select * from s Service
    -> ;
+---------+--------+
| cust_id | emp_id |
+---------+--------+
| C1001   | E30    |
| C1001   | E11    |
| C93     | E13    |
| C19     | E38    |
| C89     | E43    |
| C35     | E49    |
| C18     | E73    |
| C38     | E33    |
| C99     | E64    |
| C1001   | E8     |
| C94     | E9     |
| C94     | E54    |
| C35     | E51    |
| C1001   | E59    |
| C2      | E56    |
| C94     | E35    |
| C24     | E82    |
| C79     | E84    |
| C85     | E10    |
| C2      | E68    |
| C1001   | E43    |
| C87     | E40    |
| C21     | E31    |
| C62     | E80    |
| C28     | E25    |
| C12     | E69    |
| C80     | E85    |
| C47     | E9     |
| C99     | E68    |
| C51     | E86    |
+---------+--------+
30 rows in set (0.00 sec)

mysql> show tables;
+----------------+
| Tables_in_test |
+----------------+
| Branch         |
| Customer       |
| Employee       |
| Service        |
+----------------+
4 rows in set (0.00 sec)

mysql> alet  ter table Customer
    -> add foreign key
    -> branch_id references Bre anch(branch_id  );
ERROR 1064 (42000): You have an error in your SQL syntax; check the manual that corresponds to your MySQL server version for the right syntax to use near 'references Branch(branch_id)' at line 3
mysql> alter table Customer add foreign key branch_id references Branch(branch_id);mysql> [37Pbranch_id references Branch(branch_id);mysql> [37@alter table Customer add foreign key branch_id references Branch(branch_id);nces [1P[1P[1P[1P[1P[1P[1P[1P[1P[1P[1P[1P[1P[1P[1P[1P[1P[1P[1P[1P[1P[1P[1P[1P[1P[1P[1P[1P[1P[1P[1P[1P[1P[1P[1P[1P[1P[1P[1P[1P[1P[3@mer[1P[1P[1P[1P[1P[1P[1P[1P[1P[1P[1P[1P[1P[1P[1P[1P[1P;[K
    -> add foreign key branch_id references Branch(branch_id);[1@(branch_id[1@)
ERROR 1005 (HY000): Can't create table 'test.#sql-419_32' (errno: 150)
mysql> alter table Customer add foreign key (branch_id) references Branch(branch_id);mysql> a[21Pdd foreign key (branch_id) references Branch(branch_id);mysql> a[37Plter table Customer add foreign key branch_id references Branch(branch_id);mysql> [37Pbranch_id references Branch(branch_id);mysql> [24Padd foreign keymysql> alter table Customermysql> [8Pshow tables;mysql> ;[Kselect * from Servicemysql> insert into Service (cust_id, emp_id) values ('C51', 'E86');99', 'E68');[1P47', 'E9');[1@80', 'E85');12', 'E69');28', 'E25');62', 'E80');28', 'E25');12', 'E69');80', 'E85');[1P47', 'E9');[1@99', 'E68');51', 'E86');mysql> [39Pselect * from Servicemysql> ;[Kshow tables;mysql> alter table Customermysql> a[5Pdd foreign keymysql> branch_id references Branch(branch_id);mysql> [37@alter table Customer add foreign key branch_id references Branch(branch_id);mysql> alter table Customer[Kmysql> add foreign key (branch_id) references Branch(branch_id);mysql> a[21@lter table Customer add foreign key (branch_id) references Branch(branch_id);mysql> [Kalter table Bre anch(
Display all 771 possibilities? (y or n)
mysql> alter table Branch(
    -> ;
ERROR 1064 (42000): You have an error in your SQL syntax; check the manual that corresponds to your MySQL server version for the right syntax to use near '(' at line 1
mysql> alter table Branch(brea      h( 
    -> P primary key ()b)r)a)n)ch_)i)d));
ERROR 1064 (42000): You have an error in your SQL syntax; check the manual that corresponds to your MySQL server version for the right syntax to use near 'primary key (branch_id)' at line 2
mysql> t alter table 
Display all 771 possibilities? (y or n)
mysql> alter table 
    -> Bre anch
    -> add constraint PL K_bran    Brean   ach  nch Preim    RIMARY EY  KEY (brea  anch_id);
Query OK, 4 rows affected (0.01 sec)
Records: 4  Duplicates: 0  Warnings: 0

mysql> add     alter tbale      able Customer
    -> add constraint PK_Customer     PRIMARY KEY (cust_id )  ));
ERROR 1062 (23000): Duplicate entry 'C78' for key 'PRIMARY'
mysql> select * from Customer;
+---------+------------------+---------------+-------------------+-----------+
| cust_id | cust_name        | customer_city | cust_phone        | branch_id |
+---------+------------------+---------------+-------------------+-----------+
| C5      | Gary Ellis       | Visaginas     | 62-(854)550-6020  | B77       |
| C9      | Theresa Fuller   | Visaginas     | 39-(237)791-7365  | B77       |
| C78     | Stephen Burton   | Visaginas     | 62-(542)495-9051  | B77       |
| C70     | Nicholas Fox     | Visaginas     | 55-(946)617-3267  | B77       |
| C50     | Keith Williamson | Visaginas     | 55-(327)534-8730  | B77       |
| C76     | Ruth Lewis       | Visaginas     | 353-(557)346-9159 | B77       |
| C1001   | Jose Russell     | Zongluzui     | 1-(929)791-3183   | B48       |
| C86     | Julie Black      | Zongluzui     | 53-(775)359-0551  | B48       |
| C80     | Lori Peterson    | Zongluzui     | 33-(849)655-9007  | B48       |
| C87     | Douglas Rogers   | Zongluzui     | 86-(616)572-1495  | B48       |
| C60     | Anthony Perkins  | Zongluzui     | 251-(267)541-9832 | B48       |
| C39     | Clarence Wheeler | Zongluzui     | 375-(809)935-2362 | B48       |
| C46     | Samuel Webb      | Zongluzui     | 98-(307)574-5626  | B48       |
| C97     | Eric Stanley     | Bayart Huxu   | 55-(571)144-3237  | B94       |
| C55     | Jerry Thomas     | Bayart Huxu   | 63-(258)799-6576  | B94       |
| C28     | Jacqueline Banks | Bayart Huxu   | 86-(444)169-9769  | B94       |
| C8      | Paul Riley       | Bayart Huxu   | 84-(549)962-5545  | B94       |
| C78     | Lawrence George  | Bayart Huxu   | 237-(780)837-5688 | B94       |
| C69     | Andrea Burns     | Bayart Huxu   | 62-(779)237-0320  | B94       |
| C4      | Ann Williams     | Cochin        | 591-(754)545-2911 | B19       |
| C96     | Amanda Crawford  | Cochin        | 62-(669)140-0363  | B19       |
| C73     | Willie Perry     | Ernakulam     | 82-(325)354-8011  | B19       |
| C49     | Michelle Lynch   | Cochin        | 46-(870)264-2826  | B19       |
| C60     | Jane Hawkins     | Ernakulam     | 62-(348)906-4849  | B19       |
| C36     | Brandon Harper   | Cochin        | 62-(997)846-0480  | B19       |
| CB77    | Ernest Parker    | Ernakulam     | 33-(250)938-1271  | B19       |
| C35     | Denise Smith     | Cochin        | 81-(719)767-3054  | B19       |
| C90     | Sandra Lawrence  | Cochin        | 66-(945)992-9241  | B19       |
| C58     | Linda Powell     | Visaginas     | 33-(484)600-0252  | B77       |
| C62     | Phyllis Fields   | Bayart Huxu   | 63-(151)368-2467  | B94       |
+---------+------------------+---------------+-------------------+-----------+
30 rows in set (0.00 sec)

mysql> delete * from      fomr     rom cust    Customer
    -> where Cu  cust_name  == 'Lawrence George';
Query OK, 1 row affected (0.01 sec)

mysql> insert into Customer (cust_id, cust_name, customer_city, cust_phone, branch_id) val ues ('C781', 'Lawrence George', 'Bayart Huxu', '237-(780)837-5688', 'B94');
Query OK, 1 row affected (0.00 sec)

mysql> insert into Customer (cust_id, cust_name, customer_city, cust_phone, branch_id) valuues ('C781', 'Lawrence George', 'Bayart Huxu', '237-(780)837-5688', 'B94');[Amysql> [28Pdelete from Customer where cust_name='Lawrence George';
[K[Amysql> delete from Customer where cust_name='Lawrence George';mysql> [21Pwhere cust_name='Lawrence George';mysql> [14Pdelete from Customermysql> select * from Customer;mysql> [43@alter table Customer add constraint PK_Cust PRIMARY KEY (cust_id);
ERROR 1062 (23000): Duplicate entry 'C60' for key 'PRIMARY'
mysql> s deelet    lete from Customer
    -> where cust_name  ='Jane Hawkins'
    -> ;
Query OK, 1 row affected (0.00 sec)

mysql> insert into Customer (cust_id, cust_name, customer_city, cust_phone, branch_id) val ues ('C601', 'Jane Hawkins', 'Ernakulam', '62-(348)906-4849', 'B19');
Query OK, 1 row affected (0.01 sec)

mysql> insert into Customer (cust_id, cust_name, customer_city, cust_phone, branch_id) valuues ('C601', 'Jane Hawkins', 'Ernakulam', '62-(348)906-4849', 'B19');[Amysql> [31Pdelete from Customer where cust_name='Jane Hawkins';
[K[Amysql> delete from Customer where cust_name='Jane Hawkins';mysql> ;[Kwhere cust_name='Jane Hawkins'mysql> [10Pdelete from Customermysql> alter table Customer add constraint PK_Cust PRIMARY KEY (cust_id);
Query OK, 30 rows affected (0.01 sec)
Records: 30  Duplicates: 0  Warnings: 0

mysql> select * from Customer;
+---------+------------------+---------------+-------------------+-----------+
| cust_id | cust_name        | customer_city | cust_phone        | branch_id |
+---------+------------------+---------------+-------------------+-----------+
| C1001   | Jose Russell     | Zongluzui     | 1-(929)791-3183   | B48       |
| C28     | Jacqueline Banks | Bayart Huxu   | 86-(444)169-9769  | B94       |
| C35     | Denise Smith     | Cochin        | 81-(719)767-3054  | B19       |
| C36     | Brandon Harper   | Cochin        | 62-(997)846-0480  | B19       |
| C39     | Clarence Wheeler | Zongluzui     | 375-(809)935-2362 | B48       |
| C4      | Ann Williams     | Cochin        | 591-(754)545-2911 | B19       |
| C46     | Samuel Webb      | Zongluzui     | 98-(307)574-5626  | B48       |
| C49     | Michelle Lynch   | Cochin        | 46-(870)264-2826  | B19       |
| C5      | Gary Ellis       | Visaginas     | 62-(854)550-6020  | B77       |
| C50     | Keith Williamson | Visaginas     | 55-(327)534-8730  | B77       |
| C55     | Jerry Thomas     | Bayart Huxu   | 63-(258)799-6576  | B94       |
| C58     | Linda Powell     | Visaginas     | 33-(484)600-0252  | B77       |
| C60     | Anthony Perkins  | Zongluzui     | 251-(267)541-9832 | B48       |
| C601    | Jane Hawkins     | Ernakulam     | 62-(348)906-4849  | B19       |
| C62     | Phyllis Fields   | Bayart Huxu   | 63-(151)368-2467  | B94       |
| C69     | Andrea Burns     | Bayart Huxu   | 62-(779)237-0320  | B94       |
| C70     | Nicholas Fox     | Visaginas     | 55-(946)617-3267  | B77       |
| C73     | Willie Perry     | Ernakulam     | 82-(325)354-8011  | B19       |
| C76     | Ruth Lewis       | Visaginas     | 353-(557)346-9159 | B77       |
| C78     | Stephen Burton   | Visaginas     | 62-(542)495-9051  | B77       |
| C781    | Lawrence George  | Bayart Huxu   | 237-(780)837-5688 | B94       |
| C8      | Paul Riley       | Bayart Huxu   | 84-(549)962-5545  | B94       |
| C80     | Lori Peterson    | Zongluzui     | 33-(849)655-9007  | B48       |
| C86     | Julie Black      | Zongluzui     | 53-(775)359-0551  | B48       |
| C87     | Douglas Rogers   | Zongluzui     | 86-(616)572-1495  | B48       |
| C9      | Theresa Fuller   | Visaginas     | 39-(237)791-7365  | B77       |
| C90     | Sandra Lawrence  | Cochin        | 66-(945)992-9241  | B19       |
| C96     | Amanda Crawford  | Cochin        | 62-(669)140-0363  | B19       |
| C97     | Eric Stanley     | Bayart Huxu   | 55-(571)144-3237  | B94       |
| CB77    | Ernest Parker    | Ernakulam     | 33-(250)938-1271  | B19       |
+---------+------------------+---------------+-------------------+-----------+
30 rows in set (0.00 sec)

mysql> alter table Employee  
    -> add Con   constraint
    -> PK_Emp p PRIMARY KEY   (emp_id  );
ERROR 1062 (23000): Duplicate entry 'E13' for key 'PRIMARY'
mysql> select * from   m Employee where emp_id='E13';
+--------+---------------+------------------+------------+-----------+
| emp_id | emp_name      | emp_phone        | emp_salary | branch_id |
+--------+---------------+------------------+------------+-----------+
| E13    | Steven Hanson | 52-(831)856-2972 |   82625.95 | B77       |
| E13    | Antonio Hunt  | 86-(720)696-3086 |  361834.06 | B48       |
+--------+---------------+------------------+------------+-----------+
2 rows in set (0.00 sec)

mysql> delete from Employee
    -> where emp_name  ='Antonio Hunt';
Query OK, 1 row affected (0.01 sec)

mysql> insert into Employee (emp_id, emp_name, emp_phone, emp_salary, branch_id) values (' E132', 'Antonio Hunt', '86-(720)696-3086', 361834.06, 'B48');
Query OK, 1 row affected (0.00 sec)

mysql> insert into Employee (emp_id, emp_name, emp_phone, emp_salary, branch_id) values ('EE132', 'Antonio Hunt', '86-(720)696-3086', 361834.06, 'B48');[Amysql> [32Pdelete from Employee where emp_name='Antonio Hunt';
[K[Amysql> delete from Employee where emp_name='Antonio Hunt';mysql> [21Pwhere emp_name='Antonio Hunt';mysql> [10Pdelete from Employeemysql> select * from Employee where emp_id='E13';mysql> [22@alter table Employee add constraint PK_Emp PRIMARY KEY (emp_id);
ERROR 1062 (23000): Duplicate entry 'E79' for key 'PRIMARY'
mysql> alter table Employee add constraint PK_Emp PRIMARY KEY (emp_id);mysql> insert into Employee (emp_id, emp_name, emp_phone, emp_salary, branch_id) values ('EE132', 'Antonio Hunt', '86-(720)696-3086', 361834.06, 'B48');[Amysql> [32Pdelete from Employee where emp_name='Antonio Hunt';
[K[Amysql> delete from Employee where emp_name='Antonio Hunt';mysql> [21Pwhere emp_name='Antonio Hunt';mysql> [10Pdelete from Employeemysql> select * from Employee where emp_id='E13';[1P[1P[1@7[1@9
+--------+---------------+-------------------+------------+-----------+
| emp_id | emp_name      | emp_phone         | emp_salary | branch_id |
+--------+---------------+-------------------+------------+-----------+
| E79    | Frances Evans | 963-(443)559-9622 |  301598.27 | B94       |
| E79    | Paul Ford     | 963-(476)657-7681 |  169658.64 | B19       |
+--------+---------------+-------------------+------------+-----------+
2 rows in set (0.00 sec)

mysql> delete from Employee where E emp_name  ='Paul Ford';
Query OK, 1 row affected (0.01 sec)

mysql> insert into Employee (emp_id, emp_name, emp_phone, emp_salary, branch_id) values (' E791', 'Paul Ford', '963-(476)657-7681', 169658.64, 'B19');
Query OK, 1 row affected (0.00 sec)

mysql> insert into Employee (emp_id, emp_name, emp_phone, emp_salary, branch_id) values ('EE791', 'Paul Ford', '963-(476)657-7681', 169658.64, 'B19');[Amysql> [35Pdelete from Employee where emp_name='Paul Ford';
[K[Amysql> delete from Employee where emp_name='Paul Ford';mysql> [6Pselect * from Employee where emp_id='E79';mysql> [22@alter table Employee add constraint PK_Emp PRIMARY KEY (emp_id);
ERROR 1062 (23000): Duplicate entry 'E95' for key 'PRIMARY'
mysql> alter table Employee add constraint PK_Emp PRIMARY KEY (emp_id);mysql> insert into Employee (emp_id, emp_name, emp_phone, emp_salary, branch_id) values ('EE791', 'Paul Ford', '963-(476)657-7681', 169658.64, 'B19');[Amysql> [35Pdelete from Employee where emp_name='Paul Ford';
[K[Amysql> delete from Employee where emp_name='Paul Ford';mysql> [6Pselect * from Employee where emp_id='E79';9[1P[1P[1@9[1@5
+--------+-------------+-------------------+------------+-----------+
| emp_id | emp_name    | emp_phone         | emp_salary | branch_id |
+--------+-------------+-------------------+------------+-----------+
| E95    | Joyce Lynch | 389-(848)480-6039 |  134864.64 | B94       |
| E95    | Juan Hart   | 86-(495)823-9694  |  374521.50 | B19       |
+--------+-------------+-------------------+------------+-----------+
2 rows in set (0.00 sec)

mysql> delete from Employee where emp_name  ='Juan Hart';
Query OK, 1 row affected (0.00 sec)

mysql> insert into Employee (emp_id, emp_name, emp_phone, emp_salary, branch_id) values (' E952', 'Juan Hart', '86-(495)823-9694', 374521.5, 'B19');
Query OK, 1 row affected (0.00 sec)

mysql> insert into Employee (emp_id, emp_name, emp_phone, emp_salary, branch_id) values ('EE952', 'Juan Hart', '86-(495)823-9694', 374521.5, 'B19');[Amysql> [35Pdelete from Employee where emp_name='Juan Hart';
[K[Amysql> delete from Employee where emp_name='Juan Hart';mysql> [6Pselect * from Employee where emp_id='E95';mysql> [22@alter table Employee add constraint PK_Emp PRIMARY KEY (emp_id);
ERROR 1062 (23000): Duplicate entry 'E7' for key 'PRIMARY'
mysql> alter table Employee add constraint PK_Emp PRIMARY KEY (emp_id);mysql> insert into Employee (emp_id, emp_name, emp_phone, emp_salary, branch_id) values ('EE952', 'Juan Hart', '86-(495)823-9694', 374521.5, 'B19');[Amysql> [35Pdelete from Employee where emp_name='Juan Hart';
[K[Amysql> delete from Employee where emp_name='Juan Hart';mysql> [6Pselect * from Employee where emp_id='E95';[1P[1P[1@7
+--------+----------------+------------------+------------+-----------+
| emp_id | emp_name       | emp_phone        | emp_salary | branch_id |
+--------+----------------+------------------+------------+-----------+
| E7     | Lois Myers     | 62-(245)601-3784 |   48951.02 | B19       |
| E7     | Willie Stewart | 33-(526)530-3640 |  286188.48 | B19       |
+--------+----------------+------------------+------------+-----------+
2 rows in set (0.00 sec)

mysql> delete from emp_ p    Employee wher e  e emp_name  ='Willie Stewart';
Query OK, 1 row affected (0.01 sec)

mysql> insert into Employee (emp_id, emp_name, emp_phone, emp_salary, branch_id) values (' E72', 'Willie Stewart', '33-(526)530-3640', 286188.48, 'B19');
Query OK, 1 row affected (0.00 sec)

mysql> 
mysql> insert into Employee (emp_id, emp_name, emp_phone, emp_salary, branch_id) values ('EE72', 'Willie Stewart', '33-(526)530-3640', 286188.48, 'B19');[Amysql> [30Pdelete from Employee where emp_name='Willie Stewart';
[K[Amysql> delete from Employee where emp_name='Willie Stewart';mysql> [12Pselect * from Employee where emp_id='E7';mysql> [23@alter table Employee add constraint PK_Emp PRIMARY KEY (emp_id);
Query OK, 40 rows affected (0.02 sec)
Records: 40  Duplicates: 0  Warnings: 0

mysql> alter table Service
    -> add forien  i  ein  g  gn key   (cust_
cust_id     cust_name   cust_phone  
    -> add foreign key (cust_
cust_id     cust_name   cust_phone  
    -> add foreign key (cust_id  ) references Customer(e cust_id  );
ERROR 1452 (23000): Cannot add or update a child row: a foreign key constraint fails (`test`.`#sql-419_32`, CONSTRAINT `#sql-419_32_ibfk_1` FOREIGN KEY (`cust_id`) REFERENCES `Customer` (`cust_id`))
mysql> alter table Service add foreign key (cust_id) references Customer(cust_id); [1@ [1@c[1@o[1@n[1@s[1@t[1@ra foreign key (cust_id) references Customer(cust_id); [Aysql> alter table Service add constrai foreign key (cust_id) references Customer(cust_id);;[Aysql> alter table Service add constrain foreign key (cust_id) references Customer(cust_id);[Asql> alter table Service add constraint foreign key (cust_id) references Customer(cust_id);[Aql> alter table Service add constraintF foreign key (cust_id) references Customer(cust_i[1@d[Asql> alter table Service add constraintFK foreign key (cust_id) references Customer(cust_[1@i[Asql> alter table Service add constraintFK foreign key (cust_id) references Customer(cust_i[1P[Aysql> alter table Service add constraintF foreign key (cust_id) references Customer(cust_id[1P[Aysql> alter table Service add constraint  foreign key (cust_id) references Customer(cust_i[1@d[Asql> alter table Service add constraint F foreign key (cust_id) references Customer(cust_[1@i[Asql> alter table Service add constraint FK foreign key (cust_id) references Customer(cust[1@_[Asql> alter table Service add constraint FK_ foreign key (cust_id) references Customer(cus[1@t[Asql> alter table Service add constraint FK_S foreign key (cust_id) references Customer(cu[1@s[Asql> alter table Service add constraint FK_Se foreign key (cust_id) references Customer(c[1@u[Asql> alter table Service add constraint FK_Ser foreign key (cust_id) references Customer([1@c[Asql> alter table Service add constraint FK_Serv foreign key (cust_id) references Customer[1@([Asql> alter table Service add constraint FK_Servi foreign key (cust_id) references Custome[1@r[Asql> alter table Service add constraint FK_Servic foreign key (cust_id) references Custom[1@e[Asql> alter table Service add constraint FK_Service foreign key (cust_id) references Custo[1@m[Asql> alter table Service add constraint FK_ServiceC foreign key (cust_id) references Cust[1@o[Asql> alter table Service add constraint FK_ServiceCu foreign key (cust_id) references Cus[1@t[Asql> alter table Service add constraint FK_ServiceCus foreign key (cust_id) references Cu[1@s[Asql> alter table Service add constraint FK_ServiceCust foreign key (cust_id) references C[1@u[Asql> alter table Service add constraint FK_ServiceCusto foreign key (cust_id) references [1@C[Asql> alter table Service add constraint FK_ServiceCustom foreign key (cust_id) references[1@ [Asql> alter table Service add constraint FK_ServiceCustome foreign key (cust_id) reference[1@s[Asql> alter table Service add constraint FK_ServiceCustomer foreign key (cust_id) referenc[1@e[Asql> alter table Service add constraint FK_ServiceCustomer  foreign key (cust_id) referen[1@c[Asql> alter table Service add constraint FK_ServiceCustomer 

ERROR 1452 (23000): Cannot add or update a child row: a foreign key constraint fails (`test`.`#sql-419_32`, CONSTRAINT `FK_ServiceCustomer` FOREIGN KEY (`cust_id`) REFERENCES `Customer` (`cust_id`))
mysql> alter table Service add constraint FK_ServiceCustomer  foreign key (cust_id) referennces Customer(cust_id);[Aice add [8Pforeign key (cust_id) references Customer(cust_id);
[K[Amysql> alter table Service add foreign key (cust_id) references Customer(cust_id);
ERROR 1452 (23000): Cannot add or update a child row: a foreign key constraint fails (`test`.`#sql-419_32`, CONSTRAINT `#sql-419_32_ibfk_1` FOREIGN KEY (`cust_id`) REFERENCES `Customer` (`cust_id`))
mysql> alter table Employee
    -> ddd   add primary key  (  (emp_id  );
ERROR 1068 (42000): Multiple primary key defined
mysql> alter table Employee drop primaru y key;
Query OK, 40 rows affected (0.00 sec)
Records: 40  Duplicates: 0  Warnings: 0

mysql> alter alter t       table Branch drop primar  y key;
Query OK, 4 rows affected (0.01 sec)
Records: 4  Duplicates: 0  Warnings: 0

mysql> alter table Customer drop prm 
print   prompt  
mysql> alter table Customer drop primary key;
Query OK, 30 rows affected (0.01 sec)
Records: 30  Duplicates: 0  Warnings: 0

mysql> alter table Employee add primary key (emp_id  );
Query OK, 0 rows affected (0.02 sec)
Records: 0  Duplicates: 0  Warnings: 0

mysql> alter tabe   le Branch add primary key (bren  anch_id  );
Query OK, 0 rows affected (0.01 sec)
Records: 0  Duplicates: 0  Warnings: 0

mysql> alter table Customer add primary key (cust                                em  En  Customer add primary key(cuust   st_id );
Query OK, 0 rows affected (0.01 sec)
Records: 0  Duplicates: 0  Warnings: 0

mysql> alter tbal   able Service add forei  i eign key   (cust_id  ) references Customer9cu   (cust_id  );
ERROR 1452 (23000): Cannot add or update a child row: a foreign key constraint fails (`test`.`#sql-419_32`, CONSTRAINT `#sql-419_32_ibfk_1` FOREIGN KEY (`cust_id`) REFERENCES `Customer` (`cust_id`))
mysql> alter table Cs ustomer add fori eign key (cust_id )  ) referencesd[1P[1P[1P[1P[1P[1P[1P[1@b[1@r[5@anch_[1@i[1@d) references Branch(br ranch_id);
Query OK, 30 rows affected (0.01 sec)
Records: 30  Duplicates: 0  Warnings: 0

mysql> alter table Customer add forie                  Branch      Employee add forie  eing  gn key (branch_id  ) references Branch(branch_id  );
Query OK, 40 rows affected (0.01 sec)
Records: 40  Duplicates: 0  Warnings: 0

mysql> delte  ete table            drop table Employee Branch Customer;
ERROR 1064 (42000): You have an error in your SQL syntax; check the manual that corresponds to your MySQL server version for the right syntax to use near 'Branch Customer' at line 1
mysql> drop table Employee;
Query OK, 0 rows affected (0.01 sec)

mysql> drop table Branch;
ERROR 1217 (23000): Cannot delete or update a parent row: a foreign key constraint fails
mysql> drop table Customer;
Query OK, 0 rows affected (0.00 sec)

mysql> sow  hw ow tables;
+----------------+
| Tables_in_test |
+----------------+
| Branch         |
| Service        |
+----------------+
2 rows in set (0.00 sec)

mysql> drop ab  table Br             frop for        drop for        drop forie  eign key Bra   r Branch;
ERROR 1064 (42000): You have an error in your SQL syntax; check the manual that corresponds to your MySQL server version for the right syntax to use near 'foreign key Branch' at line 1
mysql> alter table F Branch
    -> drop forie  eign key;
ERROR 1005 (HY000): Can't create table 'test.#sql-419_32' (errno: 150)
mysql> d alter table Branch
    -> drop foreign key FK              primary key;
Query OK, 4 rows affected (0.01 sec)
Records: 4  Duplicates: 0  Warnings: 0

mysql> drop table Branch;
Query OK, 0 rows affected (0.00 sec)

mysql> show tables;
+----------------+
| Tables_in_test |
+----------------+
| Service        |
+----------------+
1 row in set (0.00 sec)

mysql> create table Branch (
    -> branch_id VARCHAR(50),
    -> branch_city VARCHAR(50),
    ->     PRIMARY KEY (branch_id)
    -> );
Query OK, 0 rows affected (0.00 sec)

mysql> insert into Branch (branch_id, branch_city) values ('B77', 'Visaginas');
Query OK, 1 row affected (0.00 sec)

mysql> insert into Branch (branch_id, branch_city) values ('B48', 'Zongluzui');
Query OK, 1 row affected (0.00 sec)

mysql> insert into Branch (branch_id, branch_city) values ('B94', 'Bayart Huxu');
Query OK, 1 row affected (0.00 sec)

mysql> insert into Branch (branch_id, branch_city) values ('B19', 'Cochin');
Query OK, 1 row affected (0.00 sec)

mysql> create table Employee (
    -> emp_id VARCHAR(50),
    -> emp_name VARCHAR(50),
    -> emp_phone VARCHAR(50),
    -> emp_salary DECIMAL(8,2),
    -> branch_id VARCHAR(50),
    ->     PRIMARY KEY (emp_id),
    ->     FOREIGN KEY (branch_id) references Branch(branch_id)
    -> );
Query OK, 0 rows affected (0.01 sec)

mysql> insert into Employee (emp_id, emp_name, emp_phone, emp_salary, branch_id) values (' E75', 'Jack Ramos', '998-(309)261-0596', 88354.65, 'B77');
Query OK, 1 row affected (0.00 sec)

mysql> insert into Employee (emp_id, emp_name, emp_phone, emp_salary, branch_id) values (' E22', 'Eugene Alvarez', '86-(652)454-8846', 309461.12, 'B77');
Query OK, 1 row affected (0.00 sec)

mysql> insert into Employee (emp_id, emp_name, emp_phone, emp_salary, branch_id) values (' E78', 'Scott Marshall', '964-(789)540-2120', 443816.21, 'B77');
Query OK, 1 row affected (0.00 sec)

mysql> insert into Employee (emp_id, emp_name, emp_phone, emp_salary, branch_id) values (' E13', 'Steven Hanson', '52-(831)856-2972', 82625.95, 'B77');
Query OK, 1 row affected (0.00 sec)

mysql> insert into Employee (emp_id, emp_name, emp_phone, emp_salary, branch_id) values (' E82', 'Kenneth Hart', '30-(850)284-8504', 247096.71, 'B77');
Query OK, 1 row affected (0.01 sec)

mysql> insert into Employee (emp_id, emp_name, emp_phone, emp_salary, branch_id) values (' E32', 'Paula Riley', '33-(383)762-7145', 433685.53, 'B77');
Query OK, 1 row affected (0.00 sec)

mysql> insert into Employee (emp_id, emp_name, emp_phone, emp_salary, branch_id) values (' E81', 'Jacqueline Sullivan', '62-(287)990-5525', 293201.15, 'B77');
Query OK, 1 row affected (0.00 sec)

mysql> insert into Employee (emp_id, emp_name, emp_phone, emp_salary, branch_id) values (' E92', 'Howard Lewis', '55-(986)271-6031', 149374.06, 'B77');
Query OK, 1 row affected (0.00 sec)

mysql> insert into Employee (emp_id, emp_name, emp_phone, emp_salary, branch_id) values (' E5', 'Gregory Cruz', '62-(135)239-9781', 163140.68, 'B77');
Query OK, 1 row affected (0.00 sec)

mysql> insert into Employee (emp_id, emp_name, emp_phone, emp_salary, branch_id) values (' E41', 'Marie Collins', '1-(306)507-6247', 415838.73, 'B77');
Query OK, 1 row affected (0.00 sec)

mysql> insert into Employee (emp_id, emp_name, emp_phone, emp_salary, branch_id) values (' E30', 'Sandra Kennedy', '977-(763)877-0691', 434939.03, 'B48');
Query OK, 1 row affected (0.01 sec)

mysql> insert into Employee (emp_id, emp_name, emp_phone, emp_salary, branch_id) values (' E97', 'Carolyn Dixon', '86-(823)994-2737', 434897.41, 'B48');
Query OK, 1 row affected (0.00 sec)

mysql> insert into Employee (emp_id, emp_name, emp_phone, emp_salary, branch_id) values (' E132', 'Antonio Hunt', '86-(720)696-3086', 361834.06, 'B48');
Query OK, 1 row affected (0.01 sec)

mysql> insert into Employee (emp_id, emp_name, emp_phone, emp_salary, branch_id) values (' E11', 'Heather Banks', '86-(617)139-5943', 457356.29, 'B48');
Query OK, 1 row affected (0.00 sec)

mysql> insert into Employee (emp_id, emp_name, emp_phone, emp_salary, branch_id) values (' E90', 'Jason Hill', '86-(818)772-9887', 41926.84, 'B48');
Query OK, 1 row affected (0.00 sec)

mysql> insert into Employee (emp_id, emp_name, emp_phone, emp_salary, branch_id) values (' E100', 'Ashley Bryant', '86-(485)633-2560', 410726.99, 'B48');
Query OK, 1 row affected (0.00 sec)

mysql> insert into Employee (emp_id, emp_name, emp_phone, emp_salary, branch_id) values (' E8', 'Phillip Burns', '62-(154)696-3245', 341933.0, 'B48');
Query OK, 1 row affected (0.00 sec)

mysql> insert into Employee (emp_id, emp_name, emp_phone, emp_salary, branch_id) values (' E59', 'Janet Riley', '62-(237)102-2731', 102058.55, 'B48');
Query OK, 1 row affected (0.01 sec)

mysql> insert into Employee (emp_id, emp_name, emp_phone, emp_salary, branch_id) values (' E6', 'Ralph Franklin', '385-(404)473-6180', 287755.01, 'B48');
Query OK, 1 row affected (0.00 sec)

mysql> insert into Employee (emp_id, emp_name, emp_phone, emp_salary, branch_id) values (' E43', 'Lori West', '86-(973)560-0113', 33640.31, 'B48');
Query OK, 1 row affected (0.00 sec)

mysql> insert into Employee (emp_id, emp_name, emp_phone, emp_salary, branch_id) values (' E95', 'Joyce Lynch', '389-(848)480-6039', 134864.64, 'B94');
Query OK, 1 row affected (0.00 sec)

mysql> insert into Employee (emp_id, emp_name, emp_phone, emp_salary, branch_id) values (' E91', 'Douglas Stephens', '63-(698)162-6409', 44423.65, 'B94');
Query OK, 1 row affected (0.00 sec)

mysql> insert into Employee (emp_id, emp_name, emp_phone, emp_salary, branch_id) values (' E88', 'Jimmy Walker', '48-(368)529-8825', 365944.92, 'B94');
Query OK, 1 row affected (0.00 sec)

mysql> insert into Employee (emp_id, emp_name, emp_phone, emp_salary, branch_id) values (' E53', 'Michelle Butler', '33-(430)263-8076', 478616.54, 'B94');
Query OK, 1 row affected (0.00 sec)

mysql> insert into Employee (emp_id, emp_name, emp_phone, emp_salary, branch_id) values (' E79', 'Frances Evans', '963-(443)559-9622', 301598.27, 'B94');
Query OK, 1 row affected (0.01 sec)

mysql> insert into Employee (emp_id, emp_name, emp_phone, emp_salary, branch_id) values (' E67', 'Christina Ferguson', '389-(102)586-0096', 441423.08, 'B94');
Query OK, 1 row affected (0.00 sec)

mysql> insert into Employee (emp_id, emp_name, emp_phone, emp_salary, branch_id) values (' E58', 'Ralph Griffin', '52-(937)691-6875', 351387.73, 'B94');
Query OK, 1 row affected (0.00 sec)

mysql> insert into Employee (emp_id, emp_name, emp_phone, emp_salary, branch_id) values (' E12', 'Russell Medina', '86-(954)906-6743', 200865.34, 'B94');
Query OK, 1 row affected (0.00 sec)

mysql> insert into Employee (emp_id, emp_name, emp_phone, emp_salary, branch_id) values (' E39', 'Karen Garza', '7-(403)125-7249', 363569.05, 'B94');
Query OK, 1 row affected (0.00 sec)

mysql> insert into Employee (emp_id, emp_name, emp_phone, emp_salary, branch_id) values (' E3', 'Louis Gardner', '1-(208)832-3891', 234357.75, 'B94');
Query OK, 1 row affected (0.00 sec)

mysql> insert into Employee (emp_id, emp_name, emp_phone, emp_salary, branch_id) values (' E40', 'Charles Reid', '30-(968)277-8775', 215319.11, 'B19');
Query OK, 1 row affected (0.00 sec)

mysql> insert into Employee (emp_id, emp_name, emp_phone, emp_salary, branch_id) values (' E17', 'Brandon Simmons', '351-(441)730-4504', 395290.44, 'B19');
Query OK, 1 row affected (0.00 sec)

mysql> insert into Employee (emp_id, emp_name, emp_phone, emp_salary, branch_id) values (' E791', 'Paul Ford', '963-(476)657-7681', 169658.64, 'B19');
Query OK, 1 row affected (0.00 sec)

mysql> insert into Employee (emp_id, emp_name, emp_phone, emp_salary, branch_id) values (' E952', 'Juan Hart', '86-(495)823-9694', 374521.5, 'B19');
Query OK, 1 row affected (0.00 sec)

mysql> insert into Employee (emp_id, emp_name, emp_phone, emp_salary, branch_id) values (' E66', 'Fred Rogers', '86-(821)589-1276', 328605.23, 'B19');
Query OK, 1 row affected (0.00 sec)

mysql> insert into Employee (emp_id, emp_name, emp_phone, emp_salary, branch_id) values (' E7', 'Lois Myers', '62-(245)601-3784', 48951.02, 'B19');
Query OK, 1 row affected (0.00 sec)

mysql> insert into Employee (emp_id, emp_name, emp_phone, emp_salary, branch_id) values (' E71', 'Howard Rose', '55-(466)346-1174', 323047.25, 'B19');
Query OK, 1 row affected (0.00 sec)

mysql> insert into Employee (emp_id, emp_name, emp_phone, emp_salary, branch_id) values (' E72', 'Willie Stewart', '33-(526)530-3640', 286188.48, 'B19');
Query OK, 1 row affected (0.00 sec)

mysql> insert into Employee (emp_id, emp_name, emp_phone, emp_salary, branch_id) values (' E16', 'Clarence Fernandez', '47-(485)768-2551', 498239.95, 'B19');
Query OK, 1 row affected (0.01 sec)

mysql> insert into Employee (emp_id, emp_name, emp_phone, emp_salary, branch_id) values (' E48', 'Willie Sims', '86-(148)584-1974', 337823.41, 'B19');
Query OK, 1 row affected (0.01 sec)

mysql> create table Customer (
    -> cust_id VARCHAR(50),
    -> cust_name VARCHAR(50),
    -> customer_city VARCHAR(50),
    -> cust_phone VARCHAR(50),
    -> branch_id VARCHAR(50),
    ->     PRIMARY KEY (cust_id),
    ->     FOREIGN KEY (branch_id) references Branch(branch_id)
    -> );
Query OK, 0 rows affected (0.00 sec)

mysql> insert into Customer (cust_id, cust_name, customer_city, cust_phone, branch_id) val ues ('C5', 'Gary Ellis', 'Visaginas', '62-(854)550-6020', 'B77');
Query OK, 1 row affected (0.01 sec)

mysql> insert into Customer (cust_id, cust_name, customer_city, cust_phone, branch_id) val ues ('C9', 'Theresa Fuller', 'Visaginas', '39-(237)791-7365', 'B77');
Query OK, 1 row affected (0.00 sec)

mysql> insert into Customer (cust_id, cust_name, customer_city, cust_phone, branch_id) val ues ('C78', 'Stephen Burton', 'Visaginas', '62-(542)495-9051', 'B77');
Query OK, 1 row affected (0.00 sec)

mysql> insert into Customer (cust_id, cust_name, customer_city, cust_phone, branch_id) val ues ('C58', 'Linda Powell', 'Visaginas', '33-(484)600-0252', 'B77');
Query OK, 1 row affected (0.01 sec)

mysql> insert into Customer (cust_id, cust_name, customer_city, cust_phone, branch_id) val ues ('C70', 'Nicholas Fox', 'Visaginas', '55-(946)617-3267', 'B77');
Query OK, 1 row affected (0.00 sec)

mysql> insert into Customer (cust_id, cust_name, customer_city, cust_phone, branch_id) val ues ('C50', 'Keith Williamson', 'Visaginas', '55-(327)534-8730', 'B77');
Query OK, 1 row affected (0.00 sec)

mysql> insert into Customer (cust_id, cust_name, customer_city, cust_phone, branch_id) val ues ('C76', 'Ruth Lewis', 'Visaginas', '353-(557)346-9159', 'B77');
Query OK, 1 row affected (0.00 sec)

mysql> insert into Customer (cust_id, cust_name, customer_city, cust_phone, branch_id) val ues ('C1001', 'Jose Russell', 'Zongluzui', '1-(929)791-3183', 'B48');
Query OK, 1 row affected (0.00 sec)

mysql> insert into Customer (cust_id, cust_name, customer_city, cust_phone, branch_id) val ues ('C86', 'Julie Black', 'Zongluzui', '53-(775)359-0551', 'B48');
Query OK, 1 row affected (0.00 sec)

mysql> insert into Customer (cust_id, cust_name, customer_city, cust_phone, branch_id) val ues ('C80', 'Lori Peterson', 'Zongluzui', '33-(849)655-9007', 'B48');
Query OK, 1 row affected (0.01 sec)

mysql> insert into Customer (cust_id, cust_name, customer_city, cust_phone, branch_id) val ues ('C87', 'Douglas Rogers', 'Zongluzui', '86-(616)572-1495', 'B48');
Query OK, 1 row affected (0.00 sec)

mysql> insert into Customer (cust_id, cust_name, customer_city, cust_phone, branch_id) val ues ('C60', 'Anthony Perkins', 'Zongluzui', '251-(267)541-9832', 'B48');
Query OK, 1 row affected (0.00 sec)

mysql> insert into Customer (cust_id, cust_name, customer_city, cust_phone, branch_id) val ues ('C39', 'Clarence Wheeler', 'Zongluzui', '375-(809)935-2362', 'B48');
Query OK, 1 row affected (0.00 sec)

mysql> insert into Customer (cust_id, cust_name, customer_city, cust_phone, branch_id) val ues ('C46', 'Samuel Webb', 'Zongluzui', '98-(307)574-5626', 'B48');
Query OK, 1 row affected (0.00 sec)

mysql> insert into Customer (cust_id, cust_name, customer_city, cust_phone, branch_id) val ues ('C97', 'Eric Stanley', 'Bayart Huxu', '55-(571)144-3237', 'B94');
Query OK, 1 row affected (0.01 sec)

mysql> insert into Customer (cust_id, cust_name, customer_city, cust_phone, branch_id) val ues ('C55', 'Jerry Thomas', 'Bayart Huxu', '63-(258)799-6576', 'B94');
Query OK, 1 row affected (0.01 sec)

mysql> insert into Customer (cust_id, cust_name, customer_city, cust_phone, branch_id) val ues ('C28', 'Jacqueline Banks', 'Bayart Huxu', '86-(444)169-9769', 'B94');
Query OK, 1 row affected (0.00 sec)

mysql> insert into Customer (cust_id, cust_name, customer_city, cust_phone, branch_id) val ues ('C8', 'Paul Riley', 'Bayart Huxu', '84-(549)962-5545', 'B94');
Query OK, 1 row affected (0.00 sec)

mysql> insert into Customer (cust_id, cust_name, customer_city, cust_phone, branch_id) val ues ('C62', 'Phyllis Fields', 'Bayart Huxu', '63-(151)368-2467', 'B94');
Query OK, 1 row affected (0.00 sec)

mysql> insert into Customer (cust_id, cust_name, customer_city, cust_phone, branch_id) val ues ('C781', 'Lawrence George', 'Bayart Huxu', '237-(780)837-5688', 'B94');
Query OK, 1 row affected (0.00 sec)

mysql> insert into Customer (cust_id, cust_name, customer_city, cust_phone, branch_id) val ues ('C69', 'Andrea Burns', 'Bayart Huxu', '62-(779)237-0320', 'B94');
Query OK, 1 row affected (0.01 sec)

mysql> insert into Customer (cust_id, cust_name, customer_city, cust_phone, branch_id) val ues ('C4', 'Ann Williams', 'Cochin', '591-(754)545-2911', 'B19');
Query OK, 1 row affected (0.00 sec)

mysql> insert into Customer (cust_id, cust_name, customer_city, cust_phone, branch_id) val ues ('C96', 'Amanda Crawford', 'Cochin', '62-(669)140-0363', 'B19');
Query OK, 1 row affected (0.00 sec)

mysql> insert into Customer (cust_id, cust_name, customer_city, cust_phone, branch_id) val ues ('C90', 'Sandra Lawrence', 'Cochin', '66-(945)992-9241', 'B19');
Query OK, 1 row affected (0.00 sec)

mysql> insert into Customer (cust_id, cust_name, customer_city, cust_phone, branch_id) val ues ('C73', 'Willie Perry', 'Ernakulam', '82-(325)354-8011', 'B19');
Query OK, 1 row affected (0.01 sec)

mysql> insert into Customer (cust_id, cust_name, customer_city, cust_phone, branch_id) val ues ('C49', 'Michelle Lynch', 'Cochin', '46-(870)264-2826', 'B19');
Query OK, 1 row affected (0.00 sec)

mysql> insert into Customer (cust_id, cust_name, customer_city, cust_phone, branch_id) val ues ('C601', 'Jane Hawkins', 'Ernakulam', '62-(348)906-4849', 'B19');
Query OK, 1 row affected (0.00 sec)

mysql> insert into Customer (cust_id, cust_name, customer_city, cust_phone, branch_id) val ues ('C36', 'Brandon Harper', 'Cochin', '62-(997)846-0480', 'B19');
Query OK, 1 row affected (0.00 sec)

mysql> insert into Customer (cust_id, cust_name, customer_city, cust_phone, branch_id) val ues ('CB77', 'Ernest Parker', 'Ernakulam', '33-(250)938-1271', 'B19');
Query OK, 1 row affected (0.00 sec)

mysql> insert into Customer (cust_id, cust_name, customer_city, cust_phone, branch_id) val ues ('C35', 'Denise Smith', 'Cochin', '81-(719)767-3054', 'B19');
Query OK, 1 row affected (0.01 sec)

mysql> so how tables;
+----------------+
| Tables_in_test |
+----------------+
| Branch         |
| Customer       |
| Employee       |
| Service        |
+----------------+
4 rows in set (0.00 sec)

mysql> select * from Branch;
+-----------+-------------+
| branch_id | branch_city |
+-----------+-------------+
| B19       | Cochin      |
| B48       | Zongluzui   |
| B77       | Visaginas   |
| B94       | Bayart Huxu |
+-----------+-------------+
4 rows in set (0.00 sec)

mysql> select * from Cy ustomer where      tomer
    -> wj here bre anch_id  =          Branch, .bre anch_city  ='B19   Cochin';
ERROR 1054 (42S22): Unknown column 'Branch.branch_city' in 'where clause'
mysql> select * from Customer where Branch.branch_city='Cochin';[1P[1@(branch_city[1@)
ERROR 1305 (42000): FUNCTION test.Branch does not exist
mysql> select * from Customer where Branch(branch_city)='Cochin';[1P[1P[1P[1P[1P[1P[1P[1P[1P[1P[1P[1P[1P[1P[1P[1P[1P[1P[1P[1@b[1@r[1@a[1@n[3@ch_[1@c[3@ity
ERROR 1054 (42S22): Unknown column 'branch_city' in 'where clause'
mysql> select * from Customer where branch_city='Cochin';mysql> [Kselect * from Customer where branch_id  ='B19';
+---------+-----------------+---------------+-------------------+-----------+
| cust_id | cust_name       | customer_city | cust_phone        | branch_id |
+---------+-----------------+---------------+-------------------+-----------+
| C35     | Denise Smith    | Cochin        | 81-(719)767-3054  | B19       |
| C36     | Brandon Harper  | Cochin        | 62-(997)846-0480  | B19       |
| C4      | Ann Williams    | Cochin        | 591-(754)545-2911 | B19       |
| C49     | Michelle Lynch  | Cochin        | 46-(870)264-2826  | B19       |
| C601    | Jane Hawkins    | Ernakulam     | 62-(348)906-4849  | B19       |
| C73     | Willie Perry    | Ernakulam     | 82-(325)354-8011  | B19       |
| C90     | Sandra Lawrence | Cochin        | 66-(945)992-9241  | B19       |
| C96     | Amanda Crawford | Cochin        | 62-(669)140-0363  | B19       |
| CB77    | Ernest Parker   | Ernakulam     | 33-(250)938-1271  | B19       |
+---------+-----------------+---------------+-------------------+-----------+
9 rows in set (0.00 sec)

mysql> select * from Customer where branch_id='B19';[1P[1P[1P[1P[1P[1P[1P[1P[1P[1@c[1@u[1@s[1@t[1@_[1@i[1@d='B19[1P[1P[1P[1@C[1@1[1@0[1@0[1@1
+---------+--------------+---------------+-----------------+-----------+
| cust_id | cust_name    | customer_city | cust_phone      | branch_id |
+---------+--------------+---------------+-----------------+-----------+
| C1001   | Jose Russell | Zongluzui     | 1-(929)791-3183 | B48       |
+---------+--------------+---------------+-----------------+-----------+
1 row in set (0.00 sec)

mysql> al  drop table Service;
Query OK, 0 rows affected (0.01 sec)

mysql> show tables;
+----------------+
| Tables_in_test |
+----------------+
| Branch         |
| Customer       |
| Employee       |
+----------------+
3 rows in set (0.00 sec)

mysql> select * from C Employee where B rb  branch_id='B19';
+--------+--------------------+-------------------+------------+-----------+
| emp_id | emp_name           | emp_phone         | emp_salary | branch_id |
+--------+--------------------+-------------------+------------+-----------+
| E16    | Clarence Fernandez | 47-(485)768-2551  |  498239.95 | B19       |
| E17    | Brandon Simmons    | 351-(441)730-4504 |  395290.44 | B19       |
| E40    | Charles Reid       | 30-(968)277-8775  |  215319.11 | B19       |
| E48    | Willie Sims        | 86-(148)584-1974  |  337823.41 | B19       |
| E66    | Fred Rogers        | 86-(821)589-1276  |  328605.23 | B19       |
| E7     | Lois Myers         | 62-(245)601-3784  |   48951.02 | B19       |
| E71    | Howard Rose        | 55-(466)346-1174  |  323047.25 | B19       |
| E72    | Willie Stewart     | 33-(526)530-3640  |  286188.48 | B19       |
| E791   | Paul Ford          | 963-(476)657-7681 |  169658.64 | B19       |
| E952   | Juan Hart          | 86-(495)823-9694  |  374521.50 | B19       |
+--------+--------------------+-------------------+------------+-----------+
10 rows in set (0.00 sec)

mysql> select * from Employee where branch_id='B19';mysql> show tables;[Kmysql> [7@drop table Service;mysql> [26@select * from Customer where cust_id='C1001';branch_id='B19';
+---------+-----------------+---------------+-------------------+-----------+
| cust_id | cust_name       | customer_city | cust_phone        | branch_id |
+---------+-----------------+---------------+-------------------+-----------+
| C35     | Denise Smith    | Cochin        | 81-(719)767-3054  | B19       |
| C36     | Brandon Harper  | Cochin        | 62-(997)846-0480  | B19       |
| C4      | Ann Williams    | Cochin        | 591-(754)545-2911 | B19       |
| C49     | Michelle Lynch  | Cochin        | 46-(870)264-2826  | B19       |
| C601    | Jane Hawkins    | Ernakulam     | 62-(348)906-4849  | B19       |
| C73     | Willie Perry    | Ernakulam     | 82-(325)354-8011  | B19       |
| C90     | Sandra Lawrence | Cochin        | 66-(945)992-9241  | B19       |
| C96     | Amanda Crawford | Cochin        | 62-(669)140-0363  | B19       |
| CB77    | Ernest Parker   | Ernakulam     | 33-(250)938-1271  | B19       |
+---------+-----------------+---------------+-------------------+-----------+
9 rows in set (0.00 sec)

mysql> select * from Customer where branch_id='B19';mysql> select * from Employee where branch_id='B19';
+--------+--------------------+-------------------+------------+-----------+
| emp_id | emp_name           | emp_phone         | emp_salary | branch_id |
+--------+--------------------+-------------------+------------+-----------+
| E16    | Clarence Fernandez | 47-(485)768-2551  |  498239.95 | B19       |
| E17    | Brandon Simmons    | 351-(441)730-4504 |  395290.44 | B19       |
| E40    | Charles Reid       | 30-(968)277-8775  |  215319.11 | B19       |
| E48    | Willie Sims        | 86-(148)584-1974  |  337823.41 | B19       |
| E66    | Fred Rogers        | 86-(821)589-1276  |  328605.23 | B19       |
| E7     | Lois Myers         | 62-(245)601-3784  |   48951.02 | B19       |
| E71    | Howard Rose        | 55-(466)346-1174  |  323047.25 | B19       |
| E72    | Willie Stewart     | 33-(526)530-3640  |  286188.48 | B19       |
| E791   | Paul Ford          | 963-(476)657-7681 |  169658.64 | B19       |
| E952   | Juan Hart          | 86-(495)823-9694  |  374521.50 | B19       |
+--------+--------------------+-------------------+------------+-----------+
10 rows in set (0.00 sec)

mysql> se  delete from Customer where cust_id  ='insert into Customer (cust_id, cust_name, custo mer_city, cust_phone, branch_id) values ('C77', 'Ernest Parker', 'Ernakulam', '33-(250)938 -1271', 'B19');
    '> ;
    '> ^CCtrl-C -- exit!
Aborted
]0;arjun@arjun-Veertu: ~arjun@arjun-Veertu:~$ mysql -u root -p
Enter password: 
Welcome to the MySQL monitor.  Commands end with ; or \g.
Your MySQL connection id is 51
Server version: 5.5.54-0ubuntu0.14.04.1 (Ubuntu)

Copyright (c) 2000, 2016, Oracle and/or its affiliates. All rights reserved.

Oracle is a registered trademark of Oracle Corporation and/or its
affiliates. Other names may be trademarks of their respective
owners.

Type 'help;' or '\h' for help. Type '\c' to clear the current input statement.

mysql> use roo   e test;
Reading table information for completion of table and column names
You can turn off this feature to get a quicker startup with -A

Database changed
mysql> r deelte    lte  ete from cu  Customer where cust_id='CB77';
Query OK, 1 row affected (0.01 sec)

mysql> insert into Customer (cust_id, cust_name, customer_city, cust_phone, branch_id) val ues ('C77', 'Ernest Parker', 'Ernakulam', '33-(250)938-1271', 'B19');
Query OK, 1 row affected (0.00 sec)

mysql> insert into Customer (cust_id, cust_name, customer_city, cust_phone, branch_id) valuues ('C77', 'Ernest Parker', 'Ernakulam', '33-(250)938-1271', 'B19');[Amysql> [41Pdelete from Customer where cust_id='CB77';
[K[Amysql> delete from Customer where cust_id='CB77';mysql> use test;[Kmysql> ;[Kdelete from Customer where cust_id='insert into Customer (cust_id, cust_name, custommer_city, cust_phone, branch_id) values ('C77', 'Ernest Parker', 'Ernakulam', '33-(250)938--1271', 'B19');[A[A[38Pselect * from Employee where branch_id='B19';
[K
[K[A[Amysql> select * from Employee where branch_id='B19';mysql> select * from Customer where branch_id='B19';
+---------+-----------------+---------------+-------------------+-----------+
| cust_id | cust_name       | customer_city | cust_phone        | branch_id |
+---------+-----------------+---------------+-------------------+-----------+
| C35     | Denise Smith    | Cochin        | 81-(719)767-3054  | B19       |
| C36     | Brandon Harper  | Cochin        | 62-(997)846-0480  | B19       |
| C4      | Ann Williams    | Cochin        | 591-(754)545-2911 | B19       |
| C49     | Michelle Lynch  | Cochin        | 46-(870)264-2826  | B19       |
| C601    | Jane Hawkins    | Ernakulam     | 62-(348)906-4849  | B19       |
| C73     | Willie Perry    | Ernakulam     | 82-(325)354-8011  | B19       |
| C77     | Ernest Parker   | Ernakulam     | 33-(250)938-1271  | B19       |
| C90     | Sandra Lawrence | Cochin        | 66-(945)992-9241  | B19       |
| C96     | Amanda Crawford | Cochin        | 62-(669)140-0363  | B19       |
+---------+-----------------+---------------+-------------------+-----------+
9 rows in set (0.00 sec)

mysql> select * from Customer where branch_id='B19';mysql> insert into Customer (cust_id, cust_name, customer_city, cust_phone, branch_id) valuues ('C77', 'Ernest Parker', 'Ernakulam', '33-(250)938-1271', 'B19');[Amysql> [41Pdelete from Customer where cust_id='CB77';
[K[Amysql> delete from Customer where cust_id='CB77';mysql> use test;[Kmysql> ;[Kdelete from Customer where cust_id='insert into Customer (cust_id, cust_name, custommer_city, cust_phone, branch_id) values ('C77', 'Ernest Parker', 'Ernakulam', '33-(250)938--1271', 'B19');[A[A[38Pselect * from Employee where branch_id='B19';
[K
[K[A[Amysql> select * from Employee where branch_id='B19';
+--------+--------------------+-------------------+------------+-----------+
| emp_id | emp_name           | emp_phone         | emp_salary | branch_id |
+--------+--------------------+-------------------+------------+-----------+
| E16    | Clarence Fernandez | 47-(485)768-2551  |  498239.95 | B19       |
| E17    | Brandon Simmons    | 351-(441)730-4504 |  395290.44 | B19       |
| E40    | Charles Reid       | 30-(968)277-8775  |  215319.11 | B19       |
| E48    | Willie Sims        | 86-(148)584-1974  |  337823.41 | B19       |
| E66    | Fred Rogers        | 86-(821)589-1276  |  328605.23 | B19       |
| E7     | Lois Myers         | 62-(245)601-3784  |   48951.02 | B19       |
| E71    | Howard Rose        | 55-(466)346-1174  |  323047.25 | B19       |
| E72    | Willie Stewart     | 33-(526)530-3640  |  286188.48 | B19       |
| E791   | Paul Ford          | 963-(476)657-7681 |  169658.64 | B19       |
| E952   | Juan Hart          | 86-(495)823-9694  |  374521.50 | B19       |
+--------+--------------------+-------------------+------------+-----------+
10 rows in set (0.01 sec)

mysql> create table Service (
    -> cust_id VARCHAR(50),
    -> emp_id VARCHAR(50)
    ->     FOREIGN KEY (cust_id) references Customer(cust_id),
    ->     FOREIGN KEY (emp_id) references Employee(emp_id)
    -> );
ERROR 1064 (42000): You have an error in your SQL syntax; check the manual that corresponds to your MySQL server version for the right syntax to use near 'FOREIGN KEY (cust_id) references Customer(cust_id),
    FOREIGN KEY (emp_id) ref' at line 4
mysql> create table Service (
    -> cust_id VARCHAR(50),
    -> emp_id VARCHAR(50),
    ->     FOREIGN KEY (cust_id) references Customer(cust_id),
    ->     FOREIGN KEY (emp_id) references Employee(emp_id)
    -> );
Query OK, 0 rows affected (0.01 sec)

mysql> insert into Service (cust_id, emp_id) values ('C1001', 'E30');
Query OK, 1 row affected (0.01 sec)

mysql> insert into Service (cust_id, emp_id) values ('C1001', 'E11');
Query OK, 1 row affected (0.00 sec)

mysql> insert into Service (cust_id, emp_id) values ('C1001', 'E8');
Query OK, 1 row affected (0.00 sec)

mysql> insert into Service (cust_id, emp_id) values ('C1001', 'E59');
Query OK, 1 row affected (0.00 sec)

mysql> insert into Service (cust_id, emp_id) values ('C1001', 'E43');
Query OK, 1 row affected (0.00 sec)

mysql> insert into Service (cust_id, emp_id) values ('C36', 'E40');
Query OK, 1 row affected (0.00 sec)

mysql> insert into Service (cust_id, emp_id) values ('C73', 'E16');
Query OK, 1 row affected (0.00 sec)

mysql> insert into Service (cust_id, emp_id) values ('C96', 'E40');
Query OK, 1 row affected (0.00 sec)

mysql> insert into Service (cust_id, emp_id) values ('C36', 'E71');
Query OK, 1 row affected (0.00 sec)

mysql> insert into Service (cust_id, emp_id) values ('C96', 'E791');
Query OK, 1 row affected (0.00 sec)

mysql> insert into Service (cust_id, emp_id) values ('C601', 'E40');
Query OK, 1 row affected (0.00 sec)

mysql> insert into Service (cust_id, emp_id) values ('C36', 'E7');
Query OK, 1 row affected (0.00 sec)

mysql> insert into Service (cust_id, emp_id) values ('C49', 'E72');
Query OK, 1 row affected (0.01 sec)

mysql> insert into Service (cust_id, emp_id) values ('C77', 'E952');
Query OK, 1 row affected (0.00 sec)

mysql> insert into Service (cust_id, emp_id) values ('C4', 'E791');
Query OK, 1 row affected (0.00 sec)

mysql> insert into Service (cust_id, emp_id) values ('C77', 'E66');
Query OK, 1 row affected (0.00 sec)

mysql> show tables;
+----------------+
| Tables_in_test |
+----------------+
| Branch         |
| Customer       |
| Employee       |
| Service        |
+----------------+
4 rows in set (0.00 sec)

mysql> S select Emp   Serve ce.cus          from C             alter table             select * from   Employee where Ser   
Display all 768 possibilities? (y or n)
mysql> select * from Employee where 
    -> Service.cusid   t st            ;
ERROR 1064 (42000): You have an error in your SQL syntax; check the manual that corresponds to your MySQL server version for the right syntax to use near '' at line 1
mysql> select $+ +  I * from Employee where Service.cust                                  Service. .emp_id   where e     from Employee where Sr ervice.cust_d id='C1001';
ERROR 1054 (42S22): Unknown column 'Service.emp_id' in 'field list'
mysql> select Service.emp_id from Employee where Service.cust_id='C1001';[1P[1P[1P[1P[1P[1P[1P[1P[1P[1P[1P[1P[1P[1P[1@*
ERROR 1054 (42S22): Unknown column 'Service.cust_id' in 'where clause'
mysql> select * from Employee where Service.cust_id='C1001';_id='C1001';                                       Ser  ervice where cust_d id='C1001; ';
+---------+--------+
| cust_id | emp_id |
+---------+--------+
| C1001   | E30    |
| C1001   | E11    |
| C1001   | E8     |
| C1001   | E59    |
| C1001   | E43    |
+---------+--------+
5 rows in set (0.00 sec)

mysql> s select * from Service where cust_id='C1001';*[1P[1@S[1@e[1@r[1@i[1P[1@v[1@i[1@c[1@e[1@.[1@e[1@m[1@p[1@_[1@i[1@d
+--------+
| emp_id |
+--------+
| E30    |
| E11    |
| E8     |
| E59    |
| E43    |
+--------+
5 rows in set (0.00 sec)

mysql> select Service.emp_id from Service where cust_id='C1001';e[1P[1P[1P[1P[1P[1P[1P[1@E[1@m[1@p[5@loyee where [1@S[1@e[1@r[1@v[1@ic[1@c[1@e[1@.
ERROR 1054 (42S22): Unknown column 'Service.emp_id' in 'field list'
mysql> select * from Employee where Service.emp_id from Service where cust_id='C1001';
ERROR 1064 (42000): You have an error in your SQL syntax; check the manual that corresponds to your MySQL server version for the right syntax to use near 'from Service where cust_id='C1001'' at line 1
mysql> select * from Employee where emp_id in Service.emp_id from Service where cust_id='C 1001';
ERROR 1064 (42000): You have an error in your SQL syntax; check the manual that corresponds to your MySQL server version for the right syntax to use near 'Service.emp_id from Service where cust_id='C1001'' at line 1
mysql> select * from Employee where emp_id in ('E30','E11','E8','E59','E43');
+--------+----------------+-------------------+------------+-----------+
| emp_id | emp_name       | emp_phone         | emp_salary | branch_id |
+--------+----------------+-------------------+------------+-----------+
| E11    | Heather Banks  | 86-(617)139-5943  |  457356.29 | B48       |
| E30    | Sandra Kennedy | 977-(763)877-0691 |  434939.03 | B48       |
| E43    | Lori West      | 86-(973)560-0113  |   33640.31 | B48       |
| E59    | Janet Riley    | 62-(237)102-2731  |  102058.55 | B48       |
| E8     | Phillip Burns  | 62-(154)696-3245  |  341933.00 | B48       |
+--------+----------------+-------------------+------------+-----------+
5 rows in set (0.00 sec)

mysql> create view as    []S]e]r]v][1P]v]i]n]g] ]C]1]0]1][1P]0]1] ]C]u]s]o][1P]t]o]m]e]r] ][1P]] as                                       create view [Serving C1001 Customer] as select Service.emp_id from Service where cu st_id='C1001';
ERROR 1064 (42000): You have an error in your SQL syntax; check the manual that corresponds to your MySQL server version for the right syntax to use near '[Serving C1001 Customer] as select Service.emp_id from Service where cust_id='C1' at line 1
mysql> create view [Serving C1001 Customer] as
    -> select Service.emp_id from Service where cust_id='C1001';
ERROR 1064 (42000): You have an error in your SQL syntax; check the manual that corresponds to your MySQL server version for the right syntax to use near '[Serving C1001 Customer] as
select Service.emp_id from Service where cust_id='C1' at line 1
mysql> create view [Serving C1001 Customer] as select Service.emp_id from Service where cusst_id='C1001';[A[26Pselect Service.emp_id from Service where cust_id='C1001';
[K[Amysql> select Service.emp_id from Service where cust_id='C1001';mysql> create view [Serving C1001 Customer] as select Service.emp_id from Service where cusst_id='C1001';[Amysql> create view [Serving C1001 Customer] as select Service.emp_id from Service where c Scu[1@s[Asql> create view [Serving C1001 Customer] as select Service.emp_id from Service where Sec[1@u[1@r[1@v[1@ic[1@c[1@e[1@.
ERROR 1064 (42000): You have an error in your SQL syntax; check the manual that corresponds to your MySQL server version for the right syntax to use near '[Serving C1001 Customer] as select Service.emp_id from Service where Service.cus' at line 1
mysql> create view [Serving C1001 Customer] as
    -> select Service.emp_id from Service where Service.cust_id='C1001';
ERROR 1064 (42000): You have an error in your SQL syntax; check the manual that corresponds to your MySQL server version for the right syntax to use near '[Serving C1001 Customer] as
select Service.emp_id from Service where Service.cus' at line 1
mysql> select Service.emp_id from Service where cust_id='C1001';
+--------+
| emp_id |
+--------+
| E30    |
| E11    |
| E8     |
| E59    |
| E43    |
+--------+
5 rows in set (0.00 sec)

mysql> select Service.emp_id from Service where cust_id='C1001';mysql> create view [Serving C1001 Customer] as select Service.emp_id from Service where Serrvice.cust_id='C1001';[Amysql> [26Pselect Service.emp_id from Service where cust_id='C1001';
[K[Amysql> select Service.emp_id from Service where cust_id='C1001';mysql> create view [Serving C1001 Customer] as select Service.emp_id from Service where Serrvice.cust_id='C1001';[Amysql> [26Pselect Service.emp_id from Service where cust_id='C1001';
[K[Amysql> select Service.emp_id from Service where cust_id='C1001';mysql> [Kcre   CREATE VIEW AS    [SERVED 1001    C1001] AS select emp_id from Service where cust_id='C1001';
ERROR 1064 (42000): You have an error in your SQL syntax; check the manual that corresponds to your MySQL server version for the right syntax to use near '[SERVED C1001] AS select emp_id from Service where cust_id='C1001'' at line 1
mysql> create view [Serving C1001 Customer] as value from select Service.emp_id from Servi ce where cust_id='C1001';
ERROR 1064 (42000): You have an error in your SQL syntax; check the manual that corresponds to your MySQL server version for the right syntax to use near '[Serving C1001 Customer] as value from select Service.emp_id from Service where ' at line 1
mysql> select Service.emp_id from Employee where cust_id='C1001';
ERROR 1054 (42S22): Unknown column 'Service.emp_id' in 'field list'
mysql> select emp_id from Service where cust_id='C1001';
+--------+
| emp_id |
+--------+
| E30    |
| E11    |
| E8     |
| E59    |
| E43    |
+--------+
5 rows in set (0.01 sec)

mysql> select * from Employee where emp_id in (select emp_id from Service where cust_id='C 1001';);
ERROR 1064 (42000): You have an error in your SQL syntax; check the manual that corresponds to your MySQL server version for the right syntax to use near '' at line 1
ERROR 1064 (42000): You have an error in your SQL syntax; check the manual that corresponds to your MySQL server version for the right syntax to use near ')' at line 1
mysql> []  create view 'Dealt_C1001' as select emp_id from Service where cust_id='C1001';
ERROR 1064 (42000): You have an error in your SQL syntax; check the manual that corresponds to your MySQL server version for the right syntax to use near ''Dealt_C1001' as select emp_id from Service where cust_id='C1001'' at line 1
mysql> select * from Employee where emp_id in ('E30','E11','E8','E59','E43');
+--------+----------------+-------------------+------------+-----------+
| emp_id | emp_name       | emp_phone         | emp_salary | branch_id |
+--------+----------------+-------------------+------------+-----------+
| E11    | Heather Banks  | 86-(617)139-5943  |  457356.29 | B48       |
| E30    | Sandra Kennedy | 977-(763)877-0691 |  434939.03 | B48       |
| E43    | Lori West      | 86-(973)560-0113  |   33640.31 | B48       |
| E59    | Janet Riley    | 62-(237)102-2731  |  102058.55 | B48       |
| E8     | Phillip Burns  | 62-(154)696-3245  |  341933.00 | B48       |
+--------+----------------+-------------------+------------+-----------+
5 rows in set (0.00 sec)

mysql> create view 'Dealt_C1001' select * from Employee where emp_id in ('E30','E11','E8', 'E59','E43');
ERROR 1064 (42000): You have an error in your SQL syntax; check the manual that corresponds to your MySQL server version for the right syntax to use near ''Dealt_C1001' select * from Employee where emp_id in ('E30','E11','E8','E59','E4' at line 1
mysql> 
mysql> 
mysql> version
    -> ;
ERROR 1064 (42000): You have an error in your SQL syntax; check the manual that corresponds to your MySQL server version for the right syntax to use near 'version' at line 1
mysql> which sql;
ERROR 1064 (42000): You have an error in your SQL syntax; check the manual that corresponds to your MySQL server version for the right syntax to use near 'which sql' at line 1
mysql> select VERSION();
+-------------------------+
| VERSION()               |
+-------------------------+
| 5.5.54-0ubuntu0.14.04.1 |
+-------------------------+
1 row in set (0.00 sec)

mysql> create test.v as select emp_id from Service where cust_id='C1001';
ERROR 1064 (42000): You have an error in your SQL syntax; check the manual that corresponds to your MySQL server version for the right syntax to use near 'test.v as select emp_id from Service where cust_id='C1001'' at line 1
mysql> create view Dealt_C1001 select * from Employee where emp_id in ('E30','E11','E8','E 59','E43');
ERROR 1064 (42000): You have an error in your SQL syntax; check the manual that corresponds to your MySQL server version for the right syntax to use near 'select * from Employee where emp_id in ('E30','E11','E8','E59','E43')' at line 1
mysql> create view test.view    IntView       EmpViewC1001 as as select emp_id from Service where cust_id='C1001 ';
ERROR 1064 (42000): You have an error in your SQL syntax; check the manual that corresponds to your MySQL server version for the right syntax to use near 'as select emp_id from Service where cust_id='C1001'' at line 1
mysql> create view Employee.Raise as select emp_id from Service where cust_id='C1001';
ERROR 1049 (42000): Unknown database 'Employee'
mysql> create view Test.Raise as select emp_id from Service where cust_id='C1001';
ERROR 1049 (42000): Unknown database 'Test'
mysql> show databs ases;
+--------------------+
| Database           |
+--------------------+
| information_schema |
| mysql              |
| performance_schema |
| test               |
+--------------------+
4 rows in set (0.00 sec)

mysql> create view test.Raise as select emp_id from Service where cust_id='C1001';
Query OK, 0 rows affected (0.00 sec)

mysql> select * from r Raise;
+--------+
| emp_id |
+--------+
| E30    |
| E11    |
| E8     |
| E59    |
| E43    |
+--------+
5 rows in set (0.00 sec)

mysql> select * from Employee where emp_id in ('E30','E11','E8','E59','E43');
+--------+----------------+-------------------+------------+-----------+
| emp_id | emp_name       | emp_phone         | emp_salary | branch_id |
+--------+----------------+-------------------+------------+-----------+
| E11    | Heather Banks  | 86-(617)139-5943  |  457356.29 | B48       |
| E30    | Sandra Kennedy | 977-(763)877-0691 |  434939.03 | B48       |
| E43    | Lori West      | 86-(973)560-0113  |   33640.31 | B48       |
| E59    | Janet Riley    | 62-(237)102-2731  |  102058.55 | B48       |
| E8     | Phillip Burns  | 62-(154)696-3245  |  341933.00 | B48       |
+--------+----------------+-------------------+------------+-----------+
5 rows in set (0.00 sec)

mysql> sele    select * from Employee where emp_id in Raise;
ERROR 1064 (42000): You have an error in your SQL syntax; check the manual that corresponds to your MySQL server version for the right syntax to use near 'Raise' at line 1
mysql> select * from Employee where emp_id in Raise;.;e;m;p;_;i;d;
ERROR 1064 (42000): You have an error in your SQL syntax; check the manual that corresponds to your MySQL server version for the right syntax to use near 'Raise.emp_id' at line 1
mysql> select *          drop raise;
ERROR 1064 (42000): You have an error in your SQL syntax; check the manual that corresponds to your MySQL server version for the right syntax to use near 'raise' at line 1
mysql> drop view Raise;
Query OK, 0 rows affected (0.01 sec)

mysql> create view test.OldSal as select                                 create view test.Dealt_C1001 select * from Employee where emp_id in ('E30','E11','E 8','E59','E43');
ERROR 1064 (42000): You have an error in your SQL syntax; check the manual that corresponds to your MySQL server version for the right syntax to use near 'select * from Employee where emp_id in ('E30','E11','E8','E59','E43')' at line 1
mysql> create view test.Dealt_C1001 select * from Employee where emp_id in ('E30','E11','E88','E59','E43');[Amysql> [K
[K[Amysql> create view test.Dealt_C1001 select * from Employee where emp_id in ('E30','E11','E88','E59','E43');[Amysql> drop view Raise;[K
[K[Amysql> drop view Raise;[5Praise;mysql> [41@select * from Employee where emp_id in Raise.emp_id;;[K[25@('E30','E11','E8','E59','E43');mysql> select * from Raise;[Kmysql> [55@create view test.Raise as select emp_id from Service where cust_id='C1001';mysql> select * from Raise;[K
ERROR 1146 (42S02): Table 'test.Raise' doesn't exist
mysql> create view test.Dealt_C1001 as select * from Employee where emp_id in ('E30','E11' ,'E8','E59','E43');
Query OK, 0 rows affected (0.00 sec)

mysql> select s * from Dealt. _C1001;
+--------+----------------+-------------------+------------+-----------+
| emp_id | emp_name       | emp_phone         | emp_salary | branch_id |
+--------+----------------+-------------------+------------+-----------+
| E11    | Heather Banks  | 86-(617)139-5943  |  457356.29 | B48       |
| E30    | Sandra Kennedy | 977-(763)877-0691 |  434939.03 | B48       |
| E43    | Lori West      | 86-(973)560-0113  |   33640.31 | B48       |
| E59    | Janet Riley    | 62-(237)102-2731  |  102058.55 | B48       |
| E8     | Phillip Burns  | 62-(154)696-3245  |  341933.00 | B48       |
+--------+----------------+-------------------+------------+-----------+
5 rows in set (0.00 sec)

mysql> update Employee set emp_salary=emp_salary+(emp_salary*0.1) where emp_id in ('E30',' E11','E8','E59','E43');
Query OK, 5 rows affected, 4 warnings (0.02 sec)
Rows matched: 5  Changed: 5  Warnings: 4

mysql> select * from Employee where update Employee set emp_salary=emp_salary+(emp_salary* 0.1) where emp_id in ('E30','E11','E8','E59','E43');
ERROR 1064 (42000): You have an error in your SQL syntax; check the manual that corresponds to your MySQL server version for the right syntax to use near 'update Employee set emp_salary=emp_salary+(emp_salary*0.1) where emp_id in ('E30' at line 1
mysql> select * from Employee where emp_id in ('E30','E11','E8','E59','E43');
+--------+----------------+-------------------+------------+-----------+
| emp_id | emp_name       | emp_phone         | emp_salary | branch_id |
+--------+----------------+-------------------+------------+-----------+
| E11    | Heather Banks  | 86-(617)139-5943  |  503091.92 | B48       |
| E30    | Sandra Kennedy | 977-(763)877-0691 |  478432.93 | B48       |
| E43    | Lori West      | 86-(973)560-0113  |   37004.34 | B48       |
| E59    | Janet Riley    | 62-(237)102-2731  |  112264.41 | B48       |
| E8     | Phillip Burns  | 62-(154)696-3245  |  376126.30 | B48       |
+--------+----------------+-------------------+------------+-----------+
5 rows in set (0.00 sec)

mysql> selec  t bre  e rab nch_id from Branch where   branch_city  =" 'c Cochin';
+-----------+
| branch_id |
+-----------+
| B19       |
+-----------+
1 row in set (0.00 sec)

mysql> select br  E e
edit        ego         emp_id      emp_name    emp_phone   emp_salary  exit
mysql> select emp_name  , emp_phone where branch_id='select branch_id from Branch where bran ch_city='Cochin';                 [Amysql> select emp_name, emp_phone where branch_id='select branch_id from Branch where bran [K[Amysql> select emp_name, emp_phone where branch_id='select branch_id from Branch where bra[K
[K[Amysql> select emp_name, emp_phone where branch_id='select branch_id from Branch where bra                                       (select branch_id from Branch where bran ch_city='Cochin'; );
ERROR 1064 (42000): You have an error in your SQL syntax; check the manual that corresponds to your MySQL server version for the right syntax to use near 'where branch_id=(select branch_id from Branch where branch_city='Cochin')' at line 1
mysql> select emp_name, emp_phone where branch_id=(select branch_id from Branch where brancch_city='Cochin');[Amysql> [K
[K[Amysql> select emp_name, emp_phone where branch_id=(select branch_id from Branch where brancch_city='Cochin');[A[27Pbranch_id from Branch where branch_city='Cochin';
[K[Amysql> select branch_id from Branch where branch_city='Cochin';mysql> select emp_name, emp_phone where branch_id=(select branch_id from Branch where brancch_city='Cochin');[Amysql> [K
[K[Amysql> select emp_name, emp_phone where emp   branch_id =  ='Cochin';
ERROR 1064 (42000): You have an error in your SQL syntax; check the manual that corresponds to your MySQL server version for the right syntax to use near 'where branch_id='Cochin'' at line 1
mysql> select emp_name, emp_phone where branch_id='Cochin';[1P[1P[1@c[1@i[1@t[1@y
ERROR 1064 (42000): You have an error in your SQL syntax; check the manual that corresponds to your MySQL server version for the right syntax to use near 'where branch_city='Cochin'' at line 1
mysql> select emp_name, emp_phone where branch_city='Cochin'; [1@B[1@r[1@a[1@n[1@c[1@h[1@.
ERROR 1064 (42000): You have an error in your SQL syntax; check the manual that corresponds to your MySQL server version for the right syntax to use near 'where Branch.branch_city='Cochin'' at line 1
mysql> select emp_name, emp_phone where Branch.branch_city='Cochin'; [1@T[1@e[1@s[1@t[1@.[1P[1P[1P[1P[1P[1@t[1@e[1@s[1@t[1@.
ERROR 1064 (42000): You have an error in your SQL syntax; check the manual that corresponds to your MySQL server version for the right syntax to use near 'where test.Branch.branch_city='Cochin'' at line 1
mysql> select emp_name, emp_phone where test.Branch.branch_city='Cochin';[5PBranch.branch_city='Cochin';[7Pbranch_city='Cochin';hin[2Pid='Cochin';(select branch_id from Branch where brancch_city='Cochin');[A[27Pbranch_id from Branch where branch_city='Cochin';
[K[Amysql> select branch_id from Branch where branch_city='Cochin';
+-----------+
| branch_id |
+-----------+
| B19       |
+-----------+
1 row in set (0.00 sec)

mysql> select branch_id from Branch where branch_city='Cochin';mysql> select [10@emp_name, emp_phone where test.Branch.branch_city='Cochin';[5PBranch.branch_city='Cochin';[7Pbranch_city='Cochin';[1P[1P[1P[1P[1@i[1@d='Cochin[1@\[1@\[1P[1P[1P[1P[1P[1P[1P[1P[1@B[1@1[1@9
ERROR 1064 (42000): You have an error in your SQL syntax; check the manual that corresponds to your MySQL server version for the right syntax to use near 'where branch_id='B19'' at line 1
mysql> select emp_name, emp_phone where branch_id='B19'; [1@ [1@f[1@r[1@o[1@m [1@ [1@E[1@m[6@ployee
+--------------------+-------------------+
| emp_name           | emp_phone         |
+--------------------+-------------------+
| Clarence Fernandez | 47-(485)768-2551  |
| Brandon Simmons    | 351-(441)730-4504 |
| Charles Reid       | 30-(968)277-8775  |
| Willie Sims        | 86-(148)584-1974  |
| Fred Rogers        | 86-(821)589-1276  |
| Lois Myers         | 62-(245)601-3784  |
| Howard Rose        | 55-(466)346-1174  |
| Willie Stewart     | 33-(526)530-3640  |
| Paul Ford          | 963-(476)657-7681 |
| Juan Hart          | 86-(495)823-9694  |
+--------------------+-------------------+
10 rows in set (0.00 sec)

mysql> select Employee.emp_name,Employee.emp_phone from Employee INNER JOIN Branch.branch_ id=Employee.branch_id
    -> order by Employee.emp_name;
ERROR 1064 (42000): You have an error in your SQL syntax; check the manual that corresponds to your MySQL server version for the right syntax to use near '.branch_id
order by Employee.emp_name' at line 1
mysql> select emp_name,emp_phone from Employee INNER JOIN Branch.branch_id=Employee.branch _id
    -> order by Employee.emp_name;
ERROR 1064 (42000): You have an error in your SQL syntax; check the manual that corresponds to your MySQL server version for the right syntax to use near '.branch_id
order by Employee.emp_name' at line 1
mysql> select emp_name,emp_phone from Employee INNER JOIN branch_id=branch_id
    -> order by Employee.emp_name;
ERROR 1146 (42S02): Table 'test.branch_id' doesn't exist
mysql> select emp_name,emp_phone from Employee INNER JOIN test.Employee.branch_id=test.Bra nch.branch_id
    -> order by Employee.emp_name;
ERROR 1064 (42000): You have an error in your SQL syntax; check the manual that corresponds to your MySQL server version for the right syntax to use near '.branch_id=test.Branch.branch_id
order by Employee.emp_name' at line 1
mysql> select emp_name, emp_phone from Employee where branch_id=(select branch_id from Bra nch where branch_city='Cochin');
+--------------------+-------------------+
| emp_name           | emp_phone         |
+--------------------+-------------------+
| Clarence Fernandez | 47-(485)768-2551  |
| Brandon Simmons    | 351-(441)730-4504 |
| Charles Reid       | 30-(968)277-8775  |
| Willie Sims        | 86-(148)584-1974  |
| Fred Rogers        | 86-(821)589-1276  |
| Lois Myers         | 62-(245)601-3784  |
| Howard Rose        | 55-(466)346-1174  |
| Willie Stewart     | 33-(526)530-3640  |
| Paul Ford          | 963-(476)657-7681 |
| Juan Hart          | 86-(495)823-9694  |
+--------------------+-------------------+
10 rows in set (0.00 sec)

mysql> select * from Employee where emp_id in ('E30','E11','E8','E59','E43');
+--------+----------------+-------------------+------------+-----------+
| emp_id | emp_name       | emp_phone         | emp_salary | branch_id |
+--------+----------------+-------------------+------------+-----------+
| E11    | Heather Banks  | 86-(617)139-5943  |  503091.92 | B48       |
| E30    | Sandra Kennedy | 977-(763)877-0691 |  478432.93 | B48       |
| E43    | Lori West      | 86-(973)560-0113  |   37004.34 | B48       |
| E59    | Janet Riley    | 62-(237)102-2731  |  112264.41 | B48       |
| E8     | Phillip Burns  | 62-(154)696-3245  |  376126.30 | B48       |
+--------+----------------+-------------------+------------+-----------+
5 rows in set (0.00 sec)

mysql> select * from Employee where emp_id in (select emp_id from Service where cust_id='C 1001');
+--------+----------------+-------------------+------------+-----------+
| emp_id | emp_name       | emp_phone         | emp_salary | branch_id |
+--------+----------------+-------------------+------------+-----------+
| E11    | Heather Banks  | 86-(617)139-5943  |  503091.92 | B48       |
| E30    | Sandra Kennedy | 977-(763)877-0691 |  478432.93 | B48       |
| E43    | Lori West      | 86-(973)560-0113  |   37004.34 | B48       |
| E59    | Janet Riley    | 62-(237)102-2731  |  112264.41 | B48       |
| E8     | Phillip Burns  | 62-(154)696-3245  |  376126.30 | B48       |
+--------+----------------+-------------------+------------+-----------+
5 rows in set (0.00 sec)

mysql> select * from Employee where emp_id in (select emp_id from Service where cust_id='C 1001'));
ERROR 1064 (42000): You have an error in your SQL syntax; check the manual that corresponds to your MySQL server version for the right syntax to use near ')' at line 1
mysql> select * from Employee where emp_id in ('E30','E11','E8','E59','E43');
+--------+----------------+-------------------+------------+-----------+
| emp_id | emp_name       | emp_phone         | emp_salary | branch_id |
+--------+----------------+-------------------+------------+-----------+
| E11    | Heather Banks  | 86-(617)139-5943  |  503091.92 | B48       |
| E30    | Sandra Kennedy | 977-(763)877-0691 |  478432.93 | B48       |
| E43    | Lori West      | 86-(973)560-0113  |   37004.34 | B48       |
| E59    | Janet Riley    | 62-(237)102-2731  |  112264.41 | B48       |
| E8     | Phillip Burns  | 62-(154)696-3245  |  376126.30 | B48       |
+--------+----------------+-------------------+------------+-----------+
5 rows in set (0.00 sec)

mysql> select emp_id from Service where cust_id='C1001'
    -> ;
+--------+
| emp_id |
+--------+
| E30    |
| E11    |
| E8     |
| E59    |
| E43    |
+--------+
5 rows in set (0.00 sec)

mysql> select * from Employee where emp_id in (select emp_id from Service where cust_id='C 1001');
+--------+----------------+-------------------+------------+-----------+
| emp_id | emp_name       | emp_phone         | emp_salary | branch_id |
+--------+----------------+-------------------+------------+-----------+
| E11    | Heather Banks  | 86-(617)139-5943  |  503091.92 | B48       |
| E30    | Sandra Kennedy | 977-(763)877-0691 |  478432.93 | B48       |
| E43    | Lori West      | 86-(973)560-0113  |   37004.34 | B48       |
| E59    | Janet Riley    | 62-(237)102-2731  |  112264.41 | B48       |
| E8     | Phillip Burns  | 62-(154)696-3245  |  376126.30 | B48       |
+--------+----------------+-------------------+------------+-----------+
5 rows in set (0.00 sec)

mysql> update Employee set emp_salary=emp_salary+(emp_salary*0.1) where emp_id in (select  emp_id from Service where cust_id='C1001');
Query OK, 5 rows affected, 4 warnings (0.01 sec)
Rows matched: 5  Changed: 5  Warnings: 4

mysql> select * from Employee where emp_id in (select emp_id from Service where cust_id='C 1001');
+--------+----------------+-------------------+------------+-----------+
| emp_id | emp_name       | emp_phone         | emp_salary | branch_id |
+--------+----------------+-------------------+------------+-----------+
| E11    | Heather Banks  | 86-(617)139-5943  |  553401.11 | B48       |
| E30    | Sandra Kennedy | 977-(763)877-0691 |  526276.22 | B48       |
| E43    | Lori West      | 86-(973)560-0113  |   40704.77 | B48       |
| E59    | Janet Riley    | 62-(237)102-2731  |  123490.85 | B48       |
| E8     | Phillip Burns  | 62-(154)696-3245  |  413738.93 | B48       |
+--------+----------------+-------------------+------------+-----------+
5 rows in set (0.00 sec)

mysql> update Employee set emp_salary=emp_salary-(emp_salary*0.1) where emp_id in (select  emp_id from Service where cust_id='C1001');
Query OK, 5 rows affected, 5 warnings (0.01 sec)
Rows matched: 5  Changed: 5  Warnings: 5

mysql> update Employee set emp_salary=emp_salary-(emp_salary*0.1) where emp_id in (select  emp_id from Service where cust_id='C1001');
Query OK, 5 rows affected, 3 warnings (0.00 sec)
Rows matched: 5  Changed: 5  Warnings: 3

mysql> update Employee set emp_salary=emp_salary-(emp_salary*0.1) where emp_id in (select eemp_id from Service where cust_id='C1001');[Amysql> select * from Employee where emp_id in (select emp_id from Service where cust_id='C1001');[K
+--------+----------------+-------------------+------------+-----------+
| emp_id | emp_name       | emp_phone         | emp_salary | branch_id |
+--------+----------------+-------------------+------------+-----------+
| E11    | Heather Banks  | 86-(617)139-5943  |  448254.90 | B48       |
| E30    | Sandra Kennedy | 977-(763)877-0691 |  426283.74 | B48       |
| E43    | Lori West      | 86-(973)560-0113  |   32970.86 | B48       |
| E59    | Janet Riley    | 62-(237)102-2731  |  100027.59 | B48       |
| E8     | Phillip Burns  | 62-(154)696-3245  |  335128.54 | B48       |
+--------+----------------+-------------------+------------+-----------+
5 rows in set (0.00 sec)

mysql> select * cust_name , cust
cust_id        cust_name      cust_phone     customer_city  
mysql> select cust_name , cust_phone wbere    je  here cjs  ust
cust_id        cust_name      cust_phone     customer_city  
mysql> select cust_name , cust_phone where customer_city  =''C'o'c'h'i'n'';
ERROR 1064 (42000): You have an error in your SQL syntax; check the manual that corresponds to your MySQL server version for the right syntax to use near 'where customer_city='Cochin'' at line 1
mysql> select cust_name , cust_phone where customer_city='Cochin'; [1@ [1@f[1@r[1@o[1@m [1@ [1@C[1@u[1@s[5@tomer
+-----------------+-------------------+
| cust_name       | cust_phone        |
+-----------------+-------------------+
| Denise Smith    | 81-(719)767-3054  |
| Brandon Harper  | 62-(997)846-0480  |
| Ann Williams    | 591-(754)545-2911 |
| Michelle Lynch  | 46-(870)264-2826  |
| Sandra Lawrence | 66-(945)992-9241  |
| Amanda Crawford | 62-(669)140-0363  |
+-----------------+-------------------+
6 rows in set (0.00 sec)

mysql> select cust_name , cust_phone from Customer where branch_id=(select branch_id from  Branch where branch_city='Cochin');
+-----------------+-------------------+
| cust_name       | cust_phone        |
+-----------------+-------------------+
| Denise Smith    | 81-(719)767-3054  |
| Brandon Harper  | 62-(997)846-0480  |
| Ann Williams    | 591-(754)545-2911 |
| Michelle Lynch  | 46-(870)264-2826  |
| Jane Hawkins    | 62-(348)906-4849  |
| Willie Perry    | 82-(325)354-8011  |
| Ernest Parker   | 33-(250)938-1271  |
| Sandra Lawrence | 66-(945)992-9241  |
| Amanda Crawford | 62-(669)140-0363  |
+-----------------+-------------------+
9 rows in set (0.01 sec)

mysql> select        select * from (select cust_name , cust_phone from Customer where branch_id=(select  branch_id from Branch where branch_city='Cochin')) on (select cust_name , cust_phone from  Customer where customer_city='Cochin');
ERROR 1248 (42000): Every derived table must have its own alias
mysql> select * from (select cust_name , cust_phone from Customer where branch_id=(select  branch_id from Branch where branch_city='Cochin')) as CustBranchCochin on (select cust_nam e , cust_phone from Customer where customer_city='Cochin') as CustLiveCochin;
ERROR 1064 (42000): You have an error in your SQL syntax; check the manual that corresponds to your MySQL server version for the right syntax to use near 'on (select cust_name , cust_phone from Customer where customer_city='Cochin') as' at line 1
mysql> select cust_name,cust_phone
    -> from Branch as t1 INNER JOIN Customer as t2 on (select cust_name , cust_phone from  Customer where customer_city='Cochin') = select cust_name , cust_phone from Customer where  branch_id=(select branch_id from Branch where branch_city='Cochin');
ERROR 1064 (42000): You have an error in your SQL syntax; check the manual that corresponds to your MySQL server version for the right syntax to use near 'select cust_name , cust_phone from Customer where branch_id=(select branch_id fr' at line 2
mysql> select *
    -> from Branch as t1 INNER JOIN Customer as t2 on (select cust_name , cust_phone from  Customer where customer_city='Cochin') = select cust_name,cust_phone from Customer where b ranch_id=(select branch_id from Branch where branch_city='Cochin');
ERROR 1064 (42000): You have an error in your SQL syntax; check the manual that corresponds to your MySQL server version for the right syntax to use near 'select cust_name,cust_phone from Customer where branch_id=(select branch_id from' at line 2
mysql> select * from Customer left join Branch using(Customer.branch_id,Branch.branch_id); [Amysql> select * from Customer left join Branch using(Customer.branch_id,Branch.branch_id)[K;
ERROR 1064 (42000): You have an error in your SQL syntax; check the manual that corresponds to your MySQL server version for the right syntax to use near '.branch_id,Branch.branch_id)' at line 1
mysql> select * from Customer left join Branch using(branch_id,branch_id);
+-----------+---------+------------------+---------------+-------------------+-------------+
| branch_id | cust_id | cust_name        | customer_city | cust_phone        | branch_city |
+-----------+---------+------------------+---------------+-------------------+-------------+
| B48       | C1001   | Jose Russell     | Zongluzui     | 1-(929)791-3183   | Zongluzui   |
| B94       | C28     | Jacqueline Banks | Bayart Huxu   | 86-(444)169-9769  | Bayart Huxu |
| B19       | C35     | Denise Smith     | Cochin        | 81-(719)767-3054  | Cochin      |
| B19       | C36     | Brandon Harper   | Cochin        | 62-(997)846-0480  | Cochin      |
| B48       | C39     | Clarence Wheeler | Zongluzui     | 375-(809)935-2362 | Zongluzui   |
| B19       | C4      | Ann Williams     | Cochin        | 591-(754)545-2911 | Cochin      |
| B48       | C46     | Samuel Webb      | Zongluzui     | 98-(307)574-5626  | Zongluzui   |
| B19       | C49     | Michelle Lynch   | Cochin        | 46-(870)264-2826  | Cochin      |
| B77       | C5      | Gary Ellis       | Visaginas     | 62-(854)550-6020  | Visaginas   |
| B77       | C50     | Keith Williamson | Visaginas     | 55-(327)534-8730  | Visaginas   |
| B94       | C55     | Jerry Thomas     | Bayart Huxu   | 63-(258)799-6576  | Bayart Huxu |
| B77       | C58     | Linda Powell     | Visaginas     | 33-(484)600-0252  | Visaginas   |
| B48       | C60     | Anthony Perkins  | Zongluzui     | 251-(267)541-9832 | Zongluzui   |
| B19       | C601    | Jane Hawkins     | Ernakulam     | 62-(348)906-4849  | Cochin      |
| B94       | C62     | Phyllis Fields   | Bayart Huxu   | 63-(151)368-2467  | Bayart Huxu |
| B94       | C69     | Andrea Burns     | Bayart Huxu   | 62-(779)237-0320  | Bayart Huxu |
| B77       | C70     | Nicholas Fox     | Visaginas     | 55-(946)617-3267  | Visaginas   |
| B19       | C73     | Willie Perry     | Ernakulam     | 82-(325)354-8011  | Cochin      |
| B77       | C76     | Ruth Lewis       | Visaginas     | 353-(557)346-9159 | Visaginas   |
| B19       | C77     | Ernest Parker    | Ernakulam     | 33-(250)938-1271  | Cochin      |
| B77       | C78     | Stephen Burton   | Visaginas     | 62-(542)495-9051  | Visaginas   |
| B94       | C781    | Lawrence George  | Bayart Huxu   | 237-(780)837-5688 | Bayart Huxu |
| B94       | C8      | Paul Riley       | Bayart Huxu   | 84-(549)962-5545  | Bayart Huxu |
| B48       | C80     | Lori Peterson    | Zongluzui     | 33-(849)655-9007  | Zongluzui   |
| B48       | C86     | Julie Black      | Zongluzui     | 53-(775)359-0551  | Zongluzui   |
| B48       | C87     | Douglas Rogers   | Zongluzui     | 86-(616)572-1495  | Zongluzui   |
| B77       | C9      | Theresa Fuller   | Visaginas     | 39-(237)791-7365  | Visaginas   |
| B19       | C90     | Sandra Lawrence  | Cochin        | 66-(945)992-9241  | Cochin      |
| B19       | C96     | Amanda Crawford  | Cochin        | 62-(669)140-0363  | Cochin      |
| B94       | C97     | Eric Stanley     | Bayart Huxu   | 55-(571)144-3237  | Bayart Huxu |
+-----------+---------+------------------+---------------+-------------------+-------------+
30 rows in set (0.00 sec)

mysql> select * from Customer left join Branch using(branch_id);
+-----------+---------+------------------+---------------+-------------------+-------------+
| branch_id | cust_id | cust_name        | customer_city | cust_phone        | branch_city |
+-----------+---------+------------------+---------------+-------------------+-------------+
| B48       | C1001   | Jose Russell     | Zongluzui     | 1-(929)791-3183   | Zongluzui   |
| B94       | C28     | Jacqueline Banks | Bayart Huxu   | 86-(444)169-9769  | Bayart Huxu |
| B19       | C35     | Denise Smith     | Cochin        | 81-(719)767-3054  | Cochin      |
| B19       | C36     | Brandon Harper   | Cochin        | 62-(997)846-0480  | Cochin      |
| B48       | C39     | Clarence Wheeler | Zongluzui     | 375-(809)935-2362 | Zongluzui   |
| B19       | C4      | Ann Williams     | Cochin        | 591-(754)545-2911 | Cochin      |
| B48       | C46     | Samuel Webb      | Zongluzui     | 98-(307)574-5626  | Zongluzui   |
| B19       | C49     | Michelle Lynch   | Cochin        | 46-(870)264-2826  | Cochin      |
| B77       | C5      | Gary Ellis       | Visaginas     | 62-(854)550-6020  | Visaginas   |
| B77       | C50     | Keith Williamson | Visaginas     | 55-(327)534-8730  | Visaginas   |
| B94       | C55     | Jerry Thomas     | Bayart Huxu   | 63-(258)799-6576  | Bayart Huxu |
| B77       | C58     | Linda Powell     | Visaginas     | 33-(484)600-0252  | Visaginas   |
| B48       | C60     | Anthony Perkins  | Zongluzui     | 251-(267)541-9832 | Zongluzui   |
| B19       | C601    | Jane Hawkins     | Ernakulam     | 62-(348)906-4849  | Cochin      |
| B94       | C62     | Phyllis Fields   | Bayart Huxu   | 63-(151)368-2467  | Bayart Huxu |
| B94       | C69     | Andrea Burns     | Bayart Huxu   | 62-(779)237-0320  | Bayart Huxu |
| B77       | C70     | Nicholas Fox     | Visaginas     | 55-(946)617-3267  | Visaginas   |
| B19       | C73     | Willie Perry     | Ernakulam     | 82-(325)354-8011  | Cochin      |
| B77       | C76     | Ruth Lewis       | Visaginas     | 353-(557)346-9159 | Visaginas   |
| B19       | C77     | Ernest Parker    | Ernakulam     | 33-(250)938-1271  | Cochin      |
| B77       | C78     | Stephen Burton   | Visaginas     | 62-(542)495-9051  | Visaginas   |
| B94       | C781    | Lawrence George  | Bayart Huxu   | 237-(780)837-5688 | Bayart Huxu |
| B94       | C8      | Paul Riley       | Bayart Huxu   | 84-(549)962-5545  | Bayart Huxu |
| B48       | C80     | Lori Peterson    | Zongluzui     | 33-(849)655-9007  | Zongluzui   |
| B48       | C86     | Julie Black      | Zongluzui     | 53-(775)359-0551  | Zongluzui   |
| B48       | C87     | Douglas Rogers   | Zongluzui     | 86-(616)572-1495  | Zongluzui   |
| B77       | C9      | Theresa Fuller   | Visaginas     | 39-(237)791-7365  | Visaginas   |
| B19       | C90     | Sandra Lawrence  | Cochin        | 66-(945)992-9241  | Cochin      |
| B19       | C96     | Amanda Crawford  | Cochin        | 62-(669)140-0363  | Cochin      |
| B94       | C97     | Eric Stanley     | Bayart Huxu   | 55-(571)144-3237  | Bayart Huxu |
+-----------+---------+------------------+---------------+-------------------+-------------+
30 rows in set (0.00 sec)

mysql> select * from Customer left join Branch using(branch_id=(select branch_id from Bran ch where branch_city='Cochin'));
ERROR 1064 (42000): You have an error in your SQL syntax; check the manual that corresponds to your MySQL server version for the right syntax to use near '=(select branch_id from Branch where branch_city='Cochin'))' at line 1
mysql> select * from Customer left join Branch using(select * from Customer left join Bran ch using(branch_id=(select branch_id from Branch where branch_city='Cochin')););select * f rom Customer left join Branch using(select * from Customer left join Branch using(branch_i d=(select branch_id from Branch where branch_city='Cochin')));
ERROR 1064 (42000): You have an error in your SQL syntax; check the manual that corresponds to your MySQL server version for the right syntax to use near 'select * from Customer left join Branch using(branch_id=(select branch_id from B' at line 1
ERROR 1064 (42000): You have an error in your SQL syntax; check the manual that corresponds to your MySQL server version for the right syntax to use near ')' at line 1
ERROR 1064 (42000): You have an error in your SQL syntax; check the manual that corresponds to your MySQL server version for the right syntax to use near 'select * from Customer left join Branch using(branch_id=(select branch_id from B' at line 1
mysql> select * from Customer left join Branch using(select * from Customer left join Bran ch using(branch_id=(select branch_id from Branch where branch_city='Cochin')));
ERROR 1064 (42000): You have an error in your SQL syntax; check the manual that corresponds to your MySQL server version for the right syntax to use near 'select * from Customer left join Branch using(branch_id=(select branch_id from B' at line 1
mysql> select * from Customer left join Branch using(branch_id);
+-----------+---------+------------------+---------------+-------------------+-------------+
| branch_id | cust_id | cust_name        | customer_city | cust_phone        | branch_city |
+-----------+---------+------------------+---------------+-------------------+-------------+
| B48       | C1001   | Jose Russell     | Zongluzui     | 1-(929)791-3183   | Zongluzui   |
| B94       | C28     | Jacqueline Banks | Bayart Huxu   | 86-(444)169-9769  | Bayart Huxu |
| B19       | C35     | Denise Smith     | Cochin        | 81-(719)767-3054  | Cochin      |
| B19       | C36     | Brandon Harper   | Cochin        | 62-(997)846-0480  | Cochin      |
| B48       | C39     | Clarence Wheeler | Zongluzui     | 375-(809)935-2362 | Zongluzui   |
| B19       | C4      | Ann Williams     | Cochin        | 591-(754)545-2911 | Cochin      |
| B48       | C46     | Samuel Webb      | Zongluzui     | 98-(307)574-5626  | Zongluzui   |
| B19       | C49     | Michelle Lynch   | Cochin        | 46-(870)264-2826  | Cochin      |
| B77       | C5      | Gary Ellis       | Visaginas     | 62-(854)550-6020  | Visaginas   |
| B77       | C50     | Keith Williamson | Visaginas     | 55-(327)534-8730  | Visaginas   |
| B94       | C55     | Jerry Thomas     | Bayart Huxu   | 63-(258)799-6576  | Bayart Huxu |
| B77       | C58     | Linda Powell     | Visaginas     | 33-(484)600-0252  | Visaginas   |
| B48       | C60     | Anthony Perkins  | Zongluzui     | 251-(267)541-9832 | Zongluzui   |
| B19       | C601    | Jane Hawkins     | Ernakulam     | 62-(348)906-4849  | Cochin      |
| B94       | C62     | Phyllis Fields   | Bayart Huxu   | 63-(151)368-2467  | Bayart Huxu |
| B94       | C69     | Andrea Burns     | Bayart Huxu   | 62-(779)237-0320  | Bayart Huxu |
| B77       | C70     | Nicholas Fox     | Visaginas     | 55-(946)617-3267  | Visaginas   |
| B19       | C73     | Willie Perry     | Ernakulam     | 82-(325)354-8011  | Cochin      |
| B77       | C76     | Ruth Lewis       | Visaginas     | 353-(557)346-9159 | Visaginas   |
| B19       | C77     | Ernest Parker    | Ernakulam     | 33-(250)938-1271  | Cochin      |
| B77       | C78     | Stephen Burton   | Visaginas     | 62-(542)495-9051  | Visaginas   |
| B94       | C781    | Lawrence George  | Bayart Huxu   | 237-(780)837-5688 | Bayart Huxu |
| B94       | C8      | Paul Riley       | Bayart Huxu   | 84-(549)962-5545  | Bayart Huxu |
| B48       | C80     | Lori Peterson    | Zongluzui     | 33-(849)655-9007  | Zongluzui   |
| B48       | C86     | Julie Black      | Zongluzui     | 53-(775)359-0551  | Zongluzui   |
| B48       | C87     | Douglas Rogers   | Zongluzui     | 86-(616)572-1495  | Zongluzui   |
| B77       | C9      | Theresa Fuller   | Visaginas     | 39-(237)791-7365  | Visaginas   |
| B19       | C90     | Sandra Lawrence  | Cochin        | 66-(945)992-9241  | Cochin      |
| B19       | C96     | Amanda Crawford  | Cochin        | 62-(669)140-0363  | Cochin      |
| B94       | C97     | Eric Stanley     | Bayart Huxu   | 55-(571)144-3237  | Bayart Huxu |
+-----------+---------+------------------+---------------+-------------------+-------------+
30 rows in set (0.00 sec)

mysql> seel  lect * from cu  Customer;
+---------+------------------+---------------+-------------------+-----------+
| cust_id | cust_name        | customer_city | cust_phone        | branch_id |
+---------+------------------+---------------+-------------------+-----------+
| C1001   | Jose Russell     | Zongluzui     | 1-(929)791-3183   | B48       |
| C28     | Jacqueline Banks | Bayart Huxu   | 86-(444)169-9769  | B94       |
| C35     | Denise Smith     | Cochin        | 81-(719)767-3054  | B19       |
| C36     | Brandon Harper   | Cochin        | 62-(997)846-0480  | B19       |
| C39     | Clarence Wheeler | Zongluzui     | 375-(809)935-2362 | B48       |
| C4      | Ann Williams     | Cochin        | 591-(754)545-2911 | B19       |
| C46     | Samuel Webb      | Zongluzui     | 98-(307)574-5626  | B48       |
| C49     | Michelle Lynch   | Cochin        | 46-(870)264-2826  | B19       |
| C5      | Gary Ellis       | Visaginas     | 62-(854)550-6020  | B77       |
| C50     | Keith Williamson | Visaginas     | 55-(327)534-8730  | B77       |
| C55     | Jerry Thomas     | Bayart Huxu   | 63-(258)799-6576  | B94       |
| C58     | Linda Powell     | Visaginas     | 33-(484)600-0252  | B77       |
| C60     | Anthony Perkins  | Zongluzui     | 251-(267)541-9832 | B48       |
| C601    | Jane Hawkins     | Ernakulam     | 62-(348)906-4849  | B19       |
| C62     | Phyllis Fields   | Bayart Huxu   | 63-(151)368-2467  | B94       |
| C69     | Andrea Burns     | Bayart Huxu   | 62-(779)237-0320  | B94       |
| C70     | Nicholas Fox     | Visaginas     | 55-(946)617-3267  | B77       |
| C73     | Willie Perry     | Ernakulam     | 82-(325)354-8011  | B19       |
| C76     | Ruth Lewis       | Visaginas     | 353-(557)346-9159 | B77       |
| C77     | Ernest Parker    | Ernakulam     | 33-(250)938-1271  | B19       |
| C78     | Stephen Burton   | Visaginas     | 62-(542)495-9051  | B77       |
| C781    | Lawrence George  | Bayart Huxu   | 237-(780)837-5688 | B94       |
| C8      | Paul Riley       | Bayart Huxu   | 84-(549)962-5545  | B94       |
| C80     | Lori Peterson    | Zongluzui     | 33-(849)655-9007  | B48       |
| C86     | Julie Black      | Zongluzui     | 53-(775)359-0551  | B48       |
| C87     | Douglas Rogers   | Zongluzui     | 86-(616)572-1495  | B48       |
| C9      | Theresa Fuller   | Visaginas     | 39-(237)791-7365  | B77       |
| C90     | Sandra Lawrence  | Cochin        | 66-(945)992-9241  | B19       |
| C96     | Amanda Crawford  | Cochin        | 62-(669)140-0363  | B19       |
| C97     | Eric Stanley     | Bayart Huxu   | 55-(571)144-3237  | B94       |
+---------+------------------+---------------+-------------------+-----------+
30 rows in set (0.00 sec)

mysql> select * from Branch left join Customer using(branch_id);
+-----------+-------------+---------+------------------+---------------+-------------------+
| branch_id | branch_city | cust_id | cust_name        | customer_city | cust_phone        |
+-----------+-------------+---------+------------------+---------------+-------------------+
| B19       | Cochin      | C35     | Denise Smith     | Cochin        | 81-(719)767-3054  |
| B19       | Cochin      | C36     | Brandon Harper   | Cochin        | 62-(997)846-0480  |
| B19       | Cochin      | C4      | Ann Williams     | Cochin        | 591-(754)545-2911 |
| B19       | Cochin      | C49     | Michelle Lynch   | Cochin        | 46-(870)264-2826  |
| B19       | Cochin      | C601    | Jane Hawkins     | Ernakulam     | 62-(348)906-4849  |
| B19       | Cochin      | C73     | Willie Perry     | Ernakulam     | 82-(325)354-8011  |
| B19       | Cochin      | C77     | Ernest Parker    | Ernakulam     | 33-(250)938-1271  |
| B19       | Cochin      | C90     | Sandra Lawrence  | Cochin        | 66-(945)992-9241  |
| B19       | Cochin      | C96     | Amanda Crawford  | Cochin        | 62-(669)140-0363  |
| B48       | Zongluzui   | C1001   | Jose Russell     | Zongluzui     | 1-(929)791-3183   |
| B48       | Zongluzui   | C39     | Clarence Wheeler | Zongluzui     | 375-(809)935-2362 |
| B48       | Zongluzui   | C46     | Samuel Webb      | Zongluzui     | 98-(307)574-5626  |
| B48       | Zongluzui   | C60     | Anthony Perkins  | Zongluzui     | 251-(267)541-9832 |
| B48       | Zongluzui   | C80     | Lori Peterson    | Zongluzui     | 33-(849)655-9007  |
| B48       | Zongluzui   | C86     | Julie Black      | Zongluzui     | 53-(775)359-0551  |
| B48       | Zongluzui   | C87     | Douglas Rogers   | Zongluzui     | 86-(616)572-1495  |
| B77       | Visaginas   | C5      | Gary Ellis       | Visaginas     | 62-(854)550-6020  |
| B77       | Visaginas   | C50     | Keith Williamson | Visaginas     | 55-(327)534-8730  |
| B77       | Visaginas   | C58     | Linda Powell     | Visaginas     | 33-(484)600-0252  |
| B77       | Visaginas   | C70     | Nicholas Fox     | Visaginas     | 55-(946)617-3267  |
| B77       | Visaginas   | C76     | Ruth Lewis       | Visaginas     | 353-(557)346-9159 |
| B77       | Visaginas   | C78     | Stephen Burton   | Visaginas     | 62-(542)495-9051  |
| B77       | Visaginas   | C9      | Theresa Fuller   | Visaginas     | 39-(237)791-7365  |
| B94       | Bayart Huxu | C28     | Jacqueline Banks | Bayart Huxu   | 86-(444)169-9769  |
| B94       | Bayart Huxu | C55     | Jerry Thomas     | Bayart Huxu   | 63-(258)799-6576  |
| B94       | Bayart Huxu | C62     | Phyllis Fields   | Bayart Huxu   | 63-(151)368-2467  |
| B94       | Bayart Huxu | C69     | Andrea Burns     | Bayart Huxu   | 62-(779)237-0320  |
| B94       | Bayart Huxu | C781    | Lawrence George  | Bayart Huxu   | 237-(780)837-5688 |
| B94       | Bayart Huxu | C8      | Paul Riley       | Bayart Huxu   | 84-(549)962-5545  |
| B94       | Bayart Huxu | C97     | Eric Stanley     | Bayart Huxu   | 55-(571)144-3237  |
+-----------+-------------+---------+------------------+---------------+-------------------+
30 rows in set (0.00 sec)

mysql> select * from Customer left join Branch using(branch_id);
+-----------+---------+------------------+---------------+-------------------+-------------+
| branch_id | cust_id | cust_name        | customer_city | cust_phone        | branch_city |
+-----------+---------+------------------+---------------+-------------------+-------------+
| B48       | C1001   | Jose Russell     | Zongluzui     | 1-(929)791-3183   | Zongluzui   |
| B94       | C28     | Jacqueline Banks | Bayart Huxu   | 86-(444)169-9769  | Bayart Huxu |
| B19       | C35     | Denise Smith     | Cochin        | 81-(719)767-3054  | Cochin      |
| B19       | C36     | Brandon Harper   | Cochin        | 62-(997)846-0480  | Cochin      |
| B48       | C39     | Clarence Wheeler | Zongluzui     | 375-(809)935-2362 | Zongluzui   |
| B19       | C4      | Ann Williams     | Cochin        | 591-(754)545-2911 | Cochin      |
| B48       | C46     | Samuel Webb      | Zongluzui     | 98-(307)574-5626  | Zongluzui   |
| B19       | C49     | Michelle Lynch   | Cochin        | 46-(870)264-2826  | Cochin      |
| B77       | C5      | Gary Ellis       | Visaginas     | 62-(854)550-6020  | Visaginas   |
| B77       | C50     | Keith Williamson | Visaginas     | 55-(327)534-8730  | Visaginas   |
| B94       | C55     | Jerry Thomas     | Bayart Huxu   | 63-(258)799-6576  | Bayart Huxu |
| B77       | C58     | Linda Powell     | Visaginas     | 33-(484)600-0252  | Visaginas   |
| B48       | C60     | Anthony Perkins  | Zongluzui     | 251-(267)541-9832 | Zongluzui   |
| B19       | C601    | Jane Hawkins     | Ernakulam     | 62-(348)906-4849  | Cochin      |
| B94       | C62     | Phyllis Fields   | Bayart Huxu   | 63-(151)368-2467  | Bayart Huxu |
| B94       | C69     | Andrea Burns     | Bayart Huxu   | 62-(779)237-0320  | Bayart Huxu |
| B77       | C70     | Nicholas Fox     | Visaginas     | 55-(946)617-3267  | Visaginas   |
| B19       | C73     | Willie Perry     | Ernakulam     | 82-(325)354-8011  | Cochin      |
| B77       | C76     | Ruth Lewis       | Visaginas     | 353-(557)346-9159 | Visaginas   |
| B19       | C77     | Ernest Parker    | Ernakulam     | 33-(250)938-1271  | Cochin      |
| B77       | C78     | Stephen Burton   | Visaginas     | 62-(542)495-9051  | Visaginas   |
| B94       | C781    | Lawrence George  | Bayart Huxu   | 237-(780)837-5688 | Bayart Huxu |
| B94       | C8      | Paul Riley       | Bayart Huxu   | 84-(549)962-5545  | Bayart Huxu |
| B48       | C80     | Lori Peterson    | Zongluzui     | 33-(849)655-9007  | Zongluzui   |
| B48       | C86     | Julie Black      | Zongluzui     | 53-(775)359-0551  | Zongluzui   |
| B48       | C87     | Douglas Rogers   | Zongluzui     | 86-(616)572-1495  | Zongluzui   |
| B77       | C9      | Theresa Fuller   | Visaginas     | 39-(237)791-7365  | Visaginas   |
| B19       | C90     | Sandra Lawrence  | Cochin        | 66-(945)992-9241  | Cochin      |
| B19       | C96     | Amanda Crawford  | Cochin        | 62-(669)140-0363  | Cochin      |
| B94       | C97     | Eric Stanley     | Bayart Huxu   | 55-(571)144-3237  | Bayart Huxu |
+-----------+---------+------------------+---------------+-------------------+-------------+
30 rows in set (0.00 sec)

mysql> select cust_name , cust_phone from Customer left join Branch using(branch_id);
+------------------+-------------------+
| cust_name        | cust_phone        |
+------------------+-------------------+
| Jose Russell     | 1-(929)791-3183   |
| Jacqueline Banks | 86-(444)169-9769  |
| Denise Smith     | 81-(719)767-3054  |
| Brandon Harper   | 62-(997)846-0480  |
| Clarence Wheeler | 375-(809)935-2362 |
| Ann Williams     | 591-(754)545-2911 |
| Samuel Webb      | 98-(307)574-5626  |
| Michelle Lynch   | 46-(870)264-2826  |
| Gary Ellis       | 62-(854)550-6020  |
| Keith Williamson | 55-(327)534-8730  |
| Jerry Thomas     | 63-(258)799-6576  |
| Linda Powell     | 33-(484)600-0252  |
| Anthony Perkins  | 251-(267)541-9832 |
| Jane Hawkins     | 62-(348)906-4849  |
| Phyllis Fields   | 63-(151)368-2467  |
| Andrea Burns     | 62-(779)237-0320  |
| Nicholas Fox     | 55-(946)617-3267  |
| Willie Perry     | 82-(325)354-8011  |
| Ruth Lewis       | 353-(557)346-9159 |
| Ernest Parker    | 33-(250)938-1271  |
| Stephen Burton   | 62-(542)495-9051  |
| Lawrence George  | 237-(780)837-5688 |
| Paul Riley       | 84-(549)962-5545  |
| Lori Peterson    | 33-(849)655-9007  |
| Julie Black      | 53-(775)359-0551  |
| Douglas Rogers   | 86-(616)572-1495  |
| Theresa Fuller   | 39-(237)791-7365  |
| Sandra Lawrence  | 66-(945)992-9241  |
| Amanda Crawford  | 62-(669)140-0363  |
| Eric Stanley     | 55-(571)144-3237  |
+------------------+-------------------+
30 rows in set (0.00 sec)

mysql> select cust_name , cust_phone from Customer left join Branch using(branch_id) where  branch_id=(select branch_id from Branch where branch_city='Cochin');
+-----------------+-------------------+
| cust_name       | cust_phone        |
+-----------------+-------------------+
| Denise Smith    | 81-(719)767-3054  |
| Brandon Harper  | 62-(997)846-0480  |
| Ann Williams    | 591-(754)545-2911 |
| Michelle Lynch  | 46-(870)264-2826  |
| Jane Hawkins    | 62-(348)906-4849  |
| Willie Perry    | 82-(325)354-8011  |
| Ernest Parker   | 33-(250)938-1271  |
| Sandra Lawrence | 66-(945)992-9241  |
| Amanda Crawford | 62-(669)140-0363  |
+-----------------+-------------------+
9 rows in set (0.00 sec)

mysql> select cust_name , cust_phone from Customer left join Branch using(branch_id) where  branch_id=(select branch_id from Branch where branch_city='Cochin');[Asing(branch_id);[K
[K[Amysql> select cust_name , cust_phone from Customer left join Branch using(branch_id);
+------------------+-------------------+
| cust_name        | cust_phone        |
+------------------+-------------------+
| Jose Russell     | 1-(929)791-3183   |
| Jacqueline Banks | 86-(444)169-9769  |
| Denise Smith     | 81-(719)767-3054  |
| Brandon Harper   | 62-(997)846-0480  |
| Clarence Wheeler | 375-(809)935-2362 |
| Ann Williams     | 591-(754)545-2911 |
| Samuel Webb      | 98-(307)574-5626  |
| Michelle Lynch   | 46-(870)264-2826  |
| Gary Ellis       | 62-(854)550-6020  |
| Keith Williamson | 55-(327)534-8730  |
| Jerry Thomas     | 63-(258)799-6576  |
| Linda Powell     | 33-(484)600-0252  |
| Anthony Perkins  | 251-(267)541-9832 |
| Jane Hawkins     | 62-(348)906-4849  |
| Phyllis Fields   | 63-(151)368-2467  |
| Andrea Burns     | 62-(779)237-0320  |
| Nicholas Fox     | 55-(946)617-3267  |
| Willie Perry     | 82-(325)354-8011  |
| Ruth Lewis       | 353-(557)346-9159 |
| Ernest Parker    | 33-(250)938-1271  |
| Stephen Burton   | 62-(542)495-9051  |
| Lawrence George  | 237-(780)837-5688 |
| Paul Riley       | 84-(549)962-5545  |
| Lori Peterson    | 33-(849)655-9007  |
| Julie Black      | 53-(775)359-0551  |
| Douglas Rogers   | 86-(616)572-1495  |
| Theresa Fuller   | 39-(237)791-7365  |
| Sandra Lawrence  | 66-(945)992-9241  |
| Amanda Crawford  | 62-(669)140-0363  |
| Eric Stanley     | 55-(571)144-3237  |
+------------------+-------------------+
30 rows in set (0.00 sec)

mysql> select cust_name , cust_phone from Customer left join Branch using(branch_id); where  branch_id=(select branch_id from Branch where branch_city='Cochin');[Asing(branch_id);[K
[K[Amysql> select cust_name , cust_phone from Customer left join Branch using(branch_id);mysql> select [21P* from Customer left join Branch using(branch_id);
+-----------+---------+------------------+---------------+-------------------+-------------+
| branch_id | cust_id | cust_name        | customer_city | cust_phone        | branch_city |
+-----------+---------+------------------+---------------+-------------------+-------------+
| B48       | C1001   | Jose Russell     | Zongluzui     | 1-(929)791-3183   | Zongluzui   |
| B94       | C28     | Jacqueline Banks | Bayart Huxu   | 86-(444)169-9769  | Bayart Huxu |
| B19       | C35     | Denise Smith     | Cochin        | 81-(719)767-3054  | Cochin      |
| B19       | C36     | Brandon Harper   | Cochin        | 62-(997)846-0480  | Cochin      |
| B48       | C39     | Clarence Wheeler | Zongluzui     | 375-(809)935-2362 | Zongluzui   |
| B19       | C4      | Ann Williams     | Cochin        | 591-(754)545-2911 | Cochin      |
| B48       | C46     | Samuel Webb      | Zongluzui     | 98-(307)574-5626  | Zongluzui   |
| B19       | C49     | Michelle Lynch   | Cochin        | 46-(870)264-2826  | Cochin      |
| B77       | C5      | Gary Ellis       | Visaginas     | 62-(854)550-6020  | Visaginas   |
| B77       | C50     | Keith Williamson | Visaginas     | 55-(327)534-8730  | Visaginas   |
| B94       | C55     | Jerry Thomas     | Bayart Huxu   | 63-(258)799-6576  | Bayart Huxu |
| B77       | C58     | Linda Powell     | Visaginas     | 33-(484)600-0252  | Visaginas   |
| B48       | C60     | Anthony Perkins  | Zongluzui     | 251-(267)541-9832 | Zongluzui   |
| B19       | C601    | Jane Hawkins     | Ernakulam     | 62-(348)906-4849  | Cochin      |
| B94       | C62     | Phyllis Fields   | Bayart Huxu   | 63-(151)368-2467  | Bayart Huxu |
| B94       | C69     | Andrea Burns     | Bayart Huxu   | 62-(779)237-0320  | Bayart Huxu |
| B77       | C70     | Nicholas Fox     | Visaginas     | 55-(946)617-3267  | Visaginas   |
| B19       | C73     | Willie Perry     | Ernakulam     | 82-(325)354-8011  | Cochin      |
| B77       | C76     | Ruth Lewis       | Visaginas     | 353-(557)346-9159 | Visaginas   |
| B19       | C77     | Ernest Parker    | Ernakulam     | 33-(250)938-1271  | Cochin      |
| B77       | C78     | Stephen Burton   | Visaginas     | 62-(542)495-9051  | Visaginas   |
| B94       | C781    | Lawrence George  | Bayart Huxu   | 237-(780)837-5688 | Bayart Huxu |
| B94       | C8      | Paul Riley       | Bayart Huxu   | 84-(549)962-5545  | Bayart Huxu |
| B48       | C80     | Lori Peterson    | Zongluzui     | 33-(849)655-9007  | Zongluzui   |
| B48       | C86     | Julie Black      | Zongluzui     | 53-(775)359-0551  | Zongluzui   |
| B48       | C87     | Douglas Rogers   | Zongluzui     | 86-(616)572-1495  | Zongluzui   |
| B77       | C9      | Theresa Fuller   | Visaginas     | 39-(237)791-7365  | Visaginas   |
| B19       | C90     | Sandra Lawrence  | Cochin        | 66-(945)992-9241  | Cochin      |
| B19       | C96     | Amanda Crawford  | Cochin        | 62-(669)140-0363  | Cochin      |
| B94       | C97     | Eric Stanley     | Bayart Huxu   | 55-(571)144-3237  | Bayart Huxu |
+-----------+---------+------------------+---------------+-------------------+-------------+
30 rows in set (0.00 sec)

mysql> select cust_name , cust_phone from Customer where customer_city='Cochin' intersect  select cust_name , cust_phone from Customer where branch_id=(select branch_id from Branch  where branch_city='Cochin');
ERROR 1064 (42000): You have an error in your SQL syntax; check the manual that corresponds to your MySQL server version for the right syntax to use near 'intersect select cust_name , cust_phone from Customer where branch_id=(select br' at line 1
mysql> select cust_name , cust_phone from Customer where customer_city='Cochin' in (select  cust_name , cust_phone from Customer where branch_id=(select branch_id from Branch where  branch_city='Cochin'));
ERROR 1241 (21000): Operand should contain 1 column(s)
mysql> select cust_name , cust_phone from Customer where customer_city='Cochin' in (select  cust_name , cust_phone from Customer left join Branch using(branch_id));
ERROR 1241 (21000): Operand should contain 1 column(s)
mysql> select cust_name , cust_phone from Customer left join Branch using(branch_id);
+------------------+-------------------+
| cust_name        | cust_phone        |
+------------------+-------------------+
| Jose Russell     | 1-(929)791-3183   |
| Jacqueline Banks | 86-(444)169-9769  |
| Denise Smith     | 81-(719)767-3054  |
| Brandon Harper   | 62-(997)846-0480  |
| Clarence Wheeler | 375-(809)935-2362 |
| Ann Williams     | 591-(754)545-2911 |
| Samuel Webb      | 98-(307)574-5626  |
| Michelle Lynch   | 46-(870)264-2826  |
| Gary Ellis       | 62-(854)550-6020  |
| Keith Williamson | 55-(327)534-8730  |
| Jerry Thomas     | 63-(258)799-6576  |
| Linda Powell     | 33-(484)600-0252  |
| Anthony Perkins  | 251-(267)541-9832 |
| Jane Hawkins     | 62-(348)906-4849  |
| Phyllis Fields   | 63-(151)368-2467  |
| Andrea Burns     | 62-(779)237-0320  |
| Nicholas Fox     | 55-(946)617-3267  |
| Willie Perry     | 82-(325)354-8011  |
| Ruth Lewis       | 353-(557)346-9159 |
| Ernest Parker    | 33-(250)938-1271  |
| Stephen Burton   | 62-(542)495-9051  |
| Lawrence George  | 237-(780)837-5688 |
| Paul Riley       | 84-(549)962-5545  |
| Lori Peterson    | 33-(849)655-9007  |
| Julie Black      | 53-(775)359-0551  |
| Douglas Rogers   | 86-(616)572-1495  |
| Theresa Fuller   | 39-(237)791-7365  |
| Sandra Lawrence  | 66-(945)992-9241  |
| Amanda Crawford  | 62-(669)140-0363  |
| Eric Stanley     | 55-(571)144-3237  |
+------------------+-------------------+
30 rows in set (0.00 sec)

mysql> select * from Customer left join Branch using(branch_id);
+-----------+---------+------------------+---------------+-------------------+-------------+
| branch_id | cust_id | cust_name        | customer_city | cust_phone        | branch_city |
+-----------+---------+------------------+---------------+-------------------+-------------+
| B48       | C1001   | Jose Russell     | Zongluzui     | 1-(929)791-3183   | Zongluzui   |
| B94       | C28     | Jacqueline Banks | Bayart Huxu   | 86-(444)169-9769  | Bayart Huxu |
| B19       | C35     | Denise Smith     | Cochin        | 81-(719)767-3054  | Cochin      |
| B19       | C36     | Brandon Harper   | Cochin        | 62-(997)846-0480  | Cochin      |
| B48       | C39     | Clarence Wheeler | Zongluzui     | 375-(809)935-2362 | Zongluzui   |
| B19       | C4      | Ann Williams     | Cochin        | 591-(754)545-2911 | Cochin      |
| B48       | C46     | Samuel Webb      | Zongluzui     | 98-(307)574-5626  | Zongluzui   |
| B19       | C49     | Michelle Lynch   | Cochin        | 46-(870)264-2826  | Cochin      |
| B77       | C5      | Gary Ellis       | Visaginas     | 62-(854)550-6020  | Visaginas   |
| B77       | C50     | Keith Williamson | Visaginas     | 55-(327)534-8730  | Visaginas   |
| B94       | C55     | Jerry Thomas     | Bayart Huxu   | 63-(258)799-6576  | Bayart Huxu |
| B77       | C58     | Linda Powell     | Visaginas     | 33-(484)600-0252  | Visaginas   |
| B48       | C60     | Anthony Perkins  | Zongluzui     | 251-(267)541-9832 | Zongluzui   |
| B19       | C601    | Jane Hawkins     | Ernakulam     | 62-(348)906-4849  | Cochin      |
| B94       | C62     | Phyllis Fields   | Bayart Huxu   | 63-(151)368-2467  | Bayart Huxu |
| B94       | C69     | Andrea Burns     | Bayart Huxu   | 62-(779)237-0320  | Bayart Huxu |
| B77       | C70     | Nicholas Fox     | Visaginas     | 55-(946)617-3267  | Visaginas   |
| B19       | C73     | Willie Perry     | Ernakulam     | 82-(325)354-8011  | Cochin      |
| B77       | C76     | Ruth Lewis       | Visaginas     | 353-(557)346-9159 | Visaginas   |
| B19       | C77     | Ernest Parker    | Ernakulam     | 33-(250)938-1271  | Cochin      |
| B77       | C78     | Stephen Burton   | Visaginas     | 62-(542)495-9051  | Visaginas   |
| B94       | C781    | Lawrence George  | Bayart Huxu   | 237-(780)837-5688 | Bayart Huxu |
| B94       | C8      | Paul Riley       | Bayart Huxu   | 84-(549)962-5545  | Bayart Huxu |
| B48       | C80     | Lori Peterson    | Zongluzui     | 33-(849)655-9007  | Zongluzui   |
| B48       | C86     | Julie Black      | Zongluzui     | 53-(775)359-0551  | Zongluzui   |
| B48       | C87     | Douglas Rogers   | Zongluzui     | 86-(616)572-1495  | Zongluzui   |
| B77       | C9      | Theresa Fuller   | Visaginas     | 39-(237)791-7365  | Visaginas   |
| B19       | C90     | Sandra Lawrence  | Cochin        | 66-(945)992-9241  | Cochin      |
| B19       | C96     | Amanda Crawford  | Cochin        | 62-(669)140-0363  | Cochin      |
| B94       | C97     | Eric Stanley     | Bayart Huxu   | 55-(571)144-3237  | Bayart Huxu |
+-----------+---------+------------------+---------------+-------------------+-------------+
30 rows in set (0.00 sec)

mysql> select cust_name , cust_phone from (select * from Customer left join Branch using(b ranch_id)) where branch_city='Cochin';
ERROR 1248 (42000): Every derived table must have its own alias
mysql> select cust_name , cust_phone from (select * from Customer left join Branch using(b ranch_id)) as t1 where branch_city='Cochin';
+-----------------+-------------------+
| cust_name       | cust_phone        |
+-----------------+-------------------+
| Denise Smith    | 81-(719)767-3054  |
| Brandon Harper  | 62-(997)846-0480  |
| Ann Williams    | 591-(754)545-2911 |
| Michelle Lynch  | 46-(870)264-2826  |
| Jane Hawkins    | 62-(348)906-4849  |
| Willie Perry    | 82-(325)354-8011  |
| Ernest Parker   | 33-(250)938-1271  |
| Sandra Lawrence | 66-(945)992-9241  |
| Amanda Crawford | 62-(669)140-0363  |
+-----------------+-------------------+
9 rows in set (0.00 sec)

mysql> select cust_name , cust_phone from (select * from Customer left join Branch using(b ranch_id)) as t1 where branch_city=customer_city;
+------------------+-------------------+
| cust_name        | cust_phone        |
+------------------+-------------------+
| Jose Russell     | 1-(929)791-3183   |
| Jacqueline Banks | 86-(444)169-9769  |
| Denise Smith     | 81-(719)767-3054  |
| Brandon Harper   | 62-(997)846-0480  |
| Clarence Wheeler | 375-(809)935-2362 |
| Ann Williams     | 591-(754)545-2911 |
| Samuel Webb      | 98-(307)574-5626  |
| Michelle Lynch   | 46-(870)264-2826  |
| Gary Ellis       | 62-(854)550-6020  |
| Keith Williamson | 55-(327)534-8730  |
| Jerry Thomas     | 63-(258)799-6576  |
| Linda Powell     | 33-(484)600-0252  |
| Anthony Perkins  | 251-(267)541-9832 |
| Phyllis Fields   | 63-(151)368-2467  |
| Andrea Burns     | 62-(779)237-0320  |
| Nicholas Fox     | 55-(946)617-3267  |
| Ruth Lewis       | 353-(557)346-9159 |
| Stephen Burton   | 62-(542)495-9051  |
| Lawrence George  | 237-(780)837-5688 |
| Paul Riley       | 84-(549)962-5545  |
| Lori Peterson    | 33-(849)655-9007  |
| Julie Black      | 53-(775)359-0551  |
| Douglas Rogers   | 86-(616)572-1495  |
| Theresa Fuller   | 39-(237)791-7365  |
| Sandra Lawrence  | 66-(945)992-9241  |
| Amanda Crawford  | 62-(669)140-0363  |
| Eric Stanley     | 55-(571)144-3237  |
+------------------+-------------------+
27 rows in set (0.01 sec)

mysql> select cust_name , cust_phone from (select * from Customer left join Branch using(b ranch_id)) as t1 where branch_city=customer_city='Cochin';
+---------------+------------------+
| cust_name     | cust_phone       |
+---------------+------------------+
| Jane Hawkins  | 62-(348)906-4849 |
| Willie Perry  | 82-(325)354-8011 |
| Ernest Parker | 33-(250)938-1271 |
+---------------+------------------+
3 rows in set, 1 warning (0.00 sec)

mysql> select * from Customer left join Branch using(branch_id); ;s;o;r;t; ;b;y; ;b;r;a;n;c;h;_;c;i;t;y;
ERROR 1064 (42000): You have an error in your SQL syntax; check the manual that corresponds to your MySQL server version for the right syntax to use near 'sort by branch_city' at line 1
mysql> select * from Customer left join Branch using(branch_id) sort by branch_city;[1P
ERROR 1064 (42000): You have an error in your SQL syntax; check the manual that corresponds to your MySQL server version for the right syntax to use near 'sortby branch_city' at line 1
mysql> select * from Customer left join Branch using(branch_id) sortby branch_city;_city;                    ;
+-----------+---------+------------------+---------------+-------------------+-------------+
| branch_id | cust_id | cust_name        | customer_city | cust_phone        | branch_city |
+-----------+---------+------------------+---------------+-------------------+-------------+
| B48       | C1001   | Jose Russell     | Zongluzui     | 1-(929)791-3183   | Zongluzui   |
| B94       | C28     | Jacqueline Banks | Bayart Huxu   | 86-(444)169-9769  | Bayart Huxu |
| B19       | C35     | Denise Smith     | Cochin        | 81-(719)767-3054  | Cochin      |
| B19       | C36     | Brandon Harper   | Cochin        | 62-(997)846-0480  | Cochin      |
| B48       | C39     | Clarence Wheeler | Zongluzui     | 375-(809)935-2362 | Zongluzui   |
| B19       | C4      | Ann Williams     | Cochin        | 591-(754)545-2911 | Cochin      |
| B48       | C46     | Samuel Webb      | Zongluzui     | 98-(307)574-5626  | Zongluzui   |
| B19       | C49     | Michelle Lynch   | Cochin        | 46-(870)264-2826  | Cochin      |
| B77       | C5      | Gary Ellis       | Visaginas     | 62-(854)550-6020  | Visaginas   |
| B77       | C50     | Keith Williamson | Visaginas     | 55-(327)534-8730  | Visaginas   |
| B94       | C55     | Jerry Thomas     | Bayart Huxu   | 63-(258)799-6576  | Bayart Huxu |
| B77       | C58     | Linda Powell     | Visaginas     | 33-(484)600-0252  | Visaginas   |
| B48       | C60     | Anthony Perkins  | Zongluzui     | 251-(267)541-9832 | Zongluzui   |
| B19       | C601    | Jane Hawkins     | Ernakulam     | 62-(348)906-4849  | Cochin      |
| B94       | C62     | Phyllis Fields   | Bayart Huxu   | 63-(151)368-2467  | Bayart Huxu |
| B94       | C69     | Andrea Burns     | Bayart Huxu   | 62-(779)237-0320  | Bayart Huxu |
| B77       | C70     | Nicholas Fox     | Visaginas     | 55-(946)617-3267  | Visaginas   |
| B19       | C73     | Willie Perry     | Ernakulam     | 82-(325)354-8011  | Cochin      |
| B77       | C76     | Ruth Lewis       | Visaginas     | 353-(557)346-9159 | Visaginas   |
| B19       | C77     | Ernest Parker    | Ernakulam     | 33-(250)938-1271  | Cochin      |
| B77       | C78     | Stephen Burton   | Visaginas     | 62-(542)495-9051  | Visaginas   |
| B94       | C781    | Lawrence George  | Bayart Huxu   | 237-(780)837-5688 | Bayart Huxu |
| B94       | C8      | Paul Riley       | Bayart Huxu   | 84-(549)962-5545  | Bayart Huxu |
| B48       | C80     | Lori Peterson    | Zongluzui     | 33-(849)655-9007  | Zongluzui   |
| B48       | C86     | Julie Black      | Zongluzui     | 53-(775)359-0551  | Zongluzui   |
| B48       | C87     | Douglas Rogers   | Zongluzui     | 86-(616)572-1495  | Zongluzui   |
| B77       | C9      | Theresa Fuller   | Visaginas     | 39-(237)791-7365  | Visaginas   |
| B19       | C90     | Sandra Lawrence  | Cochin        | 66-(945)992-9241  | Cochin      |
| B19       | C96     | Amanda Crawford  | Cochin        | 62-(669)140-0363  | Cochin      |
| B94       | C97     | Eric Stanley     | Bayart Huxu   | 55-(571)144-3237  | Bayart Huxu |
+-----------+---------+------------------+---------------+-------------------+-------------+
30 rows in set (0.00 sec)

mysql> select * from Customer left join Branch using(branch_id); sortby branch_city;[1@ by branch_city;mysql> select cust_name , cust_phone from (select * from Customer left join Branch using(brranch_id)) as t1 where branch_city=customer_city='Cochin';y;[K='Cochin';[Amysql> select [6P* from Customer left join Branch using(branch_id) sort by branch_city;
[K[Amysql> select * from Customer left join Branch using(branch_id) sort by branch_city;[1Pby branch_city;;[K   
    -> ;
ERROR 1064 (42000): You have an error in your SQL syntax; check the manual that corresponds to your MySQL server version for the right syntax to use near '' at line 1
mysql> select cust_name , cust_phone from 
    -> (select * from Customer left join Branch using(branch_id)) as t1 
    -> where branch_city=customer_city='Cochin';
+---------------+------------------+
| cust_name     | cust_phone       |
+---------------+------------------+
| Jane Hawkins  | 62-(348)906-4849 |
| Willie Perry  | 82-(325)354-8011 |
| Ernest Parker | 33-(250)938-1271 |
+---------------+------------------+
3 rows in set, 1 warning (0.00 sec)

mysql> select cust_name , cust_phone from 
    -> (select * from Customer left join Branch using(branch_id)) as t1 
    -> where branch_city=customer_city;
+------------------+-------------------+
| cust_name        | cust_phone        |
+------------------+-------------------+
| Jose Russell     | 1-(929)791-3183   |
| Jacqueline Banks | 86-(444)169-9769  |
| Denise Smith     | 81-(719)767-3054  |
| Brandon Harper   | 62-(997)846-0480  |
| Clarence Wheeler | 375-(809)935-2362 |
| Ann Williams     | 591-(754)545-2911 |
| Samuel Webb      | 98-(307)574-5626  |
| Michelle Lynch   | 46-(870)264-2826  |
| Gary Ellis       | 62-(854)550-6020  |
| Keith Williamson | 55-(327)534-8730  |
| Jerry Thomas     | 63-(258)799-6576  |
| Linda Powell     | 33-(484)600-0252  |
| Anthony Perkins  | 251-(267)541-9832 |
| Phyllis Fields   | 63-(151)368-2467  |
| Andrea Burns     | 62-(779)237-0320  |
| Nicholas Fox     | 55-(946)617-3267  |
| Ruth Lewis       | 353-(557)346-9159 |
| Stephen Burton   | 62-(542)495-9051  |
| Lawrence George  | 237-(780)837-5688 |
| Paul Riley       | 84-(549)962-5545  |
| Lori Peterson    | 33-(849)655-9007  |
| Julie Black      | 53-(775)359-0551  |
| Douglas Rogers   | 86-(616)572-1495  |
| Theresa Fuller   | 39-(237)791-7365  |
| Sandra Lawrence  | 66-(945)992-9241  |
| Amanda Crawford  | 62-(669)140-0363  |
| Eric Stanley     | 55-(571)144-3237  |
+------------------+-------------------+
27 rows in set (0.00 sec)

mysql> select cust_name , cust_phone from 
    -> (select * from Customer left join Branch using(branch_id)) as t1 
    -> where branch_city=customer_city;
+------------------+-------------------+
| cust_name        | cust_phone        |
+------------------+-------------------+
| Jose Russell     | 1-(929)791-3183   |
| Jacqueline Banks | 86-(444)169-9769  |
| Denise Smith     | 81-(719)767-3054  |
| Brandon Harper   | 62-(997)846-0480  |
| Clarence Wheeler | 375-(809)935-2362 |
| Ann Williams     | 591-(754)545-2911 |
| Samuel Webb      | 98-(307)574-5626  |
| Michelle Lynch   | 46-(870)264-2826  |
| Gary Ellis       | 62-(854)550-6020  |
| Keith Williamson | 55-(327)534-8730  |
| Jerry Thomas     | 63-(258)799-6576  |
| Linda Powell     | 33-(484)600-0252  |
| Anthony Perkins  | 251-(267)541-9832 |
| Phyllis Fields   | 63-(151)368-2467  |
| Andrea Burns     | 62-(779)237-0320  |
| Nicholas Fox     | 55-(946)617-3267  |
| Ruth Lewis       | 353-(557)346-9159 |
| Stephen Burton   | 62-(542)495-9051  |
| Lawrence George  | 237-(780)837-5688 |
| Paul Riley       | 84-(549)962-5545  |
| Lori Peterson    | 33-(849)655-9007  |
| Julie Black      | 53-(775)359-0551  |
| Douglas Rogers   | 86-(616)572-1495  |
| Theresa Fuller   | 39-(237)791-7365  |
| Sandra Lawrence  | 66-(945)992-9241  |
| Amanda Crawford  | 62-(669)140-0363  |
| Eric Stanley     | 55-(571)144-3237  |
+------------------+-------------------+
27 rows in set (0.00 sec)

mysql> select * from 
    -> (select * from Customer left join Branch using(branch_id)) as t1 
    -> where branch_city=customer_city;
+-----------+---------+------------------+---------------+-------------------+-------------+
| branch_id | cust_id | cust_name        | customer_city | cust_phone        | branch_city |
+-----------+---------+------------------+---------------+-------------------+-------------+
| B48       | C1001   | Jose Russell     | Zongluzui     | 1-(929)791-3183   | Zongluzui   |
| B94       | C28     | Jacqueline Banks | Bayart Huxu   | 86-(444)169-9769  | Bayart Huxu |
| B19       | C35     | Denise Smith     | Cochin        | 81-(719)767-3054  | Cochin      |
| B19       | C36     | Brandon Harper   | Cochin        | 62-(997)846-0480  | Cochin      |
| B48       | C39     | Clarence Wheeler | Zongluzui     | 375-(809)935-2362 | Zongluzui   |
| B19       | C4      | Ann Williams     | Cochin        | 591-(754)545-2911 | Cochin      |
| B48       | C46     | Samuel Webb      | Zongluzui     | 98-(307)574-5626  | Zongluzui   |
| B19       | C49     | Michelle Lynch   | Cochin        | 46-(870)264-2826  | Cochin      |
| B77       | C5      | Gary Ellis       | Visaginas     | 62-(854)550-6020  | Visaginas   |
| B77       | C50     | Keith Williamson | Visaginas     | 55-(327)534-8730  | Visaginas   |
| B94       | C55     | Jerry Thomas     | Bayart Huxu   | 63-(258)799-6576  | Bayart Huxu |
| B77       | C58     | Linda Powell     | Visaginas     | 33-(484)600-0252  | Visaginas   |
| B48       | C60     | Anthony Perkins  | Zongluzui     | 251-(267)541-9832 | Zongluzui   |
| B94       | C62     | Phyllis Fields   | Bayart Huxu   | 63-(151)368-2467  | Bayart Huxu |
| B94       | C69     | Andrea Burns     | Bayart Huxu   | 62-(779)237-0320  | Bayart Huxu |
| B77       | C70     | Nicholas Fox     | Visaginas     | 55-(946)617-3267  | Visaginas   |
| B77       | C76     | Ruth Lewis       | Visaginas     | 353-(557)346-9159 | Visaginas   |
| B77       | C78     | Stephen Burton   | Visaginas     | 62-(542)495-9051  | Visaginas   |
| B94       | C781    | Lawrence George  | Bayart Huxu   | 237-(780)837-5688 | Bayart Huxu |
| B94       | C8      | Paul Riley       | Bayart Huxu   | 84-(549)962-5545  | Bayart Huxu |
| B48       | C80     | Lori Peterson    | Zongluzui     | 33-(849)655-9007  | Zongluzui   |
| B48       | C86     | Julie Black      | Zongluzui     | 53-(775)359-0551  | Zongluzui   |
| B48       | C87     | Douglas Rogers   | Zongluzui     | 86-(616)572-1495  | Zongluzui   |
| B77       | C9      | Theresa Fuller   | Visaginas     | 39-(237)791-7365  | Visaginas   |
| B19       | C90     | Sandra Lawrence  | Cochin        | 66-(945)992-9241  | Cochin      |
| B19       | C96     | Amanda Crawford  | Cochin        | 62-(669)140-0363  | Cochin      |
| B94       | C97     | Eric Stanley     | Bayart Huxu   | 55-(571)144-3237  | Bayart Huxu |
+-----------+---------+------------------+---------------+-------------------+-------------+
27 rows in set (0.00 sec)

mysql> select * from 
    -> (select * from Customer left join Branch using(branch_id)) as t1 
    -> where branch_city=customer_city order by customer_city;
+-----------+---------+------------------+---------------+-------------------+-------------+
| branch_id | cust_id | cust_name        | customer_city | cust_phone        | branch_city |
+-----------+---------+------------------+---------------+-------------------+-------------+
| B94       | C8      | Paul Riley       | Bayart Huxu   | 84-(549)962-5545  | Bayart Huxu |
| B94       | C62     | Phyllis Fields   | Bayart Huxu   | 63-(151)368-2467  | Bayart Huxu |
| B94       | C97     | Eric Stanley     | Bayart Huxu   | 55-(571)144-3237  | Bayart Huxu |
| B94       | C55     | Jerry Thomas     | Bayart Huxu   | 63-(258)799-6576  | Bayart Huxu |
| B94       | C69     | Andrea Burns     | Bayart Huxu   | 62-(779)237-0320  | Bayart Huxu |
| B94       | C28     | Jacqueline Banks | Bayart Huxu   | 86-(444)169-9769  | Bayart Huxu |
| B94       | C781    | Lawrence George  | Bayart Huxu   | 237-(780)837-5688 | Bayart Huxu |
| B19       | C35     | Denise Smith     | Cochin        | 81-(719)767-3054  | Cochin      |
| B19       | C49     | Michelle Lynch   | Cochin        | 46-(870)264-2826  | Cochin      |
| B19       | C90     | Sandra Lawrence  | Cochin        | 66-(945)992-9241  | Cochin      |
| B19       | C36     | Brandon Harper   | Cochin        | 62-(997)846-0480  | Cochin      |
| B19       | C96     | Amanda Crawford  | Cochin        | 62-(669)140-0363  | Cochin      |
| B19       | C4      | Ann Williams     | Cochin        | 591-(754)545-2911 | Cochin      |
| B77       | C5      | Gary Ellis       | Visaginas     | 62-(854)550-6020  | Visaginas   |
| B77       | C76     | Ruth Lewis       | Visaginas     | 353-(557)346-9159 | Visaginas   |
| B77       | C50     | Keith Williamson | Visaginas     | 55-(327)534-8730  | Visaginas   |
| B77       | C78     | Stephen Burton   | Visaginas     | 62-(542)495-9051  | Visaginas   |
| B77       | C58     | Linda Powell     | Visaginas     | 33-(484)600-0252  | Visaginas   |
| B77       | C70     | Nicholas Fox     | Visaginas     | 55-(946)617-3267  | Visaginas   |
| B77       | C9      | Theresa Fuller   | Visaginas     | 39-(237)791-7365  | Visaginas   |
| B48       | C60     | Anthony Perkins  | Zongluzui     | 251-(267)541-9832 | Zongluzui   |
| B48       | C80     | Lori Peterson    | Zongluzui     | 33-(849)655-9007  | Zongluzui   |
| B48       | C39     | Clarence Wheeler | Zongluzui     | 375-(809)935-2362 | Zongluzui   |
| B48       | C86     | Julie Black      | Zongluzui     | 53-(775)359-0551  | Zongluzui   |
| B48       | C1001   | Jose Russell     | Zongluzui     | 1-(929)791-3183   | Zongluzui   |
| B48       | C87     | Douglas Rogers   | Zongluzui     | 86-(616)572-1495  | Zongluzui   |
| B48       | C46     | Samuel Webb      | Zongluzui     | 98-(307)574-5626  | Zongluzui   |
+-----------+---------+------------------+---------------+-------------------+-------------+
27 rows in set (0.00 sec)

mysql> select * from ((select * from Customer left join Branch using(branch_id)) as t1 
    -> where branch_city=customer_city order by customer_city) as t2 where branch_city='Co chin';
ERROR 1064 (42000): You have an error in your SQL syntax; check the manual that corresponds to your MySQL server version for the right syntax to use near 'where branch_city=customer_city order by customer_city) as t2 where branch_city=' at line 2
mysql> select * from 
    -> (select * from Customer left join Branch using(branch_id)) as t1 
    -> where branch_city=customer_city order by customer_city;
+-----------+---------+------------------+---------------+-------------------+-------------+
| branch_id | cust_id | cust_name        | customer_city | cust_phone        | branch_city |
+-----------+---------+------------------+---------------+-------------------+-------------+
| B94       | C8      | Paul Riley       | Bayart Huxu   | 84-(549)962-5545  | Bayart Huxu |
| B94       | C62     | Phyllis Fields   | Bayart Huxu   | 63-(151)368-2467  | Bayart Huxu |
| B94       | C97     | Eric Stanley     | Bayart Huxu   | 55-(571)144-3237  | Bayart Huxu |
| B94       | C55     | Jerry Thomas     | Bayart Huxu   | 63-(258)799-6576  | Bayart Huxu |
| B94       | C69     | Andrea Burns     | Bayart Huxu   | 62-(779)237-0320  | Bayart Huxu |
| B94       | C28     | Jacqueline Banks | Bayart Huxu   | 86-(444)169-9769  | Bayart Huxu |
| B94       | C781    | Lawrence George  | Bayart Huxu   | 237-(780)837-5688 | Bayart Huxu |
| B19       | C35     | Denise Smith     | Cochin        | 81-(719)767-3054  | Cochin      |
| B19       | C49     | Michelle Lynch   | Cochin        | 46-(870)264-2826  | Cochin      |
| B19       | C90     | Sandra Lawrence  | Cochin        | 66-(945)992-9241  | Cochin      |
| B19       | C36     | Brandon Harper   | Cochin        | 62-(997)846-0480  | Cochin      |
| B19       | C96     | Amanda Crawford  | Cochin        | 62-(669)140-0363  | Cochin      |
| B19       | C4      | Ann Williams     | Cochin        | 591-(754)545-2911 | Cochin      |
| B77       | C5      | Gary Ellis       | Visaginas     | 62-(854)550-6020  | Visaginas   |
| B77       | C76     | Ruth Lewis       | Visaginas     | 353-(557)346-9159 | Visaginas   |
| B77       | C50     | Keith Williamson | Visaginas     | 55-(327)534-8730  | Visaginas   |
| B77       | C78     | Stephen Burton   | Visaginas     | 62-(542)495-9051  | Visaginas   |
| B77       | C58     | Linda Powell     | Visaginas     | 33-(484)600-0252  | Visaginas   |
| B77       | C70     | Nicholas Fox     | Visaginas     | 55-(946)617-3267  | Visaginas   |
| B77       | C9      | Theresa Fuller   | Visaginas     | 39-(237)791-7365  | Visaginas   |
| B48       | C60     | Anthony Perkins  | Zongluzui     | 251-(267)541-9832 | Zongluzui   |
| B48       | C80     | Lori Peterson    | Zongluzui     | 33-(849)655-9007  | Zongluzui   |
| B48       | C39     | Clarence Wheeler | Zongluzui     | 375-(809)935-2362 | Zongluzui   |
| B48       | C86     | Julie Black      | Zongluzui     | 53-(775)359-0551  | Zongluzui   |
| B48       | C1001   | Jose Russell     | Zongluzui     | 1-(929)791-3183   | Zongluzui   |
| B48       | C87     | Douglas Rogers   | Zongluzui     | 86-(616)572-1495  | Zongluzui   |
| B48       | C46     | Samuel Webb      | Zongluzui     | 98-(307)574-5626  | Zongluzui   |
+-----------+---------+------------------+---------------+-------------------+-------------+
27 rows in set (0.00 sec)

mysql> select * from (select * from 
    -> (select * from Customer left join Branch using(branch_id)) as t1 
    -> where branch_city=customer_city order by customer_city) as t2
    -> where customer_city='Cochin';
+-----------+---------+-----------------+---------------+-------------------+-------------+
| branch_id | cust_id | cust_name       | customer_city | cust_phone        | branch_city |
+-----------+---------+-----------------+---------------+-------------------+-------------+
| B19       | C4      | Ann Williams    | Cochin        | 591-(754)545-2911 | Cochin      |
| B19       | C35     | Denise Smith    | Cochin        | 81-(719)767-3054  | Cochin      |
| B19       | C49     | Michelle Lynch  | Cochin        | 46-(870)264-2826  | Cochin      |
| B19       | C90     | Sandra Lawrence | Cochin        | 66-(945)992-9241  | Cochin      |
| B19       | C36     | Brandon Harper  | Cochin        | 62-(997)846-0480  | Cochin      |
| B19       | C96     | Amanda Crawford | Cochin        | 62-(669)140-0363  | Cochin      |
+-----------+---------+-----------------+---------------+-------------------+-------------+
6 rows in set (0.00 sec)

mysql> select cust_name, cust_phone from (select * from 
    -> (select * from Customer left join Branch using(branch_id)) as t1 
    -> where branch_city=customer_city order by customer_city) as t2
    -> where customer_city='Cochin';
+-----------------+-------------------+
| cust_name       | cust_phone        |
+-----------------+-------------------+
| Ann Williams    | 591-(754)545-2911 |
| Denise Smith    | 81-(719)767-3054  |
| Michelle Lynch  | 46-(870)264-2826  |
| Sandra Lawrence | 66-(945)992-9241  |
| Brandon Harper  | 62-(997)846-0480  |
| Amanda Crawford | 62-(669)140-0363  |
+-----------------+-------------------+
6 rows in set (0.00 sec)

mysql> 
mysql> select cust_name as Name, cust_phone as Contact from (select * from 
    -> (select * from Customer left join Branch using(branch_id)) as t1 
    -> where branch_city=customer_city order by customer_city) as t2
    -> where customer_city='Cochin';
+-----------------+-------------------+
| Name            | Contact           |
+-----------------+-------------------+
| Ann Williams    | 591-(754)545-2911 |
| Denise Smith    | 81-(719)767-3054  |
| Michelle Lynch  | 46-(870)264-2826  |
| Sandra Lawrence | 66-(945)992-9241  |
| Brandon Harper  | 62-(997)846-0480  |
| Amanda Crawford | 62-(669)140-0363  |
+-----------------+-------------------+
6 rows in set (0.00 sec)

mysql> 
mysql> select cust_name as Name, cust_phone as Contact from (select * from (select * from  Customer left join Branch using(branch_id)) as t1 where branch_city=customer_city order by  customer_city) 
    -> as t2 where customer_city='Cochin';
+-----------------+-------------------+
| Name            | Contact           |
+-----------------+-------------------+
| Ann Williams    | 591-(754)545-2911 |
| Denise Smith    | 81-(719)767-3054  |
| Michelle Lynch  | 46-(870)264-2826  |
| Sandra Lawrence | 66-(945)992-9241  |
| Brandon Harper  | 62-(997)846-0480  |
| Amanda Crawford | 62-(669)140-0363  |
+-----------------+-------------------+
6 rows in set (0.01 sec)

mysql> select * from Customer inner join Employee on Customer.branch_id=Employee.branch_id ;
+---------+------------------+---------------+-------------------+-----------+--------+---------------------+-------------------+------------+-----------+
| cust_id | cust_name        | customer_city | cust_phone        | branch_id | emp_id | emp_name            | emp_phone         | emp_salary | branch_id |
+---------+------------------+---------------+-------------------+-----------+--------+---------------------+-------------------+------------+-----------+
| C1001   | Jose Russell     | Zongluzui     | 1-(929)791-3183   | B48       | E100   | Ashley Bryant       | 86-(485)633-2560  |  410726.99 | B48       |
| C1001   | Jose Russell     | Zongluzui     | 1-(929)791-3183   | B48       | E11    | Heather Banks       | 86-(617)139-5943  |  448254.90 | B48       |
| C1001   | Jose Russell     | Zongluzui     | 1-(929)791-3183   | B48       | E132   | Antonio Hunt        | 86-(720)696-3086  |  361834.06 | B48       |
| C1001   | Jose Russell     | Zongluzui     | 1-(929)791-3183   | B48       | E30    | Sandra Kennedy      | 977-(763)877-0691 |  426283.74 | B48       |
| C1001   | Jose Russell     | Zongluzui     | 1-(929)791-3183   | B48       | E43    | Lori West           | 86-(973)560-0113  |   32970.86 | B48       |
| C1001   | Jose Russell     | Zongluzui     | 1-(929)791-3183   | B48       | E59    | Janet Riley         | 62-(237)102-2731  |  100027.59 | B48       |
| C1001   | Jose Russell     | Zongluzui     | 1-(929)791-3183   | B48       | E6     | Ralph Franklin      | 385-(404)473-6180 |  287755.01 | B48       |
| C1001   | Jose Russell     | Zongluzui     | 1-(929)791-3183   | B48       | E8     | Phillip Burns       | 62-(154)696-3245  |  335128.54 | B48       |
| C1001   | Jose Russell     | Zongluzui     | 1-(929)791-3183   | B48       | E90    | Jason Hill          | 86-(818)772-9887  |   41926.84 | B48       |
| C1001   | Jose Russell     | Zongluzui     | 1-(929)791-3183   | B48       | E97    | Carolyn Dixon       | 86-(823)994-2737  |  434897.41 | B48       |
| C28     | Jacqueline Banks | Bayart Huxu   | 86-(444)169-9769  | B94       | E12    | Russell Medina      | 86-(954)906-6743  |  200865.34 | B94       |
| C28     | Jacqueline Banks | Bayart Huxu   | 86-(444)169-9769  | B94       | E3     | Louis Gardner       | 1-(208)832-3891   |  234357.75 | B94       |
| C28     | Jacqueline Banks | Bayart Huxu   | 86-(444)169-9769  | B94       | E39    | Karen Garza         | 7-(403)125-7249   |  363569.05 | B94       |
| C28     | Jacqueline Banks | Bayart Huxu   | 86-(444)169-9769  | B94       | E53    | Michelle Butler     | 33-(430)263-8076  |  478616.54 | B94       |
| C28     | Jacqueline Banks | Bayart Huxu   | 86-(444)169-9769  | B94       | E58    | Ralph Griffin       | 52-(937)691-6875  |  351387.73 | B94       |
| C28     | Jacqueline Banks | Bayart Huxu   | 86-(444)169-9769  | B94       | E67    | Christina Ferguson  | 389-(102)586-0096 |  441423.08 | B94       |
| C28     | Jacqueline Banks | Bayart Huxu   | 86-(444)169-9769  | B94       | E79    | Frances Evans       | 963-(443)559-9622 |  301598.27 | B94       |
| C28     | Jacqueline Banks | Bayart Huxu   | 86-(444)169-9769  | B94       | E88    | Jimmy Walker        | 48-(368)529-8825  |  365944.92 | B94       |
| C28     | Jacqueline Banks | Bayart Huxu   | 86-(444)169-9769  | B94       | E91    | Douglas Stephens    | 63-(698)162-6409  |   44423.65 | B94       |
| C28     | Jacqueline Banks | Bayart Huxu   | 86-(444)169-9769  | B94       | E95    | Joyce Lynch         | 389-(848)480-6039 |  134864.64 | B94       |
| C35     | Denise Smith     | Cochin        | 81-(719)767-3054  | B19       | E16    | Clarence Fernandez  | 47-(485)768-2551  |  498239.95 | B19       |
| C35     | Denise Smith     | Cochin        | 81-(719)767-3054  | B19       | E17    | Brandon Simmons     | 351-(441)730-4504 |  395290.44 | B19       |
| C35     | Denise Smith     | Cochin        | 81-(719)767-3054  | B19       | E40    | Charles Reid        | 30-(968)277-8775  |  215319.11 | B19       |
| C35     | Denise Smith     | Cochin        | 81-(719)767-3054  | B19       | E48    | Willie Sims         | 86-(148)584-1974  |  337823.41 | B19       |
| C35     | Denise Smith     | Cochin        | 81-(719)767-3054  | B19       | E66    | Fred Rogers         | 86-(821)589-1276  |  328605.23 | B19       |
| C35     | Denise Smith     | Cochin        | 81-(719)767-3054  | B19       | E7     | Lois Myers          | 62-(245)601-3784  |   48951.02 | B19       |
| C35     | Denise Smith     | Cochin        | 81-(719)767-3054  | B19       | E71    | Howard Rose         | 55-(466)346-1174  |  323047.25 | B19       |
| C35     | Denise Smith     | Cochin        | 81-(719)767-3054  | B19       | E72    | Willie Stewart      | 33-(526)530-3640  |  286188.48 | B19       |
| C35     | Denise Smith     | Cochin        | 81-(719)767-3054  | B19       | E791   | Paul Ford           | 963-(476)657-7681 |  169658.64 | B19       |
| C35     | Denise Smith     | Cochin        | 81-(719)767-3054  | B19       | E952   | Juan Hart           | 86-(495)823-9694  |  374521.50 | B19       |
| C36     | Brandon Harper   | Cochin        | 62-(997)846-0480  | B19       | E16    | Clarence Fernandez  | 47-(485)768-2551  |  498239.95 | B19       |
| C36     | Brandon Harper   | Cochin        | 62-(997)846-0480  | B19       | E17    | Brandon Simmons     | 351-(441)730-4504 |  395290.44 | B19       |
| C36     | Brandon Harper   | Cochin        | 62-(997)846-0480  | B19       | E40    | Charles Reid        | 30-(968)277-8775  |  215319.11 | B19       |
| C36     | Brandon Harper   | Cochin        | 62-(997)846-0480  | B19       | E48    | Willie Sims         | 86-(148)584-1974  |  337823.41 | B19       |
| C36     | Brandon Harper   | Cochin        | 62-(997)846-0480  | B19       | E66    | Fred Rogers         | 86-(821)589-1276  |  328605.23 | B19       |
| C36     | Brandon Harper   | Cochin        | 62-(997)846-0480  | B19       | E7     | Lois Myers          | 62-(245)601-3784  |   48951.02 | B19       |
| C36     | Brandon Harper   | Cochin        | 62-(997)846-0480  | B19       | E71    | Howard Rose         | 55-(466)346-1174  |  323047.25 | B19       |
| C36     | Brandon Harper   | Cochin        | 62-(997)846-0480  | B19       | E72    | Willie Stewart      | 33-(526)530-3640  |  286188.48 | B19       |
| C36     | Brandon Harper   | Cochin        | 62-(997)846-0480  | B19       | E791   | Paul Ford           | 963-(476)657-7681 |  169658.64 | B19       |
| C36     | Brandon Harper   | Cochin        | 62-(997)846-0480  | B19       | E952   | Juan Hart           | 86-(495)823-9694  |  374521.50 | B19       |
| C39     | Clarence Wheeler | Zongluzui     | 375-(809)935-2362 | B48       | E100   | Ashley Bryant       | 86-(485)633-2560  |  410726.99 | B48       |
| C39     | Clarence Wheeler | Zongluzui     | 375-(809)935-2362 | B48       | E11    | Heather Banks       | 86-(617)139-5943  |  448254.90 | B48       |
| C39     | Clarence Wheeler | Zongluzui     | 375-(809)935-2362 | B48       | E132   | Antonio Hunt        | 86-(720)696-3086  |  361834.06 | B48       |
| C39     | Clarence Wheeler | Zongluzui     | 375-(809)935-2362 | B48       | E30    | Sandra Kennedy      | 977-(763)877-0691 |  426283.74 | B48       |
| C39     | Clarence Wheeler | Zongluzui     | 375-(809)935-2362 | B48       | E43    | Lori West           | 86-(973)560-0113  |   32970.86 | B48       |
| C39     | Clarence Wheeler | Zongluzui     | 375-(809)935-2362 | B48       | E59    | Janet Riley         | 62-(237)102-2731  |  100027.59 | B48       |
| C39     | Clarence Wheeler | Zongluzui     | 375-(809)935-2362 | B48       | E6     | Ralph Franklin      | 385-(404)473-6180 |  287755.01 | B48       |
| C39     | Clarence Wheeler | Zongluzui     | 375-(809)935-2362 | B48       | E8     | Phillip Burns       | 62-(154)696-3245  |  335128.54 | B48       |
| C39     | Clarence Wheeler | Zongluzui     | 375-(809)935-2362 | B48       | E90    | Jason Hill          | 86-(818)772-9887  |   41926.84 | B48       |
| C39     | Clarence Wheeler | Zongluzui     | 375-(809)935-2362 | B48       | E97    | Carolyn Dixon       | 86-(823)994-2737  |  434897.41 | B48       |
| C4      | Ann Williams     | Cochin        | 591-(754)545-2911 | B19       | E16    | Clarence Fernandez  | 47-(485)768-2551  |  498239.95 | B19       |
| C4      | Ann Williams     | Cochin        | 591-(754)545-2911 | B19       | E17    | Brandon Simmons     | 351-(441)730-4504 |  395290.44 | B19       |
| C4      | Ann Williams     | Cochin        | 591-(754)545-2911 | B19       | E40    | Charles Reid        | 30-(968)277-8775  |  215319.11 | B19       |
| C4      | Ann Williams     | Cochin        | 591-(754)545-2911 | B19       | E48    | Willie Sims         | 86-(148)584-1974  |  337823.41 | B19       |
| C4      | Ann Williams     | Cochin        | 591-(754)545-2911 | B19       | E66    | Fred Rogers         | 86-(821)589-1276  |  328605.23 | B19       |
| C4      | Ann Williams     | Cochin        | 591-(754)545-2911 | B19       | E7     | Lois Myers          | 62-(245)601-3784  |   48951.02 | B19       |
| C4      | Ann Williams     | Cochin        | 591-(754)545-2911 | B19       | E71    | Howard Rose         | 55-(466)346-1174  |  323047.25 | B19       |
| C4      | Ann Williams     | Cochin        | 591-(754)545-2911 | B19       | E72    | Willie Stewart      | 33-(526)530-3640  |  286188.48 | B19       |
| C4      | Ann Williams     | Cochin        | 591-(754)545-2911 | B19       | E791   | Paul Ford           | 963-(476)657-7681 |  169658.64 | B19       |
| C4      | Ann Williams     | Cochin        | 591-(754)545-2911 | B19       | E952   | Juan Hart           | 86-(495)823-9694  |  374521.50 | B19       |
| C46     | Samuel Webb      | Zongluzui     | 98-(307)574-5626  | B48       | E100   | Ashley Bryant       | 86-(485)633-2560  |  410726.99 | B48       |
| C46     | Samuel Webb      | Zongluzui     | 98-(307)574-5626  | B48       | E11    | Heather Banks       | 86-(617)139-5943  |  448254.90 | B48       |
| C46     | Samuel Webb      | Zongluzui     | 98-(307)574-5626  | B48       | E132   | Antonio Hunt        | 86-(720)696-3086  |  361834.06 | B48       |
| C46     | Samuel Webb      | Zongluzui     | 98-(307)574-5626  | B48       | E30    | Sandra Kennedy      | 977-(763)877-0691 |  426283.74 | B48       |
| C46     | Samuel Webb      | Zongluzui     | 98-(307)574-5626  | B48       | E43    | Lori West           | 86-(973)560-0113  |   32970.86 | B48       |
| C46     | Samuel Webb      | Zongluzui     | 98-(307)574-5626  | B48       | E59    | Janet Riley         | 62-(237)102-2731  |  100027.59 | B48       |
| C46     | Samuel Webb      | Zongluzui     | 98-(307)574-5626  | B48       | E6     | Ralph Franklin      | 385-(404)473-6180 |  287755.01 | B48       |
| C46     | Samuel Webb      | Zongluzui     | 98-(307)574-5626  | B48       | E8     | Phillip Burns       | 62-(154)696-3245  |  335128.54 | B48       |
| C46     | Samuel Webb      | Zongluzui     | 98-(307)574-5626  | B48       | E90    | Jason Hill          | 86-(818)772-9887  |   41926.84 | B48       |
| C46     | Samuel Webb      | Zongluzui     | 98-(307)574-5626  | B48       | E97    | Carolyn Dixon       | 86-(823)994-2737  |  434897.41 | B48       |
| C49     | Michelle Lynch   | Cochin        | 46-(870)264-2826  | B19       | E16    | Clarence Fernandez  | 47-(485)768-2551  |  498239.95 | B19       |
| C49     | Michelle Lynch   | Cochin        | 46-(870)264-2826  | B19       | E17    | Brandon Simmons     | 351-(441)730-4504 |  395290.44 | B19       |
| C49     | Michelle Lynch   | Cochin        | 46-(870)264-2826  | B19       | E40    | Charles Reid        | 30-(968)277-8775  |  215319.11 | B19       |
| C49     | Michelle Lynch   | Cochin        | 46-(870)264-2826  | B19       | E48    | Willie Sims         | 86-(148)584-1974  |  337823.41 | B19       |
| C49     | Michelle Lynch   | Cochin        | 46-(870)264-2826  | B19       | E66    | Fred Rogers         | 86-(821)589-1276  |  328605.23 | B19       |
| C49     | Michelle Lynch   | Cochin        | 46-(870)264-2826  | B19       | E7     | Lois Myers          | 62-(245)601-3784  |   48951.02 | B19       |
| C49     | Michelle Lynch   | Cochin        | 46-(870)264-2826  | B19       | E71    | Howard Rose         | 55-(466)346-1174  |  323047.25 | B19       |
| C49     | Michelle Lynch   | Cochin        | 46-(870)264-2826  | B19       | E72    | Willie Stewart      | 33-(526)530-3640  |  286188.48 | B19       |
| C49     | Michelle Lynch   | Cochin        | 46-(870)264-2826  | B19       | E791   | Paul Ford           | 963-(476)657-7681 |  169658.64 | B19       |
| C49     | Michelle Lynch   | Cochin        | 46-(870)264-2826  | B19       | E952   | Juan Hart           | 86-(495)823-9694  |  374521.50 | B19       |
| C5      | Gary Ellis       | Visaginas     | 62-(854)550-6020  | B77       | E13    | Steven Hanson       | 52-(831)856-2972  |   82625.95 | B77       |
| C5      | Gary Ellis       | Visaginas     | 62-(854)550-6020  | B77       | E22    | Eugene Alvarez      | 86-(652)454-8846  |  309461.12 | B77       |
| C5      | Gary Ellis       | Visaginas     | 62-(854)550-6020  | B77       | E32    | Paula Riley         | 33-(383)762-7145  |  433685.53 | B77       |
| C5      | Gary Ellis       | Visaginas     | 62-(854)550-6020  | B77       | E41    | Marie Collins       | 1-(306)507-6247   |  415838.73 | B77       |
| C5      | Gary Ellis       | Visaginas     | 62-(854)550-6020  | B77       | E5     | Gregory Cruz        | 62-(135)239-9781  |  163140.68 | B77       |
| C5      | Gary Ellis       | Visaginas     | 62-(854)550-6020  | B77       | E75    | Jack Ramos          | 998-(309)261-0596 |   88354.65 | B77       |
| C5      | Gary Ellis       | Visaginas     | 62-(854)550-6020  | B77       | E78    | Scott Marshall      | 964-(789)540-2120 |  443816.21 | B77       |
| C5      | Gary Ellis       | Visaginas     | 62-(854)550-6020  | B77       | E81    | Jacqueline Sullivan | 62-(287)990-5525  |  293201.15 | B77       |
| C5      | Gary Ellis       | Visaginas     | 62-(854)550-6020  | B77       | E82    | Kenneth Hart        | 30-(850)284-8504  |  247096.71 | B77       |
| C5      | Gary Ellis       | Visaginas     | 62-(854)550-6020  | B77       | E92    | Howard Lewis        | 55-(986)271-6031  |  149374.06 | B77       |
| C50     | Keith Williamson | Visaginas     | 55-(327)534-8730  | B77       | E13    | Steven Hanson       | 52-(831)856-2972  |   82625.95 | B77       |
| C50     | Keith Williamson | Visaginas     | 55-(327)534-8730  | B77       | E22    | Eugene Alvarez      | 86-(652)454-8846  |  309461.12 | B77       |
| C50     | Keith Williamson | Visaginas     | 55-(327)534-8730  | B77       | E32    | Paula Riley         | 33-(383)762-7145  |  433685.53 | B77       |
| C50     | Keith Williamson | Visaginas     | 55-(327)534-8730  | B77       | E41    | Marie Collins       | 1-(306)507-6247   |  415838.73 | B77       |
| C50     | Keith Williamson | Visaginas     | 55-(327)534-8730  | B77       | E5     | Gregory Cruz        | 62-(135)239-9781  |  163140.68 | B77       |
| C50     | Keith Williamson | Visaginas     | 55-(327)534-8730  | B77       | E75    | Jack Ramos          | 998-(309)261-0596 |   88354.65 | B77       |
| C50     | Keith Williamson | Visaginas     | 55-(327)534-8730  | B77       | E78    | Scott Marshall      | 964-(789)540-2120 |  443816.21 | B77       |
| C50     | Keith Williamson | Visaginas     | 55-(327)534-8730  | B77       | E81    | Jacqueline Sullivan | 62-(287)990-5525  |  293201.15 | B77       |
| C50     | Keith Williamson | Visaginas     | 55-(327)534-8730  | B77       | E82    | Kenneth Hart        | 30-(850)284-8504  |  247096.71 | B77       |
| C50     | Keith Williamson | Visaginas     | 55-(327)534-8730  | B77       | E92    | Howard Lewis        | 55-(986)271-6031  |  149374.06 | B77       |
| C55     | Jerry Thomas     | Bayart Huxu   | 63-(258)799-6576  | B94       | E12    | Russell Medina      | 86-(954)906-6743  |  200865.34 | B94       |
| C55     | Jerry Thomas     | Bayart Huxu   | 63-(258)799-6576  | B94       | E3     | Louis Gardner       | 1-(208)832-3891   |  234357.75 | B94       |
| C55     | Jerry Thomas     | Bayart Huxu   | 63-(258)799-6576  | B94       | E39    | Karen Garza         | 7-(403)125-7249   |  363569.05 | B94       |
| C55     | Jerry Thomas     | Bayart Huxu   | 63-(258)799-6576  | B94       | E53    | Michelle Butler     | 33-(430)263-8076  |  478616.54 | B94       |
| C55     | Jerry Thomas     | Bayart Huxu   | 63-(258)799-6576  | B94       | E58    | Ralph Griffin       | 52-(937)691-6875  |  351387.73 | B94       |
| C55     | Jerry Thomas     | Bayart Huxu   | 63-(258)799-6576  | B94       | E67    | Christina Ferguson  | 389-(102)586-0096 |  441423.08 | B94       |
| C55     | Jerry Thomas     | Bayart Huxu   | 63-(258)799-6576  | B94       | E79    | Frances Evans       | 963-(443)559-9622 |  301598.27 | B94       |
| C55     | Jerry Thomas     | Bayart Huxu   | 63-(258)799-6576  | B94       | E88    | Jimmy Walker        | 48-(368)529-8825  |  365944.92 | B94       |
| C55     | Jerry Thomas     | Bayart Huxu   | 63-(258)799-6576  | B94       | E91    | Douglas Stephens    | 63-(698)162-6409  |   44423.65 | B94       |
| C55     | Jerry Thomas     | Bayart Huxu   | 63-(258)799-6576  | B94       | E95    | Joyce Lynch         | 389-(848)480-6039 |  134864.64 | B94       |
| C58     | Linda Powell     | Visaginas     | 33-(484)600-0252  | B77       | E13    | Steven Hanson       | 52-(831)856-2972  |   82625.95 | B77       |
| C58     | Linda Powell     | Visaginas     | 33-(484)600-0252  | B77       | E22    | Eugene Alvarez      | 86-(652)454-8846  |  309461.12 | B77       |
| C58     | Linda Powell     | Visaginas     | 33-(484)600-0252  | B77       | E32    | Paula Riley         | 33-(383)762-7145  |  433685.53 | B77       |
| C58     | Linda Powell     | Visaginas     | 33-(484)600-0252  | B77       | E41    | Marie Collins       | 1-(306)507-6247   |  415838.73 | B77       |
| C58     | Linda Powell     | Visaginas     | 33-(484)600-0252  | B77       | E5     | Gregory Cruz        | 62-(135)239-9781  |  163140.68 | B77       |
| C58     | Linda Powell     | Visaginas     | 33-(484)600-0252  | B77       | E75    | Jack Ramos          | 998-(309)261-0596 |   88354.65 | B77       |
| C58     | Linda Powell     | Visaginas     | 33-(484)600-0252  | B77       | E78    | Scott Marshall      | 964-(789)540-2120 |  443816.21 | B77       |
| C58     | Linda Powell     | Visaginas     | 33-(484)600-0252  | B77       | E81    | Jacqueline Sullivan | 62-(287)990-5525  |  293201.15 | B77       |
| C58     | Linda Powell     | Visaginas     | 33-(484)600-0252  | B77       | E82    | Kenneth Hart        | 30-(850)284-8504  |  247096.71 | B77       |
| C58     | Linda Powell     | Visaginas     | 33-(484)600-0252  | B77       | E92    | Howard Lewis        | 55-(986)271-6031  |  149374.06 | B77       |
| C60     | Anthony Perkins  | Zongluzui     | 251-(267)541-9832 | B48       | E100   | Ashley Bryant       | 86-(485)633-2560  |  410726.99 | B48       |
| C60     | Anthony Perkins  | Zongluzui     | 251-(267)541-9832 | B48       | E11    | Heather Banks       | 86-(617)139-5943  |  448254.90 | B48       |
| C60     | Anthony Perkins  | Zongluzui     | 251-(267)541-9832 | B48       | E132   | Antonio Hunt        | 86-(720)696-3086  |  361834.06 | B48       |
| C60     | Anthony Perkins  | Zongluzui     | 251-(267)541-9832 | B48       | E30    | Sandra Kennedy      | 977-(763)877-0691 |  426283.74 | B48       |
| C60     | Anthony Perkins  | Zongluzui     | 251-(267)541-9832 | B48       | E43    | Lori West           | 86-(973)560-0113  |   32970.86 | B48       |
| C60     | Anthony Perkins  | Zongluzui     | 251-(267)541-9832 | B48       | E59    | Janet Riley         | 62-(237)102-2731  |  100027.59 | B48       |
| C60     | Anthony Perkins  | Zongluzui     | 251-(267)541-9832 | B48       | E6     | Ralph Franklin      | 385-(404)473-6180 |  287755.01 | B48       |
| C60     | Anthony Perkins  | Zongluzui     | 251-(267)541-9832 | B48       | E8     | Phillip Burns       | 62-(154)696-3245  |  335128.54 | B48       |
| C60     | Anthony Perkins  | Zongluzui     | 251-(267)541-9832 | B48       | E90    | Jason Hill          | 86-(818)772-9887  |   41926.84 | B48       |
| C60     | Anthony Perkins  | Zongluzui     | 251-(267)541-9832 | B48       | E97    | Carolyn Dixon       | 86-(823)994-2737  |  434897.41 | B48       |
| C601    | Jane Hawkins     | Ernakulam     | 62-(348)906-4849  | B19       | E16    | Clarence Fernandez  | 47-(485)768-2551  |  498239.95 | B19       |
| C601    | Jane Hawkins     | Ernakulam     | 62-(348)906-4849  | B19       | E17    | Brandon Simmons     | 351-(441)730-4504 |  395290.44 | B19       |
| C601    | Jane Hawkins     | Ernakulam     | 62-(348)906-4849  | B19       | E40    | Charles Reid        | 30-(968)277-8775  |  215319.11 | B19       |
| C601    | Jane Hawkins     | Ernakulam     | 62-(348)906-4849  | B19       | E48    | Willie Sims         | 86-(148)584-1974  |  337823.41 | B19       |
| C601    | Jane Hawkins     | Ernakulam     | 62-(348)906-4849  | B19       | E66    | Fred Rogers         | 86-(821)589-1276  |  328605.23 | B19       |
| C601    | Jane Hawkins     | Ernakulam     | 62-(348)906-4849  | B19       | E7     | Lois Myers          | 62-(245)601-3784  |   48951.02 | B19       |
| C601    | Jane Hawkins     | Ernakulam     | 62-(348)906-4849  | B19       | E71    | Howard Rose         | 55-(466)346-1174  |  323047.25 | B19       |
| C601    | Jane Hawkins     | Ernakulam     | 62-(348)906-4849  | B19       | E72    | Willie Stewart      | 33-(526)530-3640  |  286188.48 | B19       |
| C601    | Jane Hawkins     | Ernakulam     | 62-(348)906-4849  | B19       | E791   | Paul Ford           | 963-(476)657-7681 |  169658.64 | B19       |
| C601    | Jane Hawkins     | Ernakulam     | 62-(348)906-4849  | B19       | E952   | Juan Hart           | 86-(495)823-9694  |  374521.50 | B19       |
| C62     | Phyllis Fields   | Bayart Huxu   | 63-(151)368-2467  | B94       | E12    | Russell Medina      | 86-(954)906-6743  |  200865.34 | B94       |
| C62     | Phyllis Fields   | Bayart Huxu   | 63-(151)368-2467  | B94       | E3     | Louis Gardner       | 1-(208)832-3891   |  234357.75 | B94       |
| C62     | Phyllis Fields   | Bayart Huxu   | 63-(151)368-2467  | B94       | E39    | Karen Garza         | 7-(403)125-7249   |  363569.05 | B94       |
| C62     | Phyllis Fields   | Bayart Huxu   | 63-(151)368-2467  | B94       | E53    | Michelle Butler     | 33-(430)263-8076  |  478616.54 | B94       |
| C62     | Phyllis Fields   | Bayart Huxu   | 63-(151)368-2467  | B94       | E58    | Ralph Griffin       | 52-(937)691-6875  |  351387.73 | B94       |
| C62     | Phyllis Fields   | Bayart Huxu   | 63-(151)368-2467  | B94       | E67    | Christina Ferguson  | 389-(102)586-0096 |  441423.08 | B94       |
| C62     | Phyllis Fields   | Bayart Huxu   | 63-(151)368-2467  | B94       | E79    | Frances Evans       | 963-(443)559-9622 |  301598.27 | B94       |
| C62     | Phyllis Fields   | Bayart Huxu   | 63-(151)368-2467  | B94       | E88    | Jimmy Walker        | 48-(368)529-8825  |  365944.92 | B94       |
| C62     | Phyllis Fields   | Bayart Huxu   | 63-(151)368-2467  | B94       | E91    | Douglas Stephens    | 63-(698)162-6409  |   44423.65 | B94       |
| C62     | Phyllis Fields   | Bayart Huxu   | 63-(151)368-2467  | B94       | E95    | Joyce Lynch         | 389-(848)480-6039 |  134864.64 | B94       |
| C69     | Andrea Burns     | Bayart Huxu   | 62-(779)237-0320  | B94       | E12    | Russell Medina      | 86-(954)906-6743  |  200865.34 | B94       |
| C69     | Andrea Burns     | Bayart Huxu   | 62-(779)237-0320  | B94       | E3     | Louis Gardner       | 1-(208)832-3891   |  234357.75 | B94       |
| C69     | Andrea Burns     | Bayart Huxu   | 62-(779)237-0320  | B94       | E39    | Karen Garza         | 7-(403)125-7249   |  363569.05 | B94       |
| C69     | Andrea Burns     | Bayart Huxu   | 62-(779)237-0320  | B94       | E53    | Michelle Butler     | 33-(430)263-8076  |  478616.54 | B94       |
| C69     | Andrea Burns     | Bayart Huxu   | 62-(779)237-0320  | B94       | E58    | Ralph Griffin       | 52-(937)691-6875  |  351387.73 | B94       |
| C69     | Andrea Burns     | Bayart Huxu   | 62-(779)237-0320  | B94       | E67    | Christina Ferguson  | 389-(102)586-0096 |  441423.08 | B94       |
| C69     | Andrea Burns     | Bayart Huxu   | 62-(779)237-0320  | B94       | E79    | Frances Evans       | 963-(443)559-9622 |  301598.27 | B94       |
| C69     | Andrea Burns     | Bayart Huxu   | 62-(779)237-0320  | B94       | E88    | Jimmy Walker        | 48-(368)529-8825  |  365944.92 | B94       |
| C69     | Andrea Burns     | Bayart Huxu   | 62-(779)237-0320  | B94       | E91    | Douglas Stephens    | 63-(698)162-6409  |   44423.65 | B94       |
| C69     | Andrea Burns     | Bayart Huxu   | 62-(779)237-0320  | B94       | E95    | Joyce Lynch         | 389-(848)480-6039 |  134864.64 | B94       |
| C70     | Nicholas Fox     | Visaginas     | 55-(946)617-3267  | B77       | E13    | Steven Hanson       | 52-(831)856-2972  |   82625.95 | B77       |
| C70     | Nicholas Fox     | Visaginas     | 55-(946)617-3267  | B77       | E22    | Eugene Alvarez      | 86-(652)454-8846  |  309461.12 | B77       |
| C70     | Nicholas Fox     | Visaginas     | 55-(946)617-3267  | B77       | E32    | Paula Riley         | 33-(383)762-7145  |  433685.53 | B77       |
| C70     | Nicholas Fox     | Visaginas     | 55-(946)617-3267  | B77       | E41    | Marie Collins       | 1-(306)507-6247   |  415838.73 | B77       |
| C70     | Nicholas Fox     | Visaginas     | 55-(946)617-3267  | B77       | E5     | Gregory Cruz        | 62-(135)239-9781  |  163140.68 | B77       |
| C70     | Nicholas Fox     | Visaginas     | 55-(946)617-3267  | B77       | E75    | Jack Ramos          | 998-(309)261-0596 |   88354.65 | B77       |
| C70     | Nicholas Fox     | Visaginas     | 55-(946)617-3267  | B77       | E78    | Scott Marshall      | 964-(789)540-2120 |  443816.21 | B77       |
| C70     | Nicholas Fox     | Visaginas     | 55-(946)617-3267  | B77       | E81    | Jacqueline Sullivan | 62-(287)990-5525  |  293201.15 | B77       |
| C70     | Nicholas Fox     | Visaginas     | 55-(946)617-3267  | B77       | E82    | Kenneth Hart        | 30-(850)284-8504  |  247096.71 | B77       |
| C70     | Nicholas Fox     | Visaginas     | 55-(946)617-3267  | B77       | E92    | Howard Lewis        | 55-(986)271-6031  |  149374.06 | B77       |
| C73     | Willie Perry     | Ernakulam     | 82-(325)354-8011  | B19       | E16    | Clarence Fernandez  | 47-(485)768-2551  |  498239.95 | B19       |
| C73     | Willie Perry     | Ernakulam     | 82-(325)354-8011  | B19       | E17    | Brandon Simmons     | 351-(441)730-4504 |  395290.44 | B19       |
| C73     | Willie Perry     | Ernakulam     | 82-(325)354-8011  | B19       | E40    | Charles Reid        | 30-(968)277-8775  |  215319.11 | B19       |
| C73     | Willie Perry     | Ernakulam     | 82-(325)354-8011  | B19       | E48    | Willie Sims         | 86-(148)584-1974  |  337823.41 | B19       |
| C73     | Willie Perry     | Ernakulam     | 82-(325)354-8011  | B19       | E66    | Fred Rogers         | 86-(821)589-1276  |  328605.23 | B19       |
| C73     | Willie Perry     | Ernakulam     | 82-(325)354-8011  | B19       | E7     | Lois Myers          | 62-(245)601-3784  |   48951.02 | B19       |
| C73     | Willie Perry     | Ernakulam     | 82-(325)354-8011  | B19       | E71    | Howard Rose         | 55-(466)346-1174  |  323047.25 | B19       |
| C73     | Willie Perry     | Ernakulam     | 82-(325)354-8011  | B19       | E72    | Willie Stewart      | 33-(526)530-3640  |  286188.48 | B19       |
| C73     | Willie Perry     | Ernakulam     | 82-(325)354-8011  | B19       | E791   | Paul Ford           | 963-(476)657-7681 |  169658.64 | B19       |
| C73     | Willie Perry     | Ernakulam     | 82-(325)354-8011  | B19       | E952   | Juan Hart           | 86-(495)823-9694  |  374521.50 | B19       |
| C76     | Ruth Lewis       | Visaginas     | 353-(557)346-9159 | B77       | E13    | Steven Hanson       | 52-(831)856-2972  |   82625.95 | B77       |
| C76     | Ruth Lewis       | Visaginas     | 353-(557)346-9159 | B77       | E22    | Eugene Alvarez      | 86-(652)454-8846  |  309461.12 | B77       |
| C76     | Ruth Lewis       | Visaginas     | 353-(557)346-9159 | B77       | E32    | Paula Riley         | 33-(383)762-7145  |  433685.53 | B77       |
| C76     | Ruth Lewis       | Visaginas     | 353-(557)346-9159 | B77       | E41    | Marie Collins       | 1-(306)507-6247   |  415838.73 | B77       |
| C76     | Ruth Lewis       | Visaginas     | 353-(557)346-9159 | B77       | E5     | Gregory Cruz        | 62-(135)239-9781  |  163140.68 | B77       |
| C76     | Ruth Lewis       | Visaginas     | 353-(557)346-9159 | B77       | E75    | Jack Ramos          | 998-(309)261-0596 |   88354.65 | B77       |
| C76     | Ruth Lewis       | Visaginas     | 353-(557)346-9159 | B77       | E78    | Scott Marshall      | 964-(789)540-2120 |  443816.21 | B77       |
| C76     | Ruth Lewis       | Visaginas     | 353-(557)346-9159 | B77       | E81    | Jacqueline Sullivan | 62-(287)990-5525  |  293201.15 | B77       |
| C76     | Ruth Lewis       | Visaginas     | 353-(557)346-9159 | B77       | E82    | Kenneth Hart        | 30-(850)284-8504  |  247096.71 | B77       |
| C76     | Ruth Lewis       | Visaginas     | 353-(557)346-9159 | B77       | E92    | Howard Lewis        | 55-(986)271-6031  |  149374.06 | B77       |
| C77     | Ernest Parker    | Ernakulam     | 33-(250)938-1271  | B19       | E16    | Clarence Fernandez  | 47-(485)768-2551  |  498239.95 | B19       |
| C77     | Ernest Parker    | Ernakulam     | 33-(250)938-1271  | B19       | E17    | Brandon Simmons     | 351-(441)730-4504 |  395290.44 | B19       |
| C77     | Ernest Parker    | Ernakulam     | 33-(250)938-1271  | B19       | E40    | Charles Reid        | 30-(968)277-8775  |  215319.11 | B19       |
| C77     | Ernest Parker    | Ernakulam     | 33-(250)938-1271  | B19       | E48    | Willie Sims         | 86-(148)584-1974  |  337823.41 | B19       |
| C77     | Ernest Parker    | Ernakulam     | 33-(250)938-1271  | B19       | E66    | Fred Rogers         | 86-(821)589-1276  |  328605.23 | B19       |
| C77     | Ernest Parker    | Ernakulam     | 33-(250)938-1271  | B19       | E7     | Lois Myers          | 62-(245)601-3784  |   48951.02 | B19       |
| C77     | Ernest Parker    | Ernakulam     | 33-(250)938-1271  | B19       | E71    | Howard Rose         | 55-(466)346-1174  |  323047.25 | B19       |
| C77     | Ernest Parker    | Ernakulam     | 33-(250)938-1271  | B19       | E72    | Willie Stewart      | 33-(526)530-3640  |  286188.48 | B19       |
| C77     | Ernest Parker    | Ernakulam     | 33-(250)938-1271  | B19       | E791   | Paul Ford           | 963-(476)657-7681 |  169658.64 | B19       |
| C77     | Ernest Parker    | Ernakulam     | 33-(250)938-1271  | B19       | E952   | Juan Hart           | 86-(495)823-9694  |  374521.50 | B19       |
| C78     | Stephen Burton   | Visaginas     | 62-(542)495-9051  | B77       | E13    | Steven Hanson       | 52-(831)856-2972  |   82625.95 | B77       |
| C78     | Stephen Burton   | Visaginas     | 62-(542)495-9051  | B77       | E22    | Eugene Alvarez      | 86-(652)454-8846  |  309461.12 | B77       |
| C78     | Stephen Burton   | Visaginas     | 62-(542)495-9051  | B77       | E32    | Paula Riley         | 33-(383)762-7145  |  433685.53 | B77       |
| C78     | Stephen Burton   | Visaginas     | 62-(542)495-9051  | B77       | E41    | Marie Collins       | 1-(306)507-6247   |  415838.73 | B77       |
| C78     | Stephen Burton   | Visaginas     | 62-(542)495-9051  | B77       | E5     | Gregory Cruz        | 62-(135)239-9781  |  163140.68 | B77       |
| C78     | Stephen Burton   | Visaginas     | 62-(542)495-9051  | B77       | E75    | Jack Ramos          | 998-(309)261-0596 |   88354.65 | B77       |
| C78     | Stephen Burton   | Visaginas     | 62-(542)495-9051  | B77       | E78    | Scott Marshall      | 964-(789)540-2120 |  443816.21 | B77       |
| C78     | Stephen Burton   | Visaginas     | 62-(542)495-9051  | B77       | E81    | Jacqueline Sullivan | 62-(287)990-5525  |  293201.15 | B77       |
| C78     | Stephen Burton   | Visaginas     | 62-(542)495-9051  | B77       | E82    | Kenneth Hart        | 30-(850)284-8504  |  247096.71 | B77       |
| C78     | Stephen Burton   | Visaginas     | 62-(542)495-9051  | B77       | E92    | Howard Lewis        | 55-(986)271-6031  |  149374.06 | B77       |
| C781    | Lawrence George  | Bayart Huxu   | 237-(780)837-5688 | B94       | E12    | Russell Medina      | 86-(954)906-6743  |  200865.34 | B94       |
| C781    | Lawrence George  | Bayart Huxu   | 237-(780)837-5688 | B94       | E3     | Louis Gardner       | 1-(208)832-3891   |  234357.75 | B94       |
| C781    | Lawrence George  | Bayart Huxu   | 237-(780)837-5688 | B94       | E39    | Karen Garza         | 7-(403)125-7249   |  363569.05 | B94       |
| C781    | Lawrence George  | Bayart Huxu   | 237-(780)837-5688 | B94       | E53    | Michelle Butler     | 33-(430)263-8076  |  478616.54 | B94       |
| C781    | Lawrence George  | Bayart Huxu   | 237-(780)837-5688 | B94       | E58    | Ralph Griffin       | 52-(937)691-6875  |  351387.73 | B94       |
| C781    | Lawrence George  | Bayart Huxu   | 237-(780)837-5688 | B94       | E67    | Christina Ferguson  | 389-(102)586-0096 |  441423.08 | B94       |
| C781    | Lawrence George  | Bayart Huxu   | 237-(780)837-5688 | B94       | E79    | Frances Evans       | 963-(443)559-9622 |  301598.27 | B94       |
| C781    | Lawrence George  | Bayart Huxu   | 237-(780)837-5688 | B94       | E88    | Jimmy Walker        | 48-(368)529-8825  |  365944.92 | B94       |
| C781    | Lawrence George  | Bayart Huxu   | 237-(780)837-5688 | B94       | E91    | Douglas Stephens    | 63-(698)162-6409  |   44423.65 | B94       |
| C781    | Lawrence George  | Bayart Huxu   | 237-(780)837-5688 | B94       | E95    | Joyce Lynch         | 389-(848)480-6039 |  134864.64 | B94       |
| C8      | Paul Riley       | Bayart Huxu   | 84-(549)962-5545  | B94       | E12    | Russell Medina      | 86-(954)906-6743  |  200865.34 | B94       |
| C8      | Paul Riley       | Bayart Huxu   | 84-(549)962-5545  | B94       | E3     | Louis Gardner       | 1-(208)832-3891   |  234357.75 | B94       |
| C8      | Paul Riley       | Bayart Huxu   | 84-(549)962-5545  | B94       | E39    | Karen Garza         | 7-(403)125-7249   |  363569.05 | B94       |
| C8      | Paul Riley       | Bayart Huxu   | 84-(549)962-5545  | B94       | E53    | Michelle Butler     | 33-(430)263-8076  |  478616.54 | B94       |
| C8      | Paul Riley       | Bayart Huxu   | 84-(549)962-5545  | B94       | E58    | Ralph Griffin       | 52-(937)691-6875  |  351387.73 | B94       |
| C8      | Paul Riley       | Bayart Huxu   | 84-(549)962-5545  | B94       | E67    | Christina Ferguson  | 389-(102)586-0096 |  441423.08 | B94       |
| C8      | Paul Riley       | Bayart Huxu   | 84-(549)962-5545  | B94       | E79    | Frances Evans       | 963-(443)559-9622 |  301598.27 | B94       |
| C8      | Paul Riley       | Bayart Huxu   | 84-(549)962-5545  | B94       | E88    | Jimmy Walker        | 48-(368)529-8825  |  365944.92 | B94       |
| C8      | Paul Riley       | Bayart Huxu   | 84-(549)962-5545  | B94       | E91    | Douglas Stephens    | 63-(698)162-6409  |   44423.65 | B94       |
| C8      | Paul Riley       | Bayart Huxu   | 84-(549)962-5545  | B94       | E95    | Joyce Lynch         | 389-(848)480-6039 |  134864.64 | B94       |
| C80     | Lori Peterson    | Zongluzui     | 33-(849)655-9007  | B48       | E100   | Ashley Bryant       | 86-(485)633-2560  |  410726.99 | B48       |
| C80     | Lori Peterson    | Zongluzui     | 33-(849)655-9007  | B48       | E11    | Heather Banks       | 86-(617)139-5943  |  448254.90 | B48       |
| C80     | Lori Peterson    | Zongluzui     | 33-(849)655-9007  | B48       | E132   | Antonio Hunt        | 86-(720)696-3086  |  361834.06 | B48       |
| C80     | Lori Peterson    | Zongluzui     | 33-(849)655-9007  | B48       | E30    | Sandra Kennedy      | 977-(763)877-0691 |  426283.74 | B48       |
| C80     | Lori Peterson    | Zongluzui     | 33-(849)655-9007  | B48       | E43    | Lori West           | 86-(973)560-0113  |   32970.86 | B48       |
| C80     | Lori Peterson    | Zongluzui     | 33-(849)655-9007  | B48       | E59    | Janet Riley         | 62-(237)102-2731  |  100027.59 | B48       |
| C80     | Lori Peterson    | Zongluzui     | 33-(849)655-9007  | B48       | E6     | Ralph Franklin      | 385-(404)473-6180 |  287755.01 | B48       |
| C80     | Lori Peterson    | Zongluzui     | 33-(849)655-9007  | B48       | E8     | Phillip Burns       | 62-(154)696-3245  |  335128.54 | B48       |
| C80     | Lori Peterson    | Zongluzui     | 33-(849)655-9007  | B48       | E90    | Jason Hill          | 86-(818)772-9887  |   41926.84 | B48       |
| C80     | Lori Peterson    | Zongluzui     | 33-(849)655-9007  | B48       | E97    | Carolyn Dixon       | 86-(823)994-2737  |  434897.41 | B48       |
| C86     | Julie Black      | Zongluzui     | 53-(775)359-0551  | B48       | E100   | Ashley Bryant       | 86-(485)633-2560  |  410726.99 | B48       |
| C86     | Julie Black      | Zongluzui     | 53-(775)359-0551  | B48       | E11    | Heather Banks       | 86-(617)139-5943  |  448254.90 | B48       |
| C86     | Julie Black      | Zongluzui     | 53-(775)359-0551  | B48       | E132   | Antonio Hunt        | 86-(720)696-3086  |  361834.06 | B48       |
| C86     | Julie Black      | Zongluzui     | 53-(775)359-0551  | B48       | E30    | Sandra Kennedy      | 977-(763)877-0691 |  426283.74 | B48       |
| C86     | Julie Black      | Zongluzui     | 53-(775)359-0551  | B48       | E43    | Lori West           | 86-(973)560-0113  |   32970.86 | B48       |
| C86     | Julie Black      | Zongluzui     | 53-(775)359-0551  | B48       | E59    | Janet Riley         | 62-(237)102-2731  |  100027.59 | B48       |
| C86     | Julie Black      | Zongluzui     | 53-(775)359-0551  | B48       | E6     | Ralph Franklin      | 385-(404)473-6180 |  287755.01 | B48       |
| C86     | Julie Black      | Zongluzui     | 53-(775)359-0551  | B48       | E8     | Phillip Burns       | 62-(154)696-3245  |  335128.54 | B48       |
| C86     | Julie Black      | Zongluzui     | 53-(775)359-0551  | B48       | E90    | Jason Hill          | 86-(818)772-9887  |   41926.84 | B48       |
| C86     | Julie Black      | Zongluzui     | 53-(775)359-0551  | B48       | E97    | Carolyn Dixon       | 86-(823)994-2737  |  434897.41 | B48       |
| C87     | Douglas Rogers   | Zongluzui     | 86-(616)572-1495  | B48       | E100   | Ashley Bryant       | 86-(485)633-2560  |  410726.99 | B48       |
| C87     | Douglas Rogers   | Zongluzui     | 86-(616)572-1495  | B48       | E11    | Heather Banks       | 86-(617)139-5943  |  448254.90 | B48       |
| C87     | Douglas Rogers   | Zongluzui     | 86-(616)572-1495  | B48       | E132   | Antonio Hunt        | 86-(720)696-3086  |  361834.06 | B48       |
| C87     | Douglas Rogers   | Zongluzui     | 86-(616)572-1495  | B48       | E30    | Sandra Kennedy      | 977-(763)877-0691 |  426283.74 | B48       |
| C87     | Douglas Rogers   | Zongluzui     | 86-(616)572-1495  | B48       | E43    | Lori West           | 86-(973)560-0113  |   32970.86 | B48       |
| C87     | Douglas Rogers   | Zongluzui     | 86-(616)572-1495  | B48       | E59    | Janet Riley         | 62-(237)102-2731  |  100027.59 | B48       |
| C87     | Douglas Rogers   | Zongluzui     | 86-(616)572-1495  | B48       | E6     | Ralph Franklin      | 385-(404)473-6180 |  287755.01 | B48       |
| C87     | Douglas Rogers   | Zongluzui     | 86-(616)572-1495  | B48       | E8     | Phillip Burns       | 62-(154)696-3245  |  335128.54 | B48       |
| C87     | Douglas Rogers   | Zongluzui     | 86-(616)572-1495  | B48       | E90    | Jason Hill          | 86-(818)772-9887  |   41926.84 | B48       |
| C87     | Douglas Rogers   | Zongluzui     | 86-(616)572-1495  | B48       | E97    | Carolyn Dixon       | 86-(823)994-2737  |  434897.41 | B48       |
| C9      | Theresa Fuller   | Visaginas     | 39-(237)791-7365  | B77       | E13    | Steven Hanson       | 52-(831)856-2972  |   82625.95 | B77       |
| C9      | Theresa Fuller   | Visaginas     | 39-(237)791-7365  | B77       | E22    | Eugene Alvarez      | 86-(652)454-8846  |  309461.12 | B77       |
| C9      | Theresa Fuller   | Visaginas     | 39-(237)791-7365  | B77       | E32    | Paula Riley         | 33-(383)762-7145  |  433685.53 | B77       |
| C9      | Theresa Fuller   | Visaginas     | 39-(237)791-7365  | B77       | E41    | Marie Collins       | 1-(306)507-6247   |  415838.73 | B77       |
| C9      | Theresa Fuller   | Visaginas     | 39-(237)791-7365  | B77       | E5     | Gregory Cruz        | 62-(135)239-9781  |  163140.68 | B77       |
| C9      | Theresa Fuller   | Visaginas     | 39-(237)791-7365  | B77       | E75    | Jack Ramos          | 998-(309)261-0596 |   88354.65 | B77       |
| C9      | Theresa Fuller   | Visaginas     | 39-(237)791-7365  | B77       | E78    | Scott Marshall      | 964-(789)540-2120 |  443816.21 | B77       |
| C9      | Theresa Fuller   | Visaginas     | 39-(237)791-7365  | B77       | E81    | Jacqueline Sullivan | 62-(287)990-5525  |  293201.15 | B77       |
| C9      | Theresa Fuller   | Visaginas     | 39-(237)791-7365  | B77       | E82    | Kenneth Hart        | 30-(850)284-8504  |  247096.71 | B77       |
| C9      | Theresa Fuller   | Visaginas     | 39-(237)791-7365  | B77       | E92    | Howard Lewis        | 55-(986)271-6031  |  149374.06 | B77       |
| C90     | Sandra Lawrence  | Cochin        | 66-(945)992-9241  | B19       | E16    | Clarence Fernandez  | 47-(485)768-2551  |  498239.95 | B19       |
| C90     | Sandra Lawrence  | Cochin        | 66-(945)992-9241  | B19       | E17    | Brandon Simmons     | 351-(441)730-4504 |  395290.44 | B19       |
| C90     | Sandra Lawrence  | Cochin        | 66-(945)992-9241  | B19       | E40    | Charles Reid        | 30-(968)277-8775  |  215319.11 | B19       |
| C90     | Sandra Lawrence  | Cochin        | 66-(945)992-9241  | B19       | E48    | Willie Sims         | 86-(148)584-1974  |  337823.41 | B19       |
| C90     | Sandra Lawrence  | Cochin        | 66-(945)992-9241  | B19       | E66    | Fred Rogers         | 86-(821)589-1276  |  328605.23 | B19       |
| C90     | Sandra Lawrence  | Cochin        | 66-(945)992-9241  | B19       | E7     | Lois Myers          | 62-(245)601-3784  |   48951.02 | B19       |
| C90     | Sandra Lawrence  | Cochin        | 66-(945)992-9241  | B19       | E71    | Howard Rose         | 55-(466)346-1174  |  323047.25 | B19       |
| C90     | Sandra Lawrence  | Cochin        | 66-(945)992-9241  | B19       | E72    | Willie Stewart      | 33-(526)530-3640  |  286188.48 | B19       |
| C90     | Sandra Lawrence  | Cochin        | 66-(945)992-9241  | B19       | E791   | Paul Ford           | 963-(476)657-7681 |  169658.64 | B19       |
| C90     | Sandra Lawrence  | Cochin        | 66-(945)992-9241  | B19       | E952   | Juan Hart           | 86-(495)823-9694  |  374521.50 | B19       |
| C96     | Amanda Crawford  | Cochin        | 62-(669)140-0363  | B19       | E16    | Clarence Fernandez  | 47-(485)768-2551  |  498239.95 | B19       |
| C96     | Amanda Crawford  | Cochin        | 62-(669)140-0363  | B19       | E17    | Brandon Simmons     | 351-(441)730-4504 |  395290.44 | B19       |
| C96     | Amanda Crawford  | Cochin        | 62-(669)140-0363  | B19       | E40    | Charles Reid        | 30-(968)277-8775  |  215319.11 | B19       |
| C96     | Amanda Crawford  | Cochin        | 62-(669)140-0363  | B19       | E48    | Willie Sims         | 86-(148)584-1974  |  337823.41 | B19       |
| C96     | Amanda Crawford  | Cochin        | 62-(669)140-0363  | B19       | E66    | Fred Rogers         | 86-(821)589-1276  |  328605.23 | B19       |
| C96     | Amanda Crawford  | Cochin        | 62-(669)140-0363  | B19       | E7     | Lois Myers          | 62-(245)601-3784  |   48951.02 | B19       |
| C96     | Amanda Crawford  | Cochin        | 62-(669)140-0363  | B19       | E71    | Howard Rose         | 55-(466)346-1174  |  323047.25 | B19       |
| C96     | Amanda Crawford  | Cochin        | 62-(669)140-0363  | B19       | E72    | Willie Stewart      | 33-(526)530-3640  |  286188.48 | B19       |
| C96     | Amanda Crawford  | Cochin        | 62-(669)140-0363  | B19       | E791   | Paul Ford           | 963-(476)657-7681 |  169658.64 | B19       |
| C96     | Amanda Crawford  | Cochin        | 62-(669)140-0363  | B19       | E952   | Juan Hart           | 86-(495)823-9694  |  374521.50 | B19       |
| C97     | Eric Stanley     | Bayart Huxu   | 55-(571)144-3237  | B94       | E12    | Russell Medina      | 86-(954)906-6743  |  200865.34 | B94       |
| C97     | Eric Stanley     | Bayart Huxu   | 55-(571)144-3237  | B94       | E3     | Louis Gardner       | 1-(208)832-3891   |  234357.75 | B94       |
| C97     | Eric Stanley     | Bayart Huxu   | 55-(571)144-3237  | B94       | E39    | Karen Garza         | 7-(403)125-7249   |  363569.05 | B94       |
| C97     | Eric Stanley     | Bayart Huxu   | 55-(571)144-3237  | B94       | E53    | Michelle Butler     | 33-(430)263-8076  |  478616.54 | B94       |
| C97     | Eric Stanley     | Bayart Huxu   | 55-(571)144-3237  | B94       | E58    | Ralph Griffin       | 52-(937)691-6875  |  351387.73 | B94       |
| C97     | Eric Stanley     | Bayart Huxu   | 55-(571)144-3237  | B94       | E67    | Christina Ferguson  | 389-(102)586-0096 |  441423.08 | B94       |
| C97     | Eric Stanley     | Bayart Huxu   | 55-(571)144-3237  | B94       | E79    | Frances Evans       | 963-(443)559-9622 |  301598.27 | B94       |
| C97     | Eric Stanley     | Bayart Huxu   | 55-(571)144-3237  | B94       | E88    | Jimmy Walker        | 48-(368)529-8825  |  365944.92 | B94       |
| C97     | Eric Stanley     | Bayart Huxu   | 55-(571)144-3237  | B94       | E91    | Douglas Stephens    | 63-(698)162-6409  |   44423.65 | B94       |
| C97     | Eric Stanley     | Bayart Huxu   | 55-(571)144-3237  | B94       | E95    | Joyce Lynch         | 389-(848)480-6039 |  134864.64 | B94       |
+---------+------------------+---------------+-------------------+-----------+--------+---------------------+-------------------+------------+-----------+
300 rows in set (0.00 sec)

mysql> select * from Employee;
+--------+---------------------+-------------------+------------+-----------+
| emp_id | emp_name            | emp_phone         | emp_salary | branch_id |
+--------+---------------------+-------------------+------------+-----------+
| E100   | Ashley Bryant       | 86-(485)633-2560  |  410726.99 | B48       |
| E11    | Heather Banks       | 86-(617)139-5943  |  448254.90 | B48       |
| E12    | Russell Medina      | 86-(954)906-6743  |  200865.34 | B94       |
| E13    | Steven Hanson       | 52-(831)856-2972  |   82625.95 | B77       |
| E132   | Antonio Hunt        | 86-(720)696-3086  |  361834.06 | B48       |
| E16    | Clarence Fernandez  | 47-(485)768-2551  |  498239.95 | B19       |
| E17    | Brandon Simmons     | 351-(441)730-4504 |  395290.44 | B19       |
| E22    | Eugene Alvarez      | 86-(652)454-8846  |  309461.12 | B77       |
| E3     | Louis Gardner       | 1-(208)832-3891   |  234357.75 | B94       |
| E30    | Sandra Kennedy      | 977-(763)877-0691 |  426283.74 | B48       |
| E32    | Paula Riley         | 33-(383)762-7145  |  433685.53 | B77       |
| E39    | Karen Garza         | 7-(403)125-7249   |  363569.05 | B94       |
| E40    | Charles Reid        | 30-(968)277-8775  |  215319.11 | B19       |
| E41    | Marie Collins       | 1-(306)507-6247   |  415838.73 | B77       |
| E43    | Lori West           | 86-(973)560-0113  |   32970.86 | B48       |
| E48    | Willie Sims         | 86-(148)584-1974  |  337823.41 | B19       |
| E5     | Gregory Cruz        | 62-(135)239-9781  |  163140.68 | B77       |
| E53    | Michelle Butler     | 33-(430)263-8076  |  478616.54 | B94       |
| E58    | Ralph Griffin       | 52-(937)691-6875  |  351387.73 | B94       |
| E59    | Janet Riley         | 62-(237)102-2731  |  100027.59 | B48       |
| E6     | Ralph Franklin      | 385-(404)473-6180 |  287755.01 | B48       |
| E66    | Fred Rogers         | 86-(821)589-1276  |  328605.23 | B19       |
| E67    | Christina Ferguson  | 389-(102)586-0096 |  441423.08 | B94       |
| E7     | Lois Myers          | 62-(245)601-3784  |   48951.02 | B19       |
| E71    | Howard Rose         | 55-(466)346-1174  |  323047.25 | B19       |
| E72    | Willie Stewart      | 33-(526)530-3640  |  286188.48 | B19       |
| E75    | Jack Ramos          | 998-(309)261-0596 |   88354.65 | B77       |
| E78    | Scott Marshall      | 964-(789)540-2120 |  443816.21 | B77       |
| E79    | Frances Evans       | 963-(443)559-9622 |  301598.27 | B94       |
| E791   | Paul Ford           | 963-(476)657-7681 |  169658.64 | B19       |
| E8     | Phillip Burns       | 62-(154)696-3245  |  335128.54 | B48       |
| E81    | Jacqueline Sullivan | 62-(287)990-5525  |  293201.15 | B77       |
| E82    | Kenneth Hart        | 30-(850)284-8504  |  247096.71 | B77       |
| E88    | Jimmy Walker        | 48-(368)529-8825  |  365944.92 | B94       |
| E90    | Jason Hill          | 86-(818)772-9887  |   41926.84 | B48       |
| E91    | Douglas Stephens    | 63-(698)162-6409  |   44423.65 | B94       |
| E92    | Howard Lewis        | 55-(986)271-6031  |  149374.06 | B77       |
| E95    | Joyce Lynch         | 389-(848)480-6039 |  134864.64 | B94       |
| E952   | Juan Hart           | 86-(495)823-9694  |  374521.50 | B19       |
| E97    | Carolyn Dixon       | 86-(823)994-2737  |  434897.41 | B48       |
+--------+---------------------+-------------------+------------+-----------+
40 rows in set (0.00 sec)

mysql> select * from Customerl;  ;
+---------+------------------+---------------+-------------------+-----------+
| cust_id | cust_name        | customer_city | cust_phone        | branch_id |
+---------+------------------+---------------+-------------------+-----------+
| C1001   | Jose Russell     | Zongluzui     | 1-(929)791-3183   | B48       |
| C28     | Jacqueline Banks | Bayart Huxu   | 86-(444)169-9769  | B94       |
| C35     | Denise Smith     | Cochin        | 81-(719)767-3054  | B19       |
| C36     | Brandon Harper   | Cochin        | 62-(997)846-0480  | B19       |
| C39     | Clarence Wheeler | Zongluzui     | 375-(809)935-2362 | B48       |
| C4      | Ann Williams     | Cochin        | 591-(754)545-2911 | B19       |
| C46     | Samuel Webb      | Zongluzui     | 98-(307)574-5626  | B48       |
| C49     | Michelle Lynch   | Cochin        | 46-(870)264-2826  | B19       |
| C5      | Gary Ellis       | Visaginas     | 62-(854)550-6020  | B77       |
| C50     | Keith Williamson | Visaginas     | 55-(327)534-8730  | B77       |
| C55     | Jerry Thomas     | Bayart Huxu   | 63-(258)799-6576  | B94       |
| C58     | Linda Powell     | Visaginas     | 33-(484)600-0252  | B77       |
| C60     | Anthony Perkins  | Zongluzui     | 251-(267)541-9832 | B48       |
| C601    | Jane Hawkins     | Ernakulam     | 62-(348)906-4849  | B19       |
| C62     | Phyllis Fields   | Bayart Huxu   | 63-(151)368-2467  | B94       |
| C69     | Andrea Burns     | Bayart Huxu   | 62-(779)237-0320  | B94       |
| C70     | Nicholas Fox     | Visaginas     | 55-(946)617-3267  | B77       |
| C73     | Willie Perry     | Ernakulam     | 82-(325)354-8011  | B19       |
| C76     | Ruth Lewis       | Visaginas     | 353-(557)346-9159 | B77       |
| C77     | Ernest Parker    | Ernakulam     | 33-(250)938-1271  | B19       |
| C78     | Stephen Burton   | Visaginas     | 62-(542)495-9051  | B77       |
| C781    | Lawrence George  | Bayart Huxu   | 237-(780)837-5688 | B94       |
| C8      | Paul Riley       | Bayart Huxu   | 84-(549)962-5545  | B94       |
| C80     | Lori Peterson    | Zongluzui     | 33-(849)655-9007  | B48       |
| C86     | Julie Black      | Zongluzui     | 53-(775)359-0551  | B48       |
| C87     | Douglas Rogers   | Zongluzui     | 86-(616)572-1495  | B48       |
| C9      | Theresa Fuller   | Visaginas     | 39-(237)791-7365  | B77       |
| C90     | Sandra Lawrence  | Cochin        | 66-(945)992-9241  | B19       |
| C96     | Amanda Crawford  | Cochin        | 62-(669)140-0363  | B19       |
| C97     | Eric Stanley     | Bayart Huxu   | 55-(571)144-3237  | B94       |
+---------+------------------+---------------+-------------------+-----------+
30 rows in set (0.00 sec)

mysql> select * from Customer;Employee;Customer inner join Employee on Customer.branch_id=Employee.branch_id;;
+---------+------------------+---------------+-------------------+-----------+--------+---------------------+-------------------+------------+-----------+
| cust_id | cust_name        | customer_city | cust_phone        | branch_id | emp_id | emp_name            | emp_phone         | emp_salary | branch_id |
+---------+------------------+---------------+-------------------+-----------+--------+---------------------+-------------------+------------+-----------+
| C1001   | Jose Russell     | Zongluzui     | 1-(929)791-3183   | B48       | E100   | Ashley Bryant       | 86-(485)633-2560  |  410726.99 | B48       |
| C1001   | Jose Russell     | Zongluzui     | 1-(929)791-3183   | B48       | E11    | Heather Banks       | 86-(617)139-5943  |  448254.90 | B48       |
| C1001   | Jose Russell     | Zongluzui     | 1-(929)791-3183   | B48       | E132   | Antonio Hunt        | 86-(720)696-3086  |  361834.06 | B48       |
| C1001   | Jose Russell     | Zongluzui     | 1-(929)791-3183   | B48       | E30    | Sandra Kennedy      | 977-(763)877-0691 |  426283.74 | B48       |
| C1001   | Jose Russell     | Zongluzui     | 1-(929)791-3183   | B48       | E43    | Lori West           | 86-(973)560-0113  |   32970.86 | B48       |
| C1001   | Jose Russell     | Zongluzui     | 1-(929)791-3183   | B48       | E59    | Janet Riley         | 62-(237)102-2731  |  100027.59 | B48       |
| C1001   | Jose Russell     | Zongluzui     | 1-(929)791-3183   | B48       | E6     | Ralph Franklin      | 385-(404)473-6180 |  287755.01 | B48       |
| C1001   | Jose Russell     | Zongluzui     | 1-(929)791-3183   | B48       | E8     | Phillip Burns       | 62-(154)696-3245  |  335128.54 | B48       |
| C1001   | Jose Russell     | Zongluzui     | 1-(929)791-3183   | B48       | E90    | Jason Hill          | 86-(818)772-9887  |   41926.84 | B48       |
| C1001   | Jose Russell     | Zongluzui     | 1-(929)791-3183   | B48       | E97    | Carolyn Dixon       | 86-(823)994-2737  |  434897.41 | B48       |
| C28     | Jacqueline Banks | Bayart Huxu   | 86-(444)169-9769  | B94       | E12    | Russell Medina      | 86-(954)906-6743  |  200865.34 | B94       |
| C28     | Jacqueline Banks | Bayart Huxu   | 86-(444)169-9769  | B94       | E3     | Louis Gardner       | 1-(208)832-3891   |  234357.75 | B94       |
| C28     | Jacqueline Banks | Bayart Huxu   | 86-(444)169-9769  | B94       | E39    | Karen Garza         | 7-(403)125-7249   |  363569.05 | B94       |
| C28     | Jacqueline Banks | Bayart Huxu   | 86-(444)169-9769  | B94       | E53    | Michelle Butler     | 33-(430)263-8076  |  478616.54 | B94       |
| C28     | Jacqueline Banks | Bayart Huxu   | 86-(444)169-9769  | B94       | E58    | Ralph Griffin       | 52-(937)691-6875  |  351387.73 | B94       |
| C28     | Jacqueline Banks | Bayart Huxu   | 86-(444)169-9769  | B94       | E67    | Christina Ferguson  | 389-(102)586-0096 |  441423.08 | B94       |
| C28     | Jacqueline Banks | Bayart Huxu   | 86-(444)169-9769  | B94       | E79    | Frances Evans       | 963-(443)559-9622 |  301598.27 | B94       |
| C28     | Jacqueline Banks | Bayart Huxu   | 86-(444)169-9769  | B94       | E88    | Jimmy Walker        | 48-(368)529-8825  |  365944.92 | B94       |
| C28     | Jacqueline Banks | Bayart Huxu   | 86-(444)169-9769  | B94       | E91    | Douglas Stephens    | 63-(698)162-6409  |   44423.65 | B94       |
| C28     | Jacqueline Banks | Bayart Huxu   | 86-(444)169-9769  | B94       | E95    | Joyce Lynch         | 389-(848)480-6039 |  134864.64 | B94       |
| C35     | Denise Smith     | Cochin        | 81-(719)767-3054  | B19       | E16    | Clarence Fernandez  | 47-(485)768-2551  |  498239.95 | B19       |
| C35     | Denise Smith     | Cochin        | 81-(719)767-3054  | B19       | E17    | Brandon Simmons     | 351-(441)730-4504 |  395290.44 | B19       |
| C35     | Denise Smith     | Cochin        | 81-(719)767-3054  | B19       | E40    | Charles Reid        | 30-(968)277-8775  |  215319.11 | B19       |
| C35     | Denise Smith     | Cochin        | 81-(719)767-3054  | B19       | E48    | Willie Sims         | 86-(148)584-1974  |  337823.41 | B19       |
| C35     | Denise Smith     | Cochin        | 81-(719)767-3054  | B19       | E66    | Fred Rogers         | 86-(821)589-1276  |  328605.23 | B19       |
| C35     | Denise Smith     | Cochin        | 81-(719)767-3054  | B19       | E7     | Lois Myers          | 62-(245)601-3784  |   48951.02 | B19       |
| C35     | Denise Smith     | Cochin        | 81-(719)767-3054  | B19       | E71    | Howard Rose         | 55-(466)346-1174  |  323047.25 | B19       |
| C35     | Denise Smith     | Cochin        | 81-(719)767-3054  | B19       | E72    | Willie Stewart      | 33-(526)530-3640  |  286188.48 | B19       |
| C35     | Denise Smith     | Cochin        | 81-(719)767-3054  | B19       | E791   | Paul Ford           | 963-(476)657-7681 |  169658.64 | B19       |
| C35     | Denise Smith     | Cochin        | 81-(719)767-3054  | B19       | E952   | Juan Hart           | 86-(495)823-9694  |  374521.50 | B19       |
| C36     | Brandon Harper   | Cochin        | 62-(997)846-0480  | B19       | E16    | Clarence Fernandez  | 47-(485)768-2551  |  498239.95 | B19       |
| C36     | Brandon Harper   | Cochin        | 62-(997)846-0480  | B19       | E17    | Brandon Simmons     | 351-(441)730-4504 |  395290.44 | B19       |
| C36     | Brandon Harper   | Cochin        | 62-(997)846-0480  | B19       | E40    | Charles Reid        | 30-(968)277-8775  |  215319.11 | B19       |
| C36     | Brandon Harper   | Cochin        | 62-(997)846-0480  | B19       | E48    | Willie Sims         | 86-(148)584-1974  |  337823.41 | B19       |
| C36     | Brandon Harper   | Cochin        | 62-(997)846-0480  | B19       | E66    | Fred Rogers         | 86-(821)589-1276  |  328605.23 | B19       |
| C36     | Brandon Harper   | Cochin        | 62-(997)846-0480  | B19       | E7     | Lois Myers          | 62-(245)601-3784  |   48951.02 | B19       |
| C36     | Brandon Harper   | Cochin        | 62-(997)846-0480  | B19       | E71    | Howard Rose         | 55-(466)346-1174  |  323047.25 | B19       |
| C36     | Brandon Harper   | Cochin        | 62-(997)846-0480  | B19       | E72    | Willie Stewart      | 33-(526)530-3640  |  286188.48 | B19       |
| C36     | Brandon Harper   | Cochin        | 62-(997)846-0480  | B19       | E791   | Paul Ford           | 963-(476)657-7681 |  169658.64 | B19       |
| C36     | Brandon Harper   | Cochin        | 62-(997)846-0480  | B19       | E952   | Juan Hart           | 86-(495)823-9694  |  374521.50 | B19       |
| C39     | Clarence Wheeler | Zongluzui     | 375-(809)935-2362 | B48       | E100   | Ashley Bryant       | 86-(485)633-2560  |  410726.99 | B48       |
| C39     | Clarence Wheeler | Zongluzui     | 375-(809)935-2362 | B48       | E11    | Heather Banks       | 86-(617)139-5943  |  448254.90 | B48       |
| C39     | Clarence Wheeler | Zongluzui     | 375-(809)935-2362 | B48       | E132   | Antonio Hunt        | 86-(720)696-3086  |  361834.06 | B48       |
| C39     | Clarence Wheeler | Zongluzui     | 375-(809)935-2362 | B48       | E30    | Sandra Kennedy      | 977-(763)877-0691 |  426283.74 | B48       |
| C39     | Clarence Wheeler | Zongluzui     | 375-(809)935-2362 | B48       | E43    | Lori West           | 86-(973)560-0113  |   32970.86 | B48       |
| C39     | Clarence Wheeler | Zongluzui     | 375-(809)935-2362 | B48       | E59    | Janet Riley         | 62-(237)102-2731  |  100027.59 | B48       |
| C39     | Clarence Wheeler | Zongluzui     | 375-(809)935-2362 | B48       | E6     | Ralph Franklin      | 385-(404)473-6180 |  287755.01 | B48       |
| C39     | Clarence Wheeler | Zongluzui     | 375-(809)935-2362 | B48       | E8     | Phillip Burns       | 62-(154)696-3245  |  335128.54 | B48       |
| C39     | Clarence Wheeler | Zongluzui     | 375-(809)935-2362 | B48       | E90    | Jason Hill          | 86-(818)772-9887  |   41926.84 | B48       |
| C39     | Clarence Wheeler | Zongluzui     | 375-(809)935-2362 | B48       | E97    | Carolyn Dixon       | 86-(823)994-2737  |  434897.41 | B48       |
| C4      | Ann Williams     | Cochin        | 591-(754)545-2911 | B19       | E16    | Clarence Fernandez  | 47-(485)768-2551  |  498239.95 | B19       |
| C4      | Ann Williams     | Cochin        | 591-(754)545-2911 | B19       | E17    | Brandon Simmons     | 351-(441)730-4504 |  395290.44 | B19       |
| C4      | Ann Williams     | Cochin        | 591-(754)545-2911 | B19       | E40    | Charles Reid        | 30-(968)277-8775  |  215319.11 | B19       |
| C4      | Ann Williams     | Cochin        | 591-(754)545-2911 | B19       | E48    | Willie Sims         | 86-(148)584-1974  |  337823.41 | B19       |
| C4      | Ann Williams     | Cochin        | 591-(754)545-2911 | B19       | E66    | Fred Rogers         | 86-(821)589-1276  |  328605.23 | B19       |
| C4      | Ann Williams     | Cochin        | 591-(754)545-2911 | B19       | E7     | Lois Myers          | 62-(245)601-3784  |   48951.02 | B19       |
| C4      | Ann Williams     | Cochin        | 591-(754)545-2911 | B19       | E71    | Howard Rose         | 55-(466)346-1174  |  323047.25 | B19       |
| C4      | Ann Williams     | Cochin        | 591-(754)545-2911 | B19       | E72    | Willie Stewart      | 33-(526)530-3640  |  286188.48 | B19       |
| C4      | Ann Williams     | Cochin        | 591-(754)545-2911 | B19       | E791   | Paul Ford           | 963-(476)657-7681 |  169658.64 | B19       |
| C4      | Ann Williams     | Cochin        | 591-(754)545-2911 | B19       | E952   | Juan Hart           | 86-(495)823-9694  |  374521.50 | B19       |
| C46     | Samuel Webb      | Zongluzui     | 98-(307)574-5626  | B48       | E100   | Ashley Bryant       | 86-(485)633-2560  |  410726.99 | B48       |
| C46     | Samuel Webb      | Zongluzui     | 98-(307)574-5626  | B48       | E11    | Heather Banks       | 86-(617)139-5943  |  448254.90 | B48       |
| C46     | Samuel Webb      | Zongluzui     | 98-(307)574-5626  | B48       | E132   | Antonio Hunt        | 86-(720)696-3086  |  361834.06 | B48       |
| C46     | Samuel Webb      | Zongluzui     | 98-(307)574-5626  | B48       | E30    | Sandra Kennedy      | 977-(763)877-0691 |  426283.74 | B48       |
| C46     | Samuel Webb      | Zongluzui     | 98-(307)574-5626  | B48       | E43    | Lori West           | 86-(973)560-0113  |   32970.86 | B48       |
| C46     | Samuel Webb      | Zongluzui     | 98-(307)574-5626  | B48       | E59    | Janet Riley         | 62-(237)102-2731  |  100027.59 | B48       |
| C46     | Samuel Webb      | Zongluzui     | 98-(307)574-5626  | B48       | E6     | Ralph Franklin      | 385-(404)473-6180 |  287755.01 | B48       |
| C46     | Samuel Webb      | Zongluzui     | 98-(307)574-5626  | B48       | E8     | Phillip Burns       | 62-(154)696-3245  |  335128.54 | B48       |
| C46     | Samuel Webb      | Zongluzui     | 98-(307)574-5626  | B48       | E90    | Jason Hill          | 86-(818)772-9887  |   41926.84 | B48       |
| C46     | Samuel Webb      | Zongluzui     | 98-(307)574-5626  | B48       | E97    | Carolyn Dixon       | 86-(823)994-2737  |  434897.41 | B48       |
| C49     | Michelle Lynch   | Cochin        | 46-(870)264-2826  | B19       | E16    | Clarence Fernandez  | 47-(485)768-2551  |  498239.95 | B19       |
| C49     | Michelle Lynch   | Cochin        | 46-(870)264-2826  | B19       | E17    | Brandon Simmons     | 351-(441)730-4504 |  395290.44 | B19       |
| C49     | Michelle Lynch   | Cochin        | 46-(870)264-2826  | B19       | E40    | Charles Reid        | 30-(968)277-8775  |  215319.11 | B19       |
| C49     | Michelle Lynch   | Cochin        | 46-(870)264-2826  | B19       | E48    | Willie Sims         | 86-(148)584-1974  |  337823.41 | B19       |
| C49     | Michelle Lynch   | Cochin        | 46-(870)264-2826  | B19       | E66    | Fred Rogers         | 86-(821)589-1276  |  328605.23 | B19       |
| C49     | Michelle Lynch   | Cochin        | 46-(870)264-2826  | B19       | E7     | Lois Myers          | 62-(245)601-3784  |   48951.02 | B19       |
| C49     | Michelle Lynch   | Cochin        | 46-(870)264-2826  | B19       | E71    | Howard Rose         | 55-(466)346-1174  |  323047.25 | B19       |
| C49     | Michelle Lynch   | Cochin        | 46-(870)264-2826  | B19       | E72    | Willie Stewart      | 33-(526)530-3640  |  286188.48 | B19       |
| C49     | Michelle Lynch   | Cochin        | 46-(870)264-2826  | B19       | E791   | Paul Ford           | 963-(476)657-7681 |  169658.64 | B19       |
| C49     | Michelle Lynch   | Cochin        | 46-(870)264-2826  | B19       | E952   | Juan Hart           | 86-(495)823-9694  |  374521.50 | B19       |
| C5      | Gary Ellis       | Visaginas     | 62-(854)550-6020  | B77       | E13    | Steven Hanson       | 52-(831)856-2972  |   82625.95 | B77       |
| C5      | Gary Ellis       | Visaginas     | 62-(854)550-6020  | B77       | E22    | Eugene Alvarez      | 86-(652)454-8846  |  309461.12 | B77       |
| C5      | Gary Ellis       | Visaginas     | 62-(854)550-6020  | B77       | E32    | Paula Riley         | 33-(383)762-7145  |  433685.53 | B77       |
| C5      | Gary Ellis       | Visaginas     | 62-(854)550-6020  | B77       | E41    | Marie Collins       | 1-(306)507-6247   |  415838.73 | B77       |
| C5      | Gary Ellis       | Visaginas     | 62-(854)550-6020  | B77       | E5     | Gregory Cruz        | 62-(135)239-9781  |  163140.68 | B77       |
| C5      | Gary Ellis       | Visaginas     | 62-(854)550-6020  | B77       | E75    | Jack Ramos          | 998-(309)261-0596 |   88354.65 | B77       |
| C5      | Gary Ellis       | Visaginas     | 62-(854)550-6020  | B77       | E78    | Scott Marshall      | 964-(789)540-2120 |  443816.21 | B77       |
| C5      | Gary Ellis       | Visaginas     | 62-(854)550-6020  | B77       | E81    | Jacqueline Sullivan | 62-(287)990-5525  |  293201.15 | B77       |
| C5      | Gary Ellis       | Visaginas     | 62-(854)550-6020  | B77       | E82    | Kenneth Hart        | 30-(850)284-8504  |  247096.71 | B77       |
| C5      | Gary Ellis       | Visaginas     | 62-(854)550-6020  | B77       | E92    | Howard Lewis        | 55-(986)271-6031  |  149374.06 | B77       |
| C50     | Keith Williamson | Visaginas     | 55-(327)534-8730  | B77       | E13    | Steven Hanson       | 52-(831)856-2972  |   82625.95 | B77       |
| C50     | Keith Williamson | Visaginas     | 55-(327)534-8730  | B77       | E22    | Eugene Alvarez      | 86-(652)454-8846  |  309461.12 | B77       |
| C50     | Keith Williamson | Visaginas     | 55-(327)534-8730  | B77       | E32    | Paula Riley         | 33-(383)762-7145  |  433685.53 | B77       |
| C50     | Keith Williamson | Visaginas     | 55-(327)534-8730  | B77       | E41    | Marie Collins       | 1-(306)507-6247   |  415838.73 | B77       |
| C50     | Keith Williamson | Visaginas     | 55-(327)534-8730  | B77       | E5     | Gregory Cruz        | 62-(135)239-9781  |  163140.68 | B77       |
| C50     | Keith Williamson | Visaginas     | 55-(327)534-8730  | B77       | E75    | Jack Ramos          | 998-(309)261-0596 |   88354.65 | B77       |
| C50     | Keith Williamson | Visaginas     | 55-(327)534-8730  | B77       | E78    | Scott Marshall      | 964-(789)540-2120 |  443816.21 | B77       |
| C50     | Keith Williamson | Visaginas     | 55-(327)534-8730  | B77       | E81    | Jacqueline Sullivan | 62-(287)990-5525  |  293201.15 | B77       |
| C50     | Keith Williamson | Visaginas     | 55-(327)534-8730  | B77       | E82    | Kenneth Hart        | 30-(850)284-8504  |  247096.71 | B77       |
| C50     | Keith Williamson | Visaginas     | 55-(327)534-8730  | B77       | E92    | Howard Lewis        | 55-(986)271-6031  |  149374.06 | B77       |
| C55     | Jerry Thomas     | Bayart Huxu   | 63-(258)799-6576  | B94       | E12    | Russell Medina      | 86-(954)906-6743  |  200865.34 | B94       |
| C55     | Jerry Thomas     | Bayart Huxu   | 63-(258)799-6576  | B94       | E3     | Louis Gardner       | 1-(208)832-3891   |  234357.75 | B94       |
| C55     | Jerry Thomas     | Bayart Huxu   | 63-(258)799-6576  | B94       | E39    | Karen Garza         | 7-(403)125-7249   |  363569.05 | B94       |
| C55     | Jerry Thomas     | Bayart Huxu   | 63-(258)799-6576  | B94       | E53    | Michelle Butler     | 33-(430)263-8076  |  478616.54 | B94       |
| C55     | Jerry Thomas     | Bayart Huxu   | 63-(258)799-6576  | B94       | E58    | Ralph Griffin       | 52-(937)691-6875  |  351387.73 | B94       |
| C55     | Jerry Thomas     | Bayart Huxu   | 63-(258)799-6576  | B94       | E67    | Christina Ferguson  | 389-(102)586-0096 |  441423.08 | B94       |
| C55     | Jerry Thomas     | Bayart Huxu   | 63-(258)799-6576  | B94       | E79    | Frances Evans       | 963-(443)559-9622 |  301598.27 | B94       |
| C55     | Jerry Thomas     | Bayart Huxu   | 63-(258)799-6576  | B94       | E88    | Jimmy Walker        | 48-(368)529-8825  |  365944.92 | B94       |
| C55     | Jerry Thomas     | Bayart Huxu   | 63-(258)799-6576  | B94       | E91    | Douglas Stephens    | 63-(698)162-6409  |   44423.65 | B94       |
| C55     | Jerry Thomas     | Bayart Huxu   | 63-(258)799-6576  | B94       | E95    | Joyce Lynch         | 389-(848)480-6039 |  134864.64 | B94       |
| C58     | Linda Powell     | Visaginas     | 33-(484)600-0252  | B77       | E13    | Steven Hanson       | 52-(831)856-2972  |   82625.95 | B77       |
| C58     | Linda Powell     | Visaginas     | 33-(484)600-0252  | B77       | E22    | Eugene Alvarez      | 86-(652)454-8846  |  309461.12 | B77       |
| C58     | Linda Powell     | Visaginas     | 33-(484)600-0252  | B77       | E32    | Paula Riley         | 33-(383)762-7145  |  433685.53 | B77       |
| C58     | Linda Powell     | Visaginas     | 33-(484)600-0252  | B77       | E41    | Marie Collins       | 1-(306)507-6247   |  415838.73 | B77       |
| C58     | Linda Powell     | Visaginas     | 33-(484)600-0252  | B77       | E5     | Gregory Cruz        | 62-(135)239-9781  |  163140.68 | B77       |
| C58     | Linda Powell     | Visaginas     | 33-(484)600-0252  | B77       | E75    | Jack Ramos          | 998-(309)261-0596 |   88354.65 | B77       |
| C58     | Linda Powell     | Visaginas     | 33-(484)600-0252  | B77       | E78    | Scott Marshall      | 964-(789)540-2120 |  443816.21 | B77       |
| C58     | Linda Powell     | Visaginas     | 33-(484)600-0252  | B77       | E81    | Jacqueline Sullivan | 62-(287)990-5525  |  293201.15 | B77       |
| C58     | Linda Powell     | Visaginas     | 33-(484)600-0252  | B77       | E82    | Kenneth Hart        | 30-(850)284-8504  |  247096.71 | B77       |
| C58     | Linda Powell     | Visaginas     | 33-(484)600-0252  | B77       | E92    | Howard Lewis        | 55-(986)271-6031  |  149374.06 | B77       |
| C60     | Anthony Perkins  | Zongluzui     | 251-(267)541-9832 | B48       | E100   | Ashley Bryant       | 86-(485)633-2560  |  410726.99 | B48       |
| C60     | Anthony Perkins  | Zongluzui     | 251-(267)541-9832 | B48       | E11    | Heather Banks       | 86-(617)139-5943  |  448254.90 | B48       |
| C60     | Anthony Perkins  | Zongluzui     | 251-(267)541-9832 | B48       | E132   | Antonio Hunt        | 86-(720)696-3086  |  361834.06 | B48       |
| C60     | Anthony Perkins  | Zongluzui     | 251-(267)541-9832 | B48       | E30    | Sandra Kennedy      | 977-(763)877-0691 |  426283.74 | B48       |
| C60     | Anthony Perkins  | Zongluzui     | 251-(267)541-9832 | B48       | E43    | Lori West           | 86-(973)560-0113  |   32970.86 | B48       |
| C60     | Anthony Perkins  | Zongluzui     | 251-(267)541-9832 | B48       | E59    | Janet Riley         | 62-(237)102-2731  |  100027.59 | B48       |
| C60     | Anthony Perkins  | Zongluzui     | 251-(267)541-9832 | B48       | E6     | Ralph Franklin      | 385-(404)473-6180 |  287755.01 | B48       |
| C60     | Anthony Perkins  | Zongluzui     | 251-(267)541-9832 | B48       | E8     | Phillip Burns       | 62-(154)696-3245  |  335128.54 | B48       |
| C60     | Anthony Perkins  | Zongluzui     | 251-(267)541-9832 | B48       | E90    | Jason Hill          | 86-(818)772-9887  |   41926.84 | B48       |
| C60     | Anthony Perkins  | Zongluzui     | 251-(267)541-9832 | B48       | E97    | Carolyn Dixon       | 86-(823)994-2737  |  434897.41 | B48       |
| C601    | Jane Hawkins     | Ernakulam     | 62-(348)906-4849  | B19       | E16    | Clarence Fernandez  | 47-(485)768-2551  |  498239.95 | B19       |
| C601    | Jane Hawkins     | Ernakulam     | 62-(348)906-4849  | B19       | E17    | Brandon Simmons     | 351-(441)730-4504 |  395290.44 | B19       |
| C601    | Jane Hawkins     | Ernakulam     | 62-(348)906-4849  | B19       | E40    | Charles Reid        | 30-(968)277-8775  |  215319.11 | B19       |
| C601    | Jane Hawkins     | Ernakulam     | 62-(348)906-4849  | B19       | E48    | Willie Sims         | 86-(148)584-1974  |  337823.41 | B19       |
| C601    | Jane Hawkins     | Ernakulam     | 62-(348)906-4849  | B19       | E66    | Fred Rogers         | 86-(821)589-1276  |  328605.23 | B19       |
| C601    | Jane Hawkins     | Ernakulam     | 62-(348)906-4849  | B19       | E7     | Lois Myers          | 62-(245)601-3784  |   48951.02 | B19       |
| C601    | Jane Hawkins     | Ernakulam     | 62-(348)906-4849  | B19       | E71    | Howard Rose         | 55-(466)346-1174  |  323047.25 | B19       |
| C601    | Jane Hawkins     | Ernakulam     | 62-(348)906-4849  | B19       | E72    | Willie Stewart      | 33-(526)530-3640  |  286188.48 | B19       |
| C601    | Jane Hawkins     | Ernakulam     | 62-(348)906-4849  | B19       | E791   | Paul Ford           | 963-(476)657-7681 |  169658.64 | B19       |
| C601    | Jane Hawkins     | Ernakulam     | 62-(348)906-4849  | B19       | E952   | Juan Hart           | 86-(495)823-9694  |  374521.50 | B19       |
| C62     | Phyllis Fields   | Bayart Huxu   | 63-(151)368-2467  | B94       | E12    | Russell Medina      | 86-(954)906-6743  |  200865.34 | B94       |
| C62     | Phyllis Fields   | Bayart Huxu   | 63-(151)368-2467  | B94       | E3     | Louis Gardner       | 1-(208)832-3891   |  234357.75 | B94       |
| C62     | Phyllis Fields   | Bayart Huxu   | 63-(151)368-2467  | B94       | E39    | Karen Garza         | 7-(403)125-7249   |  363569.05 | B94       |
| C62     | Phyllis Fields   | Bayart Huxu   | 63-(151)368-2467  | B94       | E53    | Michelle Butler     | 33-(430)263-8076  |  478616.54 | B94       |
| C62     | Phyllis Fields   | Bayart Huxu   | 63-(151)368-2467  | B94       | E58    | Ralph Griffin       | 52-(937)691-6875  |  351387.73 | B94       |
| C62     | Phyllis Fields   | Bayart Huxu   | 63-(151)368-2467  | B94       | E67    | Christina Ferguson  | 389-(102)586-0096 |  441423.08 | B94       |
| C62     | Phyllis Fields   | Bayart Huxu   | 63-(151)368-2467  | B94       | E79    | Frances Evans       | 963-(443)559-9622 |  301598.27 | B94       |
| C62     | Phyllis Fields   | Bayart Huxu   | 63-(151)368-2467  | B94       | E88    | Jimmy Walker        | 48-(368)529-8825  |  365944.92 | B94       |
| C62     | Phyllis Fields   | Bayart Huxu   | 63-(151)368-2467  | B94       | E91    | Douglas Stephens    | 63-(698)162-6409  |   44423.65 | B94       |
| C62     | Phyllis Fields   | Bayart Huxu   | 63-(151)368-2467  | B94       | E95    | Joyce Lynch         | 389-(848)480-6039 |  134864.64 | B94       |
| C69     | Andrea Burns     | Bayart Huxu   | 62-(779)237-0320  | B94       | E12    | Russell Medina      | 86-(954)906-6743  |  200865.34 | B94       |
| C69     | Andrea Burns     | Bayart Huxu   | 62-(779)237-0320  | B94       | E3     | Louis Gardner       | 1-(208)832-3891   |  234357.75 | B94       |
| C69     | Andrea Burns     | Bayart Huxu   | 62-(779)237-0320  | B94       | E39    | Karen Garza         | 7-(403)125-7249   |  363569.05 | B94       |
| C69     | Andrea Burns     | Bayart Huxu   | 62-(779)237-0320  | B94       | E53    | Michelle Butler     | 33-(430)263-8076  |  478616.54 | B94       |
| C69     | Andrea Burns     | Bayart Huxu   | 62-(779)237-0320  | B94       | E58    | Ralph Griffin       | 52-(937)691-6875  |  351387.73 | B94       |
| C69     | Andrea Burns     | Bayart Huxu   | 62-(779)237-0320  | B94       | E67    | Christina Ferguson  | 389-(102)586-0096 |  441423.08 | B94       |
| C69     | Andrea Burns     | Bayart Huxu   | 62-(779)237-0320  | B94       | E79    | Frances Evans       | 963-(443)559-9622 |  301598.27 | B94       |
| C69     | Andrea Burns     | Bayart Huxu   | 62-(779)237-0320  | B94       | E88    | Jimmy Walker        | 48-(368)529-8825  |  365944.92 | B94       |
| C69     | Andrea Burns     | Bayart Huxu   | 62-(779)237-0320  | B94       | E91    | Douglas Stephens    | 63-(698)162-6409  |   44423.65 | B94       |
| C69     | Andrea Burns     | Bayart Huxu   | 62-(779)237-0320  | B94       | E95    | Joyce Lynch         | 389-(848)480-6039 |  134864.64 | B94       |
| C70     | Nicholas Fox     | Visaginas     | 55-(946)617-3267  | B77       | E13    | Steven Hanson       | 52-(831)856-2972  |   82625.95 | B77       |
| C70     | Nicholas Fox     | Visaginas     | 55-(946)617-3267  | B77       | E22    | Eugene Alvarez      | 86-(652)454-8846  |  309461.12 | B77       |
| C70     | Nicholas Fox     | Visaginas     | 55-(946)617-3267  | B77       | E32    | Paula Riley         | 33-(383)762-7145  |  433685.53 | B77       |
| C70     | Nicholas Fox     | Visaginas     | 55-(946)617-3267  | B77       | E41    | Marie Collins       | 1-(306)507-6247   |  415838.73 | B77       |
| C70     | Nicholas Fox     | Visaginas     | 55-(946)617-3267  | B77       | E5     | Gregory Cruz        | 62-(135)239-9781  |  163140.68 | B77       |
| C70     | Nicholas Fox     | Visaginas     | 55-(946)617-3267  | B77       | E75    | Jack Ramos          | 998-(309)261-0596 |   88354.65 | B77       |
| C70     | Nicholas Fox     | Visaginas     | 55-(946)617-3267  | B77       | E78    | Scott Marshall      | 964-(789)540-2120 |  443816.21 | B77       |
| C70     | Nicholas Fox     | Visaginas     | 55-(946)617-3267  | B77       | E81    | Jacqueline Sullivan | 62-(287)990-5525  |  293201.15 | B77       |
| C70     | Nicholas Fox     | Visaginas     | 55-(946)617-3267  | B77       | E82    | Kenneth Hart        | 30-(850)284-8504  |  247096.71 | B77       |
| C70     | Nicholas Fox     | Visaginas     | 55-(946)617-3267  | B77       | E92    | Howard Lewis        | 55-(986)271-6031  |  149374.06 | B77       |
| C73     | Willie Perry     | Ernakulam     | 82-(325)354-8011  | B19       | E16    | Clarence Fernandez  | 47-(485)768-2551  |  498239.95 | B19       |
| C73     | Willie Perry     | Ernakulam     | 82-(325)354-8011  | B19       | E17    | Brandon Simmons     | 351-(441)730-4504 |  395290.44 | B19       |
| C73     | Willie Perry     | Ernakulam     | 82-(325)354-8011  | B19       | E40    | Charles Reid        | 30-(968)277-8775  |  215319.11 | B19       |
| C73     | Willie Perry     | Ernakulam     | 82-(325)354-8011  | B19       | E48    | Willie Sims         | 86-(148)584-1974  |  337823.41 | B19       |
| C73     | Willie Perry     | Ernakulam     | 82-(325)354-8011  | B19       | E66    | Fred Rogers         | 86-(821)589-1276  |  328605.23 | B19       |
| C73     | Willie Perry     | Ernakulam     | 82-(325)354-8011  | B19       | E7     | Lois Myers          | 62-(245)601-3784  |   48951.02 | B19       |
| C73     | Willie Perry     | Ernakulam     | 82-(325)354-8011  | B19       | E71    | Howard Rose         | 55-(466)346-1174  |  323047.25 | B19       |
| C73     | Willie Perry     | Ernakulam     | 82-(325)354-8011  | B19       | E72    | Willie Stewart      | 33-(526)530-3640  |  286188.48 | B19       |
| C73     | Willie Perry     | Ernakulam     | 82-(325)354-8011  | B19       | E791   | Paul Ford           | 963-(476)657-7681 |  169658.64 | B19       |
| C73     | Willie Perry     | Ernakulam     | 82-(325)354-8011  | B19       | E952   | Juan Hart           | 86-(495)823-9694  |  374521.50 | B19       |
| C76     | Ruth Lewis       | Visaginas     | 353-(557)346-9159 | B77       | E13    | Steven Hanson       | 52-(831)856-2972  |   82625.95 | B77       |
| C76     | Ruth Lewis       | Visaginas     | 353-(557)346-9159 | B77       | E22    | Eugene Alvarez      | 86-(652)454-8846  |  309461.12 | B77       |
| C76     | Ruth Lewis       | Visaginas     | 353-(557)346-9159 | B77       | E32    | Paula Riley         | 33-(383)762-7145  |  433685.53 | B77       |
| C76     | Ruth Lewis       | Visaginas     | 353-(557)346-9159 | B77       | E41    | Marie Collins       | 1-(306)507-6247   |  415838.73 | B77       |
| C76     | Ruth Lewis       | Visaginas     | 353-(557)346-9159 | B77       | E5     | Gregory Cruz        | 62-(135)239-9781  |  163140.68 | B77       |
| C76     | Ruth Lewis       | Visaginas     | 353-(557)346-9159 | B77       | E75    | Jack Ramos          | 998-(309)261-0596 |   88354.65 | B77       |
| C76     | Ruth Lewis       | Visaginas     | 353-(557)346-9159 | B77       | E78    | Scott Marshall      | 964-(789)540-2120 |  443816.21 | B77       |
| C76     | Ruth Lewis       | Visaginas     | 353-(557)346-9159 | B77       | E81    | Jacqueline Sullivan | 62-(287)990-5525  |  293201.15 | B77       |
| C76     | Ruth Lewis       | Visaginas     | 353-(557)346-9159 | B77       | E82    | Kenneth Hart        | 30-(850)284-8504  |  247096.71 | B77       |
| C76     | Ruth Lewis       | Visaginas     | 353-(557)346-9159 | B77       | E92    | Howard Lewis        | 55-(986)271-6031  |  149374.06 | B77       |
| C77     | Ernest Parker    | Ernakulam     | 33-(250)938-1271  | B19       | E16    | Clarence Fernandez  | 47-(485)768-2551  |  498239.95 | B19       |
| C77     | Ernest Parker    | Ernakulam     | 33-(250)938-1271  | B19       | E17    | Brandon Simmons     | 351-(441)730-4504 |  395290.44 | B19       |
| C77     | Ernest Parker    | Ernakulam     | 33-(250)938-1271  | B19       | E40    | Charles Reid        | 30-(968)277-8775  |  215319.11 | B19       |
| C77     | Ernest Parker    | Ernakulam     | 33-(250)938-1271  | B19       | E48    | Willie Sims         | 86-(148)584-1974  |  337823.41 | B19       |
| C77     | Ernest Parker    | Ernakulam     | 33-(250)938-1271  | B19       | E66    | Fred Rogers         | 86-(821)589-1276  |  328605.23 | B19       |
| C77     | Ernest Parker    | Ernakulam     | 33-(250)938-1271  | B19       | E7     | Lois Myers          | 62-(245)601-3784  |   48951.02 | B19       |
| C77     | Ernest Parker    | Ernakulam     | 33-(250)938-1271  | B19       | E71    | Howard Rose         | 55-(466)346-1174  |  323047.25 | B19       |
| C77     | Ernest Parker    | Ernakulam     | 33-(250)938-1271  | B19       | E72    | Willie Stewart      | 33-(526)530-3640  |  286188.48 | B19       |
| C77     | Ernest Parker    | Ernakulam     | 33-(250)938-1271  | B19       | E791   | Paul Ford           | 963-(476)657-7681 |  169658.64 | B19       |
| C77     | Ernest Parker    | Ernakulam     | 33-(250)938-1271  | B19       | E952   | Juan Hart           | 86-(495)823-9694  |  374521.50 | B19       |
| C78     | Stephen Burton   | Visaginas     | 62-(542)495-9051  | B77       | E13    | Steven Hanson       | 52-(831)856-2972  |   82625.95 | B77       |
| C78     | Stephen Burton   | Visaginas     | 62-(542)495-9051  | B77       | E22    | Eugene Alvarez      | 86-(652)454-8846  |  309461.12 | B77       |
| C78     | Stephen Burton   | Visaginas     | 62-(542)495-9051  | B77       | E32    | Paula Riley         | 33-(383)762-7145  |  433685.53 | B77       |
| C78     | Stephen Burton   | Visaginas     | 62-(542)495-9051  | B77       | E41    | Marie Collins       | 1-(306)507-6247   |  415838.73 | B77       |
| C78     | Stephen Burton   | Visaginas     | 62-(542)495-9051  | B77       | E5     | Gregory Cruz        | 62-(135)239-9781  |  163140.68 | B77       |
| C78     | Stephen Burton   | Visaginas     | 62-(542)495-9051  | B77       | E75    | Jack Ramos          | 998-(309)261-0596 |   88354.65 | B77       |
| C78     | Stephen Burton   | Visaginas     | 62-(542)495-9051  | B77       | E78    | Scott Marshall      | 964-(789)540-2120 |  443816.21 | B77       |
| C78     | Stephen Burton   | Visaginas     | 62-(542)495-9051  | B77       | E81    | Jacqueline Sullivan | 62-(287)990-5525  |  293201.15 | B77       |
| C78     | Stephen Burton   | Visaginas     | 62-(542)495-9051  | B77       | E82    | Kenneth Hart        | 30-(850)284-8504  |  247096.71 | B77       |
| C78     | Stephen Burton   | Visaginas     | 62-(542)495-9051  | B77       | E92    | Howard Lewis        | 55-(986)271-6031  |  149374.06 | B77       |
| C781    | Lawrence George  | Bayart Huxu   | 237-(780)837-5688 | B94       | E12    | Russell Medina      | 86-(954)906-6743  |  200865.34 | B94       |
| C781    | Lawrence George  | Bayart Huxu   | 237-(780)837-5688 | B94       | E3     | Louis Gardner       | 1-(208)832-3891   |  234357.75 | B94       |
| C781    | Lawrence George  | Bayart Huxu   | 237-(780)837-5688 | B94       | E39    | Karen Garza         | 7-(403)125-7249   |  363569.05 | B94       |
| C781    | Lawrence George  | Bayart Huxu   | 237-(780)837-5688 | B94       | E53    | Michelle Butler     | 33-(430)263-8076  |  478616.54 | B94       |
| C781    | Lawrence George  | Bayart Huxu   | 237-(780)837-5688 | B94       | E58    | Ralph Griffin       | 52-(937)691-6875  |  351387.73 | B94       |
| C781    | Lawrence George  | Bayart Huxu   | 237-(780)837-5688 | B94       | E67    | Christina Ferguson  | 389-(102)586-0096 |  441423.08 | B94       |
| C781    | Lawrence George  | Bayart Huxu   | 237-(780)837-5688 | B94       | E79    | Frances Evans       | 963-(443)559-9622 |  301598.27 | B94       |
| C781    | Lawrence George  | Bayart Huxu   | 237-(780)837-5688 | B94       | E88    | Jimmy Walker        | 48-(368)529-8825  |  365944.92 | B94       |
| C781    | Lawrence George  | Bayart Huxu   | 237-(780)837-5688 | B94       | E91    | Douglas Stephens    | 63-(698)162-6409  |   44423.65 | B94       |
| C781    | Lawrence George  | Bayart Huxu   | 237-(780)837-5688 | B94       | E95    | Joyce Lynch         | 389-(848)480-6039 |  134864.64 | B94       |
| C8      | Paul Riley       | Bayart Huxu   | 84-(549)962-5545  | B94       | E12    | Russell Medina      | 86-(954)906-6743  |  200865.34 | B94       |
| C8      | Paul Riley       | Bayart Huxu   | 84-(549)962-5545  | B94       | E3     | Louis Gardner       | 1-(208)832-3891   |  234357.75 | B94       |
| C8      | Paul Riley       | Bayart Huxu   | 84-(549)962-5545  | B94       | E39    | Karen Garza         | 7-(403)125-7249   |  363569.05 | B94       |
| C8      | Paul Riley       | Bayart Huxu   | 84-(549)962-5545  | B94       | E53    | Michelle Butler     | 33-(430)263-8076  |  478616.54 | B94       |
| C8      | Paul Riley       | Bayart Huxu   | 84-(549)962-5545  | B94       | E58    | Ralph Griffin       | 52-(937)691-6875  |  351387.73 | B94       |
| C8      | Paul Riley       | Bayart Huxu   | 84-(549)962-5545  | B94       | E67    | Christina Ferguson  | 389-(102)586-0096 |  441423.08 | B94       |
| C8      | Paul Riley       | Bayart Huxu   | 84-(549)962-5545  | B94       | E79    | Frances Evans       | 963-(443)559-9622 |  301598.27 | B94       |
| C8      | Paul Riley       | Bayart Huxu   | 84-(549)962-5545  | B94       | E88    | Jimmy Walker        | 48-(368)529-8825  |  365944.92 | B94       |
| C8      | Paul Riley       | Bayart Huxu   | 84-(549)962-5545  | B94       | E91    | Douglas Stephens    | 63-(698)162-6409  |   44423.65 | B94       |
| C8      | Paul Riley       | Bayart Huxu   | 84-(549)962-5545  | B94       | E95    | Joyce Lynch         | 389-(848)480-6039 |  134864.64 | B94       |
| C80     | Lori Peterson    | Zongluzui     | 33-(849)655-9007  | B48       | E100   | Ashley Bryant       | 86-(485)633-2560  |  410726.99 | B48       |
| C80     | Lori Peterson    | Zongluzui     | 33-(849)655-9007  | B48       | E11    | Heather Banks       | 86-(617)139-5943  |  448254.90 | B48       |
| C80     | Lori Peterson    | Zongluzui     | 33-(849)655-9007  | B48       | E132   | Antonio Hunt        | 86-(720)696-3086  |  361834.06 | B48       |
| C80     | Lori Peterson    | Zongluzui     | 33-(849)655-9007  | B48       | E30    | Sandra Kennedy      | 977-(763)877-0691 |  426283.74 | B48       |
| C80     | Lori Peterson    | Zongluzui     | 33-(849)655-9007  | B48       | E43    | Lori West           | 86-(973)560-0113  |   32970.86 | B48       |
| C80     | Lori Peterson    | Zongluzui     | 33-(849)655-9007  | B48       | E59    | Janet Riley         | 62-(237)102-2731  |  100027.59 | B48       |
| C80     | Lori Peterson    | Zongluzui     | 33-(849)655-9007  | B48       | E6     | Ralph Franklin      | 385-(404)473-6180 |  287755.01 | B48       |
| C80     | Lori Peterson    | Zongluzui     | 33-(849)655-9007  | B48       | E8     | Phillip Burns       | 62-(154)696-3245  |  335128.54 | B48       |
| C80     | Lori Peterson    | Zongluzui     | 33-(849)655-9007  | B48       | E90    | Jason Hill          | 86-(818)772-9887  |   41926.84 | B48       |
| C80     | Lori Peterson    | Zongluzui     | 33-(849)655-9007  | B48       | E97    | Carolyn Dixon       | 86-(823)994-2737  |  434897.41 | B48       |
| C86     | Julie Black      | Zongluzui     | 53-(775)359-0551  | B48       | E100   | Ashley Bryant       | 86-(485)633-2560  |  410726.99 | B48       |
| C86     | Julie Black      | Zongluzui     | 53-(775)359-0551  | B48       | E11    | Heather Banks       | 86-(617)139-5943  |  448254.90 | B48       |
| C86     | Julie Black      | Zongluzui     | 53-(775)359-0551  | B48       | E132   | Antonio Hunt        | 86-(720)696-3086  |  361834.06 | B48       |
| C86     | Julie Black      | Zongluzui     | 53-(775)359-0551  | B48       | E30    | Sandra Kennedy      | 977-(763)877-0691 |  426283.74 | B48       |
| C86     | Julie Black      | Zongluzui     | 53-(775)359-0551  | B48       | E43    | Lori West           | 86-(973)560-0113  |   32970.86 | B48       |
| C86     | Julie Black      | Zongluzui     | 53-(775)359-0551  | B48       | E59    | Janet Riley         | 62-(237)102-2731  |  100027.59 | B48       |
| C86     | Julie Black      | Zongluzui     | 53-(775)359-0551  | B48       | E6     | Ralph Franklin      | 385-(404)473-6180 |  287755.01 | B48       |
| C86     | Julie Black      | Zongluzui     | 53-(775)359-0551  | B48       | E8     | Phillip Burns       | 62-(154)696-3245  |  335128.54 | B48       |
| C86     | Julie Black      | Zongluzui     | 53-(775)359-0551  | B48       | E90    | Jason Hill          | 86-(818)772-9887  |   41926.84 | B48       |
| C86     | Julie Black      | Zongluzui     | 53-(775)359-0551  | B48       | E97    | Carolyn Dixon       | 86-(823)994-2737  |  434897.41 | B48       |
| C87     | Douglas Rogers   | Zongluzui     | 86-(616)572-1495  | B48       | E100   | Ashley Bryant       | 86-(485)633-2560  |  410726.99 | B48       |
| C87     | Douglas Rogers   | Zongluzui     | 86-(616)572-1495  | B48       | E11    | Heather Banks       | 86-(617)139-5943  |  448254.90 | B48       |
| C87     | Douglas Rogers   | Zongluzui     | 86-(616)572-1495  | B48       | E132   | Antonio Hunt        | 86-(720)696-3086  |  361834.06 | B48       |
| C87     | Douglas Rogers   | Zongluzui     | 86-(616)572-1495  | B48       | E30    | Sandra Kennedy      | 977-(763)877-0691 |  426283.74 | B48       |
| C87     | Douglas Rogers   | Zongluzui     | 86-(616)572-1495  | B48       | E43    | Lori West           | 86-(973)560-0113  |   32970.86 | B48       |
| C87     | Douglas Rogers   | Zongluzui     | 86-(616)572-1495  | B48       | E59    | Janet Riley         | 62-(237)102-2731  |  100027.59 | B48       |
| C87     | Douglas Rogers   | Zongluzui     | 86-(616)572-1495  | B48       | E6     | Ralph Franklin      | 385-(404)473-6180 |  287755.01 | B48       |
| C87     | Douglas Rogers   | Zongluzui     | 86-(616)572-1495  | B48       | E8     | Phillip Burns       | 62-(154)696-3245  |  335128.54 | B48       |
| C87     | Douglas Rogers   | Zongluzui     | 86-(616)572-1495  | B48       | E90    | Jason Hill          | 86-(818)772-9887  |   41926.84 | B48       |
| C87     | Douglas Rogers   | Zongluzui     | 86-(616)572-1495  | B48       | E97    | Carolyn Dixon       | 86-(823)994-2737  |  434897.41 | B48       |
| C9      | Theresa Fuller   | Visaginas     | 39-(237)791-7365  | B77       | E13    | Steven Hanson       | 52-(831)856-2972  |   82625.95 | B77       |
| C9      | Theresa Fuller   | Visaginas     | 39-(237)791-7365  | B77       | E22    | Eugene Alvarez      | 86-(652)454-8846  |  309461.12 | B77       |
| C9      | Theresa Fuller   | Visaginas     | 39-(237)791-7365  | B77       | E32    | Paula Riley         | 33-(383)762-7145  |  433685.53 | B77       |
| C9      | Theresa Fuller   | Visaginas     | 39-(237)791-7365  | B77       | E41    | Marie Collins       | 1-(306)507-6247   |  415838.73 | B77       |
| C9      | Theresa Fuller   | Visaginas     | 39-(237)791-7365  | B77       | E5     | Gregory Cruz        | 62-(135)239-9781  |  163140.68 | B77       |
| C9      | Theresa Fuller   | Visaginas     | 39-(237)791-7365  | B77       | E75    | Jack Ramos          | 998-(309)261-0596 |   88354.65 | B77       |
| C9      | Theresa Fuller   | Visaginas     | 39-(237)791-7365  | B77       | E78    | Scott Marshall      | 964-(789)540-2120 |  443816.21 | B77       |
| C9      | Theresa Fuller   | Visaginas     | 39-(237)791-7365  | B77       | E81    | Jacqueline Sullivan | 62-(287)990-5525  |  293201.15 | B77       |
| C9      | Theresa Fuller   | Visaginas     | 39-(237)791-7365  | B77       | E82    | Kenneth Hart        | 30-(850)284-8504  |  247096.71 | B77       |
| C9      | Theresa Fuller   | Visaginas     | 39-(237)791-7365  | B77       | E92    | Howard Lewis        | 55-(986)271-6031  |  149374.06 | B77       |
| C90     | Sandra Lawrence  | Cochin        | 66-(945)992-9241  | B19       | E16    | Clarence Fernandez  | 47-(485)768-2551  |  498239.95 | B19       |
| C90     | Sandra Lawrence  | Cochin        | 66-(945)992-9241  | B19       | E17    | Brandon Simmons     | 351-(441)730-4504 |  395290.44 | B19       |
| C90     | Sandra Lawrence  | Cochin        | 66-(945)992-9241  | B19       | E40    | Charles Reid        | 30-(968)277-8775  |  215319.11 | B19       |
| C90     | Sandra Lawrence  | Cochin        | 66-(945)992-9241  | B19       | E48    | Willie Sims         | 86-(148)584-1974  |  337823.41 | B19       |
| C90     | Sandra Lawrence  | Cochin        | 66-(945)992-9241  | B19       | E66    | Fred Rogers         | 86-(821)589-1276  |  328605.23 | B19       |
| C90     | Sandra Lawrence  | Cochin        | 66-(945)992-9241  | B19       | E7     | Lois Myers          | 62-(245)601-3784  |   48951.02 | B19       |
| C90     | Sandra Lawrence  | Cochin        | 66-(945)992-9241  | B19       | E71    | Howard Rose         | 55-(466)346-1174  |  323047.25 | B19       |
| C90     | Sandra Lawrence  | Cochin        | 66-(945)992-9241  | B19       | E72    | Willie Stewart      | 33-(526)530-3640  |  286188.48 | B19       |
| C90     | Sandra Lawrence  | Cochin        | 66-(945)992-9241  | B19       | E791   | Paul Ford           | 963-(476)657-7681 |  169658.64 | B19       |
| C90     | Sandra Lawrence  | Cochin        | 66-(945)992-9241  | B19       | E952   | Juan Hart           | 86-(495)823-9694  |  374521.50 | B19       |
| C96     | Amanda Crawford  | Cochin        | 62-(669)140-0363  | B19       | E16    | Clarence Fernandez  | 47-(485)768-2551  |  498239.95 | B19       |
| C96     | Amanda Crawford  | Cochin        | 62-(669)140-0363  | B19       | E17    | Brandon Simmons     | 351-(441)730-4504 |  395290.44 | B19       |
| C96     | Amanda Crawford  | Cochin        | 62-(669)140-0363  | B19       | E40    | Charles Reid        | 30-(968)277-8775  |  215319.11 | B19       |
| C96     | Amanda Crawford  | Cochin        | 62-(669)140-0363  | B19       | E48    | Willie Sims         | 86-(148)584-1974  |  337823.41 | B19       |
| C96     | Amanda Crawford  | Cochin        | 62-(669)140-0363  | B19       | E66    | Fred Rogers         | 86-(821)589-1276  |  328605.23 | B19       |
| C96     | Amanda Crawford  | Cochin        | 62-(669)140-0363  | B19       | E7     | Lois Myers          | 62-(245)601-3784  |   48951.02 | B19       |
| C96     | Amanda Crawford  | Cochin        | 62-(669)140-0363  | B19       | E71    | Howard Rose         | 55-(466)346-1174  |  323047.25 | B19       |
| C96     | Amanda Crawford  | Cochin        | 62-(669)140-0363  | B19       | E72    | Willie Stewart      | 33-(526)530-3640  |  286188.48 | B19       |
| C96     | Amanda Crawford  | Cochin        | 62-(669)140-0363  | B19       | E791   | Paul Ford           | 963-(476)657-7681 |  169658.64 | B19       |
| C96     | Amanda Crawford  | Cochin        | 62-(669)140-0363  | B19       | E952   | Juan Hart           | 86-(495)823-9694  |  374521.50 | B19       |
| C97     | Eric Stanley     | Bayart Huxu   | 55-(571)144-3237  | B94       | E12    | Russell Medina      | 86-(954)906-6743  |  200865.34 | B94       |
| C97     | Eric Stanley     | Bayart Huxu   | 55-(571)144-3237  | B94       | E3     | Louis Gardner       | 1-(208)832-3891   |  234357.75 | B94       |
| C97     | Eric Stanley     | Bayart Huxu   | 55-(571)144-3237  | B94       | E39    | Karen Garza         | 7-(403)125-7249   |  363569.05 | B94       |
| C97     | Eric Stanley     | Bayart Huxu   | 55-(571)144-3237  | B94       | E53    | Michelle Butler     | 33-(430)263-8076  |  478616.54 | B94       |
| C97     | Eric Stanley     | Bayart Huxu   | 55-(571)144-3237  | B94       | E58    | Ralph Griffin       | 52-(937)691-6875  |  351387.73 | B94       |
| C97     | Eric Stanley     | Bayart Huxu   | 55-(571)144-3237  | B94       | E67    | Christina Ferguson  | 389-(102)586-0096 |  441423.08 | B94       |
| C97     | Eric Stanley     | Bayart Huxu   | 55-(571)144-3237  | B94       | E79    | Frances Evans       | 963-(443)559-9622 |  301598.27 | B94       |
| C97     | Eric Stanley     | Bayart Huxu   | 55-(571)144-3237  | B94       | E88    | Jimmy Walker        | 48-(368)529-8825  |  365944.92 | B94       |
| C97     | Eric Stanley     | Bayart Huxu   | 55-(571)144-3237  | B94       | E91    | Douglas Stephens    | 63-(698)162-6409  |   44423.65 | B94       |
| C97     | Eric Stanley     | Bayart Huxu   | 55-(571)144-3237  | B94       | E95    | Joyce Lynch         | 389-(848)480-6039 |  134864.64 | B94       |
+---------+------------------+---------------+-------------------+-----------+--------+---------------------+-------------------+------------+-----------+
300 rows in set (0.01 sec)

mysql> select branch_id,cust_id,cust_name,emp_id,emp_name from Customer inner join Employe e on Customer.branch_id=Employee.branch_id;
ERROR 1052 (23000): Column 'branch_id' in field list is ambiguous
mysql> select Customer.branch_id,cust_id,cust_name,emp_id,emp_name from Customer inner joi n Employee on Customer.branch_id=Employee.branch_id;
+-----------+---------+------------------+--------+---------------------+
| branch_id | cust_id | cust_name        | emp_id | emp_name            |
+-----------+---------+------------------+--------+---------------------+
| B48       | C1001   | Jose Russell     | E100   | Ashley Bryant       |
| B48       | C1001   | Jose Russell     | E11    | Heather Banks       |
| B48       | C1001   | Jose Russell     | E132   | Antonio Hunt        |
| B48       | C1001   | Jose Russell     | E30    | Sandra Kennedy      |
| B48       | C1001   | Jose Russell     | E43    | Lori West           |
| B48       | C1001   | Jose Russell     | E59    | Janet Riley         |
| B48       | C1001   | Jose Russell     | E6     | Ralph Franklin      |
| B48       | C1001   | Jose Russell     | E8     | Phillip Burns       |
| B48       | C1001   | Jose Russell     | E90    | Jason Hill          |
| B48       | C1001   | Jose Russell     | E97    | Carolyn Dixon       |
| B94       | C28     | Jacqueline Banks | E12    | Russell Medina      |
| B94       | C28     | Jacqueline Banks | E3     | Louis Gardner       |
| B94       | C28     | Jacqueline Banks | E39    | Karen Garza         |
| B94       | C28     | Jacqueline Banks | E53    | Michelle Butler     |
| B94       | C28     | Jacqueline Banks | E58    | Ralph Griffin       |
| B94       | C28     | Jacqueline Banks | E67    | Christina Ferguson  |
| B94       | C28     | Jacqueline Banks | E79    | Frances Evans       |
| B94       | C28     | Jacqueline Banks | E88    | Jimmy Walker        |
| B94       | C28     | Jacqueline Banks | E91    | Douglas Stephens    |
| B94       | C28     | Jacqueline Banks | E95    | Joyce Lynch         |
| B19       | C35     | Denise Smith     | E16    | Clarence Fernandez  |
| B19       | C35     | Denise Smith     | E17    | Brandon Simmons     |
| B19       | C35     | Denise Smith     | E40    | Charles Reid        |
| B19       | C35     | Denise Smith     | E48    | Willie Sims         |
| B19       | C35     | Denise Smith     | E66    | Fred Rogers         |
| B19       | C35     | Denise Smith     | E7     | Lois Myers          |
| B19       | C35     | Denise Smith     | E71    | Howard Rose         |
| B19       | C35     | Denise Smith     | E72    | Willie Stewart      |
| B19       | C35     | Denise Smith     | E791   | Paul Ford           |
| B19       | C35     | Denise Smith     | E952   | Juan Hart           |
| B19       | C36     | Brandon Harper   | E16    | Clarence Fernandez  |
| B19       | C36     | Brandon Harper   | E17    | Brandon Simmons     |
| B19       | C36     | Brandon Harper   | E40    | Charles Reid        |
| B19       | C36     | Brandon Harper   | E48    | Willie Sims         |
| B19       | C36     | Brandon Harper   | E66    | Fred Rogers         |
| B19       | C36     | Brandon Harper   | E7     | Lois Myers          |
| B19       | C36     | Brandon Harper   | E71    | Howard Rose         |
| B19       | C36     | Brandon Harper   | E72    | Willie Stewart      |
| B19       | C36     | Brandon Harper   | E791   | Paul Ford           |
| B19       | C36     | Brandon Harper   | E952   | Juan Hart           |
| B48       | C39     | Clarence Wheeler | E100   | Ashley Bryant       |
| B48       | C39     | Clarence Wheeler | E11    | Heather Banks       |
| B48       | C39     | Clarence Wheeler | E132   | Antonio Hunt        |
| B48       | C39     | Clarence Wheeler | E30    | Sandra Kennedy      |
| B48       | C39     | Clarence Wheeler | E43    | Lori West           |
| B48       | C39     | Clarence Wheeler | E59    | Janet Riley         |
| B48       | C39     | Clarence Wheeler | E6     | Ralph Franklin      |
| B48       | C39     | Clarence Wheeler | E8     | Phillip Burns       |
| B48       | C39     | Clarence Wheeler | E90    | Jason Hill          |
| B48       | C39     | Clarence Wheeler | E97    | Carolyn Dixon       |
| B19       | C4      | Ann Williams     | E16    | Clarence Fernandez  |
| B19       | C4      | Ann Williams     | E17    | Brandon Simmons     |
| B19       | C4      | Ann Williams     | E40    | Charles Reid        |
| B19       | C4      | Ann Williams     | E48    | Willie Sims         |
| B19       | C4      | Ann Williams     | E66    | Fred Rogers         |
| B19       | C4      | Ann Williams     | E7     | Lois Myers          |
| B19       | C4      | Ann Williams     | E71    | Howard Rose         |
| B19       | C4      | Ann Williams     | E72    | Willie Stewart      |
| B19       | C4      | Ann Williams     | E791   | Paul Ford           |
| B19       | C4      | Ann Williams     | E952   | Juan Hart           |
| B48       | C46     | Samuel Webb      | E100   | Ashley Bryant       |
| B48       | C46     | Samuel Webb      | E11    | Heather Banks       |
| B48       | C46     | Samuel Webb      | E132   | Antonio Hunt        |
| B48       | C46     | Samuel Webb      | E30    | Sandra Kennedy      |
| B48       | C46     | Samuel Webb      | E43    | Lori West           |
| B48       | C46     | Samuel Webb      | E59    | Janet Riley         |
| B48       | C46     | Samuel Webb      | E6     | Ralph Franklin      |
| B48       | C46     | Samuel Webb      | E8     | Phillip Burns       |
| B48       | C46     | Samuel Webb      | E90    | Jason Hill          |
| B48       | C46     | Samuel Webb      | E97    | Carolyn Dixon       |
| B19       | C49     | Michelle Lynch   | E16    | Clarence Fernandez  |
| B19       | C49     | Michelle Lynch   | E17    | Brandon Simmons     |
| B19       | C49     | Michelle Lynch   | E40    | Charles Reid        |
| B19       | C49     | Michelle Lynch   | E48    | Willie Sims         |
| B19       | C49     | Michelle Lynch   | E66    | Fred Rogers         |
| B19       | C49     | Michelle Lynch   | E7     | Lois Myers          |
| B19       | C49     | Michelle Lynch   | E71    | Howard Rose         |
| B19       | C49     | Michelle Lynch   | E72    | Willie Stewart      |
| B19       | C49     | Michelle Lynch   | E791   | Paul Ford           |
| B19       | C49     | Michelle Lynch   | E952   | Juan Hart           |
| B77       | C5      | Gary Ellis       | E13    | Steven Hanson       |
| B77       | C5      | Gary Ellis       | E22    | Eugene Alvarez      |
| B77       | C5      | Gary Ellis       | E32    | Paula Riley         |
| B77       | C5      | Gary Ellis       | E41    | Marie Collins       |
| B77       | C5      | Gary Ellis       | E5     | Gregory Cruz        |
| B77       | C5      | Gary Ellis       | E75    | Jack Ramos          |
| B77       | C5      | Gary Ellis       | E78    | Scott Marshall      |
| B77       | C5      | Gary Ellis       | E81    | Jacqueline Sullivan |
| B77       | C5      | Gary Ellis       | E82    | Kenneth Hart        |
| B77       | C5      | Gary Ellis       | E92    | Howard Lewis        |
| B77       | C50     | Keith Williamson | E13    | Steven Hanson       |
| B77       | C50     | Keith Williamson | E22    | Eugene Alvarez      |
| B77       | C50     | Keith Williamson | E32    | Paula Riley         |
| B77       | C50     | Keith Williamson | E41    | Marie Collins       |
| B77       | C50     | Keith Williamson | E5     | Gregory Cruz        |
| B77       | C50     | Keith Williamson | E75    | Jack Ramos          |
| B77       | C50     | Keith Williamson | E78    | Scott Marshall      |
| B77       | C50     | Keith Williamson | E81    | Jacqueline Sullivan |
| B77       | C50     | Keith Williamson | E82    | Kenneth Hart        |
| B77       | C50     | Keith Williamson | E92    | Howard Lewis        |
| B94       | C55     | Jerry Thomas     | E12    | Russell Medina      |
| B94       | C55     | Jerry Thomas     | E3     | Louis Gardner       |
| B94       | C55     | Jerry Thomas     | E39    | Karen Garza         |
| B94       | C55     | Jerry Thomas     | E53    | Michelle Butler     |
| B94       | C55     | Jerry Thomas     | E58    | Ralph Griffin       |
| B94       | C55     | Jerry Thomas     | E67    | Christina Ferguson  |
| B94       | C55     | Jerry Thomas     | E79    | Frances Evans       |
| B94       | C55     | Jerry Thomas     | E88    | Jimmy Walker        |
| B94       | C55     | Jerry Thomas     | E91    | Douglas Stephens    |
| B94       | C55     | Jerry Thomas     | E95    | Joyce Lynch         |
| B77       | C58     | Linda Powell     | E13    | Steven Hanson       |
| B77       | C58     | Linda Powell     | E22    | Eugene Alvarez      |
| B77       | C58     | Linda Powell     | E32    | Paula Riley         |
| B77       | C58     | Linda Powell     | E41    | Marie Collins       |
| B77       | C58     | Linda Powell     | E5     | Gregory Cruz        |
| B77       | C58     | Linda Powell     | E75    | Jack Ramos          |
| B77       | C58     | Linda Powell     | E78    | Scott Marshall      |
| B77       | C58     | Linda Powell     | E81    | Jacqueline Sullivan |
| B77       | C58     | Linda Powell     | E82    | Kenneth Hart        |
| B77       | C58     | Linda Powell     | E92    | Howard Lewis        |
| B48       | C60     | Anthony Perkins  | E100   | Ashley Bryant       |
| B48       | C60     | Anthony Perkins  | E11    | Heather Banks       |
| B48       | C60     | Anthony Perkins  | E132   | Antonio Hunt        |
| B48       | C60     | Anthony Perkins  | E30    | Sandra Kennedy      |
| B48       | C60     | Anthony Perkins  | E43    | Lori West           |
| B48       | C60     | Anthony Perkins  | E59    | Janet Riley         |
| B48       | C60     | Anthony Perkins  | E6     | Ralph Franklin      |
| B48       | C60     | Anthony Perkins  | E8     | Phillip Burns       |
| B48       | C60     | Anthony Perkins  | E90    | Jason Hill          |
| B48       | C60     | Anthony Perkins  | E97    | Carolyn Dixon       |
| B19       | C601    | Jane Hawkins     | E16    | Clarence Fernandez  |
| B19       | C601    | Jane Hawkins     | E17    | Brandon Simmons     |
| B19       | C601    | Jane Hawkins     | E40    | Charles Reid        |
| B19       | C601    | Jane Hawkins     | E48    | Willie Sims         |
| B19       | C601    | Jane Hawkins     | E66    | Fred Rogers         |
| B19       | C601    | Jane Hawkins     | E7     | Lois Myers          |
| B19       | C601    | Jane Hawkins     | E71    | Howard Rose         |
| B19       | C601    | Jane Hawkins     | E72    | Willie Stewart      |
| B19       | C601    | Jane Hawkins     | E791   | Paul Ford           |
| B19       | C601    | Jane Hawkins     | E952   | Juan Hart           |
| B94       | C62     | Phyllis Fields   | E12    | Russell Medina      |
| B94       | C62     | Phyllis Fields   | E3     | Louis Gardner       |
| B94       | C62     | Phyllis Fields   | E39    | Karen Garza         |
| B94       | C62     | Phyllis Fields   | E53    | Michelle Butler     |
| B94       | C62     | Phyllis Fields   | E58    | Ralph Griffin       |
| B94       | C62     | Phyllis Fields   | E67    | Christina Ferguson  |
| B94       | C62     | Phyllis Fields   | E79    | Frances Evans       |
| B94       | C62     | Phyllis Fields   | E88    | Jimmy Walker        |
| B94       | C62     | Phyllis Fields   | E91    | Douglas Stephens    |
| B94       | C62     | Phyllis Fields   | E95    | Joyce Lynch         |
| B94       | C69     | Andrea Burns     | E12    | Russell Medina      |
| B94       | C69     | Andrea Burns     | E3     | Louis Gardner       |
| B94       | C69     | Andrea Burns     | E39    | Karen Garza         |
| B94       | C69     | Andrea Burns     | E53    | Michelle Butler     |
| B94       | C69     | Andrea Burns     | E58    | Ralph Griffin       |
| B94       | C69     | Andrea Burns     | E67    | Christina Ferguson  |
| B94       | C69     | Andrea Burns     | E79    | Frances Evans       |
| B94       | C69     | Andrea Burns     | E88    | Jimmy Walker        |
| B94       | C69     | Andrea Burns     | E91    | Douglas Stephens    |
| B94       | C69     | Andrea Burns     | E95    | Joyce Lynch         |
| B77       | C70     | Nicholas Fox     | E13    | Steven Hanson       |
| B77       | C70     | Nicholas Fox     | E22    | Eugene Alvarez      |
| B77       | C70     | Nicholas Fox     | E32    | Paula Riley         |
| B77       | C70     | Nicholas Fox     | E41    | Marie Collins       |
| B77       | C70     | Nicholas Fox     | E5     | Gregory Cruz        |
| B77       | C70     | Nicholas Fox     | E75    | Jack Ramos          |
| B77       | C70     | Nicholas Fox     | E78    | Scott Marshall      |
| B77       | C70     | Nicholas Fox     | E81    | Jacqueline Sullivan |
| B77       | C70     | Nicholas Fox     | E82    | Kenneth Hart        |
| B77       | C70     | Nicholas Fox     | E92    | Howard Lewis        |
| B19       | C73     | Willie Perry     | E16    | Clarence Fernandez  |
| B19       | C73     | Willie Perry     | E17    | Brandon Simmons     |
| B19       | C73     | Willie Perry     | E40    | Charles Reid        |
| B19       | C73     | Willie Perry     | E48    | Willie Sims         |
| B19       | C73     | Willie Perry     | E66    | Fred Rogers         |
| B19       | C73     | Willie Perry     | E7     | Lois Myers          |
| B19       | C73     | Willie Perry     | E71    | Howard Rose         |
| B19       | C73     | Willie Perry     | E72    | Willie Stewart      |
| B19       | C73     | Willie Perry     | E791   | Paul Ford           |
| B19       | C73     | Willie Perry     | E952   | Juan Hart           |
| B77       | C76     | Ruth Lewis       | E13    | Steven Hanson       |
| B77       | C76     | Ruth Lewis       | E22    | Eugene Alvarez      |
| B77       | C76     | Ruth Lewis       | E32    | Paula Riley         |
| B77       | C76     | Ruth Lewis       | E41    | Marie Collins       |
| B77       | C76     | Ruth Lewis       | E5     | Gregory Cruz        |
| B77       | C76     | Ruth Lewis       | E75    | Jack Ramos          |
| B77       | C76     | Ruth Lewis       | E78    | Scott Marshall      |
| B77       | C76     | Ruth Lewis       | E81    | Jacqueline Sullivan |
| B77       | C76     | Ruth Lewis       | E82    | Kenneth Hart        |
| B77       | C76     | Ruth Lewis       | E92    | Howard Lewis        |
| B19       | C77     | Ernest Parker    | E16    | Clarence Fernandez  |
| B19       | C77     | Ernest Parker    | E17    | Brandon Simmons     |
| B19       | C77     | Ernest Parker    | E40    | Charles Reid        |
| B19       | C77     | Ernest Parker    | E48    | Willie Sims         |
| B19       | C77     | Ernest Parker    | E66    | Fred Rogers         |
| B19       | C77     | Ernest Parker    | E7     | Lois Myers          |
| B19       | C77     | Ernest Parker    | E71    | Howard Rose         |
| B19       | C77     | Ernest Parker    | E72    | Willie Stewart      |
| B19       | C77     | Ernest Parker    | E791   | Paul Ford           |
| B19       | C77     | Ernest Parker    | E952   | Juan Hart           |
| B77       | C78     | Stephen Burton   | E13    | Steven Hanson       |
| B77       | C78     | Stephen Burton   | E22    | Eugene Alvarez      |
| B77       | C78     | Stephen Burton   | E32    | Paula Riley         |
| B77       | C78     | Stephen Burton   | E41    | Marie Collins       |
| B77       | C78     | Stephen Burton   | E5     | Gregory Cruz        |
| B77       | C78     | Stephen Burton   | E75    | Jack Ramos          |
| B77       | C78     | Stephen Burton   | E78    | Scott Marshall      |
| B77       | C78     | Stephen Burton   | E81    | Jacqueline Sullivan |
| B77       | C78     | Stephen Burton   | E82    | Kenneth Hart        |
| B77       | C78     | Stephen Burton   | E92    | Howard Lewis        |
| B94       | C781    | Lawrence George  | E12    | Russell Medina      |
| B94       | C781    | Lawrence George  | E3     | Louis Gardner       |
| B94       | C781    | Lawrence George  | E39    | Karen Garza         |
| B94       | C781    | Lawrence George  | E53    | Michelle Butler     |
| B94       | C781    | Lawrence George  | E58    | Ralph Griffin       |
| B94       | C781    | Lawrence George  | E67    | Christina Ferguson  |
| B94       | C781    | Lawrence George  | E79    | Frances Evans       |
| B94       | C781    | Lawrence George  | E88    | Jimmy Walker        |
| B94       | C781    | Lawrence George  | E91    | Douglas Stephens    |
| B94       | C781    | Lawrence George  | E95    | Joyce Lynch         |
| B94       | C8      | Paul Riley       | E12    | Russell Medina      |
| B94       | C8      | Paul Riley       | E3     | Louis Gardner       |
| B94       | C8      | Paul Riley       | E39    | Karen Garza         |
| B94       | C8      | Paul Riley       | E53    | Michelle Butler     |
| B94       | C8      | Paul Riley       | E58    | Ralph Griffin       |
| B94       | C8      | Paul Riley       | E67    | Christina Ferguson  |
| B94       | C8      | Paul Riley       | E79    | Frances Evans       |
| B94       | C8      | Paul Riley       | E88    | Jimmy Walker        |
| B94       | C8      | Paul Riley       | E91    | Douglas Stephens    |
| B94       | C8      | Paul Riley       | E95    | Joyce Lynch         |
| B48       | C80     | Lori Peterson    | E100   | Ashley Bryant       |
| B48       | C80     | Lori Peterson    | E11    | Heather Banks       |
| B48       | C80     | Lori Peterson    | E132   | Antonio Hunt        |
| B48       | C80     | Lori Peterson    | E30    | Sandra Kennedy      |
| B48       | C80     | Lori Peterson    | E43    | Lori West           |
| B48       | C80     | Lori Peterson    | E59    | Janet Riley         |
| B48       | C80     | Lori Peterson    | E6     | Ralph Franklin      |
| B48       | C80     | Lori Peterson    | E8     | Phillip Burns       |
| B48       | C80     | Lori Peterson    | E90    | Jason Hill          |
| B48       | C80     | Lori Peterson    | E97    | Carolyn Dixon       |
| B48       | C86     | Julie Black      | E100   | Ashley Bryant       |
| B48       | C86     | Julie Black      | E11    | Heather Banks       |
| B48       | C86     | Julie Black      | E132   | Antonio Hunt        |
| B48       | C86     | Julie Black      | E30    | Sandra Kennedy      |
| B48       | C86     | Julie Black      | E43    | Lori West           |
| B48       | C86     | Julie Black      | E59    | Janet Riley         |
| B48       | C86     | Julie Black      | E6     | Ralph Franklin      |
| B48       | C86     | Julie Black      | E8     | Phillip Burns       |
| B48       | C86     | Julie Black      | E90    | Jason Hill          |
| B48       | C86     | Julie Black      | E97    | Carolyn Dixon       |
| B48       | C87     | Douglas Rogers   | E100   | Ashley Bryant       |
| B48       | C87     | Douglas Rogers   | E11    | Heather Banks       |
| B48       | C87     | Douglas Rogers   | E132   | Antonio Hunt        |
| B48       | C87     | Douglas Rogers   | E30    | Sandra Kennedy      |
| B48       | C87     | Douglas Rogers   | E43    | Lori West           |
| B48       | C87     | Douglas Rogers   | E59    | Janet Riley         |
| B48       | C87     | Douglas Rogers   | E6     | Ralph Franklin      |
| B48       | C87     | Douglas Rogers   | E8     | Phillip Burns       |
| B48       | C87     | Douglas Rogers   | E90    | Jason Hill          |
| B48       | C87     | Douglas Rogers   | E97    | Carolyn Dixon       |
| B77       | C9      | Theresa Fuller   | E13    | Steven Hanson       |
| B77       | C9      | Theresa Fuller   | E22    | Eugene Alvarez      |
| B77       | C9      | Theresa Fuller   | E32    | Paula Riley         |
| B77       | C9      | Theresa Fuller   | E41    | Marie Collins       |
| B77       | C9      | Theresa Fuller   | E5     | Gregory Cruz        |
| B77       | C9      | Theresa Fuller   | E75    | Jack Ramos          |
| B77       | C9      | Theresa Fuller   | E78    | Scott Marshall      |
| B77       | C9      | Theresa Fuller   | E81    | Jacqueline Sullivan |
| B77       | C9      | Theresa Fuller   | E82    | Kenneth Hart        |
| B77       | C9      | Theresa Fuller   | E92    | Howard Lewis        |
| B19       | C90     | Sandra Lawrence  | E16    | Clarence Fernandez  |
| B19       | C90     | Sandra Lawrence  | E17    | Brandon Simmons     |
| B19       | C90     | Sandra Lawrence  | E40    | Charles Reid        |
| B19       | C90     | Sandra Lawrence  | E48    | Willie Sims         |
| B19       | C90     | Sandra Lawrence  | E66    | Fred Rogers         |
| B19       | C90     | Sandra Lawrence  | E7     | Lois Myers          |
| B19       | C90     | Sandra Lawrence  | E71    | Howard Rose         |
| B19       | C90     | Sandra Lawrence  | E72    | Willie Stewart      |
| B19       | C90     | Sandra Lawrence  | E791   | Paul Ford           |
| B19       | C90     | Sandra Lawrence  | E952   | Juan Hart           |
| B19       | C96     | Amanda Crawford  | E16    | Clarence Fernandez  |
| B19       | C96     | Amanda Crawford  | E17    | Brandon Simmons     |
| B19       | C96     | Amanda Crawford  | E40    | Charles Reid        |
| B19       | C96     | Amanda Crawford  | E48    | Willie Sims         |
| B19       | C96     | Amanda Crawford  | E66    | Fred Rogers         |
| B19       | C96     | Amanda Crawford  | E7     | Lois Myers          |
| B19       | C96     | Amanda Crawford  | E71    | Howard Rose         |
| B19       | C96     | Amanda Crawford  | E72    | Willie Stewart      |
| B19       | C96     | Amanda Crawford  | E791   | Paul Ford           |
| B19       | C96     | Amanda Crawford  | E952   | Juan Hart           |
| B94       | C97     | Eric Stanley     | E12    | Russell Medina      |
| B94       | C97     | Eric Stanley     | E3     | Louis Gardner       |
| B94       | C97     | Eric Stanley     | E39    | Karen Garza         |
| B94       | C97     | Eric Stanley     | E53    | Michelle Butler     |
| B94       | C97     | Eric Stanley     | E58    | Ralph Griffin       |
| B94       | C97     | Eric Stanley     | E67    | Christina Ferguson  |
| B94       | C97     | Eric Stanley     | E79    | Frances Evans       |
| B94       | C97     | Eric Stanley     | E88    | Jimmy Walker        |
| B94       | C97     | Eric Stanley     | E91    | Douglas Stephens    |
| B94       | C97     | Eric Stanley     | E95    | Joyce Lynch         |
+-----------+---------+------------------+--------+---------------------+
300 rows in set (0.00 sec)

mysql> select Customer.branch_id,cust_id,cust_name,emp_id,emp_name from Customer inner joi n Employee on Customer.branch_id=Employee.branch_id order by emp_id;
+-----------+---------+------------------+--------+---------------------+
| branch_id | cust_id | cust_name        | emp_id | emp_name            |
+-----------+---------+------------------+--------+---------------------+
| B48       | C80     | Lori Peterson    | E100   | Ashley Bryant       |
| B48       | C39     | Clarence Wheeler | E100   | Ashley Bryant       |
| B48       | C86     | Julie Black      | E100   | Ashley Bryant       |
| B48       | C60     | Anthony Perkins  | E100   | Ashley Bryant       |
| B48       | C87     | Douglas Rogers   | E100   | Ashley Bryant       |
| B48       | C46     | Samuel Webb      | E100   | Ashley Bryant       |
| B48       | C1001   | Jose Russell     | E100   | Ashley Bryant       |
| B48       | C80     | Lori Peterson    | E11    | Heather Banks       |
| B48       | C39     | Clarence Wheeler | E11    | Heather Banks       |
| B48       | C86     | Julie Black      | E11    | Heather Banks       |
| B48       | C60     | Anthony Perkins  | E11    | Heather Banks       |
| B48       | C87     | Douglas Rogers   | E11    | Heather Banks       |
| B48       | C46     | Samuel Webb      | E11    | Heather Banks       |
| B48       | C1001   | Jose Russell     | E11    | Heather Banks       |
| B94       | C28     | Jacqueline Banks | E12    | Russell Medina      |
| B94       | C62     | Phyllis Fields   | E12    | Russell Medina      |
| B94       | C781    | Lawrence George  | E12    | Russell Medina      |
| B94       | C69     | Andrea Burns     | E12    | Russell Medina      |
| B94       | C8      | Paul Riley       | E12    | Russell Medina      |
| B94       | C97     | Eric Stanley     | E12    | Russell Medina      |
| B94       | C55     | Jerry Thomas     | E12    | Russell Medina      |
| B77       | C78     | Stephen Burton   | E13    | Steven Hanson       |
| B77       | C5      | Gary Ellis       | E13    | Steven Hanson       |
| B77       | C50     | Keith Williamson | E13    | Steven Hanson       |
| B77       | C70     | Nicholas Fox     | E13    | Steven Hanson       |
| B77       | C58     | Linda Powell     | E13    | Steven Hanson       |
| B77       | C76     | Ruth Lewis       | E13    | Steven Hanson       |
| B77       | C9      | Theresa Fuller   | E13    | Steven Hanson       |
| B48       | C80     | Lori Peterson    | E132   | Antonio Hunt        |
| B48       | C39     | Clarence Wheeler | E132   | Antonio Hunt        |
| B48       | C86     | Julie Black      | E132   | Antonio Hunt        |
| B48       | C60     | Anthony Perkins  | E132   | Antonio Hunt        |
| B48       | C87     | Douglas Rogers   | E132   | Antonio Hunt        |
| B48       | C46     | Samuel Webb      | E132   | Antonio Hunt        |
| B48       | C1001   | Jose Russell     | E132   | Antonio Hunt        |
| B19       | C90     | Sandra Lawrence  | E16    | Clarence Fernandez  |
| B19       | C35     | Denise Smith     | E16    | Clarence Fernandez  |
| B19       | C96     | Amanda Crawford  | E16    | Clarence Fernandez  |
| B19       | C36     | Brandon Harper   | E16    | Clarence Fernandez  |
| B19       | C73     | Willie Perry     | E16    | Clarence Fernandez  |
| B19       | C4      | Ann Williams     | E16    | Clarence Fernandez  |
| B19       | C77     | Ernest Parker    | E16    | Clarence Fernandez  |
| B19       | C601    | Jane Hawkins     | E16    | Clarence Fernandez  |
| B19       | C49     | Michelle Lynch   | E16    | Clarence Fernandez  |
| B19       | C90     | Sandra Lawrence  | E17    | Brandon Simmons     |
| B19       | C35     | Denise Smith     | E17    | Brandon Simmons     |
| B19       | C96     | Amanda Crawford  | E17    | Brandon Simmons     |
| B19       | C36     | Brandon Harper   | E17    | Brandon Simmons     |
| B19       | C73     | Willie Perry     | E17    | Brandon Simmons     |
| B19       | C4      | Ann Williams     | E17    | Brandon Simmons     |
| B19       | C77     | Ernest Parker    | E17    | Brandon Simmons     |
| B19       | C601    | Jane Hawkins     | E17    | Brandon Simmons     |
| B19       | C49     | Michelle Lynch   | E17    | Brandon Simmons     |
| B77       | C78     | Stephen Burton   | E22    | Eugene Alvarez      |
| B77       | C5      | Gary Ellis       | E22    | Eugene Alvarez      |
| B77       | C50     | Keith Williamson | E22    | Eugene Alvarez      |
| B77       | C70     | Nicholas Fox     | E22    | Eugene Alvarez      |
| B77       | C58     | Linda Powell     | E22    | Eugene Alvarez      |
| B77       | C76     | Ruth Lewis       | E22    | Eugene Alvarez      |
| B77       | C9      | Theresa Fuller   | E22    | Eugene Alvarez      |
| B94       | C28     | Jacqueline Banks | E3     | Louis Gardner       |
| B94       | C62     | Phyllis Fields   | E3     | Louis Gardner       |
| B94       | C781    | Lawrence George  | E3     | Louis Gardner       |
| B94       | C69     | Andrea Burns     | E3     | Louis Gardner       |
| B94       | C8      | Paul Riley       | E3     | Louis Gardner       |
| B94       | C97     | Eric Stanley     | E3     | Louis Gardner       |
| B94       | C55     | Jerry Thomas     | E3     | Louis Gardner       |
| B48       | C80     | Lori Peterson    | E30    | Sandra Kennedy      |
| B48       | C39     | Clarence Wheeler | E30    | Sandra Kennedy      |
| B48       | C86     | Julie Black      | E30    | Sandra Kennedy      |
| B48       | C60     | Anthony Perkins  | E30    | Sandra Kennedy      |
| B48       | C87     | Douglas Rogers   | E30    | Sandra Kennedy      |
| B48       | C46     | Samuel Webb      | E30    | Sandra Kennedy      |
| B48       | C1001   | Jose Russell     | E30    | Sandra Kennedy      |
| B77       | C78     | Stephen Burton   | E32    | Paula Riley         |
| B77       | C5      | Gary Ellis       | E32    | Paula Riley         |
| B77       | C50     | Keith Williamson | E32    | Paula Riley         |
| B77       | C70     | Nicholas Fox     | E32    | Paula Riley         |
| B77       | C58     | Linda Powell     | E32    | Paula Riley         |
| B77       | C76     | Ruth Lewis       | E32    | Paula Riley         |
| B77       | C9      | Theresa Fuller   | E32    | Paula Riley         |
| B94       | C28     | Jacqueline Banks | E39    | Karen Garza         |
| B94       | C62     | Phyllis Fields   | E39    | Karen Garza         |
| B94       | C781    | Lawrence George  | E39    | Karen Garza         |
| B94       | C69     | Andrea Burns     | E39    | Karen Garza         |
| B94       | C8      | Paul Riley       | E39    | Karen Garza         |
| B94       | C97     | Eric Stanley     | E39    | Karen Garza         |
| B94       | C55     | Jerry Thomas     | E39    | Karen Garza         |
| B19       | C49     | Michelle Lynch   | E40    | Charles Reid        |
| B19       | C90     | Sandra Lawrence  | E40    | Charles Reid        |
| B19       | C35     | Denise Smith     | E40    | Charles Reid        |
| B19       | C96     | Amanda Crawford  | E40    | Charles Reid        |
| B19       | C36     | Brandon Harper   | E40    | Charles Reid        |
| B19       | C73     | Willie Perry     | E40    | Charles Reid        |
| B19       | C4      | Ann Williams     | E40    | Charles Reid        |
| B19       | C77     | Ernest Parker    | E40    | Charles Reid        |
| B19       | C601    | Jane Hawkins     | E40    | Charles Reid        |
| B77       | C78     | Stephen Burton   | E41    | Marie Collins       |
| B77       | C5      | Gary Ellis       | E41    | Marie Collins       |
| B77       | C50     | Keith Williamson | E41    | Marie Collins       |
| B77       | C70     | Nicholas Fox     | E41    | Marie Collins       |
| B77       | C58     | Linda Powell     | E41    | Marie Collins       |
| B77       | C76     | Ruth Lewis       | E41    | Marie Collins       |
| B77       | C9      | Theresa Fuller   | E41    | Marie Collins       |
| B48       | C80     | Lori Peterson    | E43    | Lori West           |
| B48       | C39     | Clarence Wheeler | E43    | Lori West           |
| B48       | C86     | Julie Black      | E43    | Lori West           |
| B48       | C60     | Anthony Perkins  | E43    | Lori West           |
| B48       | C87     | Douglas Rogers   | E43    | Lori West           |
| B48       | C46     | Samuel Webb      | E43    | Lori West           |
| B48       | C1001   | Jose Russell     | E43    | Lori West           |
| B19       | C49     | Michelle Lynch   | E48    | Willie Sims         |
| B19       | C90     | Sandra Lawrence  | E48    | Willie Sims         |
| B19       | C35     | Denise Smith     | E48    | Willie Sims         |
| B19       | C96     | Amanda Crawford  | E48    | Willie Sims         |
| B19       | C36     | Brandon Harper   | E48    | Willie Sims         |
| B19       | C73     | Willie Perry     | E48    | Willie Sims         |
| B19       | C4      | Ann Williams     | E48    | Willie Sims         |
| B19       | C77     | Ernest Parker    | E48    | Willie Sims         |
| B19       | C601    | Jane Hawkins     | E48    | Willie Sims         |
| B77       | C9      | Theresa Fuller   | E5     | Gregory Cruz        |
| B77       | C78     | Stephen Burton   | E5     | Gregory Cruz        |
| B77       | C5      | Gary Ellis       | E5     | Gregory Cruz        |
| B77       | C50     | Keith Williamson | E5     | Gregory Cruz        |
| B77       | C70     | Nicholas Fox     | E5     | Gregory Cruz        |
| B77       | C58     | Linda Powell     | E5     | Gregory Cruz        |
| B77       | C76     | Ruth Lewis       | E5     | Gregory Cruz        |
| B94       | C28     | Jacqueline Banks | E53    | Michelle Butler     |
| B94       | C62     | Phyllis Fields   | E53    | Michelle Butler     |
| B94       | C781    | Lawrence George  | E53    | Michelle Butler     |
| B94       | C69     | Andrea Burns     | E53    | Michelle Butler     |
| B94       | C8      | Paul Riley       | E53    | Michelle Butler     |
| B94       | C97     | Eric Stanley     | E53    | Michelle Butler     |
| B94       | C55     | Jerry Thomas     | E53    | Michelle Butler     |
| B94       | C28     | Jacqueline Banks | E58    | Ralph Griffin       |
| B94       | C62     | Phyllis Fields   | E58    | Ralph Griffin       |
| B94       | C781    | Lawrence George  | E58    | Ralph Griffin       |
| B94       | C69     | Andrea Burns     | E58    | Ralph Griffin       |
| B94       | C8      | Paul Riley       | E58    | Ralph Griffin       |
| B94       | C97     | Eric Stanley     | E58    | Ralph Griffin       |
| B94       | C55     | Jerry Thomas     | E58    | Ralph Griffin       |
| B48       | C80     | Lori Peterson    | E59    | Janet Riley         |
| B48       | C39     | Clarence Wheeler | E59    | Janet Riley         |
| B48       | C86     | Julie Black      | E59    | Janet Riley         |
| B48       | C60     | Anthony Perkins  | E59    | Janet Riley         |
| B48       | C87     | Douglas Rogers   | E59    | Janet Riley         |
| B48       | C46     | Samuel Webb      | E59    | Janet Riley         |
| B48       | C1001   | Jose Russell     | E59    | Janet Riley         |
| B48       | C80     | Lori Peterson    | E6     | Ralph Franklin      |
| B48       | C39     | Clarence Wheeler | E6     | Ralph Franklin      |
| B48       | C86     | Julie Black      | E6     | Ralph Franklin      |
| B48       | C60     | Anthony Perkins  | E6     | Ralph Franklin      |
| B48       | C87     | Douglas Rogers   | E6     | Ralph Franklin      |
| B48       | C46     | Samuel Webb      | E6     | Ralph Franklin      |
| B48       | C1001   | Jose Russell     | E6     | Ralph Franklin      |
| B19       | C49     | Michelle Lynch   | E66    | Fred Rogers         |
| B19       | C90     | Sandra Lawrence  | E66    | Fred Rogers         |
| B19       | C35     | Denise Smith     | E66    | Fred Rogers         |
| B19       | C96     | Amanda Crawford  | E66    | Fred Rogers         |
| B19       | C36     | Brandon Harper   | E66    | Fred Rogers         |
| B19       | C73     | Willie Perry     | E66    | Fred Rogers         |
| B19       | C4      | Ann Williams     | E66    | Fred Rogers         |
| B19       | C77     | Ernest Parker    | E66    | Fred Rogers         |
| B19       | C601    | Jane Hawkins     | E66    | Fred Rogers         |
| B94       | C28     | Jacqueline Banks | E67    | Christina Ferguson  |
| B94       | C62     | Phyllis Fields   | E67    | Christina Ferguson  |
| B94       | C781    | Lawrence George  | E67    | Christina Ferguson  |
| B94       | C69     | Andrea Burns     | E67    | Christina Ferguson  |
| B94       | C8      | Paul Riley       | E67    | Christina Ferguson  |
| B94       | C97     | Eric Stanley     | E67    | Christina Ferguson  |
| B94       | C55     | Jerry Thomas     | E67    | Christina Ferguson  |
| B19       | C49     | Michelle Lynch   | E7     | Lois Myers          |
| B19       | C90     | Sandra Lawrence  | E7     | Lois Myers          |
| B19       | C35     | Denise Smith     | E7     | Lois Myers          |
| B19       | C96     | Amanda Crawford  | E7     | Lois Myers          |
| B19       | C36     | Brandon Harper   | E7     | Lois Myers          |
| B19       | C73     | Willie Perry     | E7     | Lois Myers          |
| B19       | C4      | Ann Williams     | E7     | Lois Myers          |
| B19       | C77     | Ernest Parker    | E7     | Lois Myers          |
| B19       | C601    | Jane Hawkins     | E7     | Lois Myers          |
| B19       | C601    | Jane Hawkins     | E71    | Howard Rose         |
| B19       | C49     | Michelle Lynch   | E71    | Howard Rose         |
| B19       | C90     | Sandra Lawrence  | E71    | Howard Rose         |
| B19       | C35     | Denise Smith     | E71    | Howard Rose         |
| B19       | C96     | Amanda Crawford  | E71    | Howard Rose         |
| B19       | C36     | Brandon Harper   | E71    | Howard Rose         |
| B19       | C73     | Willie Perry     | E71    | Howard Rose         |
| B19       | C4      | Ann Williams     | E71    | Howard Rose         |
| B19       | C77     | Ernest Parker    | E71    | Howard Rose         |
| B19       | C601    | Jane Hawkins     | E72    | Willie Stewart      |
| B19       | C49     | Michelle Lynch   | E72    | Willie Stewart      |
| B19       | C90     | Sandra Lawrence  | E72    | Willie Stewart      |
| B19       | C35     | Denise Smith     | E72    | Willie Stewart      |
| B19       | C96     | Amanda Crawford  | E72    | Willie Stewart      |
| B19       | C36     | Brandon Harper   | E72    | Willie Stewart      |
| B19       | C73     | Willie Perry     | E72    | Willie Stewart      |
| B19       | C4      | Ann Williams     | E72    | Willie Stewart      |
| B19       | C77     | Ernest Parker    | E72    | Willie Stewart      |
| B77       | C9      | Theresa Fuller   | E75    | Jack Ramos          |
| B77       | C78     | Stephen Burton   | E75    | Jack Ramos          |
| B77       | C5      | Gary Ellis       | E75    | Jack Ramos          |
| B77       | C50     | Keith Williamson | E75    | Jack Ramos          |
| B77       | C70     | Nicholas Fox     | E75    | Jack Ramos          |
| B77       | C58     | Linda Powell     | E75    | Jack Ramos          |
| B77       | C76     | Ruth Lewis       | E75    | Jack Ramos          |
| B77       | C9      | Theresa Fuller   | E78    | Scott Marshall      |
| B77       | C78     | Stephen Burton   | E78    | Scott Marshall      |
| B77       | C5      | Gary Ellis       | E78    | Scott Marshall      |
| B77       | C50     | Keith Williamson | E78    | Scott Marshall      |
| B77       | C70     | Nicholas Fox     | E78    | Scott Marshall      |
| B77       | C58     | Linda Powell     | E78    | Scott Marshall      |
| B77       | C76     | Ruth Lewis       | E78    | Scott Marshall      |
| B94       | C28     | Jacqueline Banks | E79    | Frances Evans       |
| B94       | C62     | Phyllis Fields   | E79    | Frances Evans       |
| B94       | C781    | Lawrence George  | E79    | Frances Evans       |
| B94       | C69     | Andrea Burns     | E79    | Frances Evans       |
| B94       | C8      | Paul Riley       | E79    | Frances Evans       |
| B94       | C97     | Eric Stanley     | E79    | Frances Evans       |
| B94       | C55     | Jerry Thomas     | E79    | Frances Evans       |
| B19       | C601    | Jane Hawkins     | E791   | Paul Ford           |
| B19       | C49     | Michelle Lynch   | E791   | Paul Ford           |
| B19       | C90     | Sandra Lawrence  | E791   | Paul Ford           |
| B19       | C35     | Denise Smith     | E791   | Paul Ford           |
| B19       | C96     | Amanda Crawford  | E791   | Paul Ford           |
| B19       | C36     | Brandon Harper   | E791   | Paul Ford           |
| B19       | C73     | Willie Perry     | E791   | Paul Ford           |
| B19       | C4      | Ann Williams     | E791   | Paul Ford           |
| B19       | C77     | Ernest Parker    | E791   | Paul Ford           |
| B48       | C80     | Lori Peterson    | E8     | Phillip Burns       |
| B48       | C39     | Clarence Wheeler | E8     | Phillip Burns       |
| B48       | C86     | Julie Black      | E8     | Phillip Burns       |
| B48       | C60     | Anthony Perkins  | E8     | Phillip Burns       |
| B48       | C87     | Douglas Rogers   | E8     | Phillip Burns       |
| B48       | C46     | Samuel Webb      | E8     | Phillip Burns       |
| B48       | C1001   | Jose Russell     | E8     | Phillip Burns       |
| B77       | C9      | Theresa Fuller   | E81    | Jacqueline Sullivan |
| B77       | C78     | Stephen Burton   | E81    | Jacqueline Sullivan |
| B77       | C5      | Gary Ellis       | E81    | Jacqueline Sullivan |
| B77       | C50     | Keith Williamson | E81    | Jacqueline Sullivan |
| B77       | C70     | Nicholas Fox     | E81    | Jacqueline Sullivan |
| B77       | C58     | Linda Powell     | E81    | Jacqueline Sullivan |
| B77       | C76     | Ruth Lewis       | E81    | Jacqueline Sullivan |
| B77       | C9      | Theresa Fuller   | E82    | Kenneth Hart        |
| B77       | C78     | Stephen Burton   | E82    | Kenneth Hart        |
| B77       | C5      | Gary Ellis       | E82    | Kenneth Hart        |
| B77       | C50     | Keith Williamson | E82    | Kenneth Hart        |
| B77       | C70     | Nicholas Fox     | E82    | Kenneth Hart        |
| B77       | C58     | Linda Powell     | E82    | Kenneth Hart        |
| B77       | C76     | Ruth Lewis       | E82    | Kenneth Hart        |
| B94       | C28     | Jacqueline Banks | E88    | Jimmy Walker        |
| B94       | C62     | Phyllis Fields   | E88    | Jimmy Walker        |
| B94       | C781    | Lawrence George  | E88    | Jimmy Walker        |
| B94       | C69     | Andrea Burns     | E88    | Jimmy Walker        |
| B94       | C8      | Paul Riley       | E88    | Jimmy Walker        |
| B94       | C97     | Eric Stanley     | E88    | Jimmy Walker        |
| B94       | C55     | Jerry Thomas     | E88    | Jimmy Walker        |
| B48       | C1001   | Jose Russell     | E90    | Jason Hill          |
| B48       | C80     | Lori Peterson    | E90    | Jason Hill          |
| B48       | C39     | Clarence Wheeler | E90    | Jason Hill          |
| B48       | C86     | Julie Black      | E90    | Jason Hill          |
| B48       | C60     | Anthony Perkins  | E90    | Jason Hill          |
| B48       | C87     | Douglas Rogers   | E90    | Jason Hill          |
| B48       | C46     | Samuel Webb      | E90    | Jason Hill          |
| B94       | C28     | Jacqueline Banks | E91    | Douglas Stephens    |
| B94       | C62     | Phyllis Fields   | E91    | Douglas Stephens    |
| B94       | C781    | Lawrence George  | E91    | Douglas Stephens    |
| B94       | C69     | Andrea Burns     | E91    | Douglas Stephens    |
| B94       | C8      | Paul Riley       | E91    | Douglas Stephens    |
| B94       | C97     | Eric Stanley     | E91    | Douglas Stephens    |
| B94       | C55     | Jerry Thomas     | E91    | Douglas Stephens    |
| B77       | C9      | Theresa Fuller   | E92    | Howard Lewis        |
| B77       | C78     | Stephen Burton   | E92    | Howard Lewis        |
| B77       | C5      | Gary Ellis       | E92    | Howard Lewis        |
| B77       | C50     | Keith Williamson | E92    | Howard Lewis        |
| B77       | C70     | Nicholas Fox     | E92    | Howard Lewis        |
| B77       | C58     | Linda Powell     | E92    | Howard Lewis        |
| B77       | C76     | Ruth Lewis       | E92    | Howard Lewis        |
| B94       | C28     | Jacqueline Banks | E95    | Joyce Lynch         |
| B94       | C62     | Phyllis Fields   | E95    | Joyce Lynch         |
| B94       | C781    | Lawrence George  | E95    | Joyce Lynch         |
| B94       | C69     | Andrea Burns     | E95    | Joyce Lynch         |
| B94       | C8      | Paul Riley       | E95    | Joyce Lynch         |
| B94       | C97     | Eric Stanley     | E95    | Joyce Lynch         |
| B94       | C55     | Jerry Thomas     | E95    | Joyce Lynch         |
| B19       | C601    | Jane Hawkins     | E952   | Juan Hart           |
| B19       | C49     | Michelle Lynch   | E952   | Juan Hart           |
| B19       | C90     | Sandra Lawrence  | E952   | Juan Hart           |
| B19       | C35     | Denise Smith     | E952   | Juan Hart           |
| B19       | C96     | Amanda Crawford  | E952   | Juan Hart           |
| B19       | C36     | Brandon Harper   | E952   | Juan Hart           |
| B19       | C73     | Willie Perry     | E952   | Juan Hart           |
| B19       | C4      | Ann Williams     | E952   | Juan Hart           |
| B19       | C77     | Ernest Parker    | E952   | Juan Hart           |
| B48       | C1001   | Jose Russell     | E97    | Carolyn Dixon       |
| B48       | C80     | Lori Peterson    | E97    | Carolyn Dixon       |
| B48       | C39     | Clarence Wheeler | E97    | Carolyn Dixon       |
| B48       | C86     | Julie Black      | E97    | Carolyn Dixon       |
| B48       | C60     | Anthony Perkins  | E97    | Carolyn Dixon       |
| B48       | C87     | Douglas Rogers   | E97    | Carolyn Dixon       |
| B48       | C46     | Samuel Webb      | E97    | Carolyn Dixon       |
+-----------+---------+------------------+--------+---------------------+
300 rows in set (0.01 sec)

mysql> select Customer.branch_id,cust_id,cust_name,emp_id,emp_name from Customer inner joi n Employee on Customer.branch_id=Employee.branch_id order by branch_id;
+-----------+---------+------------------+--------+---------------------+
| branch_id | cust_id | cust_name        | emp_id | emp_name            |
+-----------+---------+------------------+--------+---------------------+
| B19       | C601    | Jane Hawkins     | E16    | Clarence Fernandez  |
| B19       | C601    | Jane Hawkins     | E17    | Brandon Simmons     |
| B19       | C601    | Jane Hawkins     | E40    | Charles Reid        |
| B19       | C601    | Jane Hawkins     | E48    | Willie Sims         |
| B19       | C601    | Jane Hawkins     | E66    | Fred Rogers         |
| B19       | C601    | Jane Hawkins     | E7     | Lois Myers          |
| B19       | C601    | Jane Hawkins     | E71    | Howard Rose         |
| B19       | C601    | Jane Hawkins     | E72    | Willie Stewart      |
| B19       | C601    | Jane Hawkins     | E791   | Paul Ford           |
| B19       | C601    | Jane Hawkins     | E952   | Juan Hart           |
| B19       | C90     | Sandra Lawrence  | E16    | Clarence Fernandez  |
| B19       | C90     | Sandra Lawrence  | E17    | Brandon Simmons     |
| B19       | C90     | Sandra Lawrence  | E40    | Charles Reid        |
| B19       | C90     | Sandra Lawrence  | E48    | Willie Sims         |
| B19       | C90     | Sandra Lawrence  | E66    | Fred Rogers         |
| B19       | C90     | Sandra Lawrence  | E7     | Lois Myers          |
| B19       | C90     | Sandra Lawrence  | E71    | Howard Rose         |
| B19       | C90     | Sandra Lawrence  | E72    | Willie Stewart      |
| B19       | C90     | Sandra Lawrence  | E791   | Paul Ford           |
| B19       | C90     | Sandra Lawrence  | E952   | Juan Hart           |
| B19       | C73     | Willie Perry     | E16    | Clarence Fernandez  |
| B19       | C73     | Willie Perry     | E17    | Brandon Simmons     |
| B19       | C73     | Willie Perry     | E40    | Charles Reid        |
| B19       | C73     | Willie Perry     | E48    | Willie Sims         |
| B19       | C73     | Willie Perry     | E66    | Fred Rogers         |
| B19       | C73     | Willie Perry     | E7     | Lois Myers          |
| B19       | C73     | Willie Perry     | E71    | Howard Rose         |
| B19       | C73     | Willie Perry     | E72    | Willie Stewart      |
| B19       | C73     | Willie Perry     | E791   | Paul Ford           |
| B19       | C73     | Willie Perry     | E952   | Juan Hart           |
| B19       | C49     | Michelle Lynch   | E16    | Clarence Fernandez  |
| B19       | C49     | Michelle Lynch   | E17    | Brandon Simmons     |
| B19       | C49     | Michelle Lynch   | E40    | Charles Reid        |
| B19       | C49     | Michelle Lynch   | E48    | Willie Sims         |
| B19       | C49     | Michelle Lynch   | E66    | Fred Rogers         |
| B19       | C49     | Michelle Lynch   | E7     | Lois Myers          |
| B19       | C49     | Michelle Lynch   | E71    | Howard Rose         |
| B19       | C49     | Michelle Lynch   | E72    | Willie Stewart      |
| B19       | C49     | Michelle Lynch   | E791   | Paul Ford           |
| B19       | C49     | Michelle Lynch   | E952   | Juan Hart           |
| B19       | C77     | Ernest Parker    | E16    | Clarence Fernandez  |
| B19       | C77     | Ernest Parker    | E17    | Brandon Simmons     |
| B19       | C77     | Ernest Parker    | E40    | Charles Reid        |
| B19       | C77     | Ernest Parker    | E48    | Willie Sims         |
| B19       | C77     | Ernest Parker    | E66    | Fred Rogers         |
| B19       | C77     | Ernest Parker    | E7     | Lois Myers          |
| B19       | C77     | Ernest Parker    | E71    | Howard Rose         |
| B19       | C77     | Ernest Parker    | E72    | Willie Stewart      |
| B19       | C77     | Ernest Parker    | E791   | Paul Ford           |
| B19       | C77     | Ernest Parker    | E952   | Juan Hart           |
| B19       | C4      | Ann Williams     | E16    | Clarence Fernandez  |
| B19       | C4      | Ann Williams     | E17    | Brandon Simmons     |
| B19       | C4      | Ann Williams     | E40    | Charles Reid        |
| B19       | C4      | Ann Williams     | E48    | Willie Sims         |
| B19       | C4      | Ann Williams     | E66    | Fred Rogers         |
| B19       | C4      | Ann Williams     | E7     | Lois Myers          |
| B19       | C4      | Ann Williams     | E71    | Howard Rose         |
| B19       | C4      | Ann Williams     | E72    | Willie Stewart      |
| B19       | C4      | Ann Williams     | E791   | Paul Ford           |
| B19       | C4      | Ann Williams     | E952   | Juan Hart           |
| B19       | C36     | Brandon Harper   | E16    | Clarence Fernandez  |
| B19       | C36     | Brandon Harper   | E17    | Brandon Simmons     |
| B19       | C36     | Brandon Harper   | E40    | Charles Reid        |
| B19       | C36     | Brandon Harper   | E48    | Willie Sims         |
| B19       | C36     | Brandon Harper   | E66    | Fred Rogers         |
| B19       | C36     | Brandon Harper   | E7     | Lois Myers          |
| B19       | C36     | Brandon Harper   | E71    | Howard Rose         |
| B19       | C36     | Brandon Harper   | E72    | Willie Stewart      |
| B19       | C36     | Brandon Harper   | E791   | Paul Ford           |
| B19       | C36     | Brandon Harper   | E952   | Juan Hart           |
| B19       | C35     | Denise Smith     | E16    | Clarence Fernandez  |
| B19       | C35     | Denise Smith     | E17    | Brandon Simmons     |
| B19       | C35     | Denise Smith     | E40    | Charles Reid        |
| B19       | C35     | Denise Smith     | E48    | Willie Sims         |
| B19       | C35     | Denise Smith     | E66    | Fred Rogers         |
| B19       | C35     | Denise Smith     | E7     | Lois Myers          |
| B19       | C35     | Denise Smith     | E71    | Howard Rose         |
| B19       | C35     | Denise Smith     | E72    | Willie Stewart      |
| B19       | C35     | Denise Smith     | E791   | Paul Ford           |
| B19       | C35     | Denise Smith     | E952   | Juan Hart           |
| B19       | C96     | Amanda Crawford  | E16    | Clarence Fernandez  |
| B19       | C96     | Amanda Crawford  | E17    | Brandon Simmons     |
| B19       | C96     | Amanda Crawford  | E40    | Charles Reid        |
| B19       | C96     | Amanda Crawford  | E48    | Willie Sims         |
| B19       | C96     | Amanda Crawford  | E66    | Fred Rogers         |
| B19       | C96     | Amanda Crawford  | E7     | Lois Myers          |
| B19       | C96     | Amanda Crawford  | E71    | Howard Rose         |
| B19       | C96     | Amanda Crawford  | E72    | Willie Stewart      |
| B19       | C96     | Amanda Crawford  | E791   | Paul Ford           |
| B19       | C96     | Amanda Crawford  | E952   | Juan Hart           |
| B48       | C86     | Julie Black      | E100   | Ashley Bryant       |
| B48       | C86     | Julie Black      | E11    | Heather Banks       |
| B48       | C86     | Julie Black      | E132   | Antonio Hunt        |
| B48       | C86     | Julie Black      | E30    | Sandra Kennedy      |
| B48       | C86     | Julie Black      | E43    | Lori West           |
| B48       | C86     | Julie Black      | E59    | Janet Riley         |
| B48       | C86     | Julie Black      | E6     | Ralph Franklin      |
| B48       | C86     | Julie Black      | E8     | Phillip Burns       |
| B48       | C86     | Julie Black      | E90    | Jason Hill          |
| B48       | C86     | Julie Black      | E97    | Carolyn Dixon       |
| B48       | C87     | Douglas Rogers   | E100   | Ashley Bryant       |
| B48       | C87     | Douglas Rogers   | E11    | Heather Banks       |
| B48       | C87     | Douglas Rogers   | E132   | Antonio Hunt        |
| B48       | C87     | Douglas Rogers   | E30    | Sandra Kennedy      |
| B48       | C87     | Douglas Rogers   | E43    | Lori West           |
| B48       | C87     | Douglas Rogers   | E59    | Janet Riley         |
| B48       | C87     | Douglas Rogers   | E6     | Ralph Franklin      |
| B48       | C87     | Douglas Rogers   | E8     | Phillip Burns       |
| B48       | C87     | Douglas Rogers   | E90    | Jason Hill          |
| B48       | C87     | Douglas Rogers   | E97    | Carolyn Dixon       |
| B48       | C1001   | Jose Russell     | E100   | Ashley Bryant       |
| B48       | C1001   | Jose Russell     | E11    | Heather Banks       |
| B48       | C1001   | Jose Russell     | E132   | Antonio Hunt        |
| B48       | C1001   | Jose Russell     | E30    | Sandra Kennedy      |
| B48       | C1001   | Jose Russell     | E43    | Lori West           |
| B48       | C1001   | Jose Russell     | E59    | Janet Riley         |
| B48       | C1001   | Jose Russell     | E6     | Ralph Franklin      |
| B48       | C1001   | Jose Russell     | E8     | Phillip Burns       |
| B48       | C1001   | Jose Russell     | E90    | Jason Hill          |
| B48       | C1001   | Jose Russell     | E97    | Carolyn Dixon       |
| B48       | C60     | Anthony Perkins  | E100   | Ashley Bryant       |
| B48       | C60     | Anthony Perkins  | E11    | Heather Banks       |
| B48       | C60     | Anthony Perkins  | E132   | Antonio Hunt        |
| B48       | C60     | Anthony Perkins  | E30    | Sandra Kennedy      |
| B48       | C60     | Anthony Perkins  | E43    | Lori West           |
| B48       | C60     | Anthony Perkins  | E59    | Janet Riley         |
| B48       | C60     | Anthony Perkins  | E6     | Ralph Franklin      |
| B48       | C60     | Anthony Perkins  | E8     | Phillip Burns       |
| B48       | C60     | Anthony Perkins  | E90    | Jason Hill          |
| B48       | C60     | Anthony Perkins  | E97    | Carolyn Dixon       |
| B48       | C80     | Lori Peterson    | E100   | Ashley Bryant       |
| B48       | C80     | Lori Peterson    | E11    | Heather Banks       |
| B48       | C80     | Lori Peterson    | E132   | Antonio Hunt        |
| B48       | C80     | Lori Peterson    | E30    | Sandra Kennedy      |
| B48       | C80     | Lori Peterson    | E43    | Lori West           |
| B48       | C80     | Lori Peterson    | E59    | Janet Riley         |
| B48       | C80     | Lori Peterson    | E6     | Ralph Franklin      |
| B48       | C80     | Lori Peterson    | E8     | Phillip Burns       |
| B48       | C80     | Lori Peterson    | E90    | Jason Hill          |
| B48       | C80     | Lori Peterson    | E97    | Carolyn Dixon       |
| B48       | C39     | Clarence Wheeler | E100   | Ashley Bryant       |
| B48       | C39     | Clarence Wheeler | E11    | Heather Banks       |
| B48       | C39     | Clarence Wheeler | E132   | Antonio Hunt        |
| B48       | C39     | Clarence Wheeler | E30    | Sandra Kennedy      |
| B48       | C39     | Clarence Wheeler | E43    | Lori West           |
| B48       | C39     | Clarence Wheeler | E59    | Janet Riley         |
| B48       | C39     | Clarence Wheeler | E6     | Ralph Franklin      |
| B48       | C39     | Clarence Wheeler | E8     | Phillip Burns       |
| B48       | C39     | Clarence Wheeler | E90    | Jason Hill          |
| B48       | C39     | Clarence Wheeler | E97    | Carolyn Dixon       |
| B48       | C46     | Samuel Webb      | E100   | Ashley Bryant       |
| B48       | C46     | Samuel Webb      | E11    | Heather Banks       |
| B48       | C46     | Samuel Webb      | E132   | Antonio Hunt        |
| B48       | C46     | Samuel Webb      | E30    | Sandra Kennedy      |
| B48       | C46     | Samuel Webb      | E43    | Lori West           |
| B48       | C46     | Samuel Webb      | E59    | Janet Riley         |
| B48       | C46     | Samuel Webb      | E6     | Ralph Franklin      |
| B48       | C46     | Samuel Webb      | E8     | Phillip Burns       |
| B48       | C46     | Samuel Webb      | E90    | Jason Hill          |
| B48       | C46     | Samuel Webb      | E97    | Carolyn Dixon       |
| B77       | C78     | Stephen Burton   | E13    | Steven Hanson       |
| B77       | C78     | Stephen Burton   | E22    | Eugene Alvarez      |
| B77       | C78     | Stephen Burton   | E32    | Paula Riley         |
| B77       | C78     | Stephen Burton   | E41    | Marie Collins       |
| B77       | C78     | Stephen Burton   | E5     | Gregory Cruz        |
| B77       | C78     | Stephen Burton   | E75    | Jack Ramos          |
| B77       | C78     | Stephen Burton   | E78    | Scott Marshall      |
| B77       | C78     | Stephen Burton   | E81    | Jacqueline Sullivan |
| B77       | C78     | Stephen Burton   | E82    | Kenneth Hart        |
| B77       | C78     | Stephen Burton   | E92    | Howard Lewis        |
| B77       | C76     | Ruth Lewis       | E13    | Steven Hanson       |
| B77       | C76     | Ruth Lewis       | E22    | Eugene Alvarez      |
| B77       | C76     | Ruth Lewis       | E32    | Paula Riley         |
| B77       | C76     | Ruth Lewis       | E41    | Marie Collins       |
| B77       | C76     | Ruth Lewis       | E5     | Gregory Cruz        |
| B77       | C76     | Ruth Lewis       | E75    | Jack Ramos          |
| B77       | C76     | Ruth Lewis       | E78    | Scott Marshall      |
| B77       | C76     | Ruth Lewis       | E81    | Jacqueline Sullivan |
| B77       | C76     | Ruth Lewis       | E82    | Kenneth Hart        |
| B77       | C76     | Ruth Lewis       | E92    | Howard Lewis        |
| B77       | C5      | Gary Ellis       | E13    | Steven Hanson       |
| B77       | C5      | Gary Ellis       | E22    | Eugene Alvarez      |
| B77       | C5      | Gary Ellis       | E32    | Paula Riley         |
| B77       | C5      | Gary Ellis       | E41    | Marie Collins       |
| B77       | C5      | Gary Ellis       | E5     | Gregory Cruz        |
| B77       | C5      | Gary Ellis       | E75    | Jack Ramos          |
| B77       | C5      | Gary Ellis       | E78    | Scott Marshall      |
| B77       | C5      | Gary Ellis       | E81    | Jacqueline Sullivan |
| B77       | C5      | Gary Ellis       | E82    | Kenneth Hart        |
| B77       | C5      | Gary Ellis       | E92    | Howard Lewis        |
| B77       | C70     | Nicholas Fox     | E13    | Steven Hanson       |
| B77       | C70     | Nicholas Fox     | E22    | Eugene Alvarez      |
| B77       | C70     | Nicholas Fox     | E32    | Paula Riley         |
| B77       | C70     | Nicholas Fox     | E41    | Marie Collins       |
| B77       | C70     | Nicholas Fox     | E5     | Gregory Cruz        |
| B77       | C70     | Nicholas Fox     | E75    | Jack Ramos          |
| B77       | C70     | Nicholas Fox     | E78    | Scott Marshall      |
| B77       | C70     | Nicholas Fox     | E81    | Jacqueline Sullivan |
| B77       | C70     | Nicholas Fox     | E82    | Kenneth Hart        |
| B77       | C70     | Nicholas Fox     | E92    | Howard Lewis        |
| B77       | C50     | Keith Williamson | E13    | Steven Hanson       |
| B77       | C50     | Keith Williamson | E22    | Eugene Alvarez      |
| B77       | C50     | Keith Williamson | E32    | Paula Riley         |
| B77       | C50     | Keith Williamson | E41    | Marie Collins       |
| B77       | C50     | Keith Williamson | E5     | Gregory Cruz        |
| B77       | C50     | Keith Williamson | E75    | Jack Ramos          |
| B77       | C50     | Keith Williamson | E78    | Scott Marshall      |
| B77       | C50     | Keith Williamson | E81    | Jacqueline Sullivan |
| B77       | C50     | Keith Williamson | E82    | Kenneth Hart        |
| B77       | C50     | Keith Williamson | E92    | Howard Lewis        |
| B77       | C9      | Theresa Fuller   | E13    | Steven Hanson       |
| B77       | C9      | Theresa Fuller   | E22    | Eugene Alvarez      |
| B77       | C9      | Theresa Fuller   | E32    | Paula Riley         |
| B77       | C9      | Theresa Fuller   | E41    | Marie Collins       |
| B77       | C9      | Theresa Fuller   | E5     | Gregory Cruz        |
| B77       | C9      | Theresa Fuller   | E75    | Jack Ramos          |
| B77       | C9      | Theresa Fuller   | E78    | Scott Marshall      |
| B77       | C9      | Theresa Fuller   | E81    | Jacqueline Sullivan |
| B77       | C9      | Theresa Fuller   | E82    | Kenneth Hart        |
| B77       | C9      | Theresa Fuller   | E92    | Howard Lewis        |
| B77       | C58     | Linda Powell     | E13    | Steven Hanson       |
| B77       | C58     | Linda Powell     | E22    | Eugene Alvarez      |
| B77       | C58     | Linda Powell     | E32    | Paula Riley         |
| B77       | C58     | Linda Powell     | E41    | Marie Collins       |
| B77       | C58     | Linda Powell     | E5     | Gregory Cruz        |
| B77       | C58     | Linda Powell     | E75    | Jack Ramos          |
| B77       | C58     | Linda Powell     | E78    | Scott Marshall      |
| B77       | C58     | Linda Powell     | E81    | Jacqueline Sullivan |
| B77       | C58     | Linda Powell     | E82    | Kenneth Hart        |
| B77       | C58     | Linda Powell     | E92    | Howard Lewis        |
| B94       | C8      | Paul Riley       | E12    | Russell Medina      |
| B94       | C8      | Paul Riley       | E3     | Louis Gardner       |
| B94       | C8      | Paul Riley       | E39    | Karen Garza         |
| B94       | C8      | Paul Riley       | E53    | Michelle Butler     |
| B94       | C8      | Paul Riley       | E58    | Ralph Griffin       |
| B94       | C8      | Paul Riley       | E67    | Christina Ferguson  |
| B94       | C8      | Paul Riley       | E79    | Frances Evans       |
| B94       | C8      | Paul Riley       | E88    | Jimmy Walker        |
| B94       | C8      | Paul Riley       | E91    | Douglas Stephens    |
| B94       | C8      | Paul Riley       | E95    | Joyce Lynch         |
| B94       | C781    | Lawrence George  | E12    | Russell Medina      |
| B94       | C781    | Lawrence George  | E3     | Louis Gardner       |
| B94       | C781    | Lawrence George  | E39    | Karen Garza         |
| B94       | C781    | Lawrence George  | E53    | Michelle Butler     |
| B94       | C781    | Lawrence George  | E58    | Ralph Griffin       |
| B94       | C781    | Lawrence George  | E67    | Christina Ferguson  |
| B94       | C781    | Lawrence George  | E79    | Frances Evans       |
| B94       | C781    | Lawrence George  | E88    | Jimmy Walker        |
| B94       | C781    | Lawrence George  | E91    | Douglas Stephens    |
| B94       | C781    | Lawrence George  | E95    | Joyce Lynch         |
| B94       | C69     | Andrea Burns     | E12    | Russell Medina      |
| B94       | C69     | Andrea Burns     | E3     | Louis Gardner       |
| B94       | C69     | Andrea Burns     | E39    | Karen Garza         |
| B94       | C69     | Andrea Burns     | E53    | Michelle Butler     |
| B94       | C69     | Andrea Burns     | E58    | Ralph Griffin       |
| B94       | C69     | Andrea Burns     | E67    | Christina Ferguson  |
| B94       | C69     | Andrea Burns     | E79    | Frances Evans       |
| B94       | C69     | Andrea Burns     | E88    | Jimmy Walker        |
| B94       | C69     | Andrea Burns     | E91    | Douglas Stephens    |
| B94       | C69     | Andrea Burns     | E95    | Joyce Lynch         |
| B94       | C62     | Phyllis Fields   | E12    | Russell Medina      |
| B94       | C62     | Phyllis Fields   | E3     | Louis Gardner       |
| B94       | C62     | Phyllis Fields   | E39    | Karen Garza         |
| B94       | C62     | Phyllis Fields   | E53    | Michelle Butler     |
| B94       | C62     | Phyllis Fields   | E58    | Ralph Griffin       |
| B94       | C62     | Phyllis Fields   | E67    | Christina Ferguson  |
| B94       | C62     | Phyllis Fields   | E79    | Frances Evans       |
| B94       | C62     | Phyllis Fields   | E88    | Jimmy Walker        |
| B94       | C62     | Phyllis Fields   | E91    | Douglas Stephens    |
| B94       | C62     | Phyllis Fields   | E95    | Joyce Lynch         |
| B94       | C55     | Jerry Thomas     | E12    | Russell Medina      |
| B94       | C55     | Jerry Thomas     | E3     | Louis Gardner       |
| B94       | C55     | Jerry Thomas     | E39    | Karen Garza         |
| B94       | C55     | Jerry Thomas     | E53    | Michelle Butler     |
| B94       | C55     | Jerry Thomas     | E58    | Ralph Griffin       |
| B94       | C55     | Jerry Thomas     | E67    | Christina Ferguson  |
| B94       | C55     | Jerry Thomas     | E79    | Frances Evans       |
| B94       | C55     | Jerry Thomas     | E88    | Jimmy Walker        |
| B94       | C55     | Jerry Thomas     | E91    | Douglas Stephens    |
| B94       | C55     | Jerry Thomas     | E95    | Joyce Lynch         |
| B94       | C28     | Jacqueline Banks | E12    | Russell Medina      |
| B94       | C28     | Jacqueline Banks | E3     | Louis Gardner       |
| B94       | C28     | Jacqueline Banks | E39    | Karen Garza         |
| B94       | C28     | Jacqueline Banks | E53    | Michelle Butler     |
| B94       | C28     | Jacqueline Banks | E58    | Ralph Griffin       |
| B94       | C28     | Jacqueline Banks | E67    | Christina Ferguson  |
| B94       | C28     | Jacqueline Banks | E79    | Frances Evans       |
| B94       | C28     | Jacqueline Banks | E88    | Jimmy Walker        |
| B94       | C28     | Jacqueline Banks | E91    | Douglas Stephens    |
| B94       | C28     | Jacqueline Banks | E95    | Joyce Lynch         |
| B94       | C97     | Eric Stanley     | E12    | Russell Medina      |
| B94       | C97     | Eric Stanley     | E3     | Louis Gardner       |
| B94       | C97     | Eric Stanley     | E39    | Karen Garza         |
| B94       | C97     | Eric Stanley     | E53    | Michelle Butler     |
| B94       | C97     | Eric Stanley     | E58    | Ralph Griffin       |
| B94       | C97     | Eric Stanley     | E67    | Christina Ferguson  |
| B94       | C97     | Eric Stanley     | E79    | Frances Evans       |
| B94       | C97     | Eric Stanley     | E88    | Jimmy Walker        |
| B94       | C97     | Eric Stanley     | E91    | Douglas Stephens    |
| B94       | C97     | Eric Stanley     | E95    | Joyce Lynch         |
+-----------+---------+------------------+--------+---------------------+
300 rows in set (0.01 sec)

mysql> select Customer.branch_id,cust_id,cust_name,emp_id,emp_name from Customer outer joi n Employee on Customer.branch_id=Employee.branch_id order by branch_id;
ERROR 1064 (42000): You have an error in your SQL syntax; check the manual that corresponds to your MySQL server version for the right syntax to use near 'outer join Employee on Customer.branch_id=Employee.branch_id order by branch_id' at line 1
mysql> select Customer.branch_id,cust_id,cust_name,emp_id,emp_name from Customer full oute r join Employee on Customer.branch_id=Employee.branch_id order by branch_id;
ERROR 1064 (42000): You have an error in your SQL syntax; check the manual that corresponds to your MySQL server version for the right syntax to use near 'outer join Employee on Customer.branch_id=Employee.branch_id order by branch_id' at line 1
mysql> select * from Customer full outer join Employee on Customer.branch_id=Employee.bran ch_id;
ERROR 1064 (42000): You have an error in your SQL syntax; check the manual that corresponds to your MySQL server version for the right syntax to use near 'outer join Employee on Customer.branch_id=Employee.branch_id' at line 1
mysql> select * from Customer left join Employee on Customer.branch_id=Employee.branch_id; [Amysql> select * from Customer left join Employee on Customer.branch_id=Employee.branch_id[K;
+---------+------------------+---------------+-------------------+-----------+--------+---------------------+-------------------+------------+-----------+
| cust_id | cust_name        | customer_city | cust_phone        | branch_id | emp_id | emp_name            | emp_phone         | emp_salary | branch_id |
+---------+------------------+---------------+-------------------+-----------+--------+---------------------+-------------------+------------+-----------+
| C1001   | Jose Russell     | Zongluzui     | 1-(929)791-3183   | B48       | E100   | Ashley Bryant       | 86-(485)633-2560  |  410726.99 | B48       |
| C1001   | Jose Russell     | Zongluzui     | 1-(929)791-3183   | B48       | E11    | Heather Banks       | 86-(617)139-5943  |  448254.90 | B48       |
| C1001   | Jose Russell     | Zongluzui     | 1-(929)791-3183   | B48       | E132   | Antonio Hunt        | 86-(720)696-3086  |  361834.06 | B48       |
| C1001   | Jose Russell     | Zongluzui     | 1-(929)791-3183   | B48       | E30    | Sandra Kennedy      | 977-(763)877-0691 |  426283.74 | B48       |
| C1001   | Jose Russell     | Zongluzui     | 1-(929)791-3183   | B48       | E43    | Lori West           | 86-(973)560-0113  |   32970.86 | B48       |
| C1001   | Jose Russell     | Zongluzui     | 1-(929)791-3183   | B48       | E59    | Janet Riley         | 62-(237)102-2731  |  100027.59 | B48       |
| C1001   | Jose Russell     | Zongluzui     | 1-(929)791-3183   | B48       | E6     | Ralph Franklin      | 385-(404)473-6180 |  287755.01 | B48       |
| C1001   | Jose Russell     | Zongluzui     | 1-(929)791-3183   | B48       | E8     | Phillip Burns       | 62-(154)696-3245  |  335128.54 | B48       |
| C1001   | Jose Russell     | Zongluzui     | 1-(929)791-3183   | B48       | E90    | Jason Hill          | 86-(818)772-9887  |   41926.84 | B48       |
| C1001   | Jose Russell     | Zongluzui     | 1-(929)791-3183   | B48       | E97    | Carolyn Dixon       | 86-(823)994-2737  |  434897.41 | B48       |
| C28     | Jacqueline Banks | Bayart Huxu   | 86-(444)169-9769  | B94       | E12    | Russell Medina      | 86-(954)906-6743  |  200865.34 | B94       |
| C28     | Jacqueline Banks | Bayart Huxu   | 86-(444)169-9769  | B94       | E3     | Louis Gardner       | 1-(208)832-3891   |  234357.75 | B94       |
| C28     | Jacqueline Banks | Bayart Huxu   | 86-(444)169-9769  | B94       | E39    | Karen Garza         | 7-(403)125-7249   |  363569.05 | B94       |
| C28     | Jacqueline Banks | Bayart Huxu   | 86-(444)169-9769  | B94       | E53    | Michelle Butler     | 33-(430)263-8076  |  478616.54 | B94       |
| C28     | Jacqueline Banks | Bayart Huxu   | 86-(444)169-9769  | B94       | E58    | Ralph Griffin       | 52-(937)691-6875  |  351387.73 | B94       |
| C28     | Jacqueline Banks | Bayart Huxu   | 86-(444)169-9769  | B94       | E67    | Christina Ferguson  | 389-(102)586-0096 |  441423.08 | B94       |
| C28     | Jacqueline Banks | Bayart Huxu   | 86-(444)169-9769  | B94       | E79    | Frances Evans       | 963-(443)559-9622 |  301598.27 | B94       |
| C28     | Jacqueline Banks | Bayart Huxu   | 86-(444)169-9769  | B94       | E88    | Jimmy Walker        | 48-(368)529-8825  |  365944.92 | B94       |
| C28     | Jacqueline Banks | Bayart Huxu   | 86-(444)169-9769  | B94       | E91    | Douglas Stephens    | 63-(698)162-6409  |   44423.65 | B94       |
| C28     | Jacqueline Banks | Bayart Huxu   | 86-(444)169-9769  | B94       | E95    | Joyce Lynch         | 389-(848)480-6039 |  134864.64 | B94       |
| C35     | Denise Smith     | Cochin        | 81-(719)767-3054  | B19       | E16    | Clarence Fernandez  | 47-(485)768-2551  |  498239.95 | B19       |
| C35     | Denise Smith     | Cochin        | 81-(719)767-3054  | B19       | E17    | Brandon Simmons     | 351-(441)730-4504 |  395290.44 | B19       |
| C35     | Denise Smith     | Cochin        | 81-(719)767-3054  | B19       | E40    | Charles Reid        | 30-(968)277-8775  |  215319.11 | B19       |
| C35     | Denise Smith     | Cochin        | 81-(719)767-3054  | B19       | E48    | Willie Sims         | 86-(148)584-1974  |  337823.41 | B19       |
| C35     | Denise Smith     | Cochin        | 81-(719)767-3054  | B19       | E66    | Fred Rogers         | 86-(821)589-1276  |  328605.23 | B19       |
| C35     | Denise Smith     | Cochin        | 81-(719)767-3054  | B19       | E7     | Lois Myers          | 62-(245)601-3784  |   48951.02 | B19       |
| C35     | Denise Smith     | Cochin        | 81-(719)767-3054  | B19       | E71    | Howard Rose         | 55-(466)346-1174  |  323047.25 | B19       |
| C35     | Denise Smith     | Cochin        | 81-(719)767-3054  | B19       | E72    | Willie Stewart      | 33-(526)530-3640  |  286188.48 | B19       |
| C35     | Denise Smith     | Cochin        | 81-(719)767-3054  | B19       | E791   | Paul Ford           | 963-(476)657-7681 |  169658.64 | B19       |
| C35     | Denise Smith     | Cochin        | 81-(719)767-3054  | B19       | E952   | Juan Hart           | 86-(495)823-9694  |  374521.50 | B19       |
| C36     | Brandon Harper   | Cochin        | 62-(997)846-0480  | B19       | E16    | Clarence Fernandez  | 47-(485)768-2551  |  498239.95 | B19       |
| C36     | Brandon Harper   | Cochin        | 62-(997)846-0480  | B19       | E17    | Brandon Simmons     | 351-(441)730-4504 |  395290.44 | B19       |
| C36     | Brandon Harper   | Cochin        | 62-(997)846-0480  | B19       | E40    | Charles Reid        | 30-(968)277-8775  |  215319.11 | B19       |
| C36     | Brandon Harper   | Cochin        | 62-(997)846-0480  | B19       | E48    | Willie Sims         | 86-(148)584-1974  |  337823.41 | B19       |
| C36     | Brandon Harper   | Cochin        | 62-(997)846-0480  | B19       | E66    | Fred Rogers         | 86-(821)589-1276  |  328605.23 | B19       |
| C36     | Brandon Harper   | Cochin        | 62-(997)846-0480  | B19       | E7     | Lois Myers          | 62-(245)601-3784  |   48951.02 | B19       |
| C36     | Brandon Harper   | Cochin        | 62-(997)846-0480  | B19       | E71    | Howard Rose         | 55-(466)346-1174  |  323047.25 | B19       |
| C36     | Brandon Harper   | Cochin        | 62-(997)846-0480  | B19       | E72    | Willie Stewart      | 33-(526)530-3640  |  286188.48 | B19       |
| C36     | Brandon Harper   | Cochin        | 62-(997)846-0480  | B19       | E791   | Paul Ford           | 963-(476)657-7681 |  169658.64 | B19       |
| C36     | Brandon Harper   | Cochin        | 62-(997)846-0480  | B19       | E952   | Juan Hart           | 86-(495)823-9694  |  374521.50 | B19       |
| C39     | Clarence Wheeler | Zongluzui     | 375-(809)935-2362 | B48       | E100   | Ashley Bryant       | 86-(485)633-2560  |  410726.99 | B48       |
| C39     | Clarence Wheeler | Zongluzui     | 375-(809)935-2362 | B48       | E11    | Heather Banks       | 86-(617)139-5943  |  448254.90 | B48       |
| C39     | Clarence Wheeler | Zongluzui     | 375-(809)935-2362 | B48       | E132   | Antonio Hunt        | 86-(720)696-3086  |  361834.06 | B48       |
| C39     | Clarence Wheeler | Zongluzui     | 375-(809)935-2362 | B48       | E30    | Sandra Kennedy      | 977-(763)877-0691 |  426283.74 | B48       |
| C39     | Clarence Wheeler | Zongluzui     | 375-(809)935-2362 | B48       | E43    | Lori West           | 86-(973)560-0113  |   32970.86 | B48       |
| C39     | Clarence Wheeler | Zongluzui     | 375-(809)935-2362 | B48       | E59    | Janet Riley         | 62-(237)102-2731  |  100027.59 | B48       |
| C39     | Clarence Wheeler | Zongluzui     | 375-(809)935-2362 | B48       | E6     | Ralph Franklin      | 385-(404)473-6180 |  287755.01 | B48       |
| C39     | Clarence Wheeler | Zongluzui     | 375-(809)935-2362 | B48       | E8     | Phillip Burns       | 62-(154)696-3245  |  335128.54 | B48       |
| C39     | Clarence Wheeler | Zongluzui     | 375-(809)935-2362 | B48       | E90    | Jason Hill          | 86-(818)772-9887  |   41926.84 | B48       |
| C39     | Clarence Wheeler | Zongluzui     | 375-(809)935-2362 | B48       | E97    | Carolyn Dixon       | 86-(823)994-2737  |  434897.41 | B48       |
| C4      | Ann Williams     | Cochin        | 591-(754)545-2911 | B19       | E16    | Clarence Fernandez  | 47-(485)768-2551  |  498239.95 | B19       |
| C4      | Ann Williams     | Cochin        | 591-(754)545-2911 | B19       | E17    | Brandon Simmons     | 351-(441)730-4504 |  395290.44 | B19       |
| C4      | Ann Williams     | Cochin        | 591-(754)545-2911 | B19       | E40    | Charles Reid        | 30-(968)277-8775  |  215319.11 | B19       |
| C4      | Ann Williams     | Cochin        | 591-(754)545-2911 | B19       | E48    | Willie Sims         | 86-(148)584-1974  |  337823.41 | B19       |
| C4      | Ann Williams     | Cochin        | 591-(754)545-2911 | B19       | E66    | Fred Rogers         | 86-(821)589-1276  |  328605.23 | B19       |
| C4      | Ann Williams     | Cochin        | 591-(754)545-2911 | B19       | E7     | Lois Myers          | 62-(245)601-3784  |   48951.02 | B19       |
| C4      | Ann Williams     | Cochin        | 591-(754)545-2911 | B19       | E71    | Howard Rose         | 55-(466)346-1174  |  323047.25 | B19       |
| C4      | Ann Williams     | Cochin        | 591-(754)545-2911 | B19       | E72    | Willie Stewart      | 33-(526)530-3640  |  286188.48 | B19       |
| C4      | Ann Williams     | Cochin        | 591-(754)545-2911 | B19       | E791   | Paul Ford           | 963-(476)657-7681 |  169658.64 | B19       |
| C4      | Ann Williams     | Cochin        | 591-(754)545-2911 | B19       | E952   | Juan Hart           | 86-(495)823-9694  |  374521.50 | B19       |
| C46     | Samuel Webb      | Zongluzui     | 98-(307)574-5626  | B48       | E100   | Ashley Bryant       | 86-(485)633-2560  |  410726.99 | B48       |
| C46     | Samuel Webb      | Zongluzui     | 98-(307)574-5626  | B48       | E11    | Heather Banks       | 86-(617)139-5943  |  448254.90 | B48       |
| C46     | Samuel Webb      | Zongluzui     | 98-(307)574-5626  | B48       | E132   | Antonio Hunt        | 86-(720)696-3086  |  361834.06 | B48       |
| C46     | Samuel Webb      | Zongluzui     | 98-(307)574-5626  | B48       | E30    | Sandra Kennedy      | 977-(763)877-0691 |  426283.74 | B48       |
| C46     | Samuel Webb      | Zongluzui     | 98-(307)574-5626  | B48       | E43    | Lori West           | 86-(973)560-0113  |   32970.86 | B48       |
| C46     | Samuel Webb      | Zongluzui     | 98-(307)574-5626  | B48       | E59    | Janet Riley         | 62-(237)102-2731  |  100027.59 | B48       |
| C46     | Samuel Webb      | Zongluzui     | 98-(307)574-5626  | B48       | E6     | Ralph Franklin      | 385-(404)473-6180 |  287755.01 | B48       |
| C46     | Samuel Webb      | Zongluzui     | 98-(307)574-5626  | B48       | E8     | Phillip Burns       | 62-(154)696-3245  |  335128.54 | B48       |
| C46     | Samuel Webb      | Zongluzui     | 98-(307)574-5626  | B48       | E90    | Jason Hill          | 86-(818)772-9887  |   41926.84 | B48       |
| C46     | Samuel Webb      | Zongluzui     | 98-(307)574-5626  | B48       | E97    | Carolyn Dixon       | 86-(823)994-2737  |  434897.41 | B48       |
| C49     | Michelle Lynch   | Cochin        | 46-(870)264-2826  | B19       | E16    | Clarence Fernandez  | 47-(485)768-2551  |  498239.95 | B19       |
| C49     | Michelle Lynch   | Cochin        | 46-(870)264-2826  | B19       | E17    | Brandon Simmons     | 351-(441)730-4504 |  395290.44 | B19       |
| C49     | Michelle Lynch   | Cochin        | 46-(870)264-2826  | B19       | E40    | Charles Reid        | 30-(968)277-8775  |  215319.11 | B19       |
| C49     | Michelle Lynch   | Cochin        | 46-(870)264-2826  | B19       | E48    | Willie Sims         | 86-(148)584-1974  |  337823.41 | B19       |
| C49     | Michelle Lynch   | Cochin        | 46-(870)264-2826  | B19       | E66    | Fred Rogers         | 86-(821)589-1276  |  328605.23 | B19       |
| C49     | Michelle Lynch   | Cochin        | 46-(870)264-2826  | B19       | E7     | Lois Myers          | 62-(245)601-3784  |   48951.02 | B19       |
| C49     | Michelle Lynch   | Cochin        | 46-(870)264-2826  | B19       | E71    | Howard Rose         | 55-(466)346-1174  |  323047.25 | B19       |
| C49     | Michelle Lynch   | Cochin        | 46-(870)264-2826  | B19       | E72    | Willie Stewart      | 33-(526)530-3640  |  286188.48 | B19       |
| C49     | Michelle Lynch   | Cochin        | 46-(870)264-2826  | B19       | E791   | Paul Ford           | 963-(476)657-7681 |  169658.64 | B19       |
| C49     | Michelle Lynch   | Cochin        | 46-(870)264-2826  | B19       | E952   | Juan Hart           | 86-(495)823-9694  |  374521.50 | B19       |
| C5      | Gary Ellis       | Visaginas     | 62-(854)550-6020  | B77       | E13    | Steven Hanson       | 52-(831)856-2972  |   82625.95 | B77       |
| C5      | Gary Ellis       | Visaginas     | 62-(854)550-6020  | B77       | E22    | Eugene Alvarez      | 86-(652)454-8846  |  309461.12 | B77       |
| C5      | Gary Ellis       | Visaginas     | 62-(854)550-6020  | B77       | E32    | Paula Riley         | 33-(383)762-7145  |  433685.53 | B77       |
| C5      | Gary Ellis       | Visaginas     | 62-(854)550-6020  | B77       | E41    | Marie Collins       | 1-(306)507-6247   |  415838.73 | B77       |
| C5      | Gary Ellis       | Visaginas     | 62-(854)550-6020  | B77       | E5     | Gregory Cruz        | 62-(135)239-9781  |  163140.68 | B77       |
| C5      | Gary Ellis       | Visaginas     | 62-(854)550-6020  | B77       | E75    | Jack Ramos          | 998-(309)261-0596 |   88354.65 | B77       |
| C5      | Gary Ellis       | Visaginas     | 62-(854)550-6020  | B77       | E78    | Scott Marshall      | 964-(789)540-2120 |  443816.21 | B77       |
| C5      | Gary Ellis       | Visaginas     | 62-(854)550-6020  | B77       | E81    | Jacqueline Sullivan | 62-(287)990-5525  |  293201.15 | B77       |
| C5      | Gary Ellis       | Visaginas     | 62-(854)550-6020  | B77       | E82    | Kenneth Hart        | 30-(850)284-8504  |  247096.71 | B77       |
| C5      | Gary Ellis       | Visaginas     | 62-(854)550-6020  | B77       | E92    | Howard Lewis        | 55-(986)271-6031  |  149374.06 | B77       |
| C50     | Keith Williamson | Visaginas     | 55-(327)534-8730  | B77       | E13    | Steven Hanson       | 52-(831)856-2972  |   82625.95 | B77       |
| C50     | Keith Williamson | Visaginas     | 55-(327)534-8730  | B77       | E22    | Eugene Alvarez      | 86-(652)454-8846  |  309461.12 | B77       |
| C50     | Keith Williamson | Visaginas     | 55-(327)534-8730  | B77       | E32    | Paula Riley         | 33-(383)762-7145  |  433685.53 | B77       |
| C50     | Keith Williamson | Visaginas     | 55-(327)534-8730  | B77       | E41    | Marie Collins       | 1-(306)507-6247   |  415838.73 | B77       |
| C50     | Keith Williamson | Visaginas     | 55-(327)534-8730  | B77       | E5     | Gregory Cruz        | 62-(135)239-9781  |  163140.68 | B77       |
| C50     | Keith Williamson | Visaginas     | 55-(327)534-8730  | B77       | E75    | Jack Ramos          | 998-(309)261-0596 |   88354.65 | B77       |
| C50     | Keith Williamson | Visaginas     | 55-(327)534-8730  | B77       | E78    | Scott Marshall      | 964-(789)540-2120 |  443816.21 | B77       |
| C50     | Keith Williamson | Visaginas     | 55-(327)534-8730  | B77       | E81    | Jacqueline Sullivan | 62-(287)990-5525  |  293201.15 | B77       |
| C50     | Keith Williamson | Visaginas     | 55-(327)534-8730  | B77       | E82    | Kenneth Hart        | 30-(850)284-8504  |  247096.71 | B77       |
| C50     | Keith Williamson | Visaginas     | 55-(327)534-8730  | B77       | E92    | Howard Lewis        | 55-(986)271-6031  |  149374.06 | B77       |
| C55     | Jerry Thomas     | Bayart Huxu   | 63-(258)799-6576  | B94       | E12    | Russell Medina      | 86-(954)906-6743  |  200865.34 | B94       |
| C55     | Jerry Thomas     | Bayart Huxu   | 63-(258)799-6576  | B94       | E3     | Louis Gardner       | 1-(208)832-3891   |  234357.75 | B94       |
| C55     | Jerry Thomas     | Bayart Huxu   | 63-(258)799-6576  | B94       | E39    | Karen Garza         | 7-(403)125-7249   |  363569.05 | B94       |
| C55     | Jerry Thomas     | Bayart Huxu   | 63-(258)799-6576  | B94       | E53    | Michelle Butler     | 33-(430)263-8076  |  478616.54 | B94       |
| C55     | Jerry Thomas     | Bayart Huxu   | 63-(258)799-6576  | B94       | E58    | Ralph Griffin       | 52-(937)691-6875  |  351387.73 | B94       |
| C55     | Jerry Thomas     | Bayart Huxu   | 63-(258)799-6576  | B94       | E67    | Christina Ferguson  | 389-(102)586-0096 |  441423.08 | B94       |
| C55     | Jerry Thomas     | Bayart Huxu   | 63-(258)799-6576  | B94       | E79    | Frances Evans       | 963-(443)559-9622 |  301598.27 | B94       |
| C55     | Jerry Thomas     | Bayart Huxu   | 63-(258)799-6576  | B94       | E88    | Jimmy Walker        | 48-(368)529-8825  |  365944.92 | B94       |
| C55     | Jerry Thomas     | Bayart Huxu   | 63-(258)799-6576  | B94       | E91    | Douglas Stephens    | 63-(698)162-6409  |   44423.65 | B94       |
| C55     | Jerry Thomas     | Bayart Huxu   | 63-(258)799-6576  | B94       | E95    | Joyce Lynch         | 389-(848)480-6039 |  134864.64 | B94       |
| C58     | Linda Powell     | Visaginas     | 33-(484)600-0252  | B77       | E13    | Steven Hanson       | 52-(831)856-2972  |   82625.95 | B77       |
| C58     | Linda Powell     | Visaginas     | 33-(484)600-0252  | B77       | E22    | Eugene Alvarez      | 86-(652)454-8846  |  309461.12 | B77       |
| C58     | Linda Powell     | Visaginas     | 33-(484)600-0252  | B77       | E32    | Paula Riley         | 33-(383)762-7145  |  433685.53 | B77       |
| C58     | Linda Powell     | Visaginas     | 33-(484)600-0252  | B77       | E41    | Marie Collins       | 1-(306)507-6247   |  415838.73 | B77       |
| C58     | Linda Powell     | Visaginas     | 33-(484)600-0252  | B77       | E5     | Gregory Cruz        | 62-(135)239-9781  |  163140.68 | B77       |
| C58     | Linda Powell     | Visaginas     | 33-(484)600-0252  | B77       | E75    | Jack Ramos          | 998-(309)261-0596 |   88354.65 | B77       |
| C58     | Linda Powell     | Visaginas     | 33-(484)600-0252  | B77       | E78    | Scott Marshall      | 964-(789)540-2120 |  443816.21 | B77       |
| C58     | Linda Powell     | Visaginas     | 33-(484)600-0252  | B77       | E81    | Jacqueline Sullivan | 62-(287)990-5525  |  293201.15 | B77       |
| C58     | Linda Powell     | Visaginas     | 33-(484)600-0252  | B77       | E82    | Kenneth Hart        | 30-(850)284-8504  |  247096.71 | B77       |
| C58     | Linda Powell     | Visaginas     | 33-(484)600-0252  | B77       | E92    | Howard Lewis        | 55-(986)271-6031  |  149374.06 | B77       |
| C60     | Anthony Perkins  | Zongluzui     | 251-(267)541-9832 | B48       | E100   | Ashley Bryant       | 86-(485)633-2560  |  410726.99 | B48       |
| C60     | Anthony Perkins  | Zongluzui     | 251-(267)541-9832 | B48       | E11    | Heather Banks       | 86-(617)139-5943  |  448254.90 | B48       |
| C60     | Anthony Perkins  | Zongluzui     | 251-(267)541-9832 | B48       | E132   | Antonio Hunt        | 86-(720)696-3086  |  361834.06 | B48       |
| C60     | Anthony Perkins  | Zongluzui     | 251-(267)541-9832 | B48       | E30    | Sandra Kennedy      | 977-(763)877-0691 |  426283.74 | B48       |
| C60     | Anthony Perkins  | Zongluzui     | 251-(267)541-9832 | B48       | E43    | Lori West           | 86-(973)560-0113  |   32970.86 | B48       |
| C60     | Anthony Perkins  | Zongluzui     | 251-(267)541-9832 | B48       | E59    | Janet Riley         | 62-(237)102-2731  |  100027.59 | B48       |
| C60     | Anthony Perkins  | Zongluzui     | 251-(267)541-9832 | B48       | E6     | Ralph Franklin      | 385-(404)473-6180 |  287755.01 | B48       |
| C60     | Anthony Perkins  | Zongluzui     | 251-(267)541-9832 | B48       | E8     | Phillip Burns       | 62-(154)696-3245  |  335128.54 | B48       |
| C60     | Anthony Perkins  | Zongluzui     | 251-(267)541-9832 | B48       | E90    | Jason Hill          | 86-(818)772-9887  |   41926.84 | B48       |
| C60     | Anthony Perkins  | Zongluzui     | 251-(267)541-9832 | B48       | E97    | Carolyn Dixon       | 86-(823)994-2737  |  434897.41 | B48       |
| C601    | Jane Hawkins     | Ernakulam     | 62-(348)906-4849  | B19       | E16    | Clarence Fernandez  | 47-(485)768-2551  |  498239.95 | B19       |
| C601    | Jane Hawkins     | Ernakulam     | 62-(348)906-4849  | B19       | E17    | Brandon Simmons     | 351-(441)730-4504 |  395290.44 | B19       |
| C601    | Jane Hawkins     | Ernakulam     | 62-(348)906-4849  | B19       | E40    | Charles Reid        | 30-(968)277-8775  |  215319.11 | B19       |
| C601    | Jane Hawkins     | Ernakulam     | 62-(348)906-4849  | B19       | E48    | Willie Sims         | 86-(148)584-1974  |  337823.41 | B19       |
| C601    | Jane Hawkins     | Ernakulam     | 62-(348)906-4849  | B19       | E66    | Fred Rogers         | 86-(821)589-1276  |  328605.23 | B19       |
| C601    | Jane Hawkins     | Ernakulam     | 62-(348)906-4849  | B19       | E7     | Lois Myers          | 62-(245)601-3784  |   48951.02 | B19       |
| C601    | Jane Hawkins     | Ernakulam     | 62-(348)906-4849  | B19       | E71    | Howard Rose         | 55-(466)346-1174  |  323047.25 | B19       |
| C601    | Jane Hawkins     | Ernakulam     | 62-(348)906-4849  | B19       | E72    | Willie Stewart      | 33-(526)530-3640  |  286188.48 | B19       |
| C601    | Jane Hawkins     | Ernakulam     | 62-(348)906-4849  | B19       | E791   | Paul Ford           | 963-(476)657-7681 |  169658.64 | B19       |
| C601    | Jane Hawkins     | Ernakulam     | 62-(348)906-4849  | B19       | E952   | Juan Hart           | 86-(495)823-9694  |  374521.50 | B19       |
| C62     | Phyllis Fields   | Bayart Huxu   | 63-(151)368-2467  | B94       | E12    | Russell Medina      | 86-(954)906-6743  |  200865.34 | B94       |
| C62     | Phyllis Fields   | Bayart Huxu   | 63-(151)368-2467  | B94       | E3     | Louis Gardner       | 1-(208)832-3891   |  234357.75 | B94       |
| C62     | Phyllis Fields   | Bayart Huxu   | 63-(151)368-2467  | B94       | E39    | Karen Garza         | 7-(403)125-7249   |  363569.05 | B94       |
| C62     | Phyllis Fields   | Bayart Huxu   | 63-(151)368-2467  | B94       | E53    | Michelle Butler     | 33-(430)263-8076  |  478616.54 | B94       |
| C62     | Phyllis Fields   | Bayart Huxu   | 63-(151)368-2467  | B94       | E58    | Ralph Griffin       | 52-(937)691-6875  |  351387.73 | B94       |
| C62     | Phyllis Fields   | Bayart Huxu   | 63-(151)368-2467  | B94       | E67    | Christina Ferguson  | 389-(102)586-0096 |  441423.08 | B94       |
| C62     | Phyllis Fields   | Bayart Huxu   | 63-(151)368-2467  | B94       | E79    | Frances Evans       | 963-(443)559-9622 |  301598.27 | B94       |
| C62     | Phyllis Fields   | Bayart Huxu   | 63-(151)368-2467  | B94       | E88    | Jimmy Walker        | 48-(368)529-8825  |  365944.92 | B94       |
| C62     | Phyllis Fields   | Bayart Huxu   | 63-(151)368-2467  | B94       | E91    | Douglas Stephens    | 63-(698)162-6409  |   44423.65 | B94       |
| C62     | Phyllis Fields   | Bayart Huxu   | 63-(151)368-2467  | B94       | E95    | Joyce Lynch         | 389-(848)480-6039 |  134864.64 | B94       |
| C69     | Andrea Burns     | Bayart Huxu   | 62-(779)237-0320  | B94       | E12    | Russell Medina      | 86-(954)906-6743  |  200865.34 | B94       |
| C69     | Andrea Burns     | Bayart Huxu   | 62-(779)237-0320  | B94       | E3     | Louis Gardner       | 1-(208)832-3891   |  234357.75 | B94       |
| C69     | Andrea Burns     | Bayart Huxu   | 62-(779)237-0320  | B94       | E39    | Karen Garza         | 7-(403)125-7249   |  363569.05 | B94       |
| C69     | Andrea Burns     | Bayart Huxu   | 62-(779)237-0320  | B94       | E53    | Michelle Butler     | 33-(430)263-8076  |  478616.54 | B94       |
| C69     | Andrea Burns     | Bayart Huxu   | 62-(779)237-0320  | B94       | E58    | Ralph Griffin       | 52-(937)691-6875  |  351387.73 | B94       |
| C69     | Andrea Burns     | Bayart Huxu   | 62-(779)237-0320  | B94       | E67    | Christina Ferguson  | 389-(102)586-0096 |  441423.08 | B94       |
| C69     | Andrea Burns     | Bayart Huxu   | 62-(779)237-0320  | B94       | E79    | Frances Evans       | 963-(443)559-9622 |  301598.27 | B94       |
| C69     | Andrea Burns     | Bayart Huxu   | 62-(779)237-0320  | B94       | E88    | Jimmy Walker        | 48-(368)529-8825  |  365944.92 | B94       |
| C69     | Andrea Burns     | Bayart Huxu   | 62-(779)237-0320  | B94       | E91    | Douglas Stephens    | 63-(698)162-6409  |   44423.65 | B94       |
| C69     | Andrea Burns     | Bayart Huxu   | 62-(779)237-0320  | B94       | E95    | Joyce Lynch         | 389-(848)480-6039 |  134864.64 | B94       |
| C70     | Nicholas Fox     | Visaginas     | 55-(946)617-3267  | B77       | E13    | Steven Hanson       | 52-(831)856-2972  |   82625.95 | B77       |
| C70     | Nicholas Fox     | Visaginas     | 55-(946)617-3267  | B77       | E22    | Eugene Alvarez      | 86-(652)454-8846  |  309461.12 | B77       |
| C70     | Nicholas Fox     | Visaginas     | 55-(946)617-3267  | B77       | E32    | Paula Riley         | 33-(383)762-7145  |  433685.53 | B77       |
| C70     | Nicholas Fox     | Visaginas     | 55-(946)617-3267  | B77       | E41    | Marie Collins       | 1-(306)507-6247   |  415838.73 | B77       |
| C70     | Nicholas Fox     | Visaginas     | 55-(946)617-3267  | B77       | E5     | Gregory Cruz        | 62-(135)239-9781  |  163140.68 | B77       |
| C70     | Nicholas Fox     | Visaginas     | 55-(946)617-3267  | B77       | E75    | Jack Ramos          | 998-(309)261-0596 |   88354.65 | B77       |
| C70     | Nicholas Fox     | Visaginas     | 55-(946)617-3267  | B77       | E78    | Scott Marshall      | 964-(789)540-2120 |  443816.21 | B77       |
| C70     | Nicholas Fox     | Visaginas     | 55-(946)617-3267  | B77       | E81    | Jacqueline Sullivan | 62-(287)990-5525  |  293201.15 | B77       |
| C70     | Nicholas Fox     | Visaginas     | 55-(946)617-3267  | B77       | E82    | Kenneth Hart        | 30-(850)284-8504  |  247096.71 | B77       |
| C70     | Nicholas Fox     | Visaginas     | 55-(946)617-3267  | B77       | E92    | Howard Lewis        | 55-(986)271-6031  |  149374.06 | B77       |
| C73     | Willie Perry     | Ernakulam     | 82-(325)354-8011  | B19       | E16    | Clarence Fernandez  | 47-(485)768-2551  |  498239.95 | B19       |
| C73     | Willie Perry     | Ernakulam     | 82-(325)354-8011  | B19       | E17    | Brandon Simmons     | 351-(441)730-4504 |  395290.44 | B19       |
| C73     | Willie Perry     | Ernakulam     | 82-(325)354-8011  | B19       | E40    | Charles Reid        | 30-(968)277-8775  |  215319.11 | B19       |
| C73     | Willie Perry     | Ernakulam     | 82-(325)354-8011  | B19       | E48    | Willie Sims         | 86-(148)584-1974  |  337823.41 | B19       |
| C73     | Willie Perry     | Ernakulam     | 82-(325)354-8011  | B19       | E66    | Fred Rogers         | 86-(821)589-1276  |  328605.23 | B19       |
| C73     | Willie Perry     | Ernakulam     | 82-(325)354-8011  | B19       | E7     | Lois Myers          | 62-(245)601-3784  |   48951.02 | B19       |
| C73     | Willie Perry     | Ernakulam     | 82-(325)354-8011  | B19       | E71    | Howard Rose         | 55-(466)346-1174  |  323047.25 | B19       |
| C73     | Willie Perry     | Ernakulam     | 82-(325)354-8011  | B19       | E72    | Willie Stewart      | 33-(526)530-3640  |  286188.48 | B19       |
| C73     | Willie Perry     | Ernakulam     | 82-(325)354-8011  | B19       | E791   | Paul Ford           | 963-(476)657-7681 |  169658.64 | B19       |
| C73     | Willie Perry     | Ernakulam     | 82-(325)354-8011  | B19       | E952   | Juan Hart           | 86-(495)823-9694  |  374521.50 | B19       |
| C76     | Ruth Lewis       | Visaginas     | 353-(557)346-9159 | B77       | E13    | Steven Hanson       | 52-(831)856-2972  |   82625.95 | B77       |
| C76     | Ruth Lewis       | Visaginas     | 353-(557)346-9159 | B77       | E22    | Eugene Alvarez      | 86-(652)454-8846  |  309461.12 | B77       |
| C76     | Ruth Lewis       | Visaginas     | 353-(557)346-9159 | B77       | E32    | Paula Riley         | 33-(383)762-7145  |  433685.53 | B77       |
| C76     | Ruth Lewis       | Visaginas     | 353-(557)346-9159 | B77       | E41    | Marie Collins       | 1-(306)507-6247   |  415838.73 | B77       |
| C76     | Ruth Lewis       | Visaginas     | 353-(557)346-9159 | B77       | E5     | Gregory Cruz        | 62-(135)239-9781  |  163140.68 | B77       |
| C76     | Ruth Lewis       | Visaginas     | 353-(557)346-9159 | B77       | E75    | Jack Ramos          | 998-(309)261-0596 |   88354.65 | B77       |
| C76     | Ruth Lewis       | Visaginas     | 353-(557)346-9159 | B77       | E78    | Scott Marshall      | 964-(789)540-2120 |  443816.21 | B77       |
| C76     | Ruth Lewis       | Visaginas     | 353-(557)346-9159 | B77       | E81    | Jacqueline Sullivan | 62-(287)990-5525  |  293201.15 | B77       |
| C76     | Ruth Lewis       | Visaginas     | 353-(557)346-9159 | B77       | E82    | Kenneth Hart        | 30-(850)284-8504  |  247096.71 | B77       |
| C76     | Ruth Lewis       | Visaginas     | 353-(557)346-9159 | B77       | E92    | Howard Lewis        | 55-(986)271-6031  |  149374.06 | B77       |
| C77     | Ernest Parker    | Ernakulam     | 33-(250)938-1271  | B19       | E16    | Clarence Fernandez  | 47-(485)768-2551  |  498239.95 | B19       |
| C77     | Ernest Parker    | Ernakulam     | 33-(250)938-1271  | B19       | E17    | Brandon Simmons     | 351-(441)730-4504 |  395290.44 | B19       |
| C77     | Ernest Parker    | Ernakulam     | 33-(250)938-1271  | B19       | E40    | Charles Reid        | 30-(968)277-8775  |  215319.11 | B19       |
| C77     | Ernest Parker    | Ernakulam     | 33-(250)938-1271  | B19       | E48    | Willie Sims         | 86-(148)584-1974  |  337823.41 | B19       |
| C77     | Ernest Parker    | Ernakulam     | 33-(250)938-1271  | B19       | E66    | Fred Rogers         | 86-(821)589-1276  |  328605.23 | B19       |
| C77     | Ernest Parker    | Ernakulam     | 33-(250)938-1271  | B19       | E7     | Lois Myers          | 62-(245)601-3784  |   48951.02 | B19       |
| C77     | Ernest Parker    | Ernakulam     | 33-(250)938-1271  | B19       | E71    | Howard Rose         | 55-(466)346-1174  |  323047.25 | B19       |
| C77     | Ernest Parker    | Ernakulam     | 33-(250)938-1271  | B19       | E72    | Willie Stewart      | 33-(526)530-3640  |  286188.48 | B19       |
| C77     | Ernest Parker    | Ernakulam     | 33-(250)938-1271  | B19       | E791   | Paul Ford           | 963-(476)657-7681 |  169658.64 | B19       |
| C77     | Ernest Parker    | Ernakulam     | 33-(250)938-1271  | B19       | E952   | Juan Hart           | 86-(495)823-9694  |  374521.50 | B19       |
| C78     | Stephen Burton   | Visaginas     | 62-(542)495-9051  | B77       | E13    | Steven Hanson       | 52-(831)856-2972  |   82625.95 | B77       |
| C78     | Stephen Burton   | Visaginas     | 62-(542)495-9051  | B77       | E22    | Eugene Alvarez      | 86-(652)454-8846  |  309461.12 | B77       |
| C78     | Stephen Burton   | Visaginas     | 62-(542)495-9051  | B77       | E32    | Paula Riley         | 33-(383)762-7145  |  433685.53 | B77       |
| C78     | Stephen Burton   | Visaginas     | 62-(542)495-9051  | B77       | E41    | Marie Collins       | 1-(306)507-6247   |  415838.73 | B77       |
| C78     | Stephen Burton   | Visaginas     | 62-(542)495-9051  | B77       | E5     | Gregory Cruz        | 62-(135)239-9781  |  163140.68 | B77       |
| C78     | Stephen Burton   | Visaginas     | 62-(542)495-9051  | B77       | E75    | Jack Ramos          | 998-(309)261-0596 |   88354.65 | B77       |
| C78     | Stephen Burton   | Visaginas     | 62-(542)495-9051  | B77       | E78    | Scott Marshall      | 964-(789)540-2120 |  443816.21 | B77       |
| C78     | Stephen Burton   | Visaginas     | 62-(542)495-9051  | B77       | E81    | Jacqueline Sullivan | 62-(287)990-5525  |  293201.15 | B77       |
| C78     | Stephen Burton   | Visaginas     | 62-(542)495-9051  | B77       | E82    | Kenneth Hart        | 30-(850)284-8504  |  247096.71 | B77       |
| C78     | Stephen Burton   | Visaginas     | 62-(542)495-9051  | B77       | E92    | Howard Lewis        | 55-(986)271-6031  |  149374.06 | B77       |
| C781    | Lawrence George  | Bayart Huxu   | 237-(780)837-5688 | B94       | E12    | Russell Medina      | 86-(954)906-6743  |  200865.34 | B94       |
| C781    | Lawrence George  | Bayart Huxu   | 237-(780)837-5688 | B94       | E3     | Louis Gardner       | 1-(208)832-3891   |  234357.75 | B94       |
| C781    | Lawrence George  | Bayart Huxu   | 237-(780)837-5688 | B94       | E39    | Karen Garza         | 7-(403)125-7249   |  363569.05 | B94       |
| C781    | Lawrence George  | Bayart Huxu   | 237-(780)837-5688 | B94       | E53    | Michelle Butler     | 33-(430)263-8076  |  478616.54 | B94       |
| C781    | Lawrence George  | Bayart Huxu   | 237-(780)837-5688 | B94       | E58    | Ralph Griffin       | 52-(937)691-6875  |  351387.73 | B94       |
| C781    | Lawrence George  | Bayart Huxu   | 237-(780)837-5688 | B94       | E67    | Christina Ferguson  | 389-(102)586-0096 |  441423.08 | B94       |
| C781    | Lawrence George  | Bayart Huxu   | 237-(780)837-5688 | B94       | E79    | Frances Evans       | 963-(443)559-9622 |  301598.27 | B94       |
| C781    | Lawrence George  | Bayart Huxu   | 237-(780)837-5688 | B94       | E88    | Jimmy Walker        | 48-(368)529-8825  |  365944.92 | B94       |
| C781    | Lawrence George  | Bayart Huxu   | 237-(780)837-5688 | B94       | E91    | Douglas Stephens    | 63-(698)162-6409  |   44423.65 | B94       |
| C781    | Lawrence George  | Bayart Huxu   | 237-(780)837-5688 | B94       | E95    | Joyce Lynch         | 389-(848)480-6039 |  134864.64 | B94       |
| C8      | Paul Riley       | Bayart Huxu   | 84-(549)962-5545  | B94       | E12    | Russell Medina      | 86-(954)906-6743  |  200865.34 | B94       |
| C8      | Paul Riley       | Bayart Huxu   | 84-(549)962-5545  | B94       | E3     | Louis Gardner       | 1-(208)832-3891   |  234357.75 | B94       |
| C8      | Paul Riley       | Bayart Huxu   | 84-(549)962-5545  | B94       | E39    | Karen Garza         | 7-(403)125-7249   |  363569.05 | B94       |
| C8      | Paul Riley       | Bayart Huxu   | 84-(549)962-5545  | B94       | E53    | Michelle Butler     | 33-(430)263-8076  |  478616.54 | B94       |
| C8      | Paul Riley       | Bayart Huxu   | 84-(549)962-5545  | B94       | E58    | Ralph Griffin       | 52-(937)691-6875  |  351387.73 | B94       |
| C8      | Paul Riley       | Bayart Huxu   | 84-(549)962-5545  | B94       | E67    | Christina Ferguson  | 389-(102)586-0096 |  441423.08 | B94       |
| C8      | Paul Riley       | Bayart Huxu   | 84-(549)962-5545  | B94       | E79    | Frances Evans       | 963-(443)559-9622 |  301598.27 | B94       |
| C8      | Paul Riley       | Bayart Huxu   | 84-(549)962-5545  | B94       | E88    | Jimmy Walker        | 48-(368)529-8825  |  365944.92 | B94       |
| C8      | Paul Riley       | Bayart Huxu   | 84-(549)962-5545  | B94       | E91    | Douglas Stephens    | 63-(698)162-6409  |   44423.65 | B94       |
| C8      | Paul Riley       | Bayart Huxu   | 84-(549)962-5545  | B94       | E95    | Joyce Lynch         | 389-(848)480-6039 |  134864.64 | B94       |
| C80     | Lori Peterson    | Zongluzui     | 33-(849)655-9007  | B48       | E100   | Ashley Bryant       | 86-(485)633-2560  |  410726.99 | B48       |
| C80     | Lori Peterson    | Zongluzui     | 33-(849)655-9007  | B48       | E11    | Heather Banks       | 86-(617)139-5943  |  448254.90 | B48       |
| C80     | Lori Peterson    | Zongluzui     | 33-(849)655-9007  | B48       | E132   | Antonio Hunt        | 86-(720)696-3086  |  361834.06 | B48       |
| C80     | Lori Peterson    | Zongluzui     | 33-(849)655-9007  | B48       | E30    | Sandra Kennedy      | 977-(763)877-0691 |  426283.74 | B48       |
| C80     | Lori Peterson    | Zongluzui     | 33-(849)655-9007  | B48       | E43    | Lori West           | 86-(973)560-0113  |   32970.86 | B48       |
| C80     | Lori Peterson    | Zongluzui     | 33-(849)655-9007  | B48       | E59    | Janet Riley         | 62-(237)102-2731  |  100027.59 | B48       |
| C80     | Lori Peterson    | Zongluzui     | 33-(849)655-9007  | B48       | E6     | Ralph Franklin      | 385-(404)473-6180 |  287755.01 | B48       |
| C80     | Lori Peterson    | Zongluzui     | 33-(849)655-9007  | B48       | E8     | Phillip Burns       | 62-(154)696-3245  |  335128.54 | B48       |
| C80     | Lori Peterson    | Zongluzui     | 33-(849)655-9007  | B48       | E90    | Jason Hill          | 86-(818)772-9887  |   41926.84 | B48       |
| C80     | Lori Peterson    | Zongluzui     | 33-(849)655-9007  | B48       | E97    | Carolyn Dixon       | 86-(823)994-2737  |  434897.41 | B48       |
| C86     | Julie Black      | Zongluzui     | 53-(775)359-0551  | B48       | E100   | Ashley Bryant       | 86-(485)633-2560  |  410726.99 | B48       |
| C86     | Julie Black      | Zongluzui     | 53-(775)359-0551  | B48       | E11    | Heather Banks       | 86-(617)139-5943  |  448254.90 | B48       |
| C86     | Julie Black      | Zongluzui     | 53-(775)359-0551  | B48       | E132   | Antonio Hunt        | 86-(720)696-3086  |  361834.06 | B48       |
| C86     | Julie Black      | Zongluzui     | 53-(775)359-0551  | B48       | E30    | Sandra Kennedy      | 977-(763)877-0691 |  426283.74 | B48       |
| C86     | Julie Black      | Zongluzui     | 53-(775)359-0551  | B48       | E43    | Lori West           | 86-(973)560-0113  |   32970.86 | B48       |
| C86     | Julie Black      | Zongluzui     | 53-(775)359-0551  | B48       | E59    | Janet Riley         | 62-(237)102-2731  |  100027.59 | B48       |
| C86     | Julie Black      | Zongluzui     | 53-(775)359-0551  | B48       | E6     | Ralph Franklin      | 385-(404)473-6180 |  287755.01 | B48       |
| C86     | Julie Black      | Zongluzui     | 53-(775)359-0551  | B48       | E8     | Phillip Burns       | 62-(154)696-3245  |  335128.54 | B48       |
| C86     | Julie Black      | Zongluzui     | 53-(775)359-0551  | B48       | E90    | Jason Hill          | 86-(818)772-9887  |   41926.84 | B48       |
| C86     | Julie Black      | Zongluzui     | 53-(775)359-0551  | B48       | E97    | Carolyn Dixon       | 86-(823)994-2737  |  434897.41 | B48       |
| C87     | Douglas Rogers   | Zongluzui     | 86-(616)572-1495  | B48       | E100   | Ashley Bryant       | 86-(485)633-2560  |  410726.99 | B48       |
| C87     | Douglas Rogers   | Zongluzui     | 86-(616)572-1495  | B48       | E11    | Heather Banks       | 86-(617)139-5943  |  448254.90 | B48       |
| C87     | Douglas Rogers   | Zongluzui     | 86-(616)572-1495  | B48       | E132   | Antonio Hunt        | 86-(720)696-3086  |  361834.06 | B48       |
| C87     | Douglas Rogers   | Zongluzui     | 86-(616)572-1495  | B48       | E30    | Sandra Kennedy      | 977-(763)877-0691 |  426283.74 | B48       |
| C87     | Douglas Rogers   | Zongluzui     | 86-(616)572-1495  | B48       | E43    | Lori West           | 86-(973)560-0113  |   32970.86 | B48       |
| C87     | Douglas Rogers   | Zongluzui     | 86-(616)572-1495  | B48       | E59    | Janet Riley         | 62-(237)102-2731  |  100027.59 | B48       |
| C87     | Douglas Rogers   | Zongluzui     | 86-(616)572-1495  | B48       | E6     | Ralph Franklin      | 385-(404)473-6180 |  287755.01 | B48       |
| C87     | Douglas Rogers   | Zongluzui     | 86-(616)572-1495  | B48       | E8     | Phillip Burns       | 62-(154)696-3245  |  335128.54 | B48       |
| C87     | Douglas Rogers   | Zongluzui     | 86-(616)572-1495  | B48       | E90    | Jason Hill          | 86-(818)772-9887  |   41926.84 | B48       |
| C87     | Douglas Rogers   | Zongluzui     | 86-(616)572-1495  | B48       | E97    | Carolyn Dixon       | 86-(823)994-2737  |  434897.41 | B48       |
| C9      | Theresa Fuller   | Visaginas     | 39-(237)791-7365  | B77       | E13    | Steven Hanson       | 52-(831)856-2972  |   82625.95 | B77       |
| C9      | Theresa Fuller   | Visaginas     | 39-(237)791-7365  | B77       | E22    | Eugene Alvarez      | 86-(652)454-8846  |  309461.12 | B77       |
| C9      | Theresa Fuller   | Visaginas     | 39-(237)791-7365  | B77       | E32    | Paula Riley         | 33-(383)762-7145  |  433685.53 | B77       |
| C9      | Theresa Fuller   | Visaginas     | 39-(237)791-7365  | B77       | E41    | Marie Collins       | 1-(306)507-6247   |  415838.73 | B77       |
| C9      | Theresa Fuller   | Visaginas     | 39-(237)791-7365  | B77       | E5     | Gregory Cruz        | 62-(135)239-9781  |  163140.68 | B77       |
| C9      | Theresa Fuller   | Visaginas     | 39-(237)791-7365  | B77       | E75    | Jack Ramos          | 998-(309)261-0596 |   88354.65 | B77       |
| C9      | Theresa Fuller   | Visaginas     | 39-(237)791-7365  | B77       | E78    | Scott Marshall      | 964-(789)540-2120 |  443816.21 | B77       |
| C9      | Theresa Fuller   | Visaginas     | 39-(237)791-7365  | B77       | E81    | Jacqueline Sullivan | 62-(287)990-5525  |  293201.15 | B77       |
| C9      | Theresa Fuller   | Visaginas     | 39-(237)791-7365  | B77       | E82    | Kenneth Hart        | 30-(850)284-8504  |  247096.71 | B77       |
| C9      | Theresa Fuller   | Visaginas     | 39-(237)791-7365  | B77       | E92    | Howard Lewis        | 55-(986)271-6031  |  149374.06 | B77       |
| C90     | Sandra Lawrence  | Cochin        | 66-(945)992-9241  | B19       | E16    | Clarence Fernandez  | 47-(485)768-2551  |  498239.95 | B19       |
| C90     | Sandra Lawrence  | Cochin        | 66-(945)992-9241  | B19       | E17    | Brandon Simmons     | 351-(441)730-4504 |  395290.44 | B19       |
| C90     | Sandra Lawrence  | Cochin        | 66-(945)992-9241  | B19       | E40    | Charles Reid        | 30-(968)277-8775  |  215319.11 | B19       |
| C90     | Sandra Lawrence  | Cochin        | 66-(945)992-9241  | B19       | E48    | Willie Sims         | 86-(148)584-1974  |  337823.41 | B19       |
| C90     | Sandra Lawrence  | Cochin        | 66-(945)992-9241  | B19       | E66    | Fred Rogers         | 86-(821)589-1276  |  328605.23 | B19       |
| C90     | Sandra Lawrence  | Cochin        | 66-(945)992-9241  | B19       | E7     | Lois Myers          | 62-(245)601-3784  |   48951.02 | B19       |
| C90     | Sandra Lawrence  | Cochin        | 66-(945)992-9241  | B19       | E71    | Howard Rose         | 55-(466)346-1174  |  323047.25 | B19       |
| C90     | Sandra Lawrence  | Cochin        | 66-(945)992-9241  | B19       | E72    | Willie Stewart      | 33-(526)530-3640  |  286188.48 | B19       |
| C90     | Sandra Lawrence  | Cochin        | 66-(945)992-9241  | B19       | E791   | Paul Ford           | 963-(476)657-7681 |  169658.64 | B19       |
| C90     | Sandra Lawrence  | Cochin        | 66-(945)992-9241  | B19       | E952   | Juan Hart           | 86-(495)823-9694  |  374521.50 | B19       |
| C96     | Amanda Crawford  | Cochin        | 62-(669)140-0363  | B19       | E16    | Clarence Fernandez  | 47-(485)768-2551  |  498239.95 | B19       |
| C96     | Amanda Crawford  | Cochin        | 62-(669)140-0363  | B19       | E17    | Brandon Simmons     | 351-(441)730-4504 |  395290.44 | B19       |
| C96     | Amanda Crawford  | Cochin        | 62-(669)140-0363  | B19       | E40    | Charles Reid        | 30-(968)277-8775  |  215319.11 | B19       |
| C96     | Amanda Crawford  | Cochin        | 62-(669)140-0363  | B19       | E48    | Willie Sims         | 86-(148)584-1974  |  337823.41 | B19       |
| C96     | Amanda Crawford  | Cochin        | 62-(669)140-0363  | B19       | E66    | Fred Rogers         | 86-(821)589-1276  |  328605.23 | B19       |
| C96     | Amanda Crawford  | Cochin        | 62-(669)140-0363  | B19       | E7     | Lois Myers          | 62-(245)601-3784  |   48951.02 | B19       |
| C96     | Amanda Crawford  | Cochin        | 62-(669)140-0363  | B19       | E71    | Howard Rose         | 55-(466)346-1174  |  323047.25 | B19       |
| C96     | Amanda Crawford  | Cochin        | 62-(669)140-0363  | B19       | E72    | Willie Stewart      | 33-(526)530-3640  |  286188.48 | B19       |
| C96     | Amanda Crawford  | Cochin        | 62-(669)140-0363  | B19       | E791   | Paul Ford           | 963-(476)657-7681 |  169658.64 | B19       |
| C96     | Amanda Crawford  | Cochin        | 62-(669)140-0363  | B19       | E952   | Juan Hart           | 86-(495)823-9694  |  374521.50 | B19       |
| C97     | Eric Stanley     | Bayart Huxu   | 55-(571)144-3237  | B94       | E12    | Russell Medina      | 86-(954)906-6743  |  200865.34 | B94       |
| C97     | Eric Stanley     | Bayart Huxu   | 55-(571)144-3237  | B94       | E3     | Louis Gardner       | 1-(208)832-3891   |  234357.75 | B94       |
| C97     | Eric Stanley     | Bayart Huxu   | 55-(571)144-3237  | B94       | E39    | Karen Garza         | 7-(403)125-7249   |  363569.05 | B94       |
| C97     | Eric Stanley     | Bayart Huxu   | 55-(571)144-3237  | B94       | E53    | Michelle Butler     | 33-(430)263-8076  |  478616.54 | B94       |
| C97     | Eric Stanley     | Bayart Huxu   | 55-(571)144-3237  | B94       | E58    | Ralph Griffin       | 52-(937)691-6875  |  351387.73 | B94       |
| C97     | Eric Stanley     | Bayart Huxu   | 55-(571)144-3237  | B94       | E67    | Christina Ferguson  | 389-(102)586-0096 |  441423.08 | B94       |
| C97     | Eric Stanley     | Bayart Huxu   | 55-(571)144-3237  | B94       | E79    | Frances Evans       | 963-(443)559-9622 |  301598.27 | B94       |
| C97     | Eric Stanley     | Bayart Huxu   | 55-(571)144-3237  | B94       | E88    | Jimmy Walker        | 48-(368)529-8825  |  365944.92 | B94       |
| C97     | Eric Stanley     | Bayart Huxu   | 55-(571)144-3237  | B94       | E91    | Douglas Stephens    | 63-(698)162-6409  |   44423.65 | B94       |
| C97     | Eric Stanley     | Bayart Huxu   | 55-(571)144-3237  | B94       | E95    | Joyce Lynch         | 389-(848)480-6039 |  134864.64 | B94       |
+---------+------------------+---------------+-------------------+-----------+--------+---------------------+-------------------+------------+-----------+
300 rows in set (0.01 sec)

mysql> select * from Customer left join Employee on Customer.branch_id=Employee.branch_id; select * from Customer right join Employee on Customer.branch_id=Employee.branch_id;
+---------+------------------+---------------+-------------------+-----------+--------+---------------------+-------------------+------------+-----------+
| cust_id | cust_name        | customer_city | cust_phone        | branch_id | emp_id | emp_name            | emp_phone         | emp_salary | branch_id |
+---------+------------------+---------------+-------------------+-----------+--------+---------------------+-------------------+------------+-----------+
| C1001   | Jose Russell     | Zongluzui     | 1-(929)791-3183   | B48       | E100   | Ashley Bryant       | 86-(485)633-2560  |  410726.99 | B48       |
| C1001   | Jose Russell     | Zongluzui     | 1-(929)791-3183   | B48       | E11    | Heather Banks       | 86-(617)139-5943  |  448254.90 | B48       |
| C1001   | Jose Russell     | Zongluzui     | 1-(929)791-3183   | B48       | E132   | Antonio Hunt        | 86-(720)696-3086  |  361834.06 | B48       |
| C1001   | Jose Russell     | Zongluzui     | 1-(929)791-3183   | B48       | E30    | Sandra Kennedy      | 977-(763)877-0691 |  426283.74 | B48       |
| C1001   | Jose Russell     | Zongluzui     | 1-(929)791-3183   | B48       | E43    | Lori West           | 86-(973)560-0113  |   32970.86 | B48       |
| C1001   | Jose Russell     | Zongluzui     | 1-(929)791-3183   | B48       | E59    | Janet Riley         | 62-(237)102-2731  |  100027.59 | B48       |
| C1001   | Jose Russell     | Zongluzui     | 1-(929)791-3183   | B48       | E6     | Ralph Franklin      | 385-(404)473-6180 |  287755.01 | B48       |
| C1001   | Jose Russell     | Zongluzui     | 1-(929)791-3183   | B48       | E8     | Phillip Burns       | 62-(154)696-3245  |  335128.54 | B48       |
| C1001   | Jose Russell     | Zongluzui     | 1-(929)791-3183   | B48       | E90    | Jason Hill          | 86-(818)772-9887  |   41926.84 | B48       |
| C1001   | Jose Russell     | Zongluzui     | 1-(929)791-3183   | B48       | E97    | Carolyn Dixon       | 86-(823)994-2737  |  434897.41 | B48       |
| C28     | Jacqueline Banks | Bayart Huxu   | 86-(444)169-9769  | B94       | E12    | Russell Medina      | 86-(954)906-6743  |  200865.34 | B94       |
| C28     | Jacqueline Banks | Bayart Huxu   | 86-(444)169-9769  | B94       | E3     | Louis Gardner       | 1-(208)832-3891   |  234357.75 | B94       |
| C28     | Jacqueline Banks | Bayart Huxu   | 86-(444)169-9769  | B94       | E39    | Karen Garza         | 7-(403)125-7249   |  363569.05 | B94       |
| C28     | Jacqueline Banks | Bayart Huxu   | 86-(444)169-9769  | B94       | E53    | Michelle Butler     | 33-(430)263-8076  |  478616.54 | B94       |
| C28     | Jacqueline Banks | Bayart Huxu   | 86-(444)169-9769  | B94       | E58    | Ralph Griffin       | 52-(937)691-6875  |  351387.73 | B94       |
| C28     | Jacqueline Banks | Bayart Huxu   | 86-(444)169-9769  | B94       | E67    | Christina Ferguson  | 389-(102)586-0096 |  441423.08 | B94       |
| C28     | Jacqueline Banks | Bayart Huxu   | 86-(444)169-9769  | B94       | E79    | Frances Evans       | 963-(443)559-9622 |  301598.27 | B94       |
| C28     | Jacqueline Banks | Bayart Huxu   | 86-(444)169-9769  | B94       | E88    | Jimmy Walker        | 48-(368)529-8825  |  365944.92 | B94       |
| C28     | Jacqueline Banks | Bayart Huxu   | 86-(444)169-9769  | B94       | E91    | Douglas Stephens    | 63-(698)162-6409  |   44423.65 | B94       |
| C28     | Jacqueline Banks | Bayart Huxu   | 86-(444)169-9769  | B94       | E95    | Joyce Lynch         | 389-(848)480-6039 |  134864.64 | B94       |
| C35     | Denise Smith     | Cochin        | 81-(719)767-3054  | B19       | E16    | Clarence Fernandez  | 47-(485)768-2551  |  498239.95 | B19       |
| C35     | Denise Smith     | Cochin        | 81-(719)767-3054  | B19       | E17    | Brandon Simmons     | 351-(441)730-4504 |  395290.44 | B19       |
| C35     | Denise Smith     | Cochin        | 81-(719)767-3054  | B19       | E40    | Charles Reid        | 30-(968)277-8775  |  215319.11 | B19       |
| C35     | Denise Smith     | Cochin        | 81-(719)767-3054  | B19       | E48    | Willie Sims         | 86-(148)584-1974  |  337823.41 | B19       |
| C35     | Denise Smith     | Cochin        | 81-(719)767-3054  | B19       | E66    | Fred Rogers         | 86-(821)589-1276  |  328605.23 | B19       |
| C35     | Denise Smith     | Cochin        | 81-(719)767-3054  | B19       | E7     | Lois Myers          | 62-(245)601-3784  |   48951.02 | B19       |
| C35     | Denise Smith     | Cochin        | 81-(719)767-3054  | B19       | E71    | Howard Rose         | 55-(466)346-1174  |  323047.25 | B19       |
| C35     | Denise Smith     | Cochin        | 81-(719)767-3054  | B19       | E72    | Willie Stewart      | 33-(526)530-3640  |  286188.48 | B19       |
| C35     | Denise Smith     | Cochin        | 81-(719)767-3054  | B19       | E791   | Paul Ford           | 963-(476)657-7681 |  169658.64 | B19       |
| C35     | Denise Smith     | Cochin        | 81-(719)767-3054  | B19       | E952   | Juan Hart           | 86-(495)823-9694  |  374521.50 | B19       |
| C36     | Brandon Harper   | Cochin        | 62-(997)846-0480  | B19       | E16    | Clarence Fernandez  | 47-(485)768-2551  |  498239.95 | B19       |
| C36     | Brandon Harper   | Cochin        | 62-(997)846-0480  | B19       | E17    | Brandon Simmons     | 351-(441)730-4504 |  395290.44 | B19       |
| C36     | Brandon Harper   | Cochin        | 62-(997)846-0480  | B19       | E40    | Charles Reid        | 30-(968)277-8775  |  215319.11 | B19       |
| C36     | Brandon Harper   | Cochin        | 62-(997)846-0480  | B19       | E48    | Willie Sims         | 86-(148)584-1974  |  337823.41 | B19       |
| C36     | Brandon Harper   | Cochin        | 62-(997)846-0480  | B19       | E66    | Fred Rogers         | 86-(821)589-1276  |  328605.23 | B19       |
| C36     | Brandon Harper   | Cochin        | 62-(997)846-0480  | B19       | E7     | Lois Myers          | 62-(245)601-3784  |   48951.02 | B19       |
| C36     | Brandon Harper   | Cochin        | 62-(997)846-0480  | B19       | E71    | Howard Rose         | 55-(466)346-1174  |  323047.25 | B19       |
| C36     | Brandon Harper   | Cochin        | 62-(997)846-0480  | B19       | E72    | Willie Stewart      | 33-(526)530-3640  |  286188.48 | B19       |
| C36     | Brandon Harper   | Cochin        | 62-(997)846-0480  | B19       | E791   | Paul Ford           | 963-(476)657-7681 |  169658.64 | B19       |
| C36     | Brandon Harper   | Cochin        | 62-(997)846-0480  | B19       | E952   | Juan Hart           | 86-(495)823-9694  |  374521.50 | B19       |
| C39     | Clarence Wheeler | Zongluzui     | 375-(809)935-2362 | B48       | E100   | Ashley Bryant       | 86-(485)633-2560  |  410726.99 | B48       |
| C39     | Clarence Wheeler | Zongluzui     | 375-(809)935-2362 | B48       | E11    | Heather Banks       | 86-(617)139-5943  |  448254.90 | B48       |
| C39     | Clarence Wheeler | Zongluzui     | 375-(809)935-2362 | B48       | E132   | Antonio Hunt        | 86-(720)696-3086  |  361834.06 | B48       |
| C39     | Clarence Wheeler | Zongluzui     | 375-(809)935-2362 | B48       | E30    | Sandra Kennedy      | 977-(763)877-0691 |  426283.74 | B48       |
| C39     | Clarence Wheeler | Zongluzui     | 375-(809)935-2362 | B48       | E43    | Lori West           | 86-(973)560-0113  |   32970.86 | B48       |
| C39     | Clarence Wheeler | Zongluzui     | 375-(809)935-2362 | B48       | E59    | Janet Riley         | 62-(237)102-2731  |  100027.59 | B48       |
| C39     | Clarence Wheeler | Zongluzui     | 375-(809)935-2362 | B48       | E6     | Ralph Franklin      | 385-(404)473-6180 |  287755.01 | B48       |
| C39     | Clarence Wheeler | Zongluzui     | 375-(809)935-2362 | B48       | E8     | Phillip Burns       | 62-(154)696-3245  |  335128.54 | B48       |
| C39     | Clarence Wheeler | Zongluzui     | 375-(809)935-2362 | B48       | E90    | Jason Hill          | 86-(818)772-9887  |   41926.84 | B48       |
| C39     | Clarence Wheeler | Zongluzui     | 375-(809)935-2362 | B48       | E97    | Carolyn Dixon       | 86-(823)994-2737  |  434897.41 | B48       |
| C4      | Ann Williams     | Cochin        | 591-(754)545-2911 | B19       | E16    | Clarence Fernandez  | 47-(485)768-2551  |  498239.95 | B19       |
| C4      | Ann Williams     | Cochin        | 591-(754)545-2911 | B19       | E17    | Brandon Simmons     | 351-(441)730-4504 |  395290.44 | B19       |
| C4      | Ann Williams     | Cochin        | 591-(754)545-2911 | B19       | E40    | Charles Reid        | 30-(968)277-8775  |  215319.11 | B19       |
| C4      | Ann Williams     | Cochin        | 591-(754)545-2911 | B19       | E48    | Willie Sims         | 86-(148)584-1974  |  337823.41 | B19       |
| C4      | Ann Williams     | Cochin        | 591-(754)545-2911 | B19       | E66    | Fred Rogers         | 86-(821)589-1276  |  328605.23 | B19       |
| C4      | Ann Williams     | Cochin        | 591-(754)545-2911 | B19       | E7     | Lois Myers          | 62-(245)601-3784  |   48951.02 | B19       |
| C4      | Ann Williams     | Cochin        | 591-(754)545-2911 | B19       | E71    | Howard Rose         | 55-(466)346-1174  |  323047.25 | B19       |
| C4      | Ann Williams     | Cochin        | 591-(754)545-2911 | B19       | E72    | Willie Stewart      | 33-(526)530-3640  |  286188.48 | B19       |
| C4      | Ann Williams     | Cochin        | 591-(754)545-2911 | B19       | E791   | Paul Ford           | 963-(476)657-7681 |  169658.64 | B19       |
| C4      | Ann Williams     | Cochin        | 591-(754)545-2911 | B19       | E952   | Juan Hart           | 86-(495)823-9694  |  374521.50 | B19       |
| C46     | Samuel Webb      | Zongluzui     | 98-(307)574-5626  | B48       | E100   | Ashley Bryant       | 86-(485)633-2560  |  410726.99 | B48       |
| C46     | Samuel Webb      | Zongluzui     | 98-(307)574-5626  | B48       | E11    | Heather Banks       | 86-(617)139-5943  |  448254.90 | B48       |
| C46     | Samuel Webb      | Zongluzui     | 98-(307)574-5626  | B48       | E132   | Antonio Hunt        | 86-(720)696-3086  |  361834.06 | B48       |
| C46     | Samuel Webb      | Zongluzui     | 98-(307)574-5626  | B48       | E30    | Sandra Kennedy      | 977-(763)877-0691 |  426283.74 | B48       |
| C46     | Samuel Webb      | Zongluzui     | 98-(307)574-5626  | B48       | E43    | Lori West           | 86-(973)560-0113  |   32970.86 | B48       |
| C46     | Samuel Webb      | Zongluzui     | 98-(307)574-5626  | B48       | E59    | Janet Riley         | 62-(237)102-2731  |  100027.59 | B48       |
| C46     | Samuel Webb      | Zongluzui     | 98-(307)574-5626  | B48       | E6     | Ralph Franklin      | 385-(404)473-6180 |  287755.01 | B48       |
| C46     | Samuel Webb      | Zongluzui     | 98-(307)574-5626  | B48       | E8     | Phillip Burns       | 62-(154)696-3245  |  335128.54 | B48       |
| C46     | Samuel Webb      | Zongluzui     | 98-(307)574-5626  | B48       | E90    | Jason Hill          | 86-(818)772-9887  |   41926.84 | B48       |
| C46     | Samuel Webb      | Zongluzui     | 98-(307)574-5626  | B48       | E97    | Carolyn Dixon       | 86-(823)994-2737  |  434897.41 | B48       |
| C49     | Michelle Lynch   | Cochin        | 46-(870)264-2826  | B19       | E16    | Clarence Fernandez  | 47-(485)768-2551  |  498239.95 | B19       |
| C49     | Michelle Lynch   | Cochin        | 46-(870)264-2826  | B19       | E17    | Brandon Simmons     | 351-(441)730-4504 |  395290.44 | B19       |
| C49     | Michelle Lynch   | Cochin        | 46-(870)264-2826  | B19       | E40    | Charles Reid        | 30-(968)277-8775  |  215319.11 | B19       |
| C49     | Michelle Lynch   | Cochin        | 46-(870)264-2826  | B19       | E48    | Willie Sims         | 86-(148)584-1974  |  337823.41 | B19       |
| C49     | Michelle Lynch   | Cochin        | 46-(870)264-2826  | B19       | E66    | Fred Rogers         | 86-(821)589-1276  |  328605.23 | B19       |
| C49     | Michelle Lynch   | Cochin        | 46-(870)264-2826  | B19       | E7     | Lois Myers          | 62-(245)601-3784  |   48951.02 | B19       |
| C49     | Michelle Lynch   | Cochin        | 46-(870)264-2826  | B19       | E71    | Howard Rose         | 55-(466)346-1174  |  323047.25 | B19       |
| C49     | Michelle Lynch   | Cochin        | 46-(870)264-2826  | B19       | E72    | Willie Stewart      | 33-(526)530-3640  |  286188.48 | B19       |
| C49     | Michelle Lynch   | Cochin        | 46-(870)264-2826  | B19       | E791   | Paul Ford           | 963-(476)657-7681 |  169658.64 | B19       |
| C49     | Michelle Lynch   | Cochin        | 46-(870)264-2826  | B19       | E952   | Juan Hart           | 86-(495)823-9694  |  374521.50 | B19       |
| C5      | Gary Ellis       | Visaginas     | 62-(854)550-6020  | B77       | E13    | Steven Hanson       | 52-(831)856-2972  |   82625.95 | B77       |
| C5      | Gary Ellis       | Visaginas     | 62-(854)550-6020  | B77       | E22    | Eugene Alvarez      | 86-(652)454-8846  |  309461.12 | B77       |
| C5      | Gary Ellis       | Visaginas     | 62-(854)550-6020  | B77       | E32    | Paula Riley         | 33-(383)762-7145  |  433685.53 | B77       |
| C5      | Gary Ellis       | Visaginas     | 62-(854)550-6020  | B77       | E41    | Marie Collins       | 1-(306)507-6247   |  415838.73 | B77       |
| C5      | Gary Ellis       | Visaginas     | 62-(854)550-6020  | B77       | E5     | Gregory Cruz        | 62-(135)239-9781  |  163140.68 | B77       |
| C5      | Gary Ellis       | Visaginas     | 62-(854)550-6020  | B77       | E75    | Jack Ramos          | 998-(309)261-0596 |   88354.65 | B77       |
| C5      | Gary Ellis       | Visaginas     | 62-(854)550-6020  | B77       | E78    | Scott Marshall      | 964-(789)540-2120 |  443816.21 | B77       |
| C5      | Gary Ellis       | Visaginas     | 62-(854)550-6020  | B77       | E81    | Jacqueline Sullivan | 62-(287)990-5525  |  293201.15 | B77       |
| C5      | Gary Ellis       | Visaginas     | 62-(854)550-6020  | B77       | E82    | Kenneth Hart        | 30-(850)284-8504  |  247096.71 | B77       |
| C5      | Gary Ellis       | Visaginas     | 62-(854)550-6020  | B77       | E92    | Howard Lewis        | 55-(986)271-6031  |  149374.06 | B77       |
| C50     | Keith Williamson | Visaginas     | 55-(327)534-8730  | B77       | E13    | Steven Hanson       | 52-(831)856-2972  |   82625.95 | B77       |
| C50     | Keith Williamson | Visaginas     | 55-(327)534-8730  | B77       | E22    | Eugene Alvarez      | 86-(652)454-8846  |  309461.12 | B77       |
| C50     | Keith Williamson | Visaginas     | 55-(327)534-8730  | B77       | E32    | Paula Riley         | 33-(383)762-7145  |  433685.53 | B77       |
| C50     | Keith Williamson | Visaginas     | 55-(327)534-8730  | B77       | E41    | Marie Collins       | 1-(306)507-6247   |  415838.73 | B77       |
| C50     | Keith Williamson | Visaginas     | 55-(327)534-8730  | B77       | E5     | Gregory Cruz        | 62-(135)239-9781  |  163140.68 | B77       |
| C50     | Keith Williamson | Visaginas     | 55-(327)534-8730  | B77       | E75    | Jack Ramos          | 998-(309)261-0596 |   88354.65 | B77       |
| C50     | Keith Williamson | Visaginas     | 55-(327)534-8730  | B77       | E78    | Scott Marshall      | 964-(789)540-2120 |  443816.21 | B77       |
| C50     | Keith Williamson | Visaginas     | 55-(327)534-8730  | B77       | E81    | Jacqueline Sullivan | 62-(287)990-5525  |  293201.15 | B77       |
| C50     | Keith Williamson | Visaginas     | 55-(327)534-8730  | B77       | E82    | Kenneth Hart        | 30-(850)284-8504  |  247096.71 | B77       |
| C50     | Keith Williamson | Visaginas     | 55-(327)534-8730  | B77       | E92    | Howard Lewis        | 55-(986)271-6031  |  149374.06 | B77       |
| C55     | Jerry Thomas     | Bayart Huxu   | 63-(258)799-6576  | B94       | E12    | Russell Medina      | 86-(954)906-6743  |  200865.34 | B94       |
| C55     | Jerry Thomas     | Bayart Huxu   | 63-(258)799-6576  | B94       | E3     | Louis Gardner       | 1-(208)832-3891   |  234357.75 | B94       |
| C55     | Jerry Thomas     | Bayart Huxu   | 63-(258)799-6576  | B94       | E39    | Karen Garza         | 7-(403)125-7249   |  363569.05 | B94       |
| C55     | Jerry Thomas     | Bayart Huxu   | 63-(258)799-6576  | B94       | E53    | Michelle Butler     | 33-(430)263-8076  |  478616.54 | B94       |
| C55     | Jerry Thomas     | Bayart Huxu   | 63-(258)799-6576  | B94       | E58    | Ralph Griffin       | 52-(937)691-6875  |  351387.73 | B94       |
| C55     | Jerry Thomas     | Bayart Huxu   | 63-(258)799-6576  | B94       | E67    | Christina Ferguson  | 389-(102)586-0096 |  441423.08 | B94       |
| C55     | Jerry Thomas     | Bayart Huxu   | 63-(258)799-6576  | B94       | E79    | Frances Evans       | 963-(443)559-9622 |  301598.27 | B94       |
| C55     | Jerry Thomas     | Bayart Huxu   | 63-(258)799-6576  | B94       | E88    | Jimmy Walker        | 48-(368)529-8825  |  365944.92 | B94       |
| C55     | Jerry Thomas     | Bayart Huxu   | 63-(258)799-6576  | B94       | E91    | Douglas Stephens    | 63-(698)162-6409  |   44423.65 | B94       |
| C55     | Jerry Thomas     | Bayart Huxu   | 63-(258)799-6576  | B94       | E95    | Joyce Lynch         | 389-(848)480-6039 |  134864.64 | B94       |
| C58     | Linda Powell     | Visaginas     | 33-(484)600-0252  | B77       | E13    | Steven Hanson       | 52-(831)856-2972  |   82625.95 | B77       |
| C58     | Linda Powell     | Visaginas     | 33-(484)600-0252  | B77       | E22    | Eugene Alvarez      | 86-(652)454-8846  |  309461.12 | B77       |
| C58     | Linda Powell     | Visaginas     | 33-(484)600-0252  | B77       | E32    | Paula Riley         | 33-(383)762-7145  |  433685.53 | B77       |
| C58     | Linda Powell     | Visaginas     | 33-(484)600-0252  | B77       | E41    | Marie Collins       | 1-(306)507-6247   |  415838.73 | B77       |
| C58     | Linda Powell     | Visaginas     | 33-(484)600-0252  | B77       | E5     | Gregory Cruz        | 62-(135)239-9781  |  163140.68 | B77       |
| C58     | Linda Powell     | Visaginas     | 33-(484)600-0252  | B77       | E75    | Jack Ramos          | 998-(309)261-0596 |   88354.65 | B77       |
| C58     | Linda Powell     | Visaginas     | 33-(484)600-0252  | B77       | E78    | Scott Marshall      | 964-(789)540-2120 |  443816.21 | B77       |
| C58     | Linda Powell     | Visaginas     | 33-(484)600-0252  | B77       | E81    | Jacqueline Sullivan | 62-(287)990-5525  |  293201.15 | B77       |
| C58     | Linda Powell     | Visaginas     | 33-(484)600-0252  | B77       | E82    | Kenneth Hart        | 30-(850)284-8504  |  247096.71 | B77       |
| C58     | Linda Powell     | Visaginas     | 33-(484)600-0252  | B77       | E92    | Howard Lewis        | 55-(986)271-6031  |  149374.06 | B77       |
| C60     | Anthony Perkins  | Zongluzui     | 251-(267)541-9832 | B48       | E100   | Ashley Bryant       | 86-(485)633-2560  |  410726.99 | B48       |
| C60     | Anthony Perkins  | Zongluzui     | 251-(267)541-9832 | B48       | E11    | Heather Banks       | 86-(617)139-5943  |  448254.90 | B48       |
| C60     | Anthony Perkins  | Zongluzui     | 251-(267)541-9832 | B48       | E132   | Antonio Hunt        | 86-(720)696-3086  |  361834.06 | B48       |
| C60     | Anthony Perkins  | Zongluzui     | 251-(267)541-9832 | B48       | E30    | Sandra Kennedy      | 977-(763)877-0691 |  426283.74 | B48       |
| C60     | Anthony Perkins  | Zongluzui     | 251-(267)541-9832 | B48       | E43    | Lori West           | 86-(973)560-0113  |   32970.86 | B48       |
| C60     | Anthony Perkins  | Zongluzui     | 251-(267)541-9832 | B48       | E59    | Janet Riley         | 62-(237)102-2731  |  100027.59 | B48       |
| C60     | Anthony Perkins  | Zongluzui     | 251-(267)541-9832 | B48       | E6     | Ralph Franklin      | 385-(404)473-6180 |  287755.01 | B48       |
| C60     | Anthony Perkins  | Zongluzui     | 251-(267)541-9832 | B48       | E8     | Phillip Burns       | 62-(154)696-3245  |  335128.54 | B48       |
| C60     | Anthony Perkins  | Zongluzui     | 251-(267)541-9832 | B48       | E90    | Jason Hill          | 86-(818)772-9887  |   41926.84 | B48       |
| C60     | Anthony Perkins  | Zongluzui     | 251-(267)541-9832 | B48       | E97    | Carolyn Dixon       | 86-(823)994-2737  |  434897.41 | B48       |
| C601    | Jane Hawkins     | Ernakulam     | 62-(348)906-4849  | B19       | E16    | Clarence Fernandez  | 47-(485)768-2551  |  498239.95 | B19       |
| C601    | Jane Hawkins     | Ernakulam     | 62-(348)906-4849  | B19       | E17    | Brandon Simmons     | 351-(441)730-4504 |  395290.44 | B19       |
| C601    | Jane Hawkins     | Ernakulam     | 62-(348)906-4849  | B19       | E40    | Charles Reid        | 30-(968)277-8775  |  215319.11 | B19       |
| C601    | Jane Hawkins     | Ernakulam     | 62-(348)906-4849  | B19       | E48    | Willie Sims         | 86-(148)584-1974  |  337823.41 | B19       |
| C601    | Jane Hawkins     | Ernakulam     | 62-(348)906-4849  | B19       | E66    | Fred Rogers         | 86-(821)589-1276  |  328605.23 | B19       |
| C601    | Jane Hawkins     | Ernakulam     | 62-(348)906-4849  | B19       | E7     | Lois Myers          | 62-(245)601-3784  |   48951.02 | B19       |
| C601    | Jane Hawkins     | Ernakulam     | 62-(348)906-4849  | B19       | E71    | Howard Rose         | 55-(466)346-1174  |  323047.25 | B19       |
| C601    | Jane Hawkins     | Ernakulam     | 62-(348)906-4849  | B19       | E72    | Willie Stewart      | 33-(526)530-3640  |  286188.48 | B19       |
| C601    | Jane Hawkins     | Ernakulam     | 62-(348)906-4849  | B19       | E791   | Paul Ford           | 963-(476)657-7681 |  169658.64 | B19       |
| C601    | Jane Hawkins     | Ernakulam     | 62-(348)906-4849  | B19       | E952   | Juan Hart           | 86-(495)823-9694  |  374521.50 | B19       |
| C62     | Phyllis Fields   | Bayart Huxu   | 63-(151)368-2467  | B94       | E12    | Russell Medina      | 86-(954)906-6743  |  200865.34 | B94       |
| C62     | Phyllis Fields   | Bayart Huxu   | 63-(151)368-2467  | B94       | E3     | Louis Gardner       | 1-(208)832-3891   |  234357.75 | B94       |
| C62     | Phyllis Fields   | Bayart Huxu   | 63-(151)368-2467  | B94       | E39    | Karen Garza         | 7-(403)125-7249   |  363569.05 | B94       |
| C62     | Phyllis Fields   | Bayart Huxu   | 63-(151)368-2467  | B94       | E53    | Michelle Butler     | 33-(430)263-8076  |  478616.54 | B94       |
| C62     | Phyllis Fields   | Bayart Huxu   | 63-(151)368-2467  | B94       | E58    | Ralph Griffin       | 52-(937)691-6875  |  351387.73 | B94       |
| C62     | Phyllis Fields   | Bayart Huxu   | 63-(151)368-2467  | B94       | E67    | Christina Ferguson  | 389-(102)586-0096 |  441423.08 | B94       |
| C62     | Phyllis Fields   | Bayart Huxu   | 63-(151)368-2467  | B94       | E79    | Frances Evans       | 963-(443)559-9622 |  301598.27 | B94       |
| C62     | Phyllis Fields   | Bayart Huxu   | 63-(151)368-2467  | B94       | E88    | Jimmy Walker        | 48-(368)529-8825  |  365944.92 | B94       |
| C62     | Phyllis Fields   | Bayart Huxu   | 63-(151)368-2467  | B94       | E91    | Douglas Stephens    | 63-(698)162-6409  |   44423.65 | B94       |
| C62     | Phyllis Fields   | Bayart Huxu   | 63-(151)368-2467  | B94       | E95    | Joyce Lynch         | 389-(848)480-6039 |  134864.64 | B94       |
| C69     | Andrea Burns     | Bayart Huxu   | 62-(779)237-0320  | B94       | E12    | Russell Medina      | 86-(954)906-6743  |  200865.34 | B94       |
| C69     | Andrea Burns     | Bayart Huxu   | 62-(779)237-0320  | B94       | E3     | Louis Gardner       | 1-(208)832-3891   |  234357.75 | B94       |
| C69     | Andrea Burns     | Bayart Huxu   | 62-(779)237-0320  | B94       | E39    | Karen Garza         | 7-(403)125-7249   |  363569.05 | B94       |
| C69     | Andrea Burns     | Bayart Huxu   | 62-(779)237-0320  | B94       | E53    | Michelle Butler     | 33-(430)263-8076  |  478616.54 | B94       |
| C69     | Andrea Burns     | Bayart Huxu   | 62-(779)237-0320  | B94       | E58    | Ralph Griffin       | 52-(937)691-6875  |  351387.73 | B94       |
| C69     | Andrea Burns     | Bayart Huxu   | 62-(779)237-0320  | B94       | E67    | Christina Ferguson  | 389-(102)586-0096 |  441423.08 | B94       |
| C69     | Andrea Burns     | Bayart Huxu   | 62-(779)237-0320  | B94       | E79    | Frances Evans       | 963-(443)559-9622 |  301598.27 | B94       |
| C69     | Andrea Burns     | Bayart Huxu   | 62-(779)237-0320  | B94       | E88    | Jimmy Walker        | 48-(368)529-8825  |  365944.92 | B94       |
| C69     | Andrea Burns     | Bayart Huxu   | 62-(779)237-0320  | B94       | E91    | Douglas Stephens    | 63-(698)162-6409  |   44423.65 | B94       |
| C69     | Andrea Burns     | Bayart Huxu   | 62-(779)237-0320  | B94       | E95    | Joyce Lynch         | 389-(848)480-6039 |  134864.64 | B94       |
| C70     | Nicholas Fox     | Visaginas     | 55-(946)617-3267  | B77       | E13    | Steven Hanson       | 52-(831)856-2972  |   82625.95 | B77       |
| C70     | Nicholas Fox     | Visaginas     | 55-(946)617-3267  | B77       | E22    | Eugene Alvarez      | 86-(652)454-8846  |  309461.12 | B77       |
| C70     | Nicholas Fox     | Visaginas     | 55-(946)617-3267  | B77       | E32    | Paula Riley         | 33-(383)762-7145  |  433685.53 | B77       |
| C70     | Nicholas Fox     | Visaginas     | 55-(946)617-3267  | B77       | E41    | Marie Collins       | 1-(306)507-6247   |  415838.73 | B77       |
| C70     | Nicholas Fox     | Visaginas     | 55-(946)617-3267  | B77       | E5     | Gregory Cruz        | 62-(135)239-9781  |  163140.68 | B77       |
| C70     | Nicholas Fox     | Visaginas     | 55-(946)617-3267  | B77       | E75    | Jack Ramos          | 998-(309)261-0596 |   88354.65 | B77       |
| C70     | Nicholas Fox     | Visaginas     | 55-(946)617-3267  | B77       | E78    | Scott Marshall      | 964-(789)540-2120 |  443816.21 | B77       |
| C70     | Nicholas Fox     | Visaginas     | 55-(946)617-3267  | B77       | E81    | Jacqueline Sullivan | 62-(287)990-5525  |  293201.15 | B77       |
| C70     | Nicholas Fox     | Visaginas     | 55-(946)617-3267  | B77       | E82    | Kenneth Hart        | 30-(850)284-8504  |  247096.71 | B77       |
| C70     | Nicholas Fox     | Visaginas     | 55-(946)617-3267  | B77       | E92    | Howard Lewis        | 55-(986)271-6031  |  149374.06 | B77       |
| C73     | Willie Perry     | Ernakulam     | 82-(325)354-8011  | B19       | E16    | Clarence Fernandez  | 47-(485)768-2551  |  498239.95 | B19       |
| C73     | Willie Perry     | Ernakulam     | 82-(325)354-8011  | B19       | E17    | Brandon Simmons     | 351-(441)730-4504 |  395290.44 | B19       |
| C73     | Willie Perry     | Ernakulam     | 82-(325)354-8011  | B19       | E40    | Charles Reid        | 30-(968)277-8775  |  215319.11 | B19       |
| C73     | Willie Perry     | Ernakulam     | 82-(325)354-8011  | B19       | E48    | Willie Sims         | 86-(148)584-1974  |  337823.41 | B19       |
| C73     | Willie Perry     | Ernakulam     | 82-(325)354-8011  | B19       | E66    | Fred Rogers         | 86-(821)589-1276  |  328605.23 | B19       |
| C73     | Willie Perry     | Ernakulam     | 82-(325)354-8011  | B19       | E7     | Lois Myers          | 62-(245)601-3784  |   48951.02 | B19       |
| C73     | Willie Perry     | Ernakulam     | 82-(325)354-8011  | B19       | E71    | Howard Rose         | 55-(466)346-1174  |  323047.25 | B19       |
| C73     | Willie Perry     | Ernakulam     | 82-(325)354-8011  | B19       | E72    | Willie Stewart      | 33-(526)530-3640  |  286188.48 | B19       |
| C73     | Willie Perry     | Ernakulam     | 82-(325)354-8011  | B19       | E791   | Paul Ford           | 963-(476)657-7681 |  169658.64 | B19       |
| C73     | Willie Perry     | Ernakulam     | 82-(325)354-8011  | B19       | E952   | Juan Hart           | 86-(495)823-9694  |  374521.50 | B19       |
| C76     | Ruth Lewis       | Visaginas     | 353-(557)346-9159 | B77       | E13    | Steven Hanson       | 52-(831)856-2972  |   82625.95 | B77       |
| C76     | Ruth Lewis       | Visaginas     | 353-(557)346-9159 | B77       | E22    | Eugene Alvarez      | 86-(652)454-8846  |  309461.12 | B77       |
| C76     | Ruth Lewis       | Visaginas     | 353-(557)346-9159 | B77       | E32    | Paula Riley         | 33-(383)762-7145  |  433685.53 | B77       |
| C76     | Ruth Lewis       | Visaginas     | 353-(557)346-9159 | B77       | E41    | Marie Collins       | 1-(306)507-6247   |  415838.73 | B77       |
| C76     | Ruth Lewis       | Visaginas     | 353-(557)346-9159 | B77       | E5     | Gregory Cruz        | 62-(135)239-9781  |  163140.68 | B77       |
| C76     | Ruth Lewis       | Visaginas     | 353-(557)346-9159 | B77       | E75    | Jack Ramos          | 998-(309)261-0596 |   88354.65 | B77       |
| C76     | Ruth Lewis       | Visaginas     | 353-(557)346-9159 | B77       | E78    | Scott Marshall      | 964-(789)540-2120 |  443816.21 | B77       |
| C76     | Ruth Lewis       | Visaginas     | 353-(557)346-9159 | B77       | E81    | Jacqueline Sullivan | 62-(287)990-5525  |  293201.15 | B77       |
| C76     | Ruth Lewis       | Visaginas     | 353-(557)346-9159 | B77       | E82    | Kenneth Hart        | 30-(850)284-8504  |  247096.71 | B77       |
| C76     | Ruth Lewis       | Visaginas     | 353-(557)346-9159 | B77       | E92    | Howard Lewis        | 55-(986)271-6031  |  149374.06 | B77       |
| C77     | Ernest Parker    | Ernakulam     | 33-(250)938-1271  | B19       | E16    | Clarence Fernandez  | 47-(485)768-2551  |  498239.95 | B19       |
| C77     | Ernest Parker    | Ernakulam     | 33-(250)938-1271  | B19       | E17    | Brandon Simmons     | 351-(441)730-4504 |  395290.44 | B19       |
| C77     | Ernest Parker    | Ernakulam     | 33-(250)938-1271  | B19       | E40    | Charles Reid        | 30-(968)277-8775  |  215319.11 | B19       |
| C77     | Ernest Parker    | Ernakulam     | 33-(250)938-1271  | B19       | E48    | Willie Sims         | 86-(148)584-1974  |  337823.41 | B19       |
| C77     | Ernest Parker    | Ernakulam     | 33-(250)938-1271  | B19       | E66    | Fred Rogers         | 86-(821)589-1276  |  328605.23 | B19       |
| C77     | Ernest Parker    | Ernakulam     | 33-(250)938-1271  | B19       | E7     | Lois Myers          | 62-(245)601-3784  |   48951.02 | B19       |
| C77     | Ernest Parker    | Ernakulam     | 33-(250)938-1271  | B19       | E71    | Howard Rose         | 55-(466)346-1174  |  323047.25 | B19       |
| C77     | Ernest Parker    | Ernakulam     | 33-(250)938-1271  | B19       | E72    | Willie Stewart      | 33-(526)530-3640  |  286188.48 | B19       |
| C77     | Ernest Parker    | Ernakulam     | 33-(250)938-1271  | B19       | E791   | Paul Ford           | 963-(476)657-7681 |  169658.64 | B19       |
| C77     | Ernest Parker    | Ernakulam     | 33-(250)938-1271  | B19       | E952   | Juan Hart           | 86-(495)823-9694  |  374521.50 | B19       |
| C78     | Stephen Burton   | Visaginas     | 62-(542)495-9051  | B77       | E13    | Steven Hanson       | 52-(831)856-2972  |   82625.95 | B77       |
| C78     | Stephen Burton   | Visaginas     | 62-(542)495-9051  | B77       | E22    | Eugene Alvarez      | 86-(652)454-8846  |  309461.12 | B77       |
| C78     | Stephen Burton   | Visaginas     | 62-(542)495-9051  | B77       | E32    | Paula Riley         | 33-(383)762-7145  |  433685.53 | B77       |
| C78     | Stephen Burton   | Visaginas     | 62-(542)495-9051  | B77       | E41    | Marie Collins       | 1-(306)507-6247   |  415838.73 | B77       |
| C78     | Stephen Burton   | Visaginas     | 62-(542)495-9051  | B77       | E5     | Gregory Cruz        | 62-(135)239-9781  |  163140.68 | B77       |
| C78     | Stephen Burton   | Visaginas     | 62-(542)495-9051  | B77       | E75    | Jack Ramos          | 998-(309)261-0596 |   88354.65 | B77       |
| C78     | Stephen Burton   | Visaginas     | 62-(542)495-9051  | B77       | E78    | Scott Marshall      | 964-(789)540-2120 |  443816.21 | B77       |
| C78     | Stephen Burton   | Visaginas     | 62-(542)495-9051  | B77       | E81    | Jacqueline Sullivan | 62-(287)990-5525  |  293201.15 | B77       |
| C78     | Stephen Burton   | Visaginas     | 62-(542)495-9051  | B77       | E82    | Kenneth Hart        | 30-(850)284-8504  |  247096.71 | B77       |
| C78     | Stephen Burton   | Visaginas     | 62-(542)495-9051  | B77       | E92    | Howard Lewis        | 55-(986)271-6031  |  149374.06 | B77       |
| C781    | Lawrence George  | Bayart Huxu   | 237-(780)837-5688 | B94       | E12    | Russell Medina      | 86-(954)906-6743  |  200865.34 | B94       |
| C781    | Lawrence George  | Bayart Huxu   | 237-(780)837-5688 | B94       | E3     | Louis Gardner       | 1-(208)832-3891   |  234357.75 | B94       |
| C781    | Lawrence George  | Bayart Huxu   | 237-(780)837-5688 | B94       | E39    | Karen Garza         | 7-(403)125-7249   |  363569.05 | B94       |
| C781    | Lawrence George  | Bayart Huxu   | 237-(780)837-5688 | B94       | E53    | Michelle Butler     | 33-(430)263-8076  |  478616.54 | B94       |
| C781    | Lawrence George  | Bayart Huxu   | 237-(780)837-5688 | B94       | E58    | Ralph Griffin       | 52-(937)691-6875  |  351387.73 | B94       |
| C781    | Lawrence George  | Bayart Huxu   | 237-(780)837-5688 | B94       | E67    | Christina Ferguson  | 389-(102)586-0096 |  441423.08 | B94       |
| C781    | Lawrence George  | Bayart Huxu   | 237-(780)837-5688 | B94       | E79    | Frances Evans       | 963-(443)559-9622 |  301598.27 | B94       |
| C781    | Lawrence George  | Bayart Huxu   | 237-(780)837-5688 | B94       | E88    | Jimmy Walker        | 48-(368)529-8825  |  365944.92 | B94       |
| C781    | Lawrence George  | Bayart Huxu   | 237-(780)837-5688 | B94       | E91    | Douglas Stephens    | 63-(698)162-6409  |   44423.65 | B94       |
| C781    | Lawrence George  | Bayart Huxu   | 237-(780)837-5688 | B94       | E95    | Joyce Lynch         | 389-(848)480-6039 |  134864.64 | B94       |
| C8      | Paul Riley       | Bayart Huxu   | 84-(549)962-5545  | B94       | E12    | Russell Medina      | 86-(954)906-6743  |  200865.34 | B94       |
| C8      | Paul Riley       | Bayart Huxu   | 84-(549)962-5545  | B94       | E3     | Louis Gardner       | 1-(208)832-3891   |  234357.75 | B94       |
| C8      | Paul Riley       | Bayart Huxu   | 84-(549)962-5545  | B94       | E39    | Karen Garza         | 7-(403)125-7249   |  363569.05 | B94       |
| C8      | Paul Riley       | Bayart Huxu   | 84-(549)962-5545  | B94       | E53    | Michelle Butler     | 33-(430)263-8076  |  478616.54 | B94       |
| C8      | Paul Riley       | Bayart Huxu   | 84-(549)962-5545  | B94       | E58    | Ralph Griffin       | 52-(937)691-6875  |  351387.73 | B94       |
| C8      | Paul Riley       | Bayart Huxu   | 84-(549)962-5545  | B94       | E67    | Christina Ferguson  | 389-(102)586-0096 |  441423.08 | B94       |
| C8      | Paul Riley       | Bayart Huxu   | 84-(549)962-5545  | B94       | E79    | Frances Evans       | 963-(443)559-9622 |  301598.27 | B94       |
| C8      | Paul Riley       | Bayart Huxu   | 84-(549)962-5545  | B94       | E88    | Jimmy Walker        | 48-(368)529-8825  |  365944.92 | B94       |
| C8      | Paul Riley       | Bayart Huxu   | 84-(549)962-5545  | B94       | E91    | Douglas Stephens    | 63-(698)162-6409  |   44423.65 | B94       |
| C8      | Paul Riley       | Bayart Huxu   | 84-(549)962-5545  | B94       | E95    | Joyce Lynch         | 389-(848)480-6039 |  134864.64 | B94       |
| C80     | Lori Peterson    | Zongluzui     | 33-(849)655-9007  | B48       | E100   | Ashley Bryant       | 86-(485)633-2560  |  410726.99 | B48       |
| C80     | Lori Peterson    | Zongluzui     | 33-(849)655-9007  | B48       | E11    | Heather Banks       | 86-(617)139-5943  |  448254.90 | B48       |
| C80     | Lori Peterson    | Zongluzui     | 33-(849)655-9007  | B48       | E132   | Antonio Hunt        | 86-(720)696-3086  |  361834.06 | B48       |
| C80     | Lori Peterson    | Zongluzui     | 33-(849)655-9007  | B48       | E30    | Sandra Kennedy      | 977-(763)877-0691 |  426283.74 | B48       |
| C80     | Lori Peterson    | Zongluzui     | 33-(849)655-9007  | B48       | E43    | Lori West           | 86-(973)560-0113  |   32970.86 | B48       |
| C80     | Lori Peterson    | Zongluzui     | 33-(849)655-9007  | B48       | E59    | Janet Riley         | 62-(237)102-2731  |  100027.59 | B48       |
| C80     | Lori Peterson    | Zongluzui     | 33-(849)655-9007  | B48       | E6     | Ralph Franklin      | 385-(404)473-6180 |  287755.01 | B48       |
| C80     | Lori Peterson    | Zongluzui     | 33-(849)655-9007  | B48       | E8     | Phillip Burns       | 62-(154)696-3245  |  335128.54 | B48       |
| C80     | Lori Peterson    | Zongluzui     | 33-(849)655-9007  | B48       | E90    | Jason Hill          | 86-(818)772-9887  |   41926.84 | B48       |
| C80     | Lori Peterson    | Zongluzui     | 33-(849)655-9007  | B48       | E97    | Carolyn Dixon       | 86-(823)994-2737  |  434897.41 | B48       |
| C86     | Julie Black      | Zongluzui     | 53-(775)359-0551  | B48       | E100   | Ashley Bryant       | 86-(485)633-2560  |  410726.99 | B48       |
| C86     | Julie Black      | Zongluzui     | 53-(775)359-0551  | B48       | E11    | Heather Banks       | 86-(617)139-5943  |  448254.90 | B48       |
| C86     | Julie Black      | Zongluzui     | 53-(775)359-0551  | B48       | E132   | Antonio Hunt        | 86-(720)696-3086  |  361834.06 | B48       |
| C86     | Julie Black      | Zongluzui     | 53-(775)359-0551  | B48       | E30    | Sandra Kennedy      | 977-(763)877-0691 |  426283.74 | B48       |
| C86     | Julie Black      | Zongluzui     | 53-(775)359-0551  | B48       | E43    | Lori West           | 86-(973)560-0113  |   32970.86 | B48       |
| C86     | Julie Black      | Zongluzui     | 53-(775)359-0551  | B48       | E59    | Janet Riley         | 62-(237)102-2731  |  100027.59 | B48       |
| C86     | Julie Black      | Zongluzui     | 53-(775)359-0551  | B48       | E6     | Ralph Franklin      | 385-(404)473-6180 |  287755.01 | B48       |
| C86     | Julie Black      | Zongluzui     | 53-(775)359-0551  | B48       | E8     | Phillip Burns       | 62-(154)696-3245  |  335128.54 | B48       |
| C86     | Julie Black      | Zongluzui     | 53-(775)359-0551  | B48       | E90    | Jason Hill          | 86-(818)772-9887  |   41926.84 | B48       |
| C86     | Julie Black      | Zongluzui     | 53-(775)359-0551  | B48       | E97    | Carolyn Dixon       | 86-(823)994-2737  |  434897.41 | B48       |
| C87     | Douglas Rogers   | Zongluzui     | 86-(616)572-1495  | B48       | E100   | Ashley Bryant       | 86-(485)633-2560  |  410726.99 | B48       |
| C87     | Douglas Rogers   | Zongluzui     | 86-(616)572-1495  | B48       | E11    | Heather Banks       | 86-(617)139-5943  |  448254.90 | B48       |
| C87     | Douglas Rogers   | Zongluzui     | 86-(616)572-1495  | B48       | E132   | Antonio Hunt        | 86-(720)696-3086  |  361834.06 | B48       |
| C87     | Douglas Rogers   | Zongluzui     | 86-(616)572-1495  | B48       | E30    | Sandra Kennedy      | 977-(763)877-0691 |  426283.74 | B48       |
| C87     | Douglas Rogers   | Zongluzui     | 86-(616)572-1495  | B48       | E43    | Lori West           | 86-(973)560-0113  |   32970.86 | B48       |
| C87     | Douglas Rogers   | Zongluzui     | 86-(616)572-1495  | B48       | E59    | Janet Riley         | 62-(237)102-2731  |  100027.59 | B48       |
| C87     | Douglas Rogers   | Zongluzui     | 86-(616)572-1495  | B48       | E6     | Ralph Franklin      | 385-(404)473-6180 |  287755.01 | B48       |
| C87     | Douglas Rogers   | Zongluzui     | 86-(616)572-1495  | B48       | E8     | Phillip Burns       | 62-(154)696-3245  |  335128.54 | B48       |
| C87     | Douglas Rogers   | Zongluzui     | 86-(616)572-1495  | B48       | E90    | Jason Hill          | 86-(818)772-9887  |   41926.84 | B48       |
| C87     | Douglas Rogers   | Zongluzui     | 86-(616)572-1495  | B48       | E97    | Carolyn Dixon       | 86-(823)994-2737  |  434897.41 | B48       |
| C9      | Theresa Fuller   | Visaginas     | 39-(237)791-7365  | B77       | E13    | Steven Hanson       | 52-(831)856-2972  |   82625.95 | B77       |
| C9      | Theresa Fuller   | Visaginas     | 39-(237)791-7365  | B77       | E22    | Eugene Alvarez      | 86-(652)454-8846  |  309461.12 | B77       |
| C9      | Theresa Fuller   | Visaginas     | 39-(237)791-7365  | B77       | E32    | Paula Riley         | 33-(383)762-7145  |  433685.53 | B77       |
| C9      | Theresa Fuller   | Visaginas     | 39-(237)791-7365  | B77       | E41    | Marie Collins       | 1-(306)507-6247   |  415838.73 | B77       |
| C9      | Theresa Fuller   | Visaginas     | 39-(237)791-7365  | B77       | E5     | Gregory Cruz        | 62-(135)239-9781  |  163140.68 | B77       |
| C9      | Theresa Fuller   | Visaginas     | 39-(237)791-7365  | B77       | E75    | Jack Ramos          | 998-(309)261-0596 |   88354.65 | B77       |
| C9      | Theresa Fuller   | Visaginas     | 39-(237)791-7365  | B77       | E78    | Scott Marshall      | 964-(789)540-2120 |  443816.21 | B77       |
| C9      | Theresa Fuller   | Visaginas     | 39-(237)791-7365  | B77       | E81    | Jacqueline Sullivan | 62-(287)990-5525  |  293201.15 | B77       |
| C9      | Theresa Fuller   | Visaginas     | 39-(237)791-7365  | B77       | E82    | Kenneth Hart        | 30-(850)284-8504  |  247096.71 | B77       |
| C9      | Theresa Fuller   | Visaginas     | 39-(237)791-7365  | B77       | E92    | Howard Lewis        | 55-(986)271-6031  |  149374.06 | B77       |
| C90     | Sandra Lawrence  | Cochin        | 66-(945)992-9241  | B19       | E16    | Clarence Fernandez  | 47-(485)768-2551  |  498239.95 | B19       |
| C90     | Sandra Lawrence  | Cochin        | 66-(945)992-9241  | B19       | E17    | Brandon Simmons     | 351-(441)730-4504 |  395290.44 | B19       |
| C90     | Sandra Lawrence  | Cochin        | 66-(945)992-9241  | B19       | E40    | Charles Reid        | 30-(968)277-8775  |  215319.11 | B19       |
| C90     | Sandra Lawrence  | Cochin        | 66-(945)992-9241  | B19       | E48    | Willie Sims         | 86-(148)584-1974  |  337823.41 | B19       |
| C90     | Sandra Lawrence  | Cochin        | 66-(945)992-9241  | B19       | E66    | Fred Rogers         | 86-(821)589-1276  |  328605.23 | B19       |
| C90     | Sandra Lawrence  | Cochin        | 66-(945)992-9241  | B19       | E7     | Lois Myers          | 62-(245)601-3784  |   48951.02 | B19       |
| C90     | Sandra Lawrence  | Cochin        | 66-(945)992-9241  | B19       | E71    | Howard Rose         | 55-(466)346-1174  |  323047.25 | B19       |
| C90     | Sandra Lawrence  | Cochin        | 66-(945)992-9241  | B19       | E72    | Willie Stewart      | 33-(526)530-3640  |  286188.48 | B19       |
| C90     | Sandra Lawrence  | Cochin        | 66-(945)992-9241  | B19       | E791   | Paul Ford           | 963-(476)657-7681 |  169658.64 | B19       |
| C90     | Sandra Lawrence  | Cochin        | 66-(945)992-9241  | B19       | E952   | Juan Hart           | 86-(495)823-9694  |  374521.50 | B19       |
| C96     | Amanda Crawford  | Cochin        | 62-(669)140-0363  | B19       | E16    | Clarence Fernandez  | 47-(485)768-2551  |  498239.95 | B19       |
| C96     | Amanda Crawford  | Cochin        | 62-(669)140-0363  | B19       | E17    | Brandon Simmons     | 351-(441)730-4504 |  395290.44 | B19       |
| C96     | Amanda Crawford  | Cochin        | 62-(669)140-0363  | B19       | E40    | Charles Reid        | 30-(968)277-8775  |  215319.11 | B19       |
| C96     | Amanda Crawford  | Cochin        | 62-(669)140-0363  | B19       | E48    | Willie Sims         | 86-(148)584-1974  |  337823.41 | B19       |
| C96     | Amanda Crawford  | Cochin        | 62-(669)140-0363  | B19       | E66    | Fred Rogers         | 86-(821)589-1276  |  328605.23 | B19       |
| C96     | Amanda Crawford  | Cochin        | 62-(669)140-0363  | B19       | E7     | Lois Myers          | 62-(245)601-3784  |   48951.02 | B19       |
| C96     | Amanda Crawford  | Cochin        | 62-(669)140-0363  | B19       | E71    | Howard Rose         | 55-(466)346-1174  |  323047.25 | B19       |
| C96     | Amanda Crawford  | Cochin        | 62-(669)140-0363  | B19       | E72    | Willie Stewart      | 33-(526)530-3640  |  286188.48 | B19       |
| C96     | Amanda Crawford  | Cochin        | 62-(669)140-0363  | B19       | E791   | Paul Ford           | 963-(476)657-7681 |  169658.64 | B19       |
| C96     | Amanda Crawford  | Cochin        | 62-(669)140-0363  | B19       | E952   | Juan Hart           | 86-(495)823-9694  |  374521.50 | B19       |
| C97     | Eric Stanley     | Bayart Huxu   | 55-(571)144-3237  | B94       | E12    | Russell Medina      | 86-(954)906-6743  |  200865.34 | B94       |
| C97     | Eric Stanley     | Bayart Huxu   | 55-(571)144-3237  | B94       | E3     | Louis Gardner       | 1-(208)832-3891   |  234357.75 | B94       |
| C97     | Eric Stanley     | Bayart Huxu   | 55-(571)144-3237  | B94       | E39    | Karen Garza         | 7-(403)125-7249   |  363569.05 | B94       |
| C97     | Eric Stanley     | Bayart Huxu   | 55-(571)144-3237  | B94       | E53    | Michelle Butler     | 33-(430)263-8076  |  478616.54 | B94       |
| C97     | Eric Stanley     | Bayart Huxu   | 55-(571)144-3237  | B94       | E58    | Ralph Griffin       | 52-(937)691-6875  |  351387.73 | B94       |
| C97     | Eric Stanley     | Bayart Huxu   | 55-(571)144-3237  | B94       | E67    | Christina Ferguson  | 389-(102)586-0096 |  441423.08 | B94       |
| C97     | Eric Stanley     | Bayart Huxu   | 55-(571)144-3237  | B94       | E79    | Frances Evans       | 963-(443)559-9622 |  301598.27 | B94       |
| C97     | Eric Stanley     | Bayart Huxu   | 55-(571)144-3237  | B94       | E88    | Jimmy Walker        | 48-(368)529-8825  |  365944.92 | B94       |
| C97     | Eric Stanley     | Bayart Huxu   | 55-(571)144-3237  | B94       | E91    | Douglas Stephens    | 63-(698)162-6409  |   44423.65 | B94       |
| C97     | Eric Stanley     | Bayart Huxu   | 55-(571)144-3237  | B94       | E95    | Joyce Lynch         | 389-(848)480-6039 |  134864.64 | B94       |
+---------+------------------+---------------+-------------------+-----------+--------+---------------------+-------------------+------------+-----------+
300 rows in set (0.00 sec)

+---------+------------------+---------------+-------------------+-----------+--------+---------------------+-------------------+------------+-----------+
| cust_id | cust_name        | customer_city | cust_phone        | branch_id | emp_id | emp_name            | emp_phone         | emp_salary | branch_id |
+---------+------------------+---------------+-------------------+-----------+--------+---------------------+-------------------+------------+-----------+
| C1001   | Jose Russell     | Zongluzui     | 1-(929)791-3183   | B48       | E100   | Ashley Bryant       | 86-(485)633-2560  |  410726.99 | B48       |
| C39     | Clarence Wheeler | Zongluzui     | 375-(809)935-2362 | B48       | E100   | Ashley Bryant       | 86-(485)633-2560  |  410726.99 | B48       |
| C46     | Samuel Webb      | Zongluzui     | 98-(307)574-5626  | B48       | E100   | Ashley Bryant       | 86-(485)633-2560  |  410726.99 | B48       |
| C60     | Anthony Perkins  | Zongluzui     | 251-(267)541-9832 | B48       | E100   | Ashley Bryant       | 86-(485)633-2560  |  410726.99 | B48       |
| C80     | Lori Peterson    | Zongluzui     | 33-(849)655-9007  | B48       | E100   | Ashley Bryant       | 86-(485)633-2560  |  410726.99 | B48       |
| C86     | Julie Black      | Zongluzui     | 53-(775)359-0551  | B48       | E100   | Ashley Bryant       | 86-(485)633-2560  |  410726.99 | B48       |
| C87     | Douglas Rogers   | Zongluzui     | 86-(616)572-1495  | B48       | E100   | Ashley Bryant       | 86-(485)633-2560  |  410726.99 | B48       |
| C1001   | Jose Russell     | Zongluzui     | 1-(929)791-3183   | B48       | E11    | Heather Banks       | 86-(617)139-5943  |  448254.90 | B48       |
| C39     | Clarence Wheeler | Zongluzui     | 375-(809)935-2362 | B48       | E11    | Heather Banks       | 86-(617)139-5943  |  448254.90 | B48       |
| C46     | Samuel Webb      | Zongluzui     | 98-(307)574-5626  | B48       | E11    | Heather Banks       | 86-(617)139-5943  |  448254.90 | B48       |
| C60     | Anthony Perkins  | Zongluzui     | 251-(267)541-9832 | B48       | E11    | Heather Banks       | 86-(617)139-5943  |  448254.90 | B48       |
| C80     | Lori Peterson    | Zongluzui     | 33-(849)655-9007  | B48       | E11    | Heather Banks       | 86-(617)139-5943  |  448254.90 | B48       |
| C86     | Julie Black      | Zongluzui     | 53-(775)359-0551  | B48       | E11    | Heather Banks       | 86-(617)139-5943  |  448254.90 | B48       |
| C87     | Douglas Rogers   | Zongluzui     | 86-(616)572-1495  | B48       | E11    | Heather Banks       | 86-(617)139-5943  |  448254.90 | B48       |
| C28     | Jacqueline Banks | Bayart Huxu   | 86-(444)169-9769  | B94       | E12    | Russell Medina      | 86-(954)906-6743  |  200865.34 | B94       |
| C55     | Jerry Thomas     | Bayart Huxu   | 63-(258)799-6576  | B94       | E12    | Russell Medina      | 86-(954)906-6743  |  200865.34 | B94       |
| C62     | Phyllis Fields   | Bayart Huxu   | 63-(151)368-2467  | B94       | E12    | Russell Medina      | 86-(954)906-6743  |  200865.34 | B94       |
| C69     | Andrea Burns     | Bayart Huxu   | 62-(779)237-0320  | B94       | E12    | Russell Medina      | 86-(954)906-6743  |  200865.34 | B94       |
| C781    | Lawrence George  | Bayart Huxu   | 237-(780)837-5688 | B94       | E12    | Russell Medina      | 86-(954)906-6743  |  200865.34 | B94       |
| C8      | Paul Riley       | Bayart Huxu   | 84-(549)962-5545  | B94       | E12    | Russell Medina      | 86-(954)906-6743  |  200865.34 | B94       |
| C97     | Eric Stanley     | Bayart Huxu   | 55-(571)144-3237  | B94       | E12    | Russell Medina      | 86-(954)906-6743  |  200865.34 | B94       |
| C5      | Gary Ellis       | Visaginas     | 62-(854)550-6020  | B77       | E13    | Steven Hanson       | 52-(831)856-2972  |   82625.95 | B77       |
| C50     | Keith Williamson | Visaginas     | 55-(327)534-8730  | B77       | E13    | Steven Hanson       | 52-(831)856-2972  |   82625.95 | B77       |
| C58     | Linda Powell     | Visaginas     | 33-(484)600-0252  | B77       | E13    | Steven Hanson       | 52-(831)856-2972  |   82625.95 | B77       |
| C70     | Nicholas Fox     | Visaginas     | 55-(946)617-3267  | B77       | E13    | Steven Hanson       | 52-(831)856-2972  |   82625.95 | B77       |
| C76     | Ruth Lewis       | Visaginas     | 353-(557)346-9159 | B77       | E13    | Steven Hanson       | 52-(831)856-2972  |   82625.95 | B77       |
| C78     | Stephen Burton   | Visaginas     | 62-(542)495-9051  | B77       | E13    | Steven Hanson       | 52-(831)856-2972  |   82625.95 | B77       |
| C9      | Theresa Fuller   | Visaginas     | 39-(237)791-7365  | B77       | E13    | Steven Hanson       | 52-(831)856-2972  |   82625.95 | B77       |
| C1001   | Jose Russell     | Zongluzui     | 1-(929)791-3183   | B48       | E132   | Antonio Hunt        | 86-(720)696-3086  |  361834.06 | B48       |
| C39     | Clarence Wheeler | Zongluzui     | 375-(809)935-2362 | B48       | E132   | Antonio Hunt        | 86-(720)696-3086  |  361834.06 | B48       |
| C46     | Samuel Webb      | Zongluzui     | 98-(307)574-5626  | B48       | E132   | Antonio Hunt        | 86-(720)696-3086  |  361834.06 | B48       |
| C60     | Anthony Perkins  | Zongluzui     | 251-(267)541-9832 | B48       | E132   | Antonio Hunt        | 86-(720)696-3086  |  361834.06 | B48       |
| C80     | Lori Peterson    | Zongluzui     | 33-(849)655-9007  | B48       | E132   | Antonio Hunt        | 86-(720)696-3086  |  361834.06 | B48       |
| C86     | Julie Black      | Zongluzui     | 53-(775)359-0551  | B48       | E132   | Antonio Hunt        | 86-(720)696-3086  |  361834.06 | B48       |
| C87     | Douglas Rogers   | Zongluzui     | 86-(616)572-1495  | B48       | E132   | Antonio Hunt        | 86-(720)696-3086  |  361834.06 | B48       |
| C35     | Denise Smith     | Cochin        | 81-(719)767-3054  | B19       | E16    | Clarence Fernandez  | 47-(485)768-2551  |  498239.95 | B19       |
| C36     | Brandon Harper   | Cochin        | 62-(997)846-0480  | B19       | E16    | Clarence Fernandez  | 47-(485)768-2551  |  498239.95 | B19       |
| C4      | Ann Williams     | Cochin        | 591-(754)545-2911 | B19       | E16    | Clarence Fernandez  | 47-(485)768-2551  |  498239.95 | B19       |
| C49     | Michelle Lynch   | Cochin        | 46-(870)264-2826  | B19       | E16    | Clarence Fernandez  | 47-(485)768-2551  |  498239.95 | B19       |
| C601    | Jane Hawkins     | Ernakulam     | 62-(348)906-4849  | B19       | E16    | Clarence Fernandez  | 47-(485)768-2551  |  498239.95 | B19       |
| C73     | Willie Perry     | Ernakulam     | 82-(325)354-8011  | B19       | E16    | Clarence Fernandez  | 47-(485)768-2551  |  498239.95 | B19       |
| C77     | Ernest Parker    | Ernakulam     | 33-(250)938-1271  | B19       | E16    | Clarence Fernandez  | 47-(485)768-2551  |  498239.95 | B19       |
| C90     | Sandra Lawrence  | Cochin        | 66-(945)992-9241  | B19       | E16    | Clarence Fernandez  | 47-(485)768-2551  |  498239.95 | B19       |
| C96     | Amanda Crawford  | Cochin        | 62-(669)140-0363  | B19       | E16    | Clarence Fernandez  | 47-(485)768-2551  |  498239.95 | B19       |
| C35     | Denise Smith     | Cochin        | 81-(719)767-3054  | B19       | E17    | Brandon Simmons     | 351-(441)730-4504 |  395290.44 | B19       |
| C36     | Brandon Harper   | Cochin        | 62-(997)846-0480  | B19       | E17    | Brandon Simmons     | 351-(441)730-4504 |  395290.44 | B19       |
| C4      | Ann Williams     | Cochin        | 591-(754)545-2911 | B19       | E17    | Brandon Simmons     | 351-(441)730-4504 |  395290.44 | B19       |
| C49     | Michelle Lynch   | Cochin        | 46-(870)264-2826  | B19       | E17    | Brandon Simmons     | 351-(441)730-4504 |  395290.44 | B19       |
| C601    | Jane Hawkins     | Ernakulam     | 62-(348)906-4849  | B19       | E17    | Brandon Simmons     | 351-(441)730-4504 |  395290.44 | B19       |
| C73     | Willie Perry     | Ernakulam     | 82-(325)354-8011  | B19       | E17    | Brandon Simmons     | 351-(441)730-4504 |  395290.44 | B19       |
| C77     | Ernest Parker    | Ernakulam     | 33-(250)938-1271  | B19       | E17    | Brandon Simmons     | 351-(441)730-4504 |  395290.44 | B19       |
| C90     | Sandra Lawrence  | Cochin        | 66-(945)992-9241  | B19       | E17    | Brandon Simmons     | 351-(441)730-4504 |  395290.44 | B19       |
| C96     | Amanda Crawford  | Cochin        | 62-(669)140-0363  | B19       | E17    | Brandon Simmons     | 351-(441)730-4504 |  395290.44 | B19       |
| C5      | Gary Ellis       | Visaginas     | 62-(854)550-6020  | B77       | E22    | Eugene Alvarez      | 86-(652)454-8846  |  309461.12 | B77       |
| C50     | Keith Williamson | Visaginas     | 55-(327)534-8730  | B77       | E22    | Eugene Alvarez      | 86-(652)454-8846  |  309461.12 | B77       |
| C58     | Linda Powell     | Visaginas     | 33-(484)600-0252  | B77       | E22    | Eugene Alvarez      | 86-(652)454-8846  |  309461.12 | B77       |
| C70     | Nicholas Fox     | Visaginas     | 55-(946)617-3267  | B77       | E22    | Eugene Alvarez      | 86-(652)454-8846  |  309461.12 | B77       |
| C76     | Ruth Lewis       | Visaginas     | 353-(557)346-9159 | B77       | E22    | Eugene Alvarez      | 86-(652)454-8846  |  309461.12 | B77       |
| C78     | Stephen Burton   | Visaginas     | 62-(542)495-9051  | B77       | E22    | Eugene Alvarez      | 86-(652)454-8846  |  309461.12 | B77       |
| C9      | Theresa Fuller   | Visaginas     | 39-(237)791-7365  | B77       | E22    | Eugene Alvarez      | 86-(652)454-8846  |  309461.12 | B77       |
| C28     | Jacqueline Banks | Bayart Huxu   | 86-(444)169-9769  | B94       | E3     | Louis Gardner       | 1-(208)832-3891   |  234357.75 | B94       |
| C55     | Jerry Thomas     | Bayart Huxu   | 63-(258)799-6576  | B94       | E3     | Louis Gardner       | 1-(208)832-3891   |  234357.75 | B94       |
| C62     | Phyllis Fields   | Bayart Huxu   | 63-(151)368-2467  | B94       | E3     | Louis Gardner       | 1-(208)832-3891   |  234357.75 | B94       |
| C69     | Andrea Burns     | Bayart Huxu   | 62-(779)237-0320  | B94       | E3     | Louis Gardner       | 1-(208)832-3891   |  234357.75 | B94       |
| C781    | Lawrence George  | Bayart Huxu   | 237-(780)837-5688 | B94       | E3     | Louis Gardner       | 1-(208)832-3891   |  234357.75 | B94       |
| C8      | Paul Riley       | Bayart Huxu   | 84-(549)962-5545  | B94       | E3     | Louis Gardner       | 1-(208)832-3891   |  234357.75 | B94       |
| C97     | Eric Stanley     | Bayart Huxu   | 55-(571)144-3237  | B94       | E3     | Louis Gardner       | 1-(208)832-3891   |  234357.75 | B94       |
| C1001   | Jose Russell     | Zongluzui     | 1-(929)791-3183   | B48       | E30    | Sandra Kennedy      | 977-(763)877-0691 |  426283.74 | B48       |
| C39     | Clarence Wheeler | Zongluzui     | 375-(809)935-2362 | B48       | E30    | Sandra Kennedy      | 977-(763)877-0691 |  426283.74 | B48       |
| C46     | Samuel Webb      | Zongluzui     | 98-(307)574-5626  | B48       | E30    | Sandra Kennedy      | 977-(763)877-0691 |  426283.74 | B48       |
| C60     | Anthony Perkins  | Zongluzui     | 251-(267)541-9832 | B48       | E30    | Sandra Kennedy      | 977-(763)877-0691 |  426283.74 | B48       |
| C80     | Lori Peterson    | Zongluzui     | 33-(849)655-9007  | B48       | E30    | Sandra Kennedy      | 977-(763)877-0691 |  426283.74 | B48       |
| C86     | Julie Black      | Zongluzui     | 53-(775)359-0551  | B48       | E30    | Sandra Kennedy      | 977-(763)877-0691 |  426283.74 | B48       |
| C87     | Douglas Rogers   | Zongluzui     | 86-(616)572-1495  | B48       | E30    | Sandra Kennedy      | 977-(763)877-0691 |  426283.74 | B48       |
| C5      | Gary Ellis       | Visaginas     | 62-(854)550-6020  | B77       | E32    | Paula Riley         | 33-(383)762-7145  |  433685.53 | B77       |
| C50     | Keith Williamson | Visaginas     | 55-(327)534-8730  | B77       | E32    | Paula Riley         | 33-(383)762-7145  |  433685.53 | B77       |
| C58     | Linda Powell     | Visaginas     | 33-(484)600-0252  | B77       | E32    | Paula Riley         | 33-(383)762-7145  |  433685.53 | B77       |
| C70     | Nicholas Fox     | Visaginas     | 55-(946)617-3267  | B77       | E32    | Paula Riley         | 33-(383)762-7145  |  433685.53 | B77       |
| C76     | Ruth Lewis       | Visaginas     | 353-(557)346-9159 | B77       | E32    | Paula Riley         | 33-(383)762-7145  |  433685.53 | B77       |
| C78     | Stephen Burton   | Visaginas     | 62-(542)495-9051  | B77       | E32    | Paula Riley         | 33-(383)762-7145  |  433685.53 | B77       |
| C9      | Theresa Fuller   | Visaginas     | 39-(237)791-7365  | B77       | E32    | Paula Riley         | 33-(383)762-7145  |  433685.53 | B77       |
| C28     | Jacqueline Banks | Bayart Huxu   | 86-(444)169-9769  | B94       | E39    | Karen Garza         | 7-(403)125-7249   |  363569.05 | B94       |
| C55     | Jerry Thomas     | Bayart Huxu   | 63-(258)799-6576  | B94       | E39    | Karen Garza         | 7-(403)125-7249   |  363569.05 | B94       |
| C62     | Phyllis Fields   | Bayart Huxu   | 63-(151)368-2467  | B94       | E39    | Karen Garza         | 7-(403)125-7249   |  363569.05 | B94       |
| C69     | Andrea Burns     | Bayart Huxu   | 62-(779)237-0320  | B94       | E39    | Karen Garza         | 7-(403)125-7249   |  363569.05 | B94       |
| C781    | Lawrence George  | Bayart Huxu   | 237-(780)837-5688 | B94       | E39    | Karen Garza         | 7-(403)125-7249   |  363569.05 | B94       |
| C8      | Paul Riley       | Bayart Huxu   | 84-(549)962-5545  | B94       | E39    | Karen Garza         | 7-(403)125-7249   |  363569.05 | B94       |
| C97     | Eric Stanley     | Bayart Huxu   | 55-(571)144-3237  | B94       | E39    | Karen Garza         | 7-(403)125-7249   |  363569.05 | B94       |
| C35     | Denise Smith     | Cochin        | 81-(719)767-3054  | B19       | E40    | Charles Reid        | 30-(968)277-8775  |  215319.11 | B19       |
| C36     | Brandon Harper   | Cochin        | 62-(997)846-0480  | B19       | E40    | Charles Reid        | 30-(968)277-8775  |  215319.11 | B19       |
| C4      | Ann Williams     | Cochin        | 591-(754)545-2911 | B19       | E40    | Charles Reid        | 30-(968)277-8775  |  215319.11 | B19       |
| C49     | Michelle Lynch   | Cochin        | 46-(870)264-2826  | B19       | E40    | Charles Reid        | 30-(968)277-8775  |  215319.11 | B19       |
| C601    | Jane Hawkins     | Ernakulam     | 62-(348)906-4849  | B19       | E40    | Charles Reid        | 30-(968)277-8775  |  215319.11 | B19       |
| C73     | Willie Perry     | Ernakulam     | 82-(325)354-8011  | B19       | E40    | Charles Reid        | 30-(968)277-8775  |  215319.11 | B19       |
| C77     | Ernest Parker    | Ernakulam     | 33-(250)938-1271  | B19       | E40    | Charles Reid        | 30-(968)277-8775  |  215319.11 | B19       |
| C90     | Sandra Lawrence  | Cochin        | 66-(945)992-9241  | B19       | E40    | Charles Reid        | 30-(968)277-8775  |  215319.11 | B19       |
| C96     | Amanda Crawford  | Cochin        | 62-(669)140-0363  | B19       | E40    | Charles Reid        | 30-(968)277-8775  |  215319.11 | B19       |
| C5      | Gary Ellis       | Visaginas     | 62-(854)550-6020  | B77       | E41    | Marie Collins       | 1-(306)507-6247   |  415838.73 | B77       |
| C50     | Keith Williamson | Visaginas     | 55-(327)534-8730  | B77       | E41    | Marie Collins       | 1-(306)507-6247   |  415838.73 | B77       |
| C58     | Linda Powell     | Visaginas     | 33-(484)600-0252  | B77       | E41    | Marie Collins       | 1-(306)507-6247   |  415838.73 | B77       |
| C70     | Nicholas Fox     | Visaginas     | 55-(946)617-3267  | B77       | E41    | Marie Collins       | 1-(306)507-6247   |  415838.73 | B77       |
| C76     | Ruth Lewis       | Visaginas     | 353-(557)346-9159 | B77       | E41    | Marie Collins       | 1-(306)507-6247   |  415838.73 | B77       |
| C78     | Stephen Burton   | Visaginas     | 62-(542)495-9051  | B77       | E41    | Marie Collins       | 1-(306)507-6247   |  415838.73 | B77       |
| C9      | Theresa Fuller   | Visaginas     | 39-(237)791-7365  | B77       | E41    | Marie Collins       | 1-(306)507-6247   |  415838.73 | B77       |
| C1001   | Jose Russell     | Zongluzui     | 1-(929)791-3183   | B48       | E43    | Lori West           | 86-(973)560-0113  |   32970.86 | B48       |
| C39     | Clarence Wheeler | Zongluzui     | 375-(809)935-2362 | B48       | E43    | Lori West           | 86-(973)560-0113  |   32970.86 | B48       |
| C46     | Samuel Webb      | Zongluzui     | 98-(307)574-5626  | B48       | E43    | Lori West           | 86-(973)560-0113  |   32970.86 | B48       |
| C60     | Anthony Perkins  | Zongluzui     | 251-(267)541-9832 | B48       | E43    | Lori West           | 86-(973)560-0113  |   32970.86 | B48       |
| C80     | Lori Peterson    | Zongluzui     | 33-(849)655-9007  | B48       | E43    | Lori West           | 86-(973)560-0113  |   32970.86 | B48       |
| C86     | Julie Black      | Zongluzui     | 53-(775)359-0551  | B48       | E43    | Lori West           | 86-(973)560-0113  |   32970.86 | B48       |
| C87     | Douglas Rogers   | Zongluzui     | 86-(616)572-1495  | B48       | E43    | Lori West           | 86-(973)560-0113  |   32970.86 | B48       |
| C35     | Denise Smith     | Cochin        | 81-(719)767-3054  | B19       | E48    | Willie Sims         | 86-(148)584-1974  |  337823.41 | B19       |
| C36     | Brandon Harper   | Cochin        | 62-(997)846-0480  | B19       | E48    | Willie Sims         | 86-(148)584-1974  |  337823.41 | B19       |
| C4      | Ann Williams     | Cochin        | 591-(754)545-2911 | B19       | E48    | Willie Sims         | 86-(148)584-1974  |  337823.41 | B19       |
| C49     | Michelle Lynch   | Cochin        | 46-(870)264-2826  | B19       | E48    | Willie Sims         | 86-(148)584-1974  |  337823.41 | B19       |
| C601    | Jane Hawkins     | Ernakulam     | 62-(348)906-4849  | B19       | E48    | Willie Sims         | 86-(148)584-1974  |  337823.41 | B19       |
| C73     | Willie Perry     | Ernakulam     | 82-(325)354-8011  | B19       | E48    | Willie Sims         | 86-(148)584-1974  |  337823.41 | B19       |
| C77     | Ernest Parker    | Ernakulam     | 33-(250)938-1271  | B19       | E48    | Willie Sims         | 86-(148)584-1974  |  337823.41 | B19       |
| C90     | Sandra Lawrence  | Cochin        | 66-(945)992-9241  | B19       | E48    | Willie Sims         | 86-(148)584-1974  |  337823.41 | B19       |
| C96     | Amanda Crawford  | Cochin        | 62-(669)140-0363  | B19       | E48    | Willie Sims         | 86-(148)584-1974  |  337823.41 | B19       |
| C5      | Gary Ellis       | Visaginas     | 62-(854)550-6020  | B77       | E5     | Gregory Cruz        | 62-(135)239-9781  |  163140.68 | B77       |
| C50     | Keith Williamson | Visaginas     | 55-(327)534-8730  | B77       | E5     | Gregory Cruz        | 62-(135)239-9781  |  163140.68 | B77       |
| C58     | Linda Powell     | Visaginas     | 33-(484)600-0252  | B77       | E5     | Gregory Cruz        | 62-(135)239-9781  |  163140.68 | B77       |
| C70     | Nicholas Fox     | Visaginas     | 55-(946)617-3267  | B77       | E5     | Gregory Cruz        | 62-(135)239-9781  |  163140.68 | B77       |
| C76     | Ruth Lewis       | Visaginas     | 353-(557)346-9159 | B77       | E5     | Gregory Cruz        | 62-(135)239-9781  |  163140.68 | B77       |
| C78     | Stephen Burton   | Visaginas     | 62-(542)495-9051  | B77       | E5     | Gregory Cruz        | 62-(135)239-9781  |  163140.68 | B77       |
| C9      | Theresa Fuller   | Visaginas     | 39-(237)791-7365  | B77       | E5     | Gregory Cruz        | 62-(135)239-9781  |  163140.68 | B77       |
| C28     | Jacqueline Banks | Bayart Huxu   | 86-(444)169-9769  | B94       | E53    | Michelle Butler     | 33-(430)263-8076  |  478616.54 | B94       |
| C55     | Jerry Thomas     | Bayart Huxu   | 63-(258)799-6576  | B94       | E53    | Michelle Butler     | 33-(430)263-8076  |  478616.54 | B94       |
| C62     | Phyllis Fields   | Bayart Huxu   | 63-(151)368-2467  | B94       | E53    | Michelle Butler     | 33-(430)263-8076  |  478616.54 | B94       |
| C69     | Andrea Burns     | Bayart Huxu   | 62-(779)237-0320  | B94       | E53    | Michelle Butler     | 33-(430)263-8076  |  478616.54 | B94       |
| C781    | Lawrence George  | Bayart Huxu   | 237-(780)837-5688 | B94       | E53    | Michelle Butler     | 33-(430)263-8076  |  478616.54 | B94       |
| C8      | Paul Riley       | Bayart Huxu   | 84-(549)962-5545  | B94       | E53    | Michelle Butler     | 33-(430)263-8076  |  478616.54 | B94       |
| C97     | Eric Stanley     | Bayart Huxu   | 55-(571)144-3237  | B94       | E53    | Michelle Butler     | 33-(430)263-8076  |  478616.54 | B94       |
| C28     | Jacqueline Banks | Bayart Huxu   | 86-(444)169-9769  | B94       | E58    | Ralph Griffin       | 52-(937)691-6875  |  351387.73 | B94       |
| C55     | Jerry Thomas     | Bayart Huxu   | 63-(258)799-6576  | B94       | E58    | Ralph Griffin       | 52-(937)691-6875  |  351387.73 | B94       |
| C62     | Phyllis Fields   | Bayart Huxu   | 63-(151)368-2467  | B94       | E58    | Ralph Griffin       | 52-(937)691-6875  |  351387.73 | B94       |
| C69     | Andrea Burns     | Bayart Huxu   | 62-(779)237-0320  | B94       | E58    | Ralph Griffin       | 52-(937)691-6875  |  351387.73 | B94       |
| C781    | Lawrence George  | Bayart Huxu   | 237-(780)837-5688 | B94       | E58    | Ralph Griffin       | 52-(937)691-6875  |  351387.73 | B94       |
| C8      | Paul Riley       | Bayart Huxu   | 84-(549)962-5545  | B94       | E58    | Ralph Griffin       | 52-(937)691-6875  |  351387.73 | B94       |
| C97     | Eric Stanley     | Bayart Huxu   | 55-(571)144-3237  | B94       | E58    | Ralph Griffin       | 52-(937)691-6875  |  351387.73 | B94       |
| C1001   | Jose Russell     | Zongluzui     | 1-(929)791-3183   | B48       | E59    | Janet Riley         | 62-(237)102-2731  |  100027.59 | B48       |
| C39     | Clarence Wheeler | Zongluzui     | 375-(809)935-2362 | B48       | E59    | Janet Riley         | 62-(237)102-2731  |  100027.59 | B48       |
| C46     | Samuel Webb      | Zongluzui     | 98-(307)574-5626  | B48       | E59    | Janet Riley         | 62-(237)102-2731  |  100027.59 | B48       |
| C60     | Anthony Perkins  | Zongluzui     | 251-(267)541-9832 | B48       | E59    | Janet Riley         | 62-(237)102-2731  |  100027.59 | B48       |
| C80     | Lori Peterson    | Zongluzui     | 33-(849)655-9007  | B48       | E59    | Janet Riley         | 62-(237)102-2731  |  100027.59 | B48       |
| C86     | Julie Black      | Zongluzui     | 53-(775)359-0551  | B48       | E59    | Janet Riley         | 62-(237)102-2731  |  100027.59 | B48       |
| C87     | Douglas Rogers   | Zongluzui     | 86-(616)572-1495  | B48       | E59    | Janet Riley         | 62-(237)102-2731  |  100027.59 | B48       |
| C1001   | Jose Russell     | Zongluzui     | 1-(929)791-3183   | B48       | E6     | Ralph Franklin      | 385-(404)473-6180 |  287755.01 | B48       |
| C39     | Clarence Wheeler | Zongluzui     | 375-(809)935-2362 | B48       | E6     | Ralph Franklin      | 385-(404)473-6180 |  287755.01 | B48       |
| C46     | Samuel Webb      | Zongluzui     | 98-(307)574-5626  | B48       | E6     | Ralph Franklin      | 385-(404)473-6180 |  287755.01 | B48       |
| C60     | Anthony Perkins  | Zongluzui     | 251-(267)541-9832 | B48       | E6     | Ralph Franklin      | 385-(404)473-6180 |  287755.01 | B48       |
| C80     | Lori Peterson    | Zongluzui     | 33-(849)655-9007  | B48       | E6     | Ralph Franklin      | 385-(404)473-6180 |  287755.01 | B48       |
| C86     | Julie Black      | Zongluzui     | 53-(775)359-0551  | B48       | E6     | Ralph Franklin      | 385-(404)473-6180 |  287755.01 | B48       |
| C87     | Douglas Rogers   | Zongluzui     | 86-(616)572-1495  | B48       | E6     | Ralph Franklin      | 385-(404)473-6180 |  287755.01 | B48       |
| C35     | Denise Smith     | Cochin        | 81-(719)767-3054  | B19       | E66    | Fred Rogers         | 86-(821)589-1276  |  328605.23 | B19       |
| C36     | Brandon Harper   | Cochin        | 62-(997)846-0480  | B19       | E66    | Fred Rogers         | 86-(821)589-1276  |  328605.23 | B19       |
| C4      | Ann Williams     | Cochin        | 591-(754)545-2911 | B19       | E66    | Fred Rogers         | 86-(821)589-1276  |  328605.23 | B19       |
| C49     | Michelle Lynch   | Cochin        | 46-(870)264-2826  | B19       | E66    | Fred Rogers         | 86-(821)589-1276  |  328605.23 | B19       |
| C601    | Jane Hawkins     | Ernakulam     | 62-(348)906-4849  | B19       | E66    | Fred Rogers         | 86-(821)589-1276  |  328605.23 | B19       |
| C73     | Willie Perry     | Ernakulam     | 82-(325)354-8011  | B19       | E66    | Fred Rogers         | 86-(821)589-1276  |  328605.23 | B19       |
| C77     | Ernest Parker    | Ernakulam     | 33-(250)938-1271  | B19       | E66    | Fred Rogers         | 86-(821)589-1276  |  328605.23 | B19       |
| C90     | Sandra Lawrence  | Cochin        | 66-(945)992-9241  | B19       | E66    | Fred Rogers         | 86-(821)589-1276  |  328605.23 | B19       |
| C96     | Amanda Crawford  | Cochin        | 62-(669)140-0363  | B19       | E66    | Fred Rogers         | 86-(821)589-1276  |  328605.23 | B19       |
| C28     | Jacqueline Banks | Bayart Huxu   | 86-(444)169-9769  | B94       | E67    | Christina Ferguson  | 389-(102)586-0096 |  441423.08 | B94       |
| C55     | Jerry Thomas     | Bayart Huxu   | 63-(258)799-6576  | B94       | E67    | Christina Ferguson  | 389-(102)586-0096 |  441423.08 | B94       |
| C62     | Phyllis Fields   | Bayart Huxu   | 63-(151)368-2467  | B94       | E67    | Christina Ferguson  | 389-(102)586-0096 |  441423.08 | B94       |
| C69     | Andrea Burns     | Bayart Huxu   | 62-(779)237-0320  | B94       | E67    | Christina Ferguson  | 389-(102)586-0096 |  441423.08 | B94       |
| C781    | Lawrence George  | Bayart Huxu   | 237-(780)837-5688 | B94       | E67    | Christina Ferguson  | 389-(102)586-0096 |  441423.08 | B94       |
| C8      | Paul Riley       | Bayart Huxu   | 84-(549)962-5545  | B94       | E67    | Christina Ferguson  | 389-(102)586-0096 |  441423.08 | B94       |
| C97     | Eric Stanley     | Bayart Huxu   | 55-(571)144-3237  | B94       | E67    | Christina Ferguson  | 389-(102)586-0096 |  441423.08 | B94       |
| C35     | Denise Smith     | Cochin        | 81-(719)767-3054  | B19       | E7     | Lois Myers          | 62-(245)601-3784  |   48951.02 | B19       |
| C36     | Brandon Harper   | Cochin        | 62-(997)846-0480  | B19       | E7     | Lois Myers          | 62-(245)601-3784  |   48951.02 | B19       |
| C4      | Ann Williams     | Cochin        | 591-(754)545-2911 | B19       | E7     | Lois Myers          | 62-(245)601-3784  |   48951.02 | B19       |
| C49     | Michelle Lynch   | Cochin        | 46-(870)264-2826  | B19       | E7     | Lois Myers          | 62-(245)601-3784  |   48951.02 | B19       |
| C601    | Jane Hawkins     | Ernakulam     | 62-(348)906-4849  | B19       | E7     | Lois Myers          | 62-(245)601-3784  |   48951.02 | B19       |
| C73     | Willie Perry     | Ernakulam     | 82-(325)354-8011  | B19       | E7     | Lois Myers          | 62-(245)601-3784  |   48951.02 | B19       |
| C77     | Ernest Parker    | Ernakulam     | 33-(250)938-1271  | B19       | E7     | Lois Myers          | 62-(245)601-3784  |   48951.02 | B19       |
| C90     | Sandra Lawrence  | Cochin        | 66-(945)992-9241  | B19       | E7     | Lois Myers          | 62-(245)601-3784  |   48951.02 | B19       |
| C96     | Amanda Crawford  | Cochin        | 62-(669)140-0363  | B19       | E7     | Lois Myers          | 62-(245)601-3784  |   48951.02 | B19       |
| C35     | Denise Smith     | Cochin        | 81-(719)767-3054  | B19       | E71    | Howard Rose         | 55-(466)346-1174  |  323047.25 | B19       |
| C36     | Brandon Harper   | Cochin        | 62-(997)846-0480  | B19       | E71    | Howard Rose         | 55-(466)346-1174  |  323047.25 | B19       |
| C4      | Ann Williams     | Cochin        | 591-(754)545-2911 | B19       | E71    | Howard Rose         | 55-(466)346-1174  |  323047.25 | B19       |
| C49     | Michelle Lynch   | Cochin        | 46-(870)264-2826  | B19       | E71    | Howard Rose         | 55-(466)346-1174  |  323047.25 | B19       |
| C601    | Jane Hawkins     | Ernakulam     | 62-(348)906-4849  | B19       | E71    | Howard Rose         | 55-(466)346-1174  |  323047.25 | B19       |
| C73     | Willie Perry     | Ernakulam     | 82-(325)354-8011  | B19       | E71    | Howard Rose         | 55-(466)346-1174  |  323047.25 | B19       |
| C77     | Ernest Parker    | Ernakulam     | 33-(250)938-1271  | B19       | E71    | Howard Rose         | 55-(466)346-1174  |  323047.25 | B19       |
| C90     | Sandra Lawrence  | Cochin        | 66-(945)992-9241  | B19       | E71    | Howard Rose         | 55-(466)346-1174  |  323047.25 | B19       |
| C96     | Amanda Crawford  | Cochin        | 62-(669)140-0363  | B19       | E71    | Howard Rose         | 55-(466)346-1174  |  323047.25 | B19       |
| C35     | Denise Smith     | Cochin        | 81-(719)767-3054  | B19       | E72    | Willie Stewart      | 33-(526)530-3640  |  286188.48 | B19       |
| C36     | Brandon Harper   | Cochin        | 62-(997)846-0480  | B19       | E72    | Willie Stewart      | 33-(526)530-3640  |  286188.48 | B19       |
| C4      | Ann Williams     | Cochin        | 591-(754)545-2911 | B19       | E72    | Willie Stewart      | 33-(526)530-3640  |  286188.48 | B19       |
| C49     | Michelle Lynch   | Cochin        | 46-(870)264-2826  | B19       | E72    | Willie Stewart      | 33-(526)530-3640  |  286188.48 | B19       |
| C601    | Jane Hawkins     | Ernakulam     | 62-(348)906-4849  | B19       | E72    | Willie Stewart      | 33-(526)530-3640  |  286188.48 | B19       |
| C73     | Willie Perry     | Ernakulam     | 82-(325)354-8011  | B19       | E72    | Willie Stewart      | 33-(526)530-3640  |  286188.48 | B19       |
| C77     | Ernest Parker    | Ernakulam     | 33-(250)938-1271  | B19       | E72    | Willie Stewart      | 33-(526)530-3640  |  286188.48 | B19       |
| C90     | Sandra Lawrence  | Cochin        | 66-(945)992-9241  | B19       | E72    | Willie Stewart      | 33-(526)530-3640  |  286188.48 | B19       |
| C96     | Amanda Crawford  | Cochin        | 62-(669)140-0363  | B19       | E72    | Willie Stewart      | 33-(526)530-3640  |  286188.48 | B19       |
| C5      | Gary Ellis       | Visaginas     | 62-(854)550-6020  | B77       | E75    | Jack Ramos          | 998-(309)261-0596 |   88354.65 | B77       |
| C50     | Keith Williamson | Visaginas     | 55-(327)534-8730  | B77       | E75    | Jack Ramos          | 998-(309)261-0596 |   88354.65 | B77       |
| C58     | Linda Powell     | Visaginas     | 33-(484)600-0252  | B77       | E75    | Jack Ramos          | 998-(309)261-0596 |   88354.65 | B77       |
| C70     | Nicholas Fox     | Visaginas     | 55-(946)617-3267  | B77       | E75    | Jack Ramos          | 998-(309)261-0596 |   88354.65 | B77       |
| C76     | Ruth Lewis       | Visaginas     | 353-(557)346-9159 | B77       | E75    | Jack Ramos          | 998-(309)261-0596 |   88354.65 | B77       |
| C78     | Stephen Burton   | Visaginas     | 62-(542)495-9051  | B77       | E75    | Jack Ramos          | 998-(309)261-0596 |   88354.65 | B77       |
| C9      | Theresa Fuller   | Visaginas     | 39-(237)791-7365  | B77       | E75    | Jack Ramos          | 998-(309)261-0596 |   88354.65 | B77       |
| C5      | Gary Ellis       | Visaginas     | 62-(854)550-6020  | B77       | E78    | Scott Marshall      | 964-(789)540-2120 |  443816.21 | B77       |
| C50     | Keith Williamson | Visaginas     | 55-(327)534-8730  | B77       | E78    | Scott Marshall      | 964-(789)540-2120 |  443816.21 | B77       |
| C58     | Linda Powell     | Visaginas     | 33-(484)600-0252  | B77       | E78    | Scott Marshall      | 964-(789)540-2120 |  443816.21 | B77       |
| C70     | Nicholas Fox     | Visaginas     | 55-(946)617-3267  | B77       | E78    | Scott Marshall      | 964-(789)540-2120 |  443816.21 | B77       |
| C76     | Ruth Lewis       | Visaginas     | 353-(557)346-9159 | B77       | E78    | Scott Marshall      | 964-(789)540-2120 |  443816.21 | B77       |
| C78     | Stephen Burton   | Visaginas     | 62-(542)495-9051  | B77       | E78    | Scott Marshall      | 964-(789)540-2120 |  443816.21 | B77       |
| C9      | Theresa Fuller   | Visaginas     | 39-(237)791-7365  | B77       | E78    | Scott Marshall      | 964-(789)540-2120 |  443816.21 | B77       |
| C28     | Jacqueline Banks | Bayart Huxu   | 86-(444)169-9769  | B94       | E79    | Frances Evans       | 963-(443)559-9622 |  301598.27 | B94       |
| C55     | Jerry Thomas     | Bayart Huxu   | 63-(258)799-6576  | B94       | E79    | Frances Evans       | 963-(443)559-9622 |  301598.27 | B94       |
| C62     | Phyllis Fields   | Bayart Huxu   | 63-(151)368-2467  | B94       | E79    | Frances Evans       | 963-(443)559-9622 |  301598.27 | B94       |
| C69     | Andrea Burns     | Bayart Huxu   | 62-(779)237-0320  | B94       | E79    | Frances Evans       | 963-(443)559-9622 |  301598.27 | B94       |
| C781    | Lawrence George  | Bayart Huxu   | 237-(780)837-5688 | B94       | E79    | Frances Evans       | 963-(443)559-9622 |  301598.27 | B94       |
| C8      | Paul Riley       | Bayart Huxu   | 84-(549)962-5545  | B94       | E79    | Frances Evans       | 963-(443)559-9622 |  301598.27 | B94       |
| C97     | Eric Stanley     | Bayart Huxu   | 55-(571)144-3237  | B94       | E79    | Frances Evans       | 963-(443)559-9622 |  301598.27 | B94       |
| C35     | Denise Smith     | Cochin        | 81-(719)767-3054  | B19       | E791   | Paul Ford           | 963-(476)657-7681 |  169658.64 | B19       |
| C36     | Brandon Harper   | Cochin        | 62-(997)846-0480  | B19       | E791   | Paul Ford           | 963-(476)657-7681 |  169658.64 | B19       |
| C4      | Ann Williams     | Cochin        | 591-(754)545-2911 | B19       | E791   | Paul Ford           | 963-(476)657-7681 |  169658.64 | B19       |
| C49     | Michelle Lynch   | Cochin        | 46-(870)264-2826  | B19       | E791   | Paul Ford           | 963-(476)657-7681 |  169658.64 | B19       |
| C601    | Jane Hawkins     | Ernakulam     | 62-(348)906-4849  | B19       | E791   | Paul Ford           | 963-(476)657-7681 |  169658.64 | B19       |
| C73     | Willie Perry     | Ernakulam     | 82-(325)354-8011  | B19       | E791   | Paul Ford           | 963-(476)657-7681 |  169658.64 | B19       |
| C77     | Ernest Parker    | Ernakulam     | 33-(250)938-1271  | B19       | E791   | Paul Ford           | 963-(476)657-7681 |  169658.64 | B19       |
| C90     | Sandra Lawrence  | Cochin        | 66-(945)992-9241  | B19       | E791   | Paul Ford           | 963-(476)657-7681 |  169658.64 | B19       |
| C96     | Amanda Crawford  | Cochin        | 62-(669)140-0363  | B19       | E791   | Paul Ford           | 963-(476)657-7681 |  169658.64 | B19       |
| C1001   | Jose Russell     | Zongluzui     | 1-(929)791-3183   | B48       | E8     | Phillip Burns       | 62-(154)696-3245  |  335128.54 | B48       |
| C39     | Clarence Wheeler | Zongluzui     | 375-(809)935-2362 | B48       | E8     | Phillip Burns       | 62-(154)696-3245  |  335128.54 | B48       |
| C46     | Samuel Webb      | Zongluzui     | 98-(307)574-5626  | B48       | E8     | Phillip Burns       | 62-(154)696-3245  |  335128.54 | B48       |
| C60     | Anthony Perkins  | Zongluzui     | 251-(267)541-9832 | B48       | E8     | Phillip Burns       | 62-(154)696-3245  |  335128.54 | B48       |
| C80     | Lori Peterson    | Zongluzui     | 33-(849)655-9007  | B48       | E8     | Phillip Burns       | 62-(154)696-3245  |  335128.54 | B48       |
| C86     | Julie Black      | Zongluzui     | 53-(775)359-0551  | B48       | E8     | Phillip Burns       | 62-(154)696-3245  |  335128.54 | B48       |
| C87     | Douglas Rogers   | Zongluzui     | 86-(616)572-1495  | B48       | E8     | Phillip Burns       | 62-(154)696-3245  |  335128.54 | B48       |
| C5      | Gary Ellis       | Visaginas     | 62-(854)550-6020  | B77       | E81    | Jacqueline Sullivan | 62-(287)990-5525  |  293201.15 | B77       |
| C50     | Keith Williamson | Visaginas     | 55-(327)534-8730  | B77       | E81    | Jacqueline Sullivan | 62-(287)990-5525  |  293201.15 | B77       |
| C58     | Linda Powell     | Visaginas     | 33-(484)600-0252  | B77       | E81    | Jacqueline Sullivan | 62-(287)990-5525  |  293201.15 | B77       |
| C70     | Nicholas Fox     | Visaginas     | 55-(946)617-3267  | B77       | E81    | Jacqueline Sullivan | 62-(287)990-5525  |  293201.15 | B77       |
| C76     | Ruth Lewis       | Visaginas     | 353-(557)346-9159 | B77       | E81    | Jacqueline Sullivan | 62-(287)990-5525  |  293201.15 | B77       |
| C78     | Stephen Burton   | Visaginas     | 62-(542)495-9051  | B77       | E81    | Jacqueline Sullivan | 62-(287)990-5525  |  293201.15 | B77       |
| C9      | Theresa Fuller   | Visaginas     | 39-(237)791-7365  | B77       | E81    | Jacqueline Sullivan | 62-(287)990-5525  |  293201.15 | B77       |
| C5      | Gary Ellis       | Visaginas     | 62-(854)550-6020  | B77       | E82    | Kenneth Hart        | 30-(850)284-8504  |  247096.71 | B77       |
| C50     | Keith Williamson | Visaginas     | 55-(327)534-8730  | B77       | E82    | Kenneth Hart        | 30-(850)284-8504  |  247096.71 | B77       |
| C58     | Linda Powell     | Visaginas     | 33-(484)600-0252  | B77       | E82    | Kenneth Hart        | 30-(850)284-8504  |  247096.71 | B77       |
| C70     | Nicholas Fox     | Visaginas     | 55-(946)617-3267  | B77       | E82    | Kenneth Hart        | 30-(850)284-8504  |  247096.71 | B77       |
| C76     | Ruth Lewis       | Visaginas     | 353-(557)346-9159 | B77       | E82    | Kenneth Hart        | 30-(850)284-8504  |  247096.71 | B77       |
| C78     | Stephen Burton   | Visaginas     | 62-(542)495-9051  | B77       | E82    | Kenneth Hart        | 30-(850)284-8504  |  247096.71 | B77       |
| C9      | Theresa Fuller   | Visaginas     | 39-(237)791-7365  | B77       | E82    | Kenneth Hart        | 30-(850)284-8504  |  247096.71 | B77       |
| C28     | Jacqueline Banks | Bayart Huxu   | 86-(444)169-9769  | B94       | E88    | Jimmy Walker        | 48-(368)529-8825  |  365944.92 | B94       |
| C55     | Jerry Thomas     | Bayart Huxu   | 63-(258)799-6576  | B94       | E88    | Jimmy Walker        | 48-(368)529-8825  |  365944.92 | B94       |
| C62     | Phyllis Fields   | Bayart Huxu   | 63-(151)368-2467  | B94       | E88    | Jimmy Walker        | 48-(368)529-8825  |  365944.92 | B94       |
| C69     | Andrea Burns     | Bayart Huxu   | 62-(779)237-0320  | B94       | E88    | Jimmy Walker        | 48-(368)529-8825  |  365944.92 | B94       |
| C781    | Lawrence George  | Bayart Huxu   | 237-(780)837-5688 | B94       | E88    | Jimmy Walker        | 48-(368)529-8825  |  365944.92 | B94       |
| C8      | Paul Riley       | Bayart Huxu   | 84-(549)962-5545  | B94       | E88    | Jimmy Walker        | 48-(368)529-8825  |  365944.92 | B94       |
| C97     | Eric Stanley     | Bayart Huxu   | 55-(571)144-3237  | B94       | E88    | Jimmy Walker        | 48-(368)529-8825  |  365944.92 | B94       |
| C1001   | Jose Russell     | Zongluzui     | 1-(929)791-3183   | B48       | E90    | Jason Hill          | 86-(818)772-9887  |   41926.84 | B48       |
| C39     | Clarence Wheeler | Zongluzui     | 375-(809)935-2362 | B48       | E90    | Jason Hill          | 86-(818)772-9887  |   41926.84 | B48       |
| C46     | Samuel Webb      | Zongluzui     | 98-(307)574-5626  | B48       | E90    | Jason Hill          | 86-(818)772-9887  |   41926.84 | B48       |
| C60     | Anthony Perkins  | Zongluzui     | 251-(267)541-9832 | B48       | E90    | Jason Hill          | 86-(818)772-9887  |   41926.84 | B48       |
| C80     | Lori Peterson    | Zongluzui     | 33-(849)655-9007  | B48       | E90    | Jason Hill          | 86-(818)772-9887  |   41926.84 | B48       |
| C86     | Julie Black      | Zongluzui     | 53-(775)359-0551  | B48       | E90    | Jason Hill          | 86-(818)772-9887  |   41926.84 | B48       |
| C87     | Douglas Rogers   | Zongluzui     | 86-(616)572-1495  | B48       | E90    | Jason Hill          | 86-(818)772-9887  |   41926.84 | B48       |
| C28     | Jacqueline Banks | Bayart Huxu   | 86-(444)169-9769  | B94       | E91    | Douglas Stephens    | 63-(698)162-6409  |   44423.65 | B94       |
| C55     | Jerry Thomas     | Bayart Huxu   | 63-(258)799-6576  | B94       | E91    | Douglas Stephens    | 63-(698)162-6409  |   44423.65 | B94       |
| C62     | Phyllis Fields   | Bayart Huxu   | 63-(151)368-2467  | B94       | E91    | Douglas Stephens    | 63-(698)162-6409  |   44423.65 | B94       |
| C69     | Andrea Burns     | Bayart Huxu   | 62-(779)237-0320  | B94       | E91    | Douglas Stephens    | 63-(698)162-6409  |   44423.65 | B94       |
| C781    | Lawrence George  | Bayart Huxu   | 237-(780)837-5688 | B94       | E91    | Douglas Stephens    | 63-(698)162-6409  |   44423.65 | B94       |
| C8      | Paul Riley       | Bayart Huxu   | 84-(549)962-5545  | B94       | E91    | Douglas Stephens    | 63-(698)162-6409  |   44423.65 | B94       |
| C97     | Eric Stanley     | Bayart Huxu   | 55-(571)144-3237  | B94       | E91    | Douglas Stephens    | 63-(698)162-6409  |   44423.65 | B94       |
| C5      | Gary Ellis       | Visaginas     | 62-(854)550-6020  | B77       | E92    | Howard Lewis        | 55-(986)271-6031  |  149374.06 | B77       |
| C50     | Keith Williamson | Visaginas     | 55-(327)534-8730  | B77       | E92    | Howard Lewis        | 55-(986)271-6031  |  149374.06 | B77       |
| C58     | Linda Powell     | Visaginas     | 33-(484)600-0252  | B77       | E92    | Howard Lewis        | 55-(986)271-6031  |  149374.06 | B77       |
| C70     | Nicholas Fox     | Visaginas     | 55-(946)617-3267  | B77       | E92    | Howard Lewis        | 55-(986)271-6031  |  149374.06 | B77       |
| C76     | Ruth Lewis       | Visaginas     | 353-(557)346-9159 | B77       | E92    | Howard Lewis        | 55-(986)271-6031  |  149374.06 | B77       |
| C78     | Stephen Burton   | Visaginas     | 62-(542)495-9051  | B77       | E92    | Howard Lewis        | 55-(986)271-6031  |  149374.06 | B77       |
| C9      | Theresa Fuller   | Visaginas     | 39-(237)791-7365  | B77       | E92    | Howard Lewis        | 55-(986)271-6031  |  149374.06 | B77       |
| C28     | Jacqueline Banks | Bayart Huxu   | 86-(444)169-9769  | B94       | E95    | Joyce Lynch         | 389-(848)480-6039 |  134864.64 | B94       |
| C55     | Jerry Thomas     | Bayart Huxu   | 63-(258)799-6576  | B94       | E95    | Joyce Lynch         | 389-(848)480-6039 |  134864.64 | B94       |
| C62     | Phyllis Fields   | Bayart Huxu   | 63-(151)368-2467  | B94       | E95    | Joyce Lynch         | 389-(848)480-6039 |  134864.64 | B94       |
| C69     | Andrea Burns     | Bayart Huxu   | 62-(779)237-0320  | B94       | E95    | Joyce Lynch         | 389-(848)480-6039 |  134864.64 | B94       |
| C781    | Lawrence George  | Bayart Huxu   | 237-(780)837-5688 | B94       | E95    | Joyce Lynch         | 389-(848)480-6039 |  134864.64 | B94       |
| C8      | Paul Riley       | Bayart Huxu   | 84-(549)962-5545  | B94       | E95    | Joyce Lynch         | 389-(848)480-6039 |  134864.64 | B94       |
| C97     | Eric Stanley     | Bayart Huxu   | 55-(571)144-3237  | B94       | E95    | Joyce Lynch         | 389-(848)480-6039 |  134864.64 | B94       |
| C35     | Denise Smith     | Cochin        | 81-(719)767-3054  | B19       | E952   | Juan Hart           | 86-(495)823-9694  |  374521.50 | B19       |
| C36     | Brandon Harper   | Cochin        | 62-(997)846-0480  | B19       | E952   | Juan Hart           | 86-(495)823-9694  |  374521.50 | B19       |
| C4      | Ann Williams     | Cochin        | 591-(754)545-2911 | B19       | E952   | Juan Hart           | 86-(495)823-9694  |  374521.50 | B19       |
| C49     | Michelle Lynch   | Cochin        | 46-(870)264-2826  | B19       | E952   | Juan Hart           | 86-(495)823-9694  |  374521.50 | B19       |
| C601    | Jane Hawkins     | Ernakulam     | 62-(348)906-4849  | B19       | E952   | Juan Hart           | 86-(495)823-9694  |  374521.50 | B19       |
| C73     | Willie Perry     | Ernakulam     | 82-(325)354-8011  | B19       | E952   | Juan Hart           | 86-(495)823-9694  |  374521.50 | B19       |
| C77     | Ernest Parker    | Ernakulam     | 33-(250)938-1271  | B19       | E952   | Juan Hart           | 86-(495)823-9694  |  374521.50 | B19       |
| C90     | Sandra Lawrence  | Cochin        | 66-(945)992-9241  | B19       | E952   | Juan Hart           | 86-(495)823-9694  |  374521.50 | B19       |
| C96     | Amanda Crawford  | Cochin        | 62-(669)140-0363  | B19       | E952   | Juan Hart           | 86-(495)823-9694  |  374521.50 | B19       |
| C1001   | Jose Russell     | Zongluzui     | 1-(929)791-3183   | B48       | E97    | Carolyn Dixon       | 86-(823)994-2737  |  434897.41 | B48       |
| C39     | Clarence Wheeler | Zongluzui     | 375-(809)935-2362 | B48       | E97    | Carolyn Dixon       | 86-(823)994-2737  |  434897.41 | B48       |
| C46     | Samuel Webb      | Zongluzui     | 98-(307)574-5626  | B48       | E97    | Carolyn Dixon       | 86-(823)994-2737  |  434897.41 | B48       |
| C60     | Anthony Perkins  | Zongluzui     | 251-(267)541-9832 | B48       | E97    | Carolyn Dixon       | 86-(823)994-2737  |  434897.41 | B48       |
| C80     | Lori Peterson    | Zongluzui     | 33-(849)655-9007  | B48       | E97    | Carolyn Dixon       | 86-(823)994-2737  |  434897.41 | B48       |
| C86     | Julie Black      | Zongluzui     | 53-(775)359-0551  | B48       | E97    | Carolyn Dixon       | 86-(823)994-2737  |  434897.41 | B48       |
| C87     | Douglas Rogers   | Zongluzui     | 86-(616)572-1495  | B48       | E97    | Carolyn Dixon       | 86-(823)994-2737  |  434897.41 | B48       |
+---------+------------------+---------------+-------------------+-----------+--------+---------------------+-------------------+------------+-----------+
300 rows in set (0.00 sec)

mysql> exit
Bye
]0;arjun@arjun-Veertu: ~arjun@arjun-Veertu:~$ exit
logout
Connection to 192.168.64.3 closed.
bash-3.2$ exit
exit

Script done on Sun Mar 19 00:05:40 2017
